Archive member included because of file (symbol)

c:/program files/gnu tools arm embedded/4.8 2014q1/bin/../lib/gcc/arm-none-eabi/4.8.3/armv7e-m\libgcc.a(_arm_addsubdf3.o)
                              ..\obj\httpd_cgi_ssi.o (__aeabi_ui2d)
c:/program files/gnu tools arm embedded/4.8 2014q1/bin/../lib/gcc/arm-none-eabi/4.8.3/armv7e-m\libgcc.a(_arm_muldivdf3.o)
                              ..\obj\httpd_cgi_ssi.o (__aeabi_dmul)
c:/program files/gnu tools arm embedded/4.8 2014q1/bin/../lib/gcc/arm-none-eabi/4.8.3/armv7e-m\libgcc.a(_arm_fixunsdfsi.o)
                              ..\obj\httpd_cgi_ssi.o (__aeabi_d2uiz)
c:/program files/gnu tools arm embedded/4.8 2014q1/bin/../lib/gcc/arm-none-eabi/4.8.3/../../../../arm-none-eabi/lib/armv7e-m\libg.a(lib_a-memcmp.o)
                              ..\obj\autoip.o (memcmp)
c:/program files/gnu tools arm embedded/4.8 2014q1/bin/../lib/gcc/arm-none-eabi/4.8.3/../../../../arm-none-eabi/lib/armv7e-m\libg.a(lib_a-memcpy.o)
                              ..\obj\porttcp.o (memcpy)
c:/program files/gnu tools arm embedded/4.8 2014q1/bin/../lib/gcc/arm-none-eabi/4.8.3/../../../../arm-none-eabi/lib/armv7e-m\libg.a(lib_a-memset.o)
                              ..\obj\mem.o (memset)
c:/program files/gnu tools arm embedded/4.8 2014q1/bin/../lib/gcc/arm-none-eabi/4.8.3/../../../../arm-none-eabi/lib/armv7e-m\libg.a(lib_a-printf.o)
                              ..\obj\portother.o (printf)
c:/program files/gnu tools arm embedded/4.8 2014q1/bin/../lib/gcc/arm-none-eabi/4.8.3/../../../../arm-none-eabi/lib/armv7e-m\libg.a(lib_a-snprintf.o)
                              ..\obj\portother.o (snprintf)
c:/program files/gnu tools arm embedded/4.8 2014q1/bin/../lib/gcc/arm-none-eabi/4.8.3/../../../../arm-none-eabi/lib/armv7e-m\libg.a(lib_a-strchr.o)
                              ..\obj\httpd.o (strchr)
c:/program files/gnu tools arm embedded/4.8 2014q1/bin/../lib/gcc/arm-none-eabi/4.8.3/../../../../arm-none-eabi/lib/armv7e-m\libg.a(lib_a-strcmp.o)
                              ..\obj\fs.o (strcmp)
c:/program files/gnu tools arm embedded/4.8 2014q1/bin/../lib/gcc/arm-none-eabi/4.8.3/../../../../arm-none-eabi/lib/armv7e-m\libg.a(lib_a-strlen.o)
                              ..\obj\httpd.o (strlen)
c:/program files/gnu tools arm embedded/4.8 2014q1/bin/../lib/gcc/arm-none-eabi/4.8.3/../../../../arm-none-eabi/lib/armv7e-m\libg.a(lib_a-strncmp.o)
                              ..\obj\httpd.o (strncmp)
c:/program files/gnu tools arm embedded/4.8 2014q1/bin/../lib/gcc/arm-none-eabi/4.8.3/../../../../arm-none-eabi/lib/armv7e-m\libg.a(lib_a-strstr.o)
                              ..\obj\httpd.o (strstr)
c:/program files/gnu tools arm embedded/4.8 2014q1/bin/../lib/gcc/arm-none-eabi/4.8.3/../../../../arm-none-eabi/lib/armv7e-m\libg.a(lib_a-svfprintf.o)
                              c:/program files/gnu tools arm embedded/4.8 2014q1/bin/../lib/gcc/arm-none-eabi/4.8.3/../../../../arm-none-eabi/lib/armv7e-m\libg.a(lib_a-snprintf.o) (_svfprintf_r)
c:/program files/gnu tools arm embedded/4.8 2014q1/bin/../lib/gcc/arm-none-eabi/4.8.3/../../../../arm-none-eabi/lib/armv7e-m\libg.a(lib_a-vfprintf.o)
                              c:/program files/gnu tools arm embedded/4.8 2014q1/bin/../lib/gcc/arm-none-eabi/4.8.3/../../../../arm-none-eabi/lib/armv7e-m\libg.a(lib_a-printf.o) (_vfprintf_r)
c:/program files/gnu tools arm embedded/4.8 2014q1/bin/../lib/gcc/arm-none-eabi/4.8.3/../../../../arm-none-eabi/lib/armv7e-m\libg.a(lib_a-vprintf.o)
                              ..\obj\portother.o (vprintf)
c:/program files/gnu tools arm embedded/4.8 2014q1/bin/../lib/gcc/arm-none-eabi/4.8.3/../../../../arm-none-eabi/lib/armv7e-m\libg.a(lib_a-wsetup.o)
                              c:/program files/gnu tools arm embedded/4.8 2014q1/bin/../lib/gcc/arm-none-eabi/4.8.3/../../../../arm-none-eabi/lib/armv7e-m\libg.a(lib_a-vfprintf.o) (__swsetup_r)
c:/program files/gnu tools arm embedded/4.8 2014q1/bin/../lib/gcc/arm-none-eabi/4.8.3/../../../../arm-none-eabi/lib/armv7e-m\libg.a(lib_a-dtoa.o)
                              c:/program files/gnu tools arm embedded/4.8 2014q1/bin/../lib/gcc/arm-none-eabi/4.8.3/../../../../arm-none-eabi/lib/armv7e-m\libg.a(lib_a-svfprintf.o) (_dtoa_r)
c:/program files/gnu tools arm embedded/4.8 2014q1/bin/../lib/gcc/arm-none-eabi/4.8.3/../../../../arm-none-eabi/lib/armv7e-m\libg.a(lib_a-fflush.o)
                              c:/program files/gnu tools arm embedded/4.8 2014q1/bin/../lib/gcc/arm-none-eabi/4.8.3/../../../../arm-none-eabi/lib/armv7e-m\libg.a(lib_a-vfprintf.o) (_fflush_r)
c:/program files/gnu tools arm embedded/4.8 2014q1/bin/../lib/gcc/arm-none-eabi/4.8.3/../../../../arm-none-eabi/lib/armv7e-m\libg.a(lib_a-findfp.o)
                              c:/program files/gnu tools arm embedded/4.8 2014q1/bin/../lib/gcc/arm-none-eabi/4.8.3/../../../../arm-none-eabi/lib/armv7e-m\libg.a(lib_a-vfprintf.o) (__sinit)
[...]
Memory Configuration

Name             Origin             Length             Attributes
rom              0x08000000         0x00100000         xr
ram              0x20000000         0x00020000         xrw
ram1             0x10000000         0x00010000         xrw
*default*        0x00000000         0xffffffff

Linker script and memory map

                0x20020000                _eram = 0x20020000

.text           0x08000000    0x20514
 *(.isr_vector)
 .isr_vector    0x08000000      0x188 ..\obj\startup_stm32f4xx.o
                0x08000000                g_pfnVectors
 *(.text*)
 .text.SYSCFG_ETH_MediaInterfaceConfig
                0x08000188       0x1c ..\obj\stm32f4xx_syscfg.o
                0x08000188                SYSCFG_ETH_MediaInterfaceConfig
 .text.plug_holes
                0x080001a4       0xbc ..\obj\mem.o
 .text.mem_init
                0x08000260       0x84 ..\obj\mem.o
                0x08000260                mem_init
 .text.mem_free
                0x080002e4       0x5c ..\obj\mem.o
                0x080002e4                mem_free
 .text.mem_realloc
                0x08000340      0x174 ..\obj\mem.o
                0x08000340                mem_realloc
 .text.mem_malloc
                0x080004b4      0x144 ..\obj\mem.o
                0x080004b4                mem_malloc
 .text.eMBTCPInit
                0x080005f8       0xa4 ..\obj\mb.o
                0x080005f8                eMBTCPInit
 .text.eMBEnable
                0x0800069c       0x38 ..\obj\mb.o
                0x0800069c                eMBEnable
 .text.eMBPoll  0x080006d4      0x170 ..\obj\mb.o
                0x080006d4                eMBPoll
 .text.eMBFuncReadDiscreteInputs
                0x08000844      0x100 ..\obj\mbfuncdisc.o
                0x08000844                eMBFuncReadDiscreteInputs
 .text.tcp_tmr  0x08000944       0x2c ..\obj\tcp.o
                0x08000944                tcp_tmr
 .text.tcp_close
                0x08000970      0x164 ..\obj\tcp.o
                0x08000970                tcp_close
 .text.tcp_abandon
                0x08000ad4       0xdc ..\obj\tcp.o
                0x08000ad4                tcp_abandon
 .text.tcp_bind
                0x08000bb0      0x17c ..\obj\tcp.o
                0x08000bb0                tcp_bind
 .text.tcp_accept_null
                0x08000d2c       0x20 ..\obj\tcp.o
 .text.tcp_listen_with_backlog
                0x08000d4c      0x10c ..\obj\tcp.o
                0x08000d4c                tcp_listen_with_backlog
 .text.tcp_update_rcv_ann_wnd
                0x08000e58       0x84 ..\obj\tcp.o
                0x08000e58                tcp_update_rcv_ann_wnd
 .text.tcp_recved
                0x08000edc       0x60 ..\obj\tcp.o
                0x08000edc                tcp_recved
 .text.tcp_new_port
                0x08000f3c       0xac ..\obj\tcp.o
 .text.tcp_slowtmr
                0x08000fe8      0x3c8 ..\obj\tcp.o
                0x08000fe8                tcp_slowtmr
 .text.tcp_fasttmr
                0x080013b0       0xc0 ..\obj\tcp.o
                0x080013b0                tcp_fasttmr
 .text.tcp_segs_free
                0x08001470       0x38 ..\obj\tcp.o
                0x08001470                tcp_segs_free
 .text.tcp_seg_free
                0x080014a8       0x3c ..\obj\tcp.o
                0x080014a8                tcp_seg_free
 .text.tcp_setprio
                0x080014e4       0x1c ..\obj\tcp.o
                0x080014e4                tcp_setprio
 .text.tcp_recv_null
                0x08001500       0x48 ..\obj\tcp.o
                0x08001500                tcp_recv_null
 .text.tcp_kill_prio
                0x08001548       0x80 ..\obj\tcp.o
 .text.tcp_kill_timewait
                0x080015c8       0x60 ..\obj\tcp.o
 .text.tcp_alloc
                0x08001628      0x10c ..\obj\tcp.o
                0x08001628                tcp_alloc
 .text.tcp_new  0x08001734       0x10 ..\obj\tcp.o
                0x08001734                tcp_new
 .text.tcp_arg  0x08001744       0x1c ..\obj\tcp.o
                0x08001744                tcp_arg
 .text.tcp_recv
                0x08001760       0x1c ..\obj\tcp.o
                0x08001760                tcp_recv
 .text.tcp_sent
                0x0800177c       0x1c ..\obj\tcp.o
                0x0800177c                tcp_sent
 .text.tcp_err  0x08001798       0x1c ..\obj\tcp.o
                0x08001798                tcp_err
 .text.tcp_accept
                0x080017b4       0x1c ..\obj\tcp.o
                0x080017b4                tcp_accept
 .text.tcp_poll
                0x080017d0       0x28 ..\obj\tcp.o
                0x080017d0                tcp_poll
 .text.tcp_pcb_purge
                0x080017f8       0x60 ..\obj\tcp.o
                0x080017f8                tcp_pcb_purge
 .text.tcp_pcb_remove
                0x08001858       0xa8 ..\obj\tcp.o
                0x08001858                tcp_pcb_remove
 .text.tcp_next_iss
                0x08001900       0x28 ..\obj\tcp.o
                0x08001900                tcp_next_iss
 .text.tcp_eff_send_mss
                0x08001928       0x40 ..\obj\tcp.o
                0x08001928                tcp_eff_send_mss
 .text.xMBPortEventInit
                0x08001968       0x1c ..\obj\portevent.o
                0x08001968                xMBPortEventInit
 .text.xMBPortEventPost
                0x08001984       0x2c ..\obj\portevent.o
                0x08001984                xMBPortEventPost
 .text.xMBPortEventGet
                0x080019b0       0x3c ..\obj\portevent.o
                0x080019b0                xMBPortEventGet
 .text.xMBTCPPortInit
                0x080019ec       0xac ..\obj\porttcp.o
                0x080019ec                xMBTCPPortInit
 .text.prvvMBPortReleaseClient
                0x08001a98       0xb0 ..\obj\porttcp.o
                0x08001a98                prvvMBPortReleaseClient
 .text.vMBTCPPortDisable
                0x08001b48       0x14 ..\obj\porttcp.o
                0x08001b48                vMBTCPPortDisable
 .text.prvxMBTCPPortAccept
                0x08001b5c       0xd4 ..\obj\porttcp.o
 .text.prvvMBTCPPortError
                0x08001c30       0x34 ..\obj\porttcp.o
 .text.prvxMBTCPPortReceive
                0x08001c64      0x108 ..\obj\porttcp.o
 .text.xMBTCPPortGetRequest
                0x08001d6c       0x34 ..\obj\porttcp.o
                0x08001d6c                xMBTCPPortGetRequest
 .text.xMBTCPPortSendResponse
                0x08001da0       0x6c ..\obj\porttcp.o
                0x08001da0                xMBTCPPortSendResponse
 .text.eMBSetSlaveID
                0x08001e0c       0x98 ..\obj\mbfuncother.o
                0x08001e0c                eMBSetSlaveID
 .text.eMBFuncReportSlaveID
                0x08001ea4       0x3c ..\obj\mbfuncother.o
                0x08001ea4                eMBFuncReportSlaveID
 .text.tcp_input
                0x08001ee0      0x5cc ..\obj\tcp_in.o
                0x08001ee0                tcp_input
 .text.tcp_listen_input
                0x080024ac      0x19c ..\obj\tcp_in.o
 .text.tcp_timewait_input
                0x08002648       0xe0 ..\obj\tcp_in.o
 .text.tcp_process
                0x08002728      0x6c0 ..\obj\tcp_in.o
 .text.tcp_receive
                0x08002de8      0x884 ..\obj\tcp_in.o
 .text.tcp_parseopt
                0x0800366c      0x100 ..\obj\tcp_in.o
 .text.memp_init
                0x0800376c       0x98 ..\obj\memp.o
                0x0800376c                memp_init
 .text.memp_malloc
                0x08003804       0x44 ..\obj\memp.o
                0x08003804                memp_malloc
 .text.memp_free
                0x08003848       0x3c ..\obj\memp.o
                0x08003848                memp_free
 .text.autoip_handle_arp_conflict
                0x08003884       0x40 ..\obj\autoip.o
 .text.autoip_create_addr
                0x080038c4       0x88 ..\obj\autoip.o
 .text.autoip_arp_announce
                0x0800394c       0x44 ..\obj\autoip.o
 .text.autoip_start
                0x08003990       0xac ..\obj\autoip.o
                0x08003990                autoip_start
 .text.autoip_start_probing
                0x08003a3c       0x88 ..\obj\autoip.o
 .text.autoip_arp_reply
                0x08003ac4       0xec ..\obj\autoip.o
                0x08003ac4                autoip_arp_reply
 .text.ip_reass_free_complete_datagram
                0x08003bb0       0xb4 ..\obj\ip_frag.o
 .text.ip_reass_remove_oldest_datagram
                0x08003c64       0xb8 ..\obj\ip_frag.o
 .text.ip_reass_enqueue_new_datagram
                0x08003d1c       0x74 ..\obj\ip_frag.o
 .text.ip_reass_dequeue_datagram
                0x08003d90       0x38 ..\obj\ip_frag.o
 .text.ip_reass_chain_frag_into_datagram_and_validate
                0x08003dc8      0x1f8 ..\obj\ip_frag.o
 .text.ip_reass
                0x08003fc0      0x264 ..\obj\ip_frag.o
                0x08003fc0                ip_reass
 .text.ip_frag  0x08004224      0x1a4 ..\obj\ip_frag.o
                0x08004224                ip_frag
 .text.prveMBError2Exception
                0x080043c8       0x40 ..\obj\mbutils.o
                0x080043c8                prveMBError2Exception
 .text.fs_malloc
                0x08004408       0x64 ..\obj\fs.o
 .text.fs_free  0x0800446c       0x54 ..\obj\fs.o
 .text.fs_open  0x080044c0       0x7c ..\obj\fs.o
                0x080044c0                fs_open
 .text.fs_close
                0x0800453c       0x14 ..\obj\fs.o
                0x0800453c                fs_close
 .text.fs_read  0x08004550       0x64 ..\obj\fs.o
                0x08004550                fs_read
 .text.fs_bytes_left
                0x080045b4       0x20 ..\obj\fs.o
                0x080045b4                fs_bytes_left
 .text.Default_Reset_Handler
                0x080045d4       0x60 ..\obj\startup_stm32f4xx.o
                0x080045d4                Default_Reset_Handler
                0x080045d4                Reset_Handler
 .text.Default_Handler
                0x08004634        0x8 ..\obj\startup_stm32f4xx.o
                0x08004634                RTC_Alarm_IRQHandler
                0x08004634                HASH_RNG_IRQHandler
                0x08004634                EXTI2_IRQHandler
                0x08004634                TIM8_CC_IRQHandler
                0x08004634                TIM1_CC_IRQHandler
                0x08004634                DMA2_Stream5_IRQHandler
                0x08004634                DMA1_Stream5_IRQHandler
                0x08004634                PVD_IRQHandler
                0x08004634                SDIO_IRQHandler
                0x08004634                TAMP_STAMP_IRQHandler
                0x08004634                CAN2_RX1_IRQHandler
                0x08004634                EXTI3_IRQHandler
                0x08004634                TIM8_TRG_COM_TIM14_IRQHandler
                0x08004634                TIM1_UP_TIM10_IRQHandler
                0x08004634                TIM8_UP_TIM13_IRQHandler
                0x08004634                I2C3_ER_IRQHandler
                0x08004634                EXTI0_IRQHandler
                0x08004634                I2C2_EV_IRQHandler
                0x08004634                DMA1_Stream2_IRQHandler
                0x08004634                CAN1_RX0_IRQHandler
                0x08004634                FPU_IRQHandler
                0x08004634                OTG_HS_WKUP_IRQHandler
                0x08004634                CAN2_SCE_IRQHandler
                0x08004634                DMA2_Stream2_IRQHandler
                0x08004634                SPI1_IRQHandler
                0x08004634                TIM6_DAC_IRQHandler
                0x08004634                TIM1_BRK_TIM9_IRQHandler
                0x08004634                DCMI_IRQHandler
                0x08004634                CAN2_RX0_IRQHandler
                0x08004634                DMA2_Stream3_IRQHandler
                0x08004634                USART6_IRQHandler
                0x08004634                USART3_IRQHandler
                0x08004634                CRYP_IRQHandler
                0x08004634                CAN1_RX1_IRQHandler
                0x08004634                UART5_IRQHandler
                0x08004634                DMA2_Stream0_IRQHandler
                0x08004634                TIM4_IRQHandler
                0x08004634                I2C1_EV_IRQHandler
                0x08004634                DMA1_Stream6_IRQHandler
                0x08004634                DMA1_Stream1_IRQHandler
                0x08004634                UART4_IRQHandler
                0x08004634                TIM3_IRQHandler
                0x08004634                RCC_IRQHandler
                0x08004634                TIM8_BRK_TIM12_IRQHandler
                0x08004634                EXTI15_10_IRQHandler
                0x08004634                ADC_IRQHandler
                0x08004634                DMA1_Stream7_IRQHandler
                0x08004634                TIM7_IRQHandler
                0x08004634                CAN2_TX_IRQHandler
                0x08004634                TIM5_IRQHandler
                0x08004634                DMA2_Stream7_IRQHandler
                0x08004634                I2C3_EV_IRQHandler
                0x08004634                EXTI9_5_IRQHandler
                0x08004634                RTC_WKUP_IRQHandler
                0x08004634                ETH_WKUP_IRQHandler
                0x08004634                SPI2_IRQHandler
                0x08004634                OTG_HS_EP1_IN_IRQHandler
                0x08004634                DMA1_Stream0_IRQHandler
                0x08004634                CAN1_TX_IRQHandler
                0x08004634                EXTI4_IRQHandler
                0x08004634                FSMC_IRQHandler
                0x08004634                ETH_IRQHandler
                0x08004634                OTG_HS_EP1_OUT_IRQHandler
                0x08004634                WWDG_IRQHandler
                0x08004634                TIM2_IRQHandler
                0x08004634                OTG_FS_WKUP_IRQHandler
                0x08004634                TIM1_TRG_COM_TIM11_IRQHandler
                0x08004634                OTG_HS_IRQHandler
                0x08004634                EXTI1_IRQHandler
                0x08004634                USART2_IRQHandler
                0x08004634                I2C2_ER_IRQHandler
                0x08004634                DMA2_Stream1_IRQHandler
                0x08004634                CAN1_SCE_IRQHandler
                0x08004634                FLASH_IRQHandler
                0x08004634                DMA2_Stream4_IRQHandler
                0x08004634                USART1_IRQHandler
                0x08004634                OTG_FS_IRQHandler
                0x08004634                SPI3_IRQHandler
                0x08004634                DMA1_Stream4_IRQHandler
                0x08004634                I2C1_ER_IRQHandler
                0x08004634                DMA2_Stream6_IRQHandler
                0x08004634                DMA1_Stream3_IRQHandler
 .text.STM_EVAL_LEDInit
                0x0800463c       0x5c ..\obj\stm32f4_discovery.o
                0x0800463c                STM_EVAL_LEDInit
 .text.STM_EVAL_LEDOn
                0x08004698       0x30 ..\obj\stm32f4_discovery.o
                0x08004698                STM_EVAL_LEDOn
 .text.STM_EVAL_LEDOff
                0x080046c8       0x30 ..\obj\stm32f4_discovery.o
                0x080046c8                STM_EVAL_LEDOff
 .text.ETH_Delay
                0x080046f8       0x28 ..\obj\stm32f4x7_eth.o
 .text.ETH_DeInit
                0x08004720       0x1c ..\obj\stm32f4x7_eth.o
                0x08004720                ETH_DeInit
 .text.ETH_StructInit
                0x0800473c      0x15c ..\obj\stm32f4x7_eth.o
                0x0800473c                ETH_StructInit
 .text.ETH_Init
                0x08004898      0x434 ..\obj\stm32f4x7_eth.o
                0x08004898                ETH_Init
 .text.ETH_Start
                0x08004ccc       0x24 ..\obj\stm32f4x7_eth.o
                0x08004ccc                ETH_Start
 .text.ETH_MACTransmissionCmd
                0x08004cf0       0x38 ..\obj\stm32f4x7_eth.o
                0x08004cf0                ETH_MACTransmissionCmd
 .text.ETH_MACReceptionCmd
                0x08004d28       0x38 ..\obj\stm32f4x7_eth.o
                0x08004d28                ETH_MACReceptionCmd
 .text.ETH_MACAddressConfig
                0x08004d60       0x68 ..\obj\stm32f4x7_eth.o
                0x08004d60                ETH_MACAddressConfig
 .text.ETH_Get_Received_Frame
                0x08004dc8       0x80 ..\obj\stm32f4x7_eth.o
                0x08004dc8                ETH_Get_Received_Frame
 .text.ETH_Prepare_Transmit_Descriptors
                0x08004e48      0x16c ..\obj\stm32f4x7_eth.o
                0x08004e48                ETH_Prepare_Transmit_Descriptors
 .text.ETH_DMARxDescChainInit
                0x08004fb4       0xa8 ..\obj\stm32f4x7_eth.o
                0x08004fb4                ETH_DMARxDescChainInit
 .text.ETH_CheckFrameReceived
                0x0800505c       0xd4 ..\obj\stm32f4x7_eth.o
                0x0800505c                ETH_CheckFrameReceived
 .text.ETH_DMATxDescChainInit
                0x08005130       0x90 ..\obj\stm32f4x7_eth.o
                0x08005130                ETH_DMATxDescChainInit
 .text.ETH_DMATxDescChecksumInsertionConfig
                0x080051c0       0x20 ..\obj\stm32f4x7_eth.o
                0x080051c0                ETH_DMATxDescChecksumInsertionConfig
 .text.ETH_SoftwareReset
                0x080051e0       0x24 ..\obj\stm32f4x7_eth.o
                0x080051e0                ETH_SoftwareReset
 .text.ETH_GetSoftwareResetStatus
                0x08005204       0x38 ..\obj\stm32f4x7_eth.o
                0x08005204                ETH_GetSoftwareResetStatus
 .text.ETH_FlushTransmitFIFO
                0x0800523c       0x28 ..\obj\stm32f4x7_eth.o
                0x0800523c                ETH_FlushTransmitFIFO
 .text.ETH_DMATransmissionCmd
                0x08005264       0x50 ..\obj\stm32f4x7_eth.o
                0x08005264                ETH_DMATransmissionCmd
 .text.ETH_DMAReceptionCmd
                0x080052b4       0x50 ..\obj\stm32f4x7_eth.o
                0x080052b4                ETH_DMAReceptionCmd
 .text.ETH_ReadPHYRegister
                0x08005304       0x9c ..\obj\stm32f4x7_eth.o
                0x08005304                ETH_ReadPHYRegister
 .text.ETH_WritePHYRegister
                0x080053a0       0xa4 ..\obj\stm32f4x7_eth.o
                0x080053a0                ETH_WritePHYRegister
 .text.ip_addr_isbroadcast
                0x08005444       0x7c ..\obj\ip_addr.o
                0x08005444                ip_addr_isbroadcast
 .text.eMBFuncWriteHoldingRegister
                0x080054c0       0x6c ..\obj\mbfuncholding.o
                0x080054c0                eMBFuncWriteHoldingRegister
 .text.eMBFuncWriteMultipleHoldingRegister
                0x0800552c       0xb8 ..\obj\mbfuncholding.o
                0x0800552c                eMBFuncWriteMultipleHoldingRegister
 .text.eMBFuncReadHoldingRegister
                0x080055e4       0xe0 ..\obj\mbfuncholding.o
                0x080055e4                eMBFuncReadHoldingRegister
 .text.lwip_standard_chksum
                0x080056c4       0x98 ..\obj\inet_chksum.o
 .text.inet_chksum
                0x0800575c       0x24 ..\obj\inet_chksum.o
                0x0800575c                inet_chksum
 .text.inet_chksum_pbuf
                0x08005780       0x98 ..\obj\inet_chksum.o
                0x08005780                inet_chksum_pbuf
 .text.main     0x08005818       0x58 ..\obj\main.o
                0x08005818                main
 .text.Time_Update
                0x08005870       0x1c ..\obj\main.o
                0x08005870                Time_Update
 .text.LCD_LED_Init
                0x0800588c       0x20 ..\obj\main.o
                0x0800588c                LCD_LED_Init
 .text.eMBRegInputCB
                0x080058ac       0xb8 ..\obj\main.o
                0x080058ac                eMBRegInputCB
 .text.eMBRegHoldingCB
                0x08005964       0xd8 ..\obj\main.o
                0x08005964                eMBRegHoldingCB
 .text.eMBRegCoilsCB
                0x08005a3c       0x1c ..\obj\main.o
                0x08005a3c                eMBRegCoilsCB
 .text.eMBRegDiscreteCB
                0x08005a58       0x20 ..\obj\main.o
                0x08005a58                eMBRegDiscreteCB
 .text.RCC_GetClocksFreq
                0x08005a78      0x154 ..\obj\stm32f4xx_rcc.o
                0x08005a78                RCC_GetClocksFreq
 .text.RCC_AHB1PeriphClockCmd
                0x08005bcc       0x3c ..\obj\stm32f4xx_rcc.o
                0x08005bcc                RCC_AHB1PeriphClockCmd
 .text.RCC_APB2PeriphClockCmd
                0x08005c08       0x3c ..\obj\stm32f4xx_rcc.o
                0x08005c08                RCC_APB2PeriphClockCmd
 .text.RCC_AHB1PeriphResetCmd
                0x08005c44       0x3c ..\obj\stm32f4xx_rcc.o
                0x08005c44                RCC_AHB1PeriphResetCmd
 .text.LwIP_Init
                0x08005c80       0x74 ..\obj\netconf.o
                0x08005c80                LwIP_Init
 .text.LwIP_Pkt_Handle
                0x08005cf4       0x10 ..\obj\netconf.o
                0x08005cf4                LwIP_Pkt_Handle
 .text.LwIP_Periodic_Handle
                0x08005d04       0x48 ..\obj\netconf.o
                0x08005d04                LwIP_Periodic_Handle
 .text.NMI_Handler
                0x08005d4c        0xc ..\obj\stm32f4xx_it.o
                0x08005d4c                NMI_Handler
 .text.HardFault_Handler
                0x08005d58        0x8 ..\obj\stm32f4xx_it.o
                0x08005d58                HardFault_Handler
 .text.MemManage_Handler
                0x08005d60        0x8 ..\obj\stm32f4xx_it.o
                0x08005d60                MemManage_Handler
 .text.BusFault_Handler
                0x08005d68        0x8 ..\obj\stm32f4xx_it.o
                0x08005d68                BusFault_Handler
 .text.UsageFault_Handler
                0x08005d70        0x8 ..\obj\stm32f4xx_it.o
                0x08005d70                UsageFault_Handler
 .text.SVC_Handler
                0x08005d78        0xc ..\obj\stm32f4xx_it.o
                0x08005d78                SVC_Handler
 .text.DebugMon_Handler
                0x08005d84        0xc ..\obj\stm32f4xx_it.o
                0x08005d84                DebugMon_Handler
 .text.PendSV_Handler
                0x08005d90        0xc ..\obj\stm32f4xx_it.o
                0x08005d90                PendSV_Handler
 .text.SysTick_Handler
                0x08005d9c        0xc ..\obj\stm32f4xx_it.o
                0x08005d9c                SysTick_Handler
 .text.ADC_Init
                0x08005da8       0xa8 ..\obj\stm32f4xx_adc.o
                0x08005da8                ADC_Init
 .text.ADC_StructInit
                0x08005e50       0x3c ..\obj\stm32f4xx_adc.o
                0x08005e50                ADC_StructInit
 .text.ADC_CommonInit
                0x08005e8c       0x50 ..\obj\stm32f4xx_adc.o
                0x08005e8c                ADC_CommonInit
 .text.ADC_Cmd  0x08005edc       0x38 ..\obj\stm32f4xx_adc.o
                0x08005edc                ADC_Cmd
 .text.ADC_RegularChannelConfig
                0x08005f14      0x188 ..\obj\stm32f4xx_adc.o
                0x08005f14                ADC_RegularChannelConfig
 .text.ADC_SoftwareStartConv
                0x0800609c       0x20 ..\obj\stm32f4xx_adc.o
                0x0800609c                ADC_SoftwareStartConv
 .text.ADC_GetConversionValue
                0x080060bc       0x1c ..\obj\stm32f4xx_adc.o
                0x080060bc                ADC_GetConversionValue
 .text.NVIC_SetPriority
                0x080060d8       0x54 ..\obj\stm32f4x7_eth_bsp.o
 .text.SysTick_Config
                0x0800612c       0x44 ..\obj\stm32f4x7_eth_bsp.o
 .text.ETH_BSP_Config
                0x08006170       0x44 ..\obj\stm32f4x7_eth_bsp.o
                0x08006170                ETH_BSP_Config
 .text.ETH_MACDMA_Config
                0x080061b4       0xc8 ..\obj\stm32f4x7_eth_bsp.o
 .text.ETH_GPIO_Config
                0x0800627c      0x174 ..\obj\stm32f4x7_eth_bsp.o
 .text.eMBFuncReadInputRegister
                0x080063f0       0xe4 ..\obj\mbfuncinput.o
                0x080063f0                eMBFuncReadInputRegister
 .text.low_level_init
                0x080064d4       0xb0 ..\obj\ethernetif.o
 .text.low_level_output
                0x08006584       0x64 ..\obj\ethernetif.o
 .text.low_level_input
                0x080065e8       0xf0 ..\obj\ethernetif.o
 .text.ethernetif_input
                0x080066d8       0x48 ..\obj\ethernetif.o
                0x080066d8                ethernetif_input
 .text.ethernetif_init
                0x08006720       0x48 ..\obj\ethernetif.o
                0x08006720                ethernetif_init
 .text.free_etharp_q
                0x08006768       0x34 ..\obj\etharp.o
 .text.etharp_tmr
                0x0800679c       0xfc ..\obj\etharp.o
                0x0800679c                etharp_tmr
 .text.find_entry
                0x08006898      0x2c0 ..\obj\etharp.o
 .text.etharp_send_ip
                0x08006b58       0x64 ..\obj\etharp.o
 .text.update_arp_entry
                0x08006bbc      0x150 ..\obj\etharp.o
 .text.etharp_ip_input
                0x08006d0c       0x50 ..\obj\etharp.o
                0x08006d0c                etharp_ip_input
 .text.etharp_arp_input
                0x08006d5c      0x1f4 ..\obj\etharp.o
                0x08006d5c                etharp_arp_input
 .text.etharp_output
                0x08006f50       0xf8 ..\obj\etharp.o
                0x08006f50                etharp_output
 .text.etharp_query
                0x08007048      0x220 ..\obj\etharp.o
                0x08007048                etharp_query
 .text.etharp_raw
                0x08007268      0x140 ..\obj\etharp.o
                0x08007268                etharp_raw
 .text.etharp_request
                0x080073a8       0x44 ..\obj\etharp.o
                0x080073a8                etharp_request
 .text.ethernet_input
                0x080073ec       0x88 ..\obj\etharp.o
                0x080073ec                ethernet_input
 .text.strnstr  0x08007474       0x70 ..\obj\httpd.o
 .text.http_state_alloc
                0x080074e4       0x2c ..\obj\httpd.o
 .text.http_state_free
                0x08007510       0x4c ..\obj\httpd.o
 .text.http_write
                0x0800755c       0x70 ..\obj\httpd.o
 .text.http_close_conn
                0x080075cc       0x60 ..\obj\httpd.o
 .text.extract_uri_parameters
                0x0800762c       0xc4 ..\obj\httpd.o
 .text.get_tag_insert
                0x080076f0      0x104 ..\obj\httpd.o
 .text.http_send_data
                0x080077f4      0x720 ..\obj\httpd.o
 .text.http_get_404_file
                0x08007f14       0x6c ..\obj\httpd.o
 .text.http_parse_request
                0x08007f80      0x180 ..\obj\httpd.o
 .text.http_find_file
                0x08008100      0x1bc ..\obj\httpd.o
 .text.http_init_file
                0x080082bc       0xd8 ..\obj\httpd.o
 .text.http_err
                0x08008394       0x24 ..\obj\httpd.o
 .text.http_sent
                0x080083b8       0x38 ..\obj\httpd.o
 .text.http_poll
                0x080083f0       0x70 ..\obj\httpd.o
 .text.http_recv
                0x08008460       0xc8 ..\obj\httpd.o
 .text.http_accept
                0x08008528       0x70 ..\obj\httpd.o
 .text.httpd_init_addr
                0x08008598       0x48 ..\obj\httpd.o
 .text.httpd_init
                0x080085e0       0x18 ..\obj\httpd.o
                0x080085e0                httpd_init
 .text.http_set_ssi_handler
                0x080085f8       0x34 ..\obj\httpd.o
                0x080085f8                http_set_ssi_handler
 .text.http_set_cgi_handlers
                0x0800862c       0x28 ..\obj\httpd.o
                0x0800862c                http_set_cgi_handlers
 .text.ADC_Configuration
                0x08008654       0x9c ..\obj\httpd_cgi_ssi.o
 .text.ADC_Handler
                0x080086f0      0x150 ..\obj\httpd_cgi_ssi.o
                0x080086f0                ADC_Handler
 .text.LEDS_CGI_Handler
                0x08008840       0xfc ..\obj\httpd_cgi_ssi.o
                0x08008840                LEDS_CGI_Handler
 .text.httpd_ssi_init
                0x0800893c       0x1c ..\obj\httpd_cgi_ssi.o
                0x0800893c                httpd_ssi_init
 .text.httpd_cgi_init
                0x08008958       0x24 ..\obj\httpd_cgi_ssi.o
                0x08008958                httpd_cgi_init
 .text.pbuf_alloc
                0x0800897c      0x1f8 ..\obj\pbuf.o
                0x0800897c                pbuf_alloc
 .text.pbuf_realloc
                0x08008b74       0xb0 ..\obj\pbuf.o
                0x08008b74                pbuf_realloc
 .text.pbuf_header
                0x08008c24       0xe0 ..\obj\pbuf.o
                0x08008c24                pbuf_header
 .text.pbuf_free
                0x08008d04       0x88 ..\obj\pbuf.o
                0x08008d04                pbuf_free
 .text.pbuf_clen
                0x08008d8c       0x30 ..\obj\pbuf.o
                0x08008d8c                pbuf_clen
 .text.pbuf_ref
                0x08008dbc       0x24 ..\obj\pbuf.o
                0x08008dbc                pbuf_ref
 .text.pbuf_cat
                0x08008de0       0x5c ..\obj\pbuf.o
                0x08008de0                pbuf_cat
 .text.pbuf_chain
                0x08008e3c       0x20 ..\obj\pbuf.o
                0x08008e3c                pbuf_chain
 .text.pbuf_copy
                0x08008e5c      0x100 ..\obj\pbuf.o
                0x08008e5c                pbuf_copy
 .text.pbuf_copy_partial
                0x08008f5c       0xc4 ..\obj\pbuf.o
                0x08008f5c                pbuf_copy_partial
 .text.htons    0x08009020       0x2c ..\obj\inet.o
                0x08009020                htons
 .text.ntohs    0x0800904c       0x1c ..\obj\inet.o
                0x0800904c                ntohs
 .text.htonl    0x08009068       0x34 ..\obj\inet.o
                0x08009068                htonl
 .text.ntohl    0x0800909c       0x18 ..\obj\inet.o
                0x0800909c                ntohl
 .text.netif_add
                0x080090b4       0x94 ..\obj\netif.o
                0x080090b4                netif_add
 .text.netif_set_addr
                0x08009148       0x2c ..\obj\netif.o
                0x08009148                netif_set_addr
 .text.netif_set_ipaddr
                0x08009174       0xac ..\obj\netif.o
                0x08009174                netif_set_ipaddr
 .text.netif_set_gw
                0x08009220       0x28 ..\obj\netif.o
                0x08009220                netif_set_gw
 .text.netif_set_netmask
                0x08009248       0x28 ..\obj\netif.o
                0x08009248                netif_set_netmask
 .text.netif_set_default
                0x08009270       0x1c ..\obj\netif.o
                0x08009270                netif_set_default
 .text.netif_set_up
                0x0800928c       0x58 ..\obj\netif.o
                0x0800928c                netif_set_up
 .text.netif_set_down
                0x080092e4       0x40 ..\obj\netif.o
                0x080092e4                netif_set_down
 .text.netif_is_up
                0x08009324       0x28 ..\obj\netif.o
                0x08009324                netif_is_up
 .text.GPIO_Init
                0x0800934c      0x11c ..\obj\stm32f4xx_gpio.o
                0x0800934c                GPIO_Init
 .text.GPIO_SetBits
                0x08009468       0x1c ..\obj\stm32f4xx_gpio.o
                0x08009468                GPIO_SetBits
 .text.GPIO_ResetBits
                0x08009484       0x1c ..\obj\stm32f4xx_gpio.o
                0x08009484                GPIO_ResetBits
 .text.GPIO_PinAFConfig
                0x080094a0       0x8c ..\obj\stm32f4xx_gpio.o
                0x080094a0                GPIO_PinAFConfig
 .text.SystemInit
                0x0800952c       0x58 ..\obj\system_stm32f4xx.o
                0x0800952c                SystemInit
 .text.SetSysClock
                0x08009584       0xf4 ..\obj\system_stm32f4xx.o
 .text._sbrk    0x08009678       0x40 ..\obj\syscalls.o
                0x08009678                _sbrk
 .text._close   0x080096b8       0x18 ..\obj\syscalls.o
                0x080096b8                _close
 .text._fstat   0x080096d0       0x20 ..\obj\syscalls.o
                0x080096d0                _fstat
 .text._isatty  0x080096f0       0x18 ..\obj\syscalls.o
                0x080096f0                _isatty
 .text._lseek   0x08009708       0x1c ..\obj\syscalls.o
                0x08009708                _lseek
 .text._read    0x08009724       0x1c ..\obj\syscalls.o
                0x08009724                _read
 .text._write   0x08009740       0x1c ..\obj\syscalls.o
                0x08009740                _write
 .text.prvvMBTCPLogFrame
                0x0800975c      0x18c ..\obj\portother.o
                0x0800975c                prvvMBTCPLogFrame
 .text.vMBPortLog
                0x080098e8       0x44 ..\obj\portother.o
                0x080098e8                vMBPortLog
 .text.udp_input
                0x0800992c      0x28c ..\obj\udp.o
                0x0800992c                udp_input
 .text.udp_sendto_if
                0x08009bb8      0x128 ..\obj\udp.o
                0x08009bb8                udp_sendto_if
 .text.udp_bind
                0x08009ce0       0xc0 ..\obj\udp.o
                0x08009ce0                udp_bind
 .text.ip_route
                0x08009da0       0x70 ..\obj\ip.o
                0x08009da0                ip_route
 .text.ip_input
                0x08009e10      0x278 ..\obj\ip.o
                0x08009e10                ip_input
 .text.ip_output_if
                0x0800a088      0x194 ..\obj\ip.o
                0x0800a088                ip_output_if
 .text.ip_output
                0x0800a21c       0x48 ..\obj\ip.o
                0x0800a21c                ip_output
 .text.eMBFuncReadCoils
                0x0800a264      0x100 ..\obj\mbfunccoils.o
                0x0800a264                eMBFuncReadCoils
 .text.eMBFuncWriteCoil
                0x0800a364       0xac ..\obj\mbfunccoils.o
                0x0800a364                eMBFuncWriteCoil
 .text.eMBFuncWriteMultipleCoils
                0x0800a410       0xd4 ..\obj\mbfunccoils.o
                0x0800a410                eMBFuncWriteMultipleCoils
 .text.icmp_input
                0x0800a4e4      0x200 ..\obj\icmp.o
                0x0800a4e4                icmp_input
 .text.icmp_dest_unreach
                0x0800a6e4       0x20 ..\obj\icmp.o
                0x0800a6e4                icmp_dest_unreach
 .text.icmp_time_exceeded
                0x0800a704       0x20 ..\obj\icmp.o
                0x0800a704                icmp_time_exceeded
 .text.icmp_send_response
                0x0800a724       0xa8 ..\obj\icmp.o
 .text.NVIC_PriorityGroupConfig
                0x0800a7cc       0x24 ..\obj\misc.o
                0x0800a7cc                NVIC_PriorityGroupConfig
 .text.SysTick_CLKSourceConfig
                0x0800a7f0       0x38 ..\obj\misc.o
                0x0800a7f0                SysTick_CLKSourceConfig
 .text.eMBTCPDoInit
                0x0800a828       0x2c ..\obj\mbtcp.o
                0x0800a828                eMBTCPDoInit
 .text.eMBTCPStart
                0x0800a854        0xc ..\obj\mbtcp.o
                0x0800a854                eMBTCPStart
 .text.eMBTCPStop
                0x0800a860        0xc ..\obj\mbtcp.o
                0x0800a860                eMBTCPStop
 .text.eMBTCPReceive
                0x0800a86c       0x70 ..\obj\mbtcp.o
                0x0800a86c                eMBTCPReceive
 .text.eMBTCPSend
                0x0800a8dc       0x5c ..\obj\mbtcp.o
                0x0800a8dc                eMBTCPSend
 .text.dhcp_arp_reply
                0x0800a938       0x40 ..\obj\dhcp.o
                0x0800a938                dhcp_arp_reply
 .text.dhcp_decline
                0x0800a978       0xd4 ..\obj\dhcp.o
 .text.dhcp_set_state
                0x0800aa4c       0x2c ..\obj\dhcp.o
 .text.dhcp_option
                0x0800aa78       0x4c ..\obj\dhcp.o
 .text.dhcp_option_byte
                0x0800aac4       0x30 ..\obj\dhcp.o
 .text.dhcp_option_long
                0x0800aaf4       0x8c ..\obj\dhcp.o
 .text.dhcp_create_request
                0x0800ab80      0x1e4 ..\obj\dhcp.o
 .text.dhcp_delete_request
                0x0800ad64       0x44 ..\obj\dhcp.o
 .text.dhcp_option_trailer
                0x0800ada8       0x60 ..\obj\dhcp.o
 .text.tcp_output_set_header
                0x0800ae08       0xec ..\obj\tcp_out.o
 .text.tcp_send_ctrl
                0x0800aef4       0x2c ..\obj\tcp_out.o
                0x0800aef4                tcp_send_ctrl
 .text.tcp_write
                0x0800af20       0x60 ..\obj\tcp_out.o
                0x0800af20                tcp_write
 .text.tcp_enqueue
                0x0800af80      0x568 ..\obj\tcp_out.o
                0x0800af80                tcp_enqueue
 .text.tcp_send_empty_ack
                0x0800b4e8       0x80 ..\obj\tcp_out.o
                0x0800b4e8                tcp_send_empty_ack
 .text.tcp_output
                0x0800b568      0x2c8 ..\obj\tcp_out.o
                0x0800b568                tcp_output
 .text.tcp_output_segment
                0x0800b830      0x140 ..\obj\tcp_out.o
 .text.tcp_rst  0x0800b970       0xf0 ..\obj\tcp_out.o
                0x0800b970                tcp_rst
 .text.tcp_rexmit_rto
                0x0800ba60       0x60 ..\obj\tcp_out.o
                0x0800ba60                tcp_rexmit_rto
 .text.tcp_rexmit
                0x0800bac0       0x84 ..\obj\tcp_out.o
                0x0800bac0                tcp_rexmit
 .text.tcp_rexmit_fast
                0x0800bb44       0xac ..\obj\tcp_out.o
                0x0800bb44                tcp_rexmit_fast
 .text.tcp_keepalive
                0x0800bbf0       0x58 ..\obj\tcp_out.o
                0x0800bbf0                tcp_keepalive
 .text.tcp_zero_window_probe
                0x0800bc48       0xe0 ..\obj\tcp_out.o
                0x0800bc48                tcp_zero_window_probe
 .text.raw_input
                0x0800bd28       0xac ..\obj\raw.o
                0x0800bd28                raw_input
 .text          0x0800bdd4      0x370 c:/program files/gnu tools arm embedded/4.8 2014q1/bin/../lib/gcc/arm-none-eabi/4.8.3/armv7e-m\libgcc.a(_arm_addsubdf3.o)
                0x0800bdd4                __aeabi_drsub
                0x0800bddc                __aeabi_dsub
                0x0800bddc                __subdf3
                0x0800bde0                __aeabi_dadd
                0x0800bde0                __adddf3
                0x0800c058                __floatunsidf
                0x0800c058                __aeabi_ui2d
                0x0800c078                __floatsidf
                0x0800c078                __aeabi_i2d
                0x0800c09c                __aeabi_f2d
                0x0800c09c                __extendsfdf2
                0x0800c0d8                __floatundidf
                0x0800c0d8                __aeabi_ul2d
                0x0800c0e8                __floatdidf
                0x0800c0e8                __aeabi_l2d
 .text          0x0800c144      0x424 c:/program files/gnu tools arm embedded/4.8 2014q1/bin/../lib/gcc/arm-none-eabi/4.8.3/armv7e-m\libgcc.a(_arm_muldivdf3.o)
                0x0800c144                __aeabi_dmul
                0x0800c144                __muldf3
                0x0800c398                __divdf3
                0x0800c398                __aeabi_ddiv
 .text          0x0800c568       0x40 c:/program files/gnu tools arm embedded/4.8 2014q1/bin/../lib/gcc/arm-none-eabi/4.8.3/armv7e-m\libgcc.a(_arm_fixunsdfsi.o)
                0x0800c568                __aeabi_d2uiz
                0x0800c568                __fixunsdfsi
 .text.memcmp   0x0800c5a8       0x68 c:/program files/gnu tools arm embedded/4.8 2014q1/bin/../lib/gcc/arm-none-eabi/4.8.3/../../../../arm-none-eabi/lib/armv7e-m\libg.a(lib_a-memcmp.o)
                0x0800c5a8                memcmp
 .text          0x0800c610      0x134 c:/program files/gnu tools arm embedded/4.8 2014q1/bin/../lib/gcc/arm-none-eabi/4.8.3/../../../../arm-none-eabi/lib/armv7e-m\libg.a(lib_a-memcpy.o)
                0x0800c610                memcpy
 .text.memset   0x0800c744       0x94 c:/program files/gnu tools arm embedded/4.8 2014q1/bin/../lib/gcc/arm-none-eabi/4.8.3/../../../../arm-none-eabi/lib/armv7e-m\libg.a(lib_a-memset.o)
                0x0800c744                memset
 .text.printf   0x0800c7d8       0x28 c:/program files/gnu tools arm embedded/4.8 2014q1/bin/../lib/gcc/arm-none-eabi/4.8.3/../../../../arm-none-eabi/lib/armv7e-m\libg.a(lib_a-printf.o)
                0x0800c7d8                printf
 .text.snprintf
                0x0800c800       0x68 c:/program files/gnu tools arm embedded/4.8 2014q1/bin/../lib/gcc/arm-none-eabi/4.8.3/../../../../arm-none-eabi/lib/armv7e-m\libg.a(lib_a-snprintf.o)
                0x0800c800                snprintf
 .text.strchr   0x0800c868       0xf4 c:/program files/gnu tools arm embedded/4.8 2014q1/bin/../lib/gcc/arm-none-eabi/4.8.3/../../../../arm-none-eabi/lib/armv7e-m\libg.a(lib_a-strchr.o)
                0x0800c868                strchr
 .text          0x0800c95c      0x21c c:/program files/gnu tools arm embedded/4.8 2014q1/bin/../lib/gcc/arm-none-eabi/4.8.3/../../../../arm-none-eabi/lib/armv7e-m\libg.a(lib_a-strcmp.o)
                0x0800c95c                strcmp
 .text.strlen   0x0800cb78       0x60 c:/program files/gnu tools arm embedded/4.8 2014q1/bin/../lib/gcc/arm-none-eabi/4.8.3/../../../../arm-none-eabi/lib/armv7e-m\libg.a(lib_a-strlen.o)
                0x0800cb78                strlen
 .text.strncmp  0x0800cbd8       0xb4 c:/program files/gnu tools arm embedded/4.8 2014q1/bin/../lib/gcc/arm-none-eabi/4.8.3/../../../../arm-none-eabi/lib/armv7e-m\libg.a(lib_a-strncmp.o)
                0x0800cbd8                strncmp
 .text.critical_factorization
                0x0800cc8c       0xbc c:/program files/gnu tools arm embedded/4.8 2014q1/bin/../lib/gcc/arm-none-eabi/4.8.3/../../../../arm-none-eabi/lib/armv7e-m\libg.a(lib_a-strstr.o)
 .text.two_way_long_needle
                0x0800cd48      0x1ec c:/program files/gnu tools arm embedded/4.8 2014q1/bin/../lib/gcc/arm-none-eabi/4.8.3/../../../../arm-none-eabi/lib/armv7e-m\libg.a(lib_a-strstr.o)
 .text.strstr   0x0800cf34      0x200 c:/program files/gnu tools arm embedded/4.8 2014q1/bin/../lib/gcc/arm-none-eabi/4.8.3/../../../../arm-none-eabi/lib/armv7e-m\libg.a(lib_a-strstr.o)
                0x0800cf34                strstr
 .text._svfprintf_r
                0x0800d134     0x14f8 c:/program files/gnu tools arm embedded/4.8 2014q1/bin/../lib/gcc/arm-none-eabi/4.8.3/../../../../arm-none-eabi/lib/armv7e-m\libg.a(lib_a-svfprintf.o)
                0x0800d134                _svfprintf_r
 .text._vfprintf_r
                0x0800e62c     0x1544 c:/program files/gnu tools arm embedded/4.8 2014q1/bin/../lib/gcc/arm-none-eabi/4.8.3/../../../../arm-none-eabi/lib/armv7e-m\libg.a(lib_a-vfprintf.o)
                0x0800e62c                _vfprintf_r
 .text.__sbprintf
                0x0800fb70       0x78 c:/program files/gnu tools arm embedded/4.8 2014q1/bin/../lib/gcc/arm-none-eabi/4.8.3/../../../../arm-none-eabi/lib/armv7e-m\libg.a(lib_a-vfprintf.o)
 .text.vprintf  0x0800fbe8       0x14 c:/program files/gnu tools arm embedded/4.8 2014q1/bin/../lib/gcc/arm-none-eabi/4.8.3/../../../../arm-none-eabi/lib/armv7e-m\libg.a(lib_a-vprintf.o)
                0x0800fbe8                vprintf
 .text.__swsetup_r
                0x0800fbfc       0xc4 c:/program files/gnu tools arm embedded/4.8 2014q1/bin/../lib/gcc/arm-none-eabi/4.8.3/../../../../arm-none-eabi/lib/armv7e-m\libg.a(lib_a-wsetup.o)
                0x0800fbfc                __swsetup_r
 .text.quorem   0x0800fcc0      0x130 c:/program files/gnu tools arm embedded/4.8 2014q1/bin/../lib/gcc/arm-none-eabi/4.8.3/../../../../arm-none-eabi/lib/armv7e-m\libg.a(lib_a-dtoa.o)
 .text._dtoa_r  0x0800fdf0      0xe38 c:/program files/gnu tools arm embedded/4.8 2014q1/bin/../lib/gcc/arm-none-eabi/4.8.3/../../../../arm-none-eabi/lib/armv7e-m\libg.a(lib_a-dtoa.o)
                0x0800fdf0                _dtoa_r
 .text.__sflush_r
                0x08010c28      0x154 c:/program files/gnu tools arm embedded/4.8 2014q1/bin/../lib/gcc/arm-none-eabi/4.8.3/../../../../arm-none-eabi/lib/armv7e-m\libg.a(lib_a-fflush.o)
                0x08010c28                __sflush_r
 .text._fflush_r
                0x08010d7c       0x2c c:/program files/gnu tools arm embedded/4.8 2014q1/bin/../lib/gcc/arm-none-eabi/4.8.3/../../../../arm-none-eabi/lib/armv7e-m\libg.a(lib_a-fflush.o)
                0x08010d7c                _fflush_r
 .text._cleanup_r
                0x08010da8        0xc c:/program files/gnu tools arm embedded/4.8 2014q1/bin/../lib/gcc/arm-none-eabi/4.8.3/../../../../arm-none-eabi/lib/armv7e-m\libg.a(lib_a-findfp.o)
                0x08010da8                _cleanup_r
 .text.__sinit  0x08010db4       0xf4 c:/program files/gnu tools arm embedded/4.8 2014q1/bin/../lib/gcc/arm-none-eabi/4.8.3/../../../../arm-none-eabi/lib/armv7e-m\libg.a(lib_a-findfp.o)
                0x08010db4                __sinit
 .text.__sfp_lock_acquire
                0x08010ea8        0x4 c:/program files/gnu tools arm embedded/4.8 2014q1/bin/../lib/gcc/arm-none-eabi/4.8.3/../../../../arm-none-eabi/lib/armv7e-m\libg.a(lib_a-findfp.o)
                0x08010ea8                __sfp_lock_acquire
 .text.__sfp_lock_release
                0x08010eac        0x4 c:/program files/gnu tools arm embedded/4.8 2014q1/bin/../lib/gcc/arm-none-eabi/4.8.3/../../../../arm-none-eabi/lib/armv7e-m\libg.a(lib_a-findfp.o)
                0x08010eac                __sfp_lock_release
 .text._malloc_trim_r
                0x08010eb0       0x9c c:/program files/gnu tools arm embedded/4.8 2014q1/bin/../lib/gcc/arm-none-eabi/4.8.3/../../../../arm-none-eabi/lib/armv7e-m\libg.a(lib_a-freer.o)
                0x08010eb0                _malloc_trim_r
 .text._free_r  0x08010f4c      0x19c c:/program files/gnu tools arm embedded/4.8 2014q1/bin/../lib/gcc/arm-none-eabi/4.8.3/../../../../arm-none-eabi/lib/armv7e-m\libg.a(lib_a-freer.o)
                0x08010f4c                _free_r
 .text._fwalk   0x080110e8       0x4c c:/program files/gnu tools arm embedded/4.8 2014q1/bin/../lib/gcc/arm-none-eabi/4.8.3/../../../../arm-none-eabi/lib/armv7e-m\libg.a(lib_a-fwalk.o)
                0x080110e8                _fwalk
 .text.__locale_charset
                0x08011134        0x8 c:/program files/gnu tools arm embedded/4.8 2014q1/bin/../lib/gcc/arm-none-eabi/4.8.3/../../../../arm-none-eabi/lib/armv7e-m\libg.a(lib_a-locale.o)
                0x08011134                __locale_charset
 .text.__locale_mb_cur_max
                0x0801113c        0xc c:/program files/gnu tools arm embedded/4.8 2014q1/bin/../lib/gcc/arm-none-eabi/4.8.3/../../../../arm-none-eabi/lib/armv7e-m\libg.a(lib_a-locale.o)
                0x0801113c                __locale_mb_cur_max
 .text._localeconv_r
                0x08011148        0x8 c:/program files/gnu tools arm embedded/4.8 2014q1/bin/../lib/gcc/arm-none-eabi/4.8.3/../../../../arm-none-eabi/lib/armv7e-m\libg.a(lib_a-locale.o)
                0x08011148                _localeconv_r
 .text.__smakebuf_r
                0x08011150       0xe0 c:/program files/gnu tools arm embedded/4.8 2014q1/bin/../lib/gcc/arm-none-eabi/4.8.3/../../../../arm-none-eabi/lib/armv7e-m\libg.a(lib_a-makebuf.o)
                0x08011150                __smakebuf_r
 .text._malloc_r
                0x08011230      0x538 c:/program files/gnu tools arm embedded/4.8 2014q1/bin/../lib/gcc/arm-none-eabi/4.8.3/../../../../arm-none-eabi/lib/armv7e-m\libg.a(lib_a-mallocr.o)
                0x08011230                _malloc_r
 .text.memchr   0x08011768       0x90 c:/program files/gnu tools arm embedded/4.8 2014q1/bin/../lib/gcc/arm-none-eabi/4.8.3/../../../../arm-none-eabi/lib/armv7e-m\libg.a(lib_a-memchr-stub.o)
                0x08011768                memchr
 .text.__malloc_lock
                0x080117f8        0x4 c:/program files/gnu tools arm embedded/4.8 2014q1/bin/../lib/gcc/arm-none-eabi/4.8.3/../../../../arm-none-eabi/lib/armv7e-m\libg.a(lib_a-mlock.o)
                0x080117f8                __malloc_lock
 .text.__malloc_unlock
                0x080117fc        0x4 c:/program files/gnu tools arm embedded/4.8 2014q1/bin/../lib/gcc/arm-none-eabi/4.8.3/../../../../arm-none-eabi/lib/armv7e-m\libg.a(lib_a-mlock.o)
                0x080117fc                __malloc_unlock
 .text._Balloc  0x08011800       0x4c c:/program files/gnu tools arm embedded/4.8 2014q1/bin/../lib/gcc/arm-none-eabi/4.8.3/../../../../arm-none-eabi/lib/armv7e-m\libg.a(lib_a-mprec.o)
                0x08011800                _Balloc
 .text._Bfree   0x0801184c       0x14 c:/program files/gnu tools arm embedded/4.8 2014q1/bin/../lib/gcc/arm-none-eabi/4.8.3/../../../../arm-none-eabi/lib/armv7e-m\libg.a(lib_a-mprec.o)
                0x0801184c                _Bfree
 .text.__multadd
                0x08011860       0x98 c:/program files/gnu tools arm embedded/4.8 2014q1/bin/../lib/gcc/arm-none-eabi/4.8.3/../../../../arm-none-eabi/lib/armv7e-m\libg.a(lib_a-mprec.o)
                0x08011860                __multadd
 .text.__hi0bits
                0x080118f8       0x40 c:/program files/gnu tools arm embedded/4.8 2014q1/bin/../lib/gcc/arm-none-eabi/4.8.3/../../../../arm-none-eabi/lib/armv7e-m\libg.a(lib_a-mprec.o)
                0x080118f8                __hi0bits
 .text.__lo0bits
                0x08011938       0x5c c:/program files/gnu tools arm embedded/4.8 2014q1/bin/../lib/gcc/arm-none-eabi/4.8.3/../../../../arm-none-eabi/lib/armv7e-m\libg.a(lib_a-mprec.o)
                0x08011938                __lo0bits
 .text.__i2b    0x08011994       0x14 c:/program files/gnu tools arm embedded/4.8 2014q1/bin/../lib/gcc/arm-none-eabi/4.8.3/../../../../arm-none-eabi/lib/armv7e-m\libg.a(lib_a-mprec.o)
                0x08011994                __i2b
 .text.__multiply
                0x080119a8      0x13c c:/program files/gnu tools arm embedded/4.8 2014q1/bin/../lib/gcc/arm-none-eabi/4.8.3/../../../../arm-none-eabi/lib/armv7e-m\libg.a(lib_a-mprec.o)
                0x080119a8                __multiply
 .text.__pow5mult
                0x08011ae4       0x9c c:/program files/gnu tools arm embedded/4.8 2014q1/bin/../lib/gcc/arm-none-eabi/4.8.3/../../../../arm-none-eabi/lib/armv7e-m\libg.a(lib_a-mprec.o)
                0x08011ae4                __pow5mult
 .text.__lshift
                0x08011b80       0xbc c:/program files/gnu tools arm embedded/4.8 2014q1/bin/../lib/gcc/arm-none-eabi/4.8.3/../../../../arm-none-eabi/lib/armv7e-m\libg.a(lib_a-mprec.o)
                0x08011b80                __lshift
 .text.__mcmp   0x08011c3c       0x48 c:/program files/gnu tools arm embedded/4.8 2014q1/bin/../lib/gcc/arm-none-eabi/4.8.3/../../../../arm-none-eabi/lib/armv7e-m\libg.a(lib_a-mprec.o)
                0x08011c3c                __mcmp
 .text.__mdiff  0x08011c84       0xd4 c:/program files/gnu tools arm embedded/4.8 2014q1/bin/../lib/gcc/arm-none-eabi/4.8.3/../../../../arm-none-eabi/lib/armv7e-m\libg.a(lib_a-mprec.o)
                0x08011c84                __mdiff
 .text.__d2b    0x08011d58       0xbc c:/program files/gnu tools arm embedded/4.8 2014q1/bin/../lib/gcc/arm-none-eabi/4.8.3/../../../../arm-none-eabi/lib/armv7e-m\libg.a(lib_a-mprec.o)
                0x08011d58                __d2b
 .text.__fpclassifyd
                0x08011e14       0x50 c:/program files/gnu tools arm embedded/4.8 2014q1/bin/../lib/gcc/arm-none-eabi/4.8.3/../../../../arm-none-eabi/lib/armv7e-m\libg.a(lib_a-s_fpclassify.o)
                0x08011e14                __fpclassifyd
 .text._sbrk_r  0x08011e64       0x24 c:/program files/gnu tools arm embedded/4.8 2014q1/bin/../lib/gcc/arm-none-eabi/4.8.3/../../../../arm-none-eabi/lib/armv7e-m\libg.a(lib_a-sbrkr.o)
                0x08011e64                _sbrk_r
 .text.__sread  0x08011e88       0x24 c:/program files/gnu tools arm embedded/4.8 2014q1/bin/../lib/gcc/arm-none-eabi/4.8.3/../../../../arm-none-eabi/lib/armv7e-m\libg.a(lib_a-stdio.o)
                0x08011e88                __sread
 .text.__swrite
                0x08011eac       0x38 c:/program files/gnu tools arm embedded/4.8 2014q1/bin/../lib/gcc/arm-none-eabi/4.8.3/../../../../arm-none-eabi/lib/armv7e-m\libg.a(lib_a-stdio.o)
                0x08011eac                __swrite
 .text.__sseek  0x08011ee4       0x20 c:/program files/gnu tools arm embedded/4.8 2014q1/bin/../lib/gcc/arm-none-eabi/4.8.3/../../../../arm-none-eabi/lib/armv7e-m\libg.a(lib_a-stdio.o)
                0x08011ee4                __sseek
 .text.__sclose
                0x08011f04        0x8 c:/program files/gnu tools arm embedded/4.8 2014q1/bin/../lib/gcc/arm-none-eabi/4.8.3/../../../../arm-none-eabi/lib/armv7e-m\libg.a(lib_a-stdio.o)
                0x08011f04                __sclose
 .text.__ssprint_r
                0x08011f0c      0x100 c:/program files/gnu tools arm embedded/4.8 2014q1/bin/../lib/gcc/arm-none-eabi/4.8.3/../../../../arm-none-eabi/lib/armv7e-m\libg.a(lib_a-svfiprintf.o)
                0x08011f0c                __ssprint_r
 .text.__sprint_r.part.0
                0x0801200c       0x78 c:/program files/gnu tools arm embedded/4.8 2014q1/bin/../lib/gcc/arm-none-eabi/4.8.3/../../../../arm-none-eabi/lib/armv7e-m\libg.a(lib_a-vfiprintf.o)
 .text.__sprint_r
                0x08012084       0x18 c:/program files/gnu tools arm embedded/4.8 2014q1/bin/../lib/gcc/arm-none-eabi/4.8.3/../../../../arm-none-eabi/lib/armv7e-m\libg.a(lib_a-vfiprintf.o)
                0x08012084                __sprint_r
 .text._write_r
                0x0801209c       0x28 c:/program files/gnu tools arm embedded/4.8 2014q1/bin/../lib/gcc/arm-none-eabi/4.8.3/../../../../arm-none-eabi/lib/armv7e-m\libg.a(lib_a-writer.o)
                0x0801209c                _write_r
 .text._calloc_r
                0x080120c4       0x60 c:/program files/gnu tools arm embedded/4.8 2014q1/bin/../lib/gcc/arm-none-eabi/4.8.3/../../../../arm-none-eabi/lib/armv7e-m\libg.a(lib_a-callocr.o)
                0x080120c4                _calloc_r
 .text._close_r
                0x08012124       0x24 c:/program files/gnu tools arm embedded/4.8 2014q1/bin/../lib/gcc/arm-none-eabi/4.8.3/../../../../arm-none-eabi/lib/armv7e-m\libg.a(lib_a-closer.o)
                0x08012124                _close_r
 .text._fclose_r
                0x08012148       0x80 c:/program files/gnu tools arm embedded/4.8 2014q1/bin/../lib/gcc/arm-none-eabi/4.8.3/../../../../arm-none-eabi/lib/armv7e-m\libg.a(lib_a-fclose.o)
                0x08012148                _fclose_r
 .text.fclose   0x080121c8       0x10 c:/program files/gnu tools arm embedded/4.8 2014q1/bin/../lib/gcc/arm-none-eabi/4.8.3/../../../../arm-none-eabi/lib/armv7e-m\libg.a(lib_a-fclose.o)
                0x080121c8                fclose
 .text._fputwc_r
                0x080121d8       0xbc c:/program files/gnu tools arm embedded/4.8 2014q1/bin/../lib/gcc/arm-none-eabi/4.8.3/../../../../arm-none-eabi/lib/armv7e-m\libg.a(lib_a-fputwc.o)
                0x080121d8                _fputwc_r
 .text._fstat_r
                0x08012294       0x28 c:/program files/gnu tools arm embedded/4.8 2014q1/bin/../lib/gcc/arm-none-eabi/4.8.3/../../../../arm-none-eabi/lib/armv7e-m\libg.a(lib_a-fstatr.o)
                0x08012294                _fstat_r
 .text.__sfvwrite_r
                0x080122bc      0x314 c:/program files/gnu tools arm embedded/4.8 2014q1/bin/../lib/gcc/arm-none-eabi/4.8.3/../../../../arm-none-eabi/lib/armv7e-m\libg.a(lib_a-fvwrite.o)
                0x080122bc                __sfvwrite_r
 .text._isatty_r
                0x080125d0       0x24 c:/program files/gnu tools arm embedded/4.8 2014q1/bin/../lib/gcc/arm-none-eabi/4.8.3/../../../../arm-none-eabi/lib/armv7e-m\libg.a(lib_a-isattyr.o)
                0x080125d0                _isatty_r
 .text._lseek_r
                0x080125f4       0x28 c:/program files/gnu tools arm embedded/4.8 2014q1/bin/../lib/gcc/arm-none-eabi/4.8.3/../../../../arm-none-eabi/lib/armv7e-m\libg.a(lib_a-lseekr.o)
                0x080125f4                _lseek_r
 .text.memmove  0x0801261c       0xc0 c:/program files/gnu tools arm embedded/4.8 2014q1/bin/../lib/gcc/arm-none-eabi/4.8.3/../../../../arm-none-eabi/lib/armv7e-m\libg.a(lib_a-memmove.o)
                0x0801261c                memmove
 .text._read_r  0x080126dc       0x28 c:/program files/gnu tools arm embedded/4.8 2014q1/bin/../lib/gcc/arm-none-eabi/4.8.3/../../../../arm-none-eabi/lib/armv7e-m\libg.a(lib_a-readr.o)
                0x080126dc                _read_r
 .text._realloc_r
                0x08012704      0x3cc c:/program files/gnu tools arm embedded/4.8 2014q1/bin/../lib/gcc/arm-none-eabi/4.8.3/../../../../arm-none-eabi/lib/armv7e-m\libg.a(lib_a-reallocr.o)
                0x08012704                _realloc_r
 .text.__swbuf_r
                0x08012ad0       0xa8 c:/program files/gnu tools arm embedded/4.8 2014q1/bin/../lib/gcc/arm-none-eabi/4.8.3/../../../../arm-none-eabi/lib/armv7e-m\libg.a(lib_a-wbuf.o)
                0x08012ad0                __swbuf_r
 .text._wcrtomb_r
                0x08012b78       0x50 c:/program files/gnu tools arm embedded/4.8 2014q1/bin/../lib/gcc/arm-none-eabi/4.8.3/../../../../arm-none-eabi/lib/armv7e-m\libg.a(lib_a-wcrtomb.o)
                0x08012b78                _wcrtomb_r
 .text.__ascii_wctomb
                0x08012bc8       0x1c c:/program files/gnu tools arm embedded/4.8 2014q1/bin/../lib/gcc/arm-none-eabi/4.8.3/../../../../arm-none-eabi/lib/armv7e-m\libg.a(lib_a-wctomb_r.o)
                0x08012bc8                __ascii_wctomb
 .text          0x08012be4      0x110 c:/program files/gnu tools arm embedded/4.8 2014q1/bin/../lib/gcc/arm-none-eabi/4.8.3/armv7e-m\libgcc.a(_arm_cmpdf2.o)
                0x08012be4                __gtdf2
                0x08012be4                __gedf2
                0x08012bec                __ltdf2
                0x08012bec                __ledf2
                0x08012bf4                __nedf2
                0x08012bf4                __eqdf2
                0x08012bf4                __cmpdf2
                0x08012c70                __aeabi_cdrcmple
                0x08012c80                __aeabi_cdcmpeq
                0x08012c80                __aeabi_cdcmple
                0x08012c90                __aeabi_dcmpeq
                0x08012ca4                __aeabi_dcmplt
                0x08012cb8                __aeabi_dcmple
                0x08012ccc                __aeabi_dcmpge
                0x08012ce0                __aeabi_dcmpgt
 .text          0x08012cf4       0x50 c:/program files/gnu tools arm embedded/4.8 2014q1/bin/../lib/gcc/arm-none-eabi/4.8.3/armv7e-m\libgcc.a(_arm_fixdfsi.o)
                0x08012cf4                __aeabi_d2iz
                0x08012cf4                __fixdfsi
 .text          0x08012d44       0x2c c:/program files/gnu tools arm embedded/4.8 2014q1/bin/../lib/gcc/arm-none-eabi/4.8.3/armv7e-m\libgcc.a(_aeabi_uldivmod.o)
                0x08012d44                __aeabi_uldivmod
 .text          0x08012d70       0x60 c:/program files/gnu tools arm embedded/4.8 2014q1/bin/../lib/gcc/arm-none-eabi/4.8.3/armv7e-m\libgcc.a(bpabi.o)
                0x08012d70                __gnu_ldivmod_helper
                0x08012da0                __gnu_uldivmod_helper
 .text          0x08012dd0        0x4 c:/program files/gnu tools arm embedded/4.8 2014q1/bin/../lib/gcc/arm-none-eabi/4.8.3/armv7e-m\libgcc.a(_dvmd_tls.o)
                0x08012dd0                __aeabi_idiv0
                0x08012dd0                __aeabi_ldiv0
 .text          0x08012dd4      0x298 c:/program files/gnu tools arm embedded/4.8 2014q1/bin/../lib/gcc/arm-none-eabi/4.8.3/armv7e-m\libgcc.a(_divdi3.o)
                0x08012dd4                __divdi3
 .text          0x0801306c      0x284 c:/program files/gnu tools arm embedded/4.8 2014q1/bin/../lib/gcc/arm-none-eabi/4.8.3/armv7e-m\libgcc.a(_udivdi3.o)
                0x0801306c                __udivdi3
 *(.init)
 *(.fini)
 *crtbegin.o(.ctors)
 *crtbegin?.o(.ctors)
 *(EXCLUDE_FILE(*crtend.o *crtend?.o) .ctors)
 *(SORT(.ctors.*))
 *(.ctors)
 *crtbegin.o(.dtors)
 *crtbegin?.o(.dtors)
 *(EXCLUDE_FILE(*crtend.o *crtend?.o) .dtors)
 *(SORT(.dtors.*))
 *(.dtors)
 *(.rodata*)
 .rodata        0x080132f0       0x90 ..\obj\tcp.o
                0x08013368                tcp_backoff
                0x08013378                tcp_persist_backoff
 .rodata        0x08013380       0xf8 ..\obj\porttcp.o
 .rodata        0x08013478       0x28 ..\obj\memp.o
 .rodata        0x080134a0     0xcc94 ..\obj\fs.o
                0x080200a8                file__STM32F4x7_files_logo_jpg
                0x080200bc                file__STM32F4x7_files_ST_gif
                0x080200d0                file__STM32F4x7_files_stm32_jpg
                0x080200e4                file__404_html
                0x080200f8                file__index_html
                0x0802010c                file__STM32F4x7ADC_shtml
                0x08020120                file__STM32F4x7LED_html
 .rodata        0x08020134       0x60 ..\obj\stm32f4_discovery.o
                0x08020134                GPIO_PIN
                0x0802013c                GPIO_CLK
                0x0802014c                BUTTON_PIN
                0x08020150                BUTTON_CLK
                0x08020154                BUTTON_EXTI_LINE
                0x08020158                BUTTON_PORT_SOURCE
                0x0802015c                BUTTON_PIN_SOURCE
                0x08020160                BUTTON_IRQn
                0x08020164                COM_USART_CLK
                0x0802016c                COM_TX_PORT_CLK
                0x08020174                COM_RX_PORT_CLK
                0x0802017c                COM_TX_PIN
                0x08020180                COM_RX_PIN
                0x08020184                COM_TX_PIN_SOURCE
                0x08020188                COM_RX_PIN_SOURCE
                0x0802018c                COM_TX_AF
                0x08020190                COM_RX_AF
 .rodata        0x08020194        0x8 ..\obj\ip_addr.o
                0x08020194                ip_addr_any
                0x08020198                ip_addr_broadcast
 .rodata        0x0802019c        0x8 ..\obj\ethernetif.o
 .rodata        0x080201a4       0x10 ..\obj\etharp.o
                0x080201a4                ethbroadcast
                0x080201ac                ethzero
 .rodata        0x080201b4       0xf4 ..\obj\httpd.o
                0x080201f4                g_psDefaultFilenames
                0x08020244                g_pcTagLeadIn
                0x0802024c                g_pcTagLeadOut
 .rodata        0x080202a8       0x40 ..\obj\httpd_cgi_ssi.o
                0x080202b8                LEDS_CGI
 .rodata        0x080202e8       0x88 ..\obj\portother.o
 .rodata.zeroes.6760
                0x08020370       0x10 c:/program files/gnu tools arm embedded/4.8 2014q1/bin/../lib/gcc/arm-none-eabi/4.8.3/../../../../arm-none-eabi/lib/armv7e-m\libg.a(lib_a-svfprintf.o)
 .rodata.str1.4
                0x08020380       0x42 c:/program files/gnu tools arm embedded/4.8 2014q1/bin/../lib/gcc/arm-none-eabi/4.8.3/../../../../arm-none-eabi/lib/armv7e-m\libg.a(lib_a-svfprintf.o)
                                 0x44 (size before relaxing)
 *fill*         0x080203c2        0x2 
 .rodata.blanks.6759
                0x080203c4       0x10 c:/program files/gnu tools arm embedded/4.8 2014q1/bin/../lib/gcc/arm-none-eabi/4.8.3/../../../../arm-none-eabi/lib/armv7e-m\libg.a(lib_a-svfprintf.o)
 .rodata.zeroes.6775
                0x080203d4       0x10 c:/program files/gnu tools arm embedded/4.8 2014q1/bin/../lib/gcc/arm-none-eabi/4.8.3/../../../../arm-none-eabi/lib/armv7e-m\libg.a(lib_a-vfprintf.o)
 .rodata.str1.4
                0x00000000       0x44 c:/program files/gnu tools arm embedded/4.8 2014q1/bin/../lib/gcc/arm-none-eabi/4.8.3/../../../../arm-none-eabi/lib/armv7e-m\libg.a(lib_a-vfprintf.o)
 .rodata.blanks.6774
                0x080203e4       0x10 c:/program files/gnu tools arm embedded/4.8 2014q1/bin/../lib/gcc/arm-none-eabi/4.8.3/../../../../arm-none-eabi/lib/armv7e-m\libg.a(lib_a-vfprintf.o)
 .rodata.str1.4
                0x080203f4       0x10 c:/program files/gnu tools arm embedded/4.8 2014q1/bin/../lib/gcc/arm-none-eabi/4.8.3/../../../../arm-none-eabi/lib/armv7e-m\libg.a(lib_a-dtoa.o)
                                 0x14 (size before relaxing)
 .rodata.str1.4
                0x08020404        0x2 c:/program files/gnu tools arm embedded/4.8 2014q1/bin/../lib/gcc/arm-none-eabi/4.8.3/../../../../arm-none-eabi/lib/armv7e-m\libg.a(lib_a-impure.o)
                                  0x4 (size before relaxing)
 *fill*         0x08020406        0x2 
 .rodata.str1.4
                0x08020408        0xc c:/program files/gnu tools arm embedded/4.8 2014q1/bin/../lib/gcc/arm-none-eabi/4.8.3/../../../../arm-none-eabi/lib/armv7e-m\libg.a(lib_a-locale.o)
                                 0x14 (size before relaxing)
 *fill*         0x08020414        0x4 
 .rodata.__mprec_tens
                0x08020418       0xc8 c:/program files/gnu tools arm embedded/4.8 2014q1/bin/../lib/gcc/arm-none-eabi/4.8.3/../../../../arm-none-eabi/lib/armv7e-m\libg.a(lib_a-mprec.o)
                0x08020418                __mprec_tens
 .rodata.__mprec_bigtens
                0x080204e0       0x28 c:/program files/gnu tools arm embedded/4.8 2014q1/bin/../lib/gcc/arm-none-eabi/4.8.3/../../../../arm-none-eabi/lib/armv7e-m\libg.a(lib_a-mprec.o)
                0x080204e0                __mprec_bigtens
 .rodata.p05.5266
                0x08020508        0xc c:/program files/gnu tools arm embedded/4.8 2014q1/bin/../lib/gcc/arm-none-eabi/4.8.3/../../../../arm-none-eabi/lib/armv7e-m\libg.a(lib_a-mprec.o)
 *(.eh_fram e*)

.glue_7         0x08020514        0x0
 .glue_7        0x00000000        0x0 linker stubs

.glue_7t        0x08020514        0x0
 .glue_7t       0x00000000        0x0 linker stubs

.vfp11_veneer   0x08020514        0x0
 .vfp11_veneer  0x00000000        0x0 linker stubs

.v4_bx          0x08020514        0x0
 .v4_bx         0x00000000        0x0 linker stubs

.iplt           0x08020514        0x0
 .iplt          0x00000000        0x0 ..\obj\stm32f4xx_syscfg.o

.ARM.extab
 *(.ARM.extab* .gnu.linkonce.armextab.*)
                0x08020514                __exidx_start = .

.ARM.exidx      0x08020514        0x8
 *(.ARM.exidx* .gnu.linkonce.armexidx.*)
 .ARM.exidx     0x08020514        0x8 c:/program files/gnu tools arm embedded/4.8 2014q1/bin/../lib/gcc/arm-none-eabi/4.8.3/armv7e-m\libgcc.a(_divdi3.o)
 .ARM.exidx     0x0802051c        0x0 c:/program files/gnu tools arm embedded/4.8 2014q1/bin/../lib/gcc/arm-none-eabi/4.8.3/armv7e-m\libgcc.a(_udivdi3.o)
                                  0x8 (size before relaxing)
                0x0802051c                __exidx_end = .
                0x0802051c                __etext = .
                0x0802051c                _sidata = __etext

.rel.dyn        0x0802051c        0x0
 .rel.iplt      0x00000000        0x0 ..\obj\stm32f4xx_syscfg.o

.data           0x20000000      0x9dc load address 0x0802051c
                0x20000000                __data_start__ = .
                0x20000000                _sdata = __data_start__
 *(vtable)
 *(.data*)
 .data          0x20000000       0x84 ..\obj\mb.o
 .data          0x20000084       0x34 ..\obj\tcp.o
                0x20000084                tcp_state_str
 .data          0x200000b8       0x2c ..\obj\stm32f4_discovery.o
                0x200000b8                GPIO_PORT
                0x200000c8                BUTTON_PORT
                0x200000cc                COM_USART
                0x200000d4                COM_TX_PORT
                0x200000dc                COM_RX_PORT
 .data          0x200000e4       0x14 ..\obj\main.o
 .data          0x200000f8       0x10 ..\obj\stm32f4xx_rcc.o
 .data          0x20000108        0x4 ..\obj\stm32f4x7_eth_bsp.o
                0x20000108                EthInitStatus
 .data          0x2000010c       0x10 ..\obj\httpd.o
                0x2000010c                g_pcSSIExtensions
 .data          0x2000011c        0xc ..\obj\httpd_cgi_ssi.o
                0x2000011c                ADC_not_configured
                0x20000120                TAGCHAR
                0x20000124                TAGS
 .data          0x20000128       0x10 ..\obj\portother.o
 .data          0x20000138        0x4 ..\obj\dhcp.o
 *fill*         0x2000013c        0x4 
 .data.impure_data
                0x20000140      0x428 c:/program files/gnu tools arm embedded/4.8 2014q1/bin/../lib/gcc/arm-none-eabi/4.8.3/../../../../arm-none-eabi/lib/armv7e-m\libg.a(lib_a-impure.o)
 .data._impure_ptr
                0x20000568        0x4 c:/program files/gnu tools arm embedded/4.8 2014q1/bin/../lib/gcc/arm-none-eabi/4.8.3/../../../../arm-none-eabi/lib/armv7e-m\libg.a(lib_a-impure.o)
                0x20000568                _impure_ptr
 .data.lconv    0x2000056c       0x38 c:/program files/gnu tools arm embedded/4.8 2014q1/bin/../lib/gcc/arm-none-eabi/4.8.3/../../../../arm-none-eabi/lib/armv7e-m\libg.a(lib_a-locale.o)
 .data.lc_ctype_charset
                0x200005a4       0x20 c:/program files/gnu tools arm embedded/4.8 2014q1/bin/../lib/gcc/arm-none-eabi/4.8.3/../../../../arm-none-eabi/lib/armv7e-m\libg.a(lib_a-locale.o)
 .data.__mb_cur_max
                0x200005c4        0x4 c:/program files/gnu tools arm embedded/4.8 2014q1/bin/../lib/gcc/arm-none-eabi/4.8.3/../../../../arm-none-eabi/lib/armv7e-m\libg.a(lib_a-locale.o)
                0x200005c4                __mb_cur_max
 .data.__malloc_av_
                0x200005c8      0x408 c:/program files/gnu tools arm embedded/4.8 2014q1/bin/../lib/gcc/arm-none-eabi/4.8.3/../../../../arm-none-eabi/lib/armv7e-m\libg.a(lib_a-mallocr.o)
                0x200005c8                __malloc_av_
 .data.__malloc_trim_threshold
                0x200009d0        0x4 c:/program files/gnu tools arm embedded/4.8 2014q1/bin/../lib/gcc/arm-none-eabi/4.8.3/../../../../arm-none-eabi/lib/armv7e-m\libg.a(lib_a-mallocr.o)
                0x200009d0                __malloc_trim_threshold
 .data.__malloc_sbrk_base
                0x200009d4        0x4 c:/program files/gnu tools arm embedded/4.8 2014q1/bin/../lib/gcc/arm-none-eabi/4.8.3/../../../../arm-none-eabi/lib/armv7e-m\libg.a(lib_a-mallocr.o)
                0x200009d4                __malloc_sbrk_base
 .data.__wctomb
                0x200009d8        0x4 c:/program files/gnu tools arm embedded/4.8 2014q1/bin/../lib/gcc/arm-none-eabi/4.8.3/../../../../arm-none-eabi/lib/armv7e-m\libg.a(lib_a-wctomb_r.o)
                0x200009d8                __wctomb
                0x200009dc                . = ALIGN (0x4)
                0x200009dc                PROVIDE (__preinit_array_start, .)
 *(.preinit_array)
                0x200009dc                PROVIDE (__preinit_array_end, .)
                0x200009dc                . = ALIGN (0x4)
                0x200009dc                PROVIDE (__init_array_start, .)
 *(SORT(.init_array.*))
 *(.init_array)
                0x200009dc                PROVIDE (__init_array_end, .)
                0x200009dc                . = ALIGN (0x4)
                0x200009dc                PROVIDE (__fini_array_start, .)
 *(SORT(.fini_array.*))
 *(.fini_array)
                0x200009dc                PROVIDE (__fini_array_end, .)
 *(.jcr*)
                0x200009dc                . = ALIGN (0x4)
                0x200009dc                __data_end__ = .
                0x200009dc                _edata = __data_end__

.igot.plt       0x200009dc        0x0 load address 0x08020ef8
 .igot.plt      0x00000000        0x0 ..\obj\stm32f4xx_syscfg.o

.bss            0x200009dc     0x9a6c load address 0x08020ef8
                0x200009dc                . = ALIGN (0x4)
                0x200009dc                __bss_start__ = .
                0x200009dc                _sbss = __bss_start__
 *(.bss*)
 .bss           0x200009dc     0x2824 ..\obj\mem.o
 .bss           0x20003200       0x24 ..\obj\mb.o
 .bss           0x20003224        0x1 ..\obj\tcp.o
 .bss           0x20003225        0x2 ..\obj\portevent.o
 *fill*         0x20003227        0x1 
 .bss           0x20003228      0x114 ..\obj\porttcp.o
 .bss           0x2000333c       0x24 ..\obj\mbfuncother.o
 .bss           0x20003360       0x30 ..\obj\tcp_in.o
 .bss           0x20003390     0x2438 ..\obj\memp.o
 .bss           0x200057c8      0x5e8 ..\obj\ip_frag.o
 .bss           0x20005db0      0x110 ..\obj\main.o
                0x20005ebc                LocalTime
 .bss           0x20005ec0        0xc ..\obj\netconf.o
                0x20005ec0                TCPTimer
                0x20005ec4                ARPTimer
                0x20005ec8                IPaddress
 .bss           0x20005ecc       0xcc ..\obj\etharp.o
 .bss           0x20005f98      0x414 ..\obj\httpd.o
                0x20006398                g_pfnSSIHandler
                0x2000639c                g_iNumTags
                0x200063a0                g_ppcTags
                0x200063a4                g_pCGIs
                0x200063a8                g_iNumCGIs
 .bss           0x200063ac        0x1 ..\obj\netif.o
 *fill*         0x200063ad        0x3 
 .bss           0x200063b0        0x4 ..\obj\syscalls.o
 .bss           0x200063b4      0x200 ..\obj\portother.o
 .bss           0x200065b4        0x2 ..\obj\ip.o
 *fill*         0x200065b6        0x2 
 .bss           0x200065b8        0x4 ..\obj\raw.o
 .bss.__malloc_max_total_mem
                0x200065bc        0x4 c:/program files/gnu tools arm embedded/4.8 2014q1/bin/../lib/gcc/arm-none-eabi/4.8.3/../../../../arm-none-eabi/lib/armv7e-m\libg.a(lib_a-mallocr.o)
                0x200065bc                __malloc_max_total_mem
 .bss.__malloc_max_sbrked_mem
                0x200065c0        0x4 c:/program files/gnu tools arm embedded/4.8 2014q1/bin/../lib/gcc/arm-none-eabi/4.8.3/../../../../arm-none-eabi/lib/armv7e-m\libg.a(lib_a-mallocr.o)
                0x200065c0                __malloc_max_sbrked_mem
 .bss.__malloc_top_pad
                0x200065c4        0x4 c:/program files/gnu tools arm embedded/4.8 2014q1/bin/../lib/gcc/arm-none-eabi/4.8.3/../../../../arm-none-eabi/lib/armv7e-m\libg.a(lib_a-mallocr.o)
                0x200065c4                __malloc_top_pad
 .bss.__malloc_current_mallinfo
                0x200065c8       0x28 c:/program files/gnu tools arm embedded/4.8 2014q1/bin/../lib/gcc/arm-none-eabi/4.8.3/../../../../arm-none-eabi/lib/armv7e-m\libg.a(lib_a-mallocr.o)
                0x200065c8                __malloc_current_mallinfo
 *(COMMON)
 COMMON         0x200065f0       0x18 ..\obj\tcp.o
                0x200065f0                tcp_active_pcbs
                0x200065f4                tcp_ticks
                0x200065f8                tcp_listen_pcbs
                0x200065fc                tcp_tmp_pcb
                0x20006600                tcp_bound_pcbs
                0x20006604                tcp_tw_pcbs
 COMMON         0x20006608        0x4 ..\obj\tcp_in.o
                0x20006608                tcp_input_pcb
 COMMON         0x2000660c       0xf0 ..\obj\fs.o
                0x2000660c                fs_memory
 COMMON         0x200066fc     0x3ce4 ..\obj\stm32f4x7_eth.o
                0x200066fc                RX_Frame_Descriptor
                0x20006708                DMARxDescToGet
                0x2000670c                DMATxDescToSet
                0x20006710                DMATxDscrTab
                0x200067b0                Rx_Buff
                0x20008574                Frame_Rx_index
                0x20008578                DMA_RX_FRAME_infos
                0x2000857c                DMARxDscrTab
                0x2000861c                Tx_Buff
 COMMON         0x2000a3e0       0x44 ..\obj\netconf.o
                0x2000a3e0                netif
 COMMON         0x2000a424        0xc ..\obj\httpd_cgi_ssi.o
                0x2000a424                ADC_Page_SSI_Handler
                0x2000a428                CGI_TAB
 COMMON         0x2000a430        0x8 ..\obj\netif.o
                0x2000a430                netif_list
                0x2000a434                netif_default
 COMMON         0x2000a438        0x4 ..\obj\udp.o
                0x2000a438                udp_pcbs
 COMMON         0x2000a43c        0x8 ..\obj\ip.o
                0x2000a43c                current_netif
                0x2000a440                current_header
 COMMON         0x2000a444        0x4 c:/program files/gnu tools arm embedded/4.8 2014q1/bin/../lib/gcc/arm-none-eabi/4.8.3/../../../../arm-none-eabi/lib/armv7e-m\libg.a(lib_a-reent.o)
                0x2000a444                errno
                0x2000a448                . = ALIGN (0x4)
                0x2000a448                __bss_end__ = .
                0x2000a448                _ebss = __bss_end__

.heap           0x2000a448        0x0
                0x2000a448                __end__ = .
                0x2000a448                _end = __end__
                0x2000a448                end = __end__
 *(.heap*)
                0x2000a448                __HeapLimit = .

.co_stack       0x2000a448      0x800 load address 0x0802a964
                0x2000a448                . = ALIGN (0x8)
 *(.co_stack .co_stack.*)
 .co_stack      0x2000a448      0x800 ..\obj\startup_stm32f4xx.o
                0x2000a448                pulStack
                0x20020000                __StackTop = (ORIGIN (ram) + 0x20000)
                0x2001f800                __StackLimit = (__StackTop - SIZEOF (.co_stack))
                0x20020000                PROVIDE (__stack, __StackTop)
                0x00000001                ASSERT ((__StackLimit >= __HeapLimit), region ram  overflowed with stack)
LOAD ..\obj\stm32f4xx_syscfg.o
LOAD ..\obj\mem.o
LOAD ..\obj\stm32f4xx_sdio.o
LOAD ..\obj\mb.o
LOAD ..\obj\mbfuncdisc.o
LOAD ..\obj\tcp.o
LOAD ..\obj\err.o
LOAD ..\obj\portevent.o
LOAD ..\obj\porttcp.o
LOAD ..\obj\mbfuncother.o
LOAD ..\obj\tcp_in.o
LOAD ..\obj\stm32f4xx_usart.o
LOAD ..\obj\stm32f4xx_pwr.o
LOAD ..\obj\slipif.o
LOAD ..\obj\memp.o
LOAD ..\obj\autoip.o
LOAD ..\obj\ip_frag.o
LOAD ..\obj\netbuf.o
LOAD ..\obj\tcpip.o
LOAD ..\obj\mbutils.o
LOAD ..\obj\stm32f4xx_dac.o
LOAD ..\obj\fs.o
LOAD ..\obj\startup_stm32f4xx.o
LOAD ..\obj\stm32f4_discovery.o
LOAD ..\obj\stm32f4x7_eth.o
LOAD ..\obj\sys.o
LOAD ..\obj\ip_addr.o
LOAD ..\obj\mbfuncholding.o
LOAD ..\obj\inet_chksum.o
LOAD ..\obj\main.o
LOAD ..\obj\mbcrc.o
LOAD ..\obj\stm32f4xx_rcc.o
LOAD ..\obj\netconf.o
LOAD ..\obj\stm32f4xx_it.o
LOAD ..\obj\netdb.o
LOAD ..\obj\init.o
LOAD ..\obj\stm32f4xx_adc.o
LOAD ..\obj\stm32f4x7_eth_bsp.o
LOAD ..\obj\mbfuncinput.o
LOAD ..\obj\ethernetif.o
LOAD ..\obj\etharp.o
LOAD ..\obj\mbfuncdiag.o
LOAD ..\obj\httpd.o
LOAD ..\obj\httpd_cgi_ssi.o
LOAD ..\obj\pbuf.o
LOAD ..\obj\stats.o
LOAD ..\obj\inet.o
LOAD ..\obj\netif.o
LOAD ..\obj\api_msg.o
LOAD ..\obj\stm32f4xx_gpio.o
LOAD ..\obj\mbrtu.o
LOAD ..\obj\system_stm32f4xx.o
LOAD ..\obj\syscalls.o
LOAD ..\obj\stm32f4xx_dma.o
LOAD ..\obj\portother.o
LOAD ..\obj\sockets.o
LOAD ..\obj\igmp.o
LOAD ..\obj\udp.o
LOAD ..\obj\ip.o
LOAD ..\obj\mbfunccoils.o
LOAD ..\obj\stm32f4xx_exti.o
LOAD ..\obj\icmp.o
LOAD ..\obj\dns.o
LOAD ..\obj\netifapi.o
LOAD ..\obj\misc.o
LOAD ..\obj\api_lib.o
LOAD ..\obj\mbtcp.o
LOAD ..\obj\dhcp.o
LOAD ..\obj\mbascii.o
LOAD ..\obj\tcp_out.o
LOAD ..\obj\loopif.o
LOAD ..\obj\raw.o
START GROUP
LOAD c:/program files/gnu tools arm embedded/4.8 2014q1/bin/../lib/gcc/arm-none-eabi/4.8.3/armv7e-m\libgcc.a
LOAD c:/program files/gnu tools arm embedded/4.8 2014q1/bin/../lib/gcc/arm-none-eabi/4.8.3/../../../../arm-none-eabi/lib/armv7e-m\libg.a
LOAD c:/program files/gnu tools arm embedded/4.8 2014q1/bin/../lib/gcc/arm-none-eabi/4.8.3/../../../../arm-none-eabi/lib/armv7e-m\libc.a
END GROUP
OUTPUT(LAN8720.elf elf32-littlearm)

.debug_info     0x00000000    0x1574d
 .debug_info    0x00000000      0x26c ..\obj\stm32f4xx_syscfg.o
 .debug_info    0x0000026c      0x345 ..\obj\mem.o
 .debug_info    0x000005b1      0x5fb ..\obj\mb.o
 .debug_info    0x00000bac      0x1b6 ..\obj\mbfuncdisc.o
 .debug_info    0x00000d62     0x1172 ..\obj\tcp.o
 .debug_info    0x00001ed4      0x14c ..\obj\portevent.o
 .debug_info    0x00002020      0x8de ..\obj\porttcp.o
 .debug_info    0x000028fe      0x219 ..\obj\mbfuncother.o
 .debug_info    0x00002b17      0xc1a ..\obj\tcp_in.o
 .debug_info    0x00003731      0x253 ..\obj\memp.o
 .debug_info    0x00003984      0x682 ..\obj\autoip.o
 .debug_info    0x00004006      0x8d8 ..\obj\ip_frag.o
 .debug_info    0x000048de      0x26c ..\obj\mbutils.o
 .debug_info    0x00004b4a      0x50a ..\obj\fs.o
 .debug_info    0x00005054       0xed ..\obj\startup_stm32f4xx.o
 .debug_info    0x00005141      0xd79 ..\obj\stm32f4_discovery.o
 .debug_info    0x00005eba     0x190f ..\obj\stm32f4x7_eth.o
 .debug_info    0x000077c9      0x32e ..\obj\ip_addr.o
 .debug_info    0x00007af7      0x299 ..\obj\mbfuncholding.o
 .debug_info    0x00007d90      0x2a0 ..\obj\inet_chksum.o
 .debug_info    0x00008030      0x4a0 ..\obj\main.o
 .debug_info    0x000084d0      0xc4d ..\obj\stm32f4xx_rcc.o
 .debug_info    0x0000911d      0x70a ..\obj\netconf.o
 .debug_info    0x00009827      0x12f ..\obj\stm32f4xx_it.o
 .debug_info    0x00009956      0xc38 ..\obj\stm32f4xx_adc.o
 .debug_info    0x0000a58e      0xb7a ..\obj\stm32f4x7_eth_bsp.o
 .debug_info    0x0000b108      0x1a8 ..\obj\mbfuncinput.o
 .debug_info    0x0000b2b0      0xaa1 ..\obj\ethernetif.o
 .debug_info    0x0000bd51      0xf20 ..\obj\etharp.o
 .debug_info    0x0000cc71     0x11a2 ..\obj\httpd.o
 .debug_info    0x0000de13      0x717 ..\obj\httpd_cgi_ssi.o
 .debug_info    0x0000e52a      0x658 ..\obj\pbuf.o
 .debug_info    0x0000eb82      0x2e1 ..\obj\inet.o
 .debug_info    0x0000ee63      0xf10 ..\obj\netif.o
 .debug_info    0x0000fd73      0x602 ..\obj\stm32f4xx_gpio.o
 .debug_info    0x00010375      0x592 ..\obj\system_stm32f4xx.o
 .debug_info    0x00010907      0x3ee ..\obj\syscalls.o
 .debug_info    0x00010cf5      0x221 ..\obj\portother.o
 .debug_info    0x00010f16      0xaea ..\obj\udp.o
 .debug_info    0x00011a00      0x8e9 ..\obj\ip.o
 .debug_info    0x000122e9      0x2d3 ..\obj\mbfunccoils.o
 .debug_info    0x000125bc      0x5c0 ..\obj\icmp.o
 .debug_info    0x00012b7c      0x53d ..\obj\misc.o
 .debug_info    0x000130b9      0x22f ..\obj\mbtcp.o
 .debug_info    0x000132e8     0x10b7 ..\obj\dhcp.o
 .debug_info    0x0001439f      0xcef ..\obj\tcp_out.o
 .debug_info    0x0001508e      0x6bf ..\obj\raw.o

.debug_abbrev   0x00000000     0x445d
 .debug_abbrev  0x00000000      0x131 ..\obj\stm32f4xx_syscfg.o
 .debug_abbrev  0x00000131      0x15e ..\obj\mem.o
 .debug_abbrev  0x0000028f      0x173 ..\obj\mb.o
 .debug_abbrev  0x00000402       0x8e ..\obj\mbfuncdisc.o
 .debug_abbrev  0x00000490      0x2c4 ..\obj\tcp.o
 .debug_abbrev  0x00000754       0xaa ..\obj\portevent.o
 .debug_abbrev  0x000007fe      0x22f ..\obj\porttcp.o
 .debug_abbrev  0x00000a2d       0xa9 ..\obj\mbfuncother.o
 .debug_abbrev  0x00000ad6      0x1e9 ..\obj\tcp_in.o
 .debug_abbrev  0x00000cbf      0x11e ..\obj\memp.o
 .debug_abbrev  0x00000ddd      0x1ae ..\obj\autoip.o
 .debug_abbrev  0x00000f8b      0x1e8 ..\obj\ip_frag.o
 .debug_abbrev  0x00001173       0xc4 ..\obj\mbutils.o
 .debug_abbrev  0x00001237      0x178 ..\obj\fs.o
 .debug_abbrev  0x000013af       0xb0 ..\obj\startup_stm32f4xx.o
 .debug_abbrev  0x0000145f      0x1ca ..\obj\stm32f4_discovery.o
 .debug_abbrev  0x00001629      0x240 ..\obj\stm32f4x7_eth.o
 .debug_abbrev  0x00001869       0xfc ..\obj\ip_addr.o
 .debug_abbrev  0x00001965       0xaa ..\obj\mbfuncholding.o
 .debug_abbrev  0x00001a0f      0x13c ..\obj\inet_chksum.o
 .debug_abbrev  0x00001b4b      0x192 ..\obj\main.o
 .debug_abbrev  0x00001cdd      0x1e3 ..\obj\stm32f4xx_rcc.o
 .debug_abbrev  0x00001ec0      0x141 ..\obj\netconf.o
 .debug_abbrev  0x00002001       0x7d ..\obj\stm32f4xx_it.o
 .debug_abbrev  0x0000207e      0x196 ..\obj\stm32f4xx_adc.o
 .debug_abbrev  0x00002214      0x1cb ..\obj\stm32f4x7_eth_bsp.o
 .debug_abbrev  0x000023df       0x8e ..\obj\mbfuncinput.o
 .debug_abbrev  0x0000246d      0x21c ..\obj\ethernetif.o
 .debug_abbrev  0x00002689      0x20a ..\obj\etharp.o
 .debug_abbrev  0x00002893      0x238 ..\obj\httpd.o
 .debug_abbrev  0x00002acb      0x18d ..\obj\httpd_cgi_ssi.o
 .debug_abbrev  0x00002c58      0x1a3 ..\obj\pbuf.o
 .debug_abbrev  0x00002dfb      0x130 ..\obj\inet.o
 .debug_abbrev  0x00002f2b      0x256 ..\obj\netif.o
 .debug_abbrev  0x00003181      0x1a3 ..\obj\stm32f4xx_gpio.o
 .debug_abbrev  0x00003324      0x136 ..\obj\system_stm32f4xx.o
 .debug_abbrev  0x0000345a       0xe2 ..\obj\syscalls.o
 .debug_abbrev  0x0000353c       0xee ..\obj\portother.o
 .debug_abbrev  0x0000362a      0x20c ..\obj\udp.o
 .debug_abbrev  0x00003836      0x195 ..\obj\ip.o
 .debug_abbrev  0x000039cb       0xbc ..\obj\mbfunccoils.o
 .debug_abbrev  0x00003a87      0x1a3 ..\obj\icmp.o
 .debug_abbrev  0x00003c2a      0x145 ..\obj\misc.o
 .debug_abbrev  0x00003d6f       0xe1 ..\obj\mbtcp.o
 .debug_abbrev  0x00003e50      0x229 ..\obj\dhcp.o
 .debug_abbrev  0x00004079      0x224 ..\obj\tcp_out.o
 .debug_abbrev  0x0000429d      0x1c0 ..\obj\raw.o

.debug_aranges  0x00000000     0x1460
 .debug_aranges
                0x00000000       0x48 ..\obj\stm32f4xx_syscfg.o
 .debug_aranges
                0x00000048       0x48 ..\obj\mem.o
 .debug_aranges
                0x00000090       0x50 ..\obj\mb.o
 .debug_aranges
                0x000000e0       0x20 ..\obj\mbfuncdisc.o
 .debug_aranges
                0x00000100      0x110 ..\obj\tcp.o
 .debug_aranges
                0x00000210       0x30 ..\obj\portevent.o
 .debug_aranges
                0x00000240       0x60 ..\obj\porttcp.o
 .debug_aranges
                0x000002a0       0x28 ..\obj\mbfuncother.o
 .debug_aranges
                0x000002c8       0x48 ..\obj\tcp_in.o
 .debug_aranges
                0x00000310       0x30 ..\obj\memp.o
 .debug_aranges
                0x00000340       0x78 ..\obj\autoip.o
 .debug_aranges
                0x000003b8       0x58 ..\obj\ip_frag.o
 .debug_aranges
                0x00000410       0x30 ..\obj\mbutils.o
 .debug_aranges
                0x00000440       0x48 ..\obj\fs.o
 .debug_aranges
                0x00000488       0x28 ..\obj\startup_stm32f4xx.o
 .debug_aranges
                0x000004b0       0x70 ..\obj\stm32f4_discovery.o
 .debug_aranges
                0x00000520      0x2b8 ..\obj\stm32f4x7_eth.o
 .debug_aranges
                0x000007d8       0x20 ..\obj\ip_addr.o
 .debug_aranges
                0x000007f8       0x30 ..\obj\mbfuncholding.o
 .debug_aranges
                0x00000828       0x38 ..\obj\inet_chksum.o
 .debug_aranges
                0x00000860       0x58 ..\obj\main.o
 .debug_aranges
                0x000008b8      0x178 ..\obj\stm32f4xx_rcc.o
 .debug_aranges
                0x00000a30       0x30 ..\obj\netconf.o
 .debug_aranges
                0x00000a60       0x60 ..\obj\stm32f4xx_it.o
 .debug_aranges
                0x00000ac0      0x148 ..\obj\stm32f4xx_adc.o
 .debug_aranges
                0x00000c08       0x40 ..\obj\stm32f4x7_eth_bsp.o
 .debug_aranges
                0x00000c48       0x20 ..\obj\mbfuncinput.o
 .debug_aranges
                0x00000c68       0x40 ..\obj\ethernetif.o
 .debug_aranges
                0x00000ca8       0x80 ..\obj\etharp.o
 .debug_aranges
                0x00000d28       0xc0 ..\obj\httpd.o
 .debug_aranges
                0x00000de8       0x40 ..\obj\httpd_cgi_ssi.o
 .debug_aranges
                0x00000e28       0x80 ..\obj\pbuf.o
 .debug_aranges
                0x00000ea8       0x50 ..\obj\inet.o
 .debug_aranges
                0x00000ef8       0x90 ..\obj\netif.o
 .debug_aranges
                0x00000f88       0x88 ..\obj\stm32f4xx_gpio.o
 .debug_aranges
                0x00001010       0x30 ..\obj\system_stm32f4xx.o
 .debug_aranges
                0x00001040       0x60 ..\obj\syscalls.o
 .debug_aranges
                0x000010a0       0x28 ..\obj\portother.o
 .debug_aranges
                0x000010c8       0x68 ..\obj\udp.o
 .debug_aranges
                0x00001130       0x38 ..\obj\ip.o
 .debug_aranges
                0x00001168       0x30 ..\obj\mbfunccoils.o
 .debug_aranges
                0x00001198       0x38 ..\obj\icmp.o
 .debug_aranges
                0x000011d0       0x40 ..\obj\misc.o
 .debug_aranges
                0x00001210       0x40 ..\obj\mbtcp.o
 .debug_aranges
                0x00001250      0x138 ..\obj\dhcp.o
 .debug_aranges
                0x00001388       0x80 ..\obj\tcp_out.o
 .debug_aranges
                0x00001408       0x58 ..\obj\raw.o

.debug_ranges   0x00000000     0x1170
 .debug_ranges  0x00000000       0x38 ..\obj\stm32f4xx_syscfg.o
 .debug_ranges  0x00000038       0x38 ..\obj\mem.o
 .debug_ranges  0x00000070       0x40 ..\obj\mb.o
 .debug_ranges  0x000000b0       0x10 ..\obj\mbfuncdisc.o
 .debug_ranges  0x000000c0      0x100 ..\obj\tcp.o
 .debug_ranges  0x000001c0       0x20 ..\obj\portevent.o
 .debug_ranges  0x000001e0       0x50 ..\obj\porttcp.o
 .debug_ranges  0x00000230       0x18 ..\obj\mbfuncother.o
 .debug_ranges  0x00000248       0x38 ..\obj\tcp_in.o
 .debug_ranges  0x00000280       0x20 ..\obj\memp.o
 .debug_ranges  0x000002a0       0x68 ..\obj\autoip.o
 .debug_ranges  0x00000308       0x48 ..\obj\ip_frag.o
 .debug_ranges  0x00000350       0x20 ..\obj\mbutils.o
 .debug_ranges  0x00000370       0x38 ..\obj\fs.o
 .debug_ranges  0x000003a8       0x18 ..\obj\startup_stm32f4xx.o
 .debug_ranges  0x000003c0       0x60 ..\obj\stm32f4_discovery.o
 .debug_ranges  0x00000420      0x2a8 ..\obj\stm32f4x7_eth.o
 .debug_ranges  0x000006c8       0x10 ..\obj\ip_addr.o
 .debug_ranges  0x000006d8       0x20 ..\obj\mbfuncholding.o
 .debug_ranges  0x000006f8       0x28 ..\obj\inet_chksum.o
 .debug_ranges  0x00000720       0x48 ..\obj\main.o
 .debug_ranges  0x00000768      0x168 ..\obj\stm32f4xx_rcc.o
 .debug_ranges  0x000008d0       0x20 ..\obj\netconf.o
 .debug_ranges  0x000008f0       0x50 ..\obj\stm32f4xx_it.o
 .debug_ranges  0x00000940      0x138 ..\obj\stm32f4xx_adc.o
 .debug_ranges  0x00000a78       0x30 ..\obj\stm32f4x7_eth_bsp.o
 .debug_ranges  0x00000aa8       0x10 ..\obj\mbfuncinput.o
 .debug_ranges  0x00000ab8       0x30 ..\obj\ethernetif.o
 .debug_ranges  0x00000ae8       0x70 ..\obj\etharp.o
 .debug_ranges  0x00000b58       0xb0 ..\obj\httpd.o
 .debug_ranges  0x00000c08       0x30 ..\obj\httpd_cgi_ssi.o
 .debug_ranges  0x00000c38       0x70 ..\obj\pbuf.o
 .debug_ranges  0x00000ca8       0x40 ..\obj\inet.o
 .debug_ranges  0x00000ce8       0x80 ..\obj\netif.o
 .debug_ranges  0x00000d68       0x78 ..\obj\stm32f4xx_gpio.o
 .debug_ranges  0x00000de0       0x20 ..\obj\system_stm32f4xx.o
 .debug_ranges  0x00000e00       0x50 ..\obj\syscalls.o
 .debug_ranges  0x00000e50       0x18 ..\obj\portother.o
 .debug_ranges  0x00000e68       0x58 ..\obj\udp.o
 .debug_ranges  0x00000ec0       0x28 ..\obj\ip.o
 .debug_ranges  0x00000ee8       0x20 ..\obj\mbfunccoils.o
 .debug_ranges  0x00000f08       0x28 ..\obj\icmp.o
 .debug_ranges  0x00000f30       0x30 ..\obj\misc.o
 .debug_ranges  0x00000f60       0x30 ..\obj\mbtcp.o
 .debug_ranges  0x00000f90      0x128 ..\obj\dhcp.o
 .debug_ranges  0x000010b8       0x70 ..\obj\tcp_out.o
 .debug_ranges  0x00001128       0x48 ..\obj\raw.o

.debug_line     0x00000000     0xac0d
 .debug_line    0x00000000      0x292 ..\obj\stm32f4xx_syscfg.o
 .debug_line    0x00000292      0x277 ..\obj\mem.o
 .debug_line    0x00000509      0x294 ..\obj\mb.o
 .debug_line    0x0000079d      0x198 ..\obj\mbfuncdisc.o
 .debug_line    0x00000935      0x7c5 ..\obj\tcp.o
 .debug_line    0x000010fa      0x131 ..\obj\portevent.o
 .debug_line    0x0000122b      0x355 ..\obj\porttcp.o
 .debug_line    0x00001580      0x208 ..\obj\mbfuncother.o
 .debug_line    0x00001788      0x705 ..\obj\tcp_in.o
 .debug_line    0x00001e8d      0x1d5 ..\obj\memp.o
 .debug_line    0x00002062      0x415 ..\obj\autoip.o
 .debug_line    0x00002477      0x419 ..\obj\ip_frag.o
 .debug_line    0x00002890      0x1ad ..\obj\mbutils.o
 .debug_line    0x00002a3d      0x20c ..\obj\fs.o
 .debug_line    0x00002c49       0xca ..\obj\startup_stm32f4xx.o
 .debug_line    0x00002d13      0x431 ..\obj\stm32f4_discovery.o
 .debug_line    0x00003144      0xb8f ..\obj\stm32f4x7_eth.o
 .debug_line    0x00003cd3      0x20f ..\obj\ip_addr.o
 .debug_line    0x00003ee2      0x1e5 ..\obj\mbfuncholding.o
 .debug_line    0x000040c7      0x26d ..\obj\inet_chksum.o
 .debug_line    0x00004334      0x432 ..\obj\main.o
 .debug_line    0x00004766      0x63d ..\obj\stm32f4xx_rcc.o
 .debug_line    0x00004da3      0x360 ..\obj\netconf.o
 .debug_line    0x00005103      0x269 ..\obj\stm32f4xx_it.o
 .debug_line    0x0000536c      0x5f5 ..\obj\stm32f4xx_adc.o
 .debug_line    0x00005961      0x40c ..\obj\stm32f4x7_eth_bsp.o
 .debug_line    0x00005d6d      0x18e ..\obj\mbfuncinput.o
 .debug_line    0x00005efb      0x476 ..\obj\ethernetif.o
 .debug_line    0x00006371      0x584 ..\obj\etharp.o
 .debug_line    0x000068f5      0x85b ..\obj\httpd.o
 .debug_line    0x00007150      0x483 ..\obj\httpd_cgi_ssi.o
 .debug_line    0x000075d3      0x438 ..\obj\pbuf.o
 .debug_line    0x00007a0b      0x294 ..\obj\inet.o
 .debug_line    0x00007c9f      0x41b ..\obj\netif.o
 .debug_line    0x000080ba      0x3e2 ..\obj\stm32f4xx_gpio.o
 .debug_line    0x0000849c      0x23a ..\obj\system_stm32f4xx.o
 .debug_line    0x000086d6      0x195 ..\obj\syscalls.o
 .debug_line    0x0000886b      0x159 ..\obj\portother.o
 .debug_line    0x000089c4      0x43f ..\obj\udp.o
 .debug_line    0x00008e03      0x362 ..\obj\ip.o
 .debug_line    0x00009165      0x204 ..\obj\mbfunccoils.o
 .debug_line    0x00009369      0x28e ..\obj\icmp.o
 .debug_line    0x000095f7      0x2e8 ..\obj\misc.o
 .debug_line    0x000098df      0x1b6 ..\obj\mbtcp.o
 .debug_line    0x00009a95      0x8dc ..\obj\dhcp.o
 .debug_line    0x0000a371      0x580 ..\obj\tcp_out.o
 .debug_line    0x0000a8f1      0x31c ..\obj\raw.o

.debug_str      0x00000000     0x7132
 .debug_str     0x00000000      0x2be ..\obj\stm32f4xx_syscfg.o
                                0x31c (size before relaxing)
 .debug_str     0x000002be      0x17a ..\obj\mem.o
                                0x29d (size before relaxing)
 .debug_str     0x00000438      0x4d7 ..\obj\mb.o