Component: ARM Compiler 5.06 update 6 (build 750) Tool: armlink [4d35ed]

==============================================================================

Section Cross References

    main.o(.text) refers to stm32f4_discovery.o(.text) for STM_EVAL_LEDOn
    main.o(.text) refers to printf1.o(i.__0printf$1) for __2printf
    main.o(.text) refers to queue.o(.text) for xQueueReceive
    main.o(.text) refers to tasks.o(.text) for xTaskGetHandle
    main.o(.text) refers to stm32f4xx_rtc.o(.text) for RTC_WriteProtectionCmd
    main.o(.text) refers to stm32f4xx_rcc.o(.text) for RCC_APB1PeriphClockCmd
    main.o(.text) refers to stm32f4xx_pwr.o(.text) for PWR_BackupAccessCmd
    main.o(.text) refers to stm32f4xx_gpio.o(.text) for GPIO_Init
    main.o(.text) refers to stm32f4xx_uartstdio.o(.text) for UARTstdio_Configuration
    main.o(.text) refers to rs485bus_task.o(.text) for vStartRS485busSlaveTasks
    main.o(.text) refers to heap_2.o(.text) for xPortGetFreeHeapSize
    main.o(.text) refers to main.o(.data) for .data
    system_stm32f4xx.o(.text) refers to system_stm32f4xx.o(.data) for .data
    stm32f4xx_it.o(.text) refers to port.o(.text) for xPortSysTickHandler
    stm32f4xx_it.o(.text) refers to stm32f4xx_tim.o(.text) for TIM_ClearITPendingBit
    miscellaneous.o(.text) refers to miscellaneous.o(.bss) for .bss
    hw_config.o(.text) refers to stm32f4xx_exti.o(.text) for EXTI_Init
    hw_config.o(.text) refers to stm32f4xx_rcc.o(.text) for RCC_APB2PeriphClockCmd
    hw_config.o(.text) refers to stm32f4xx_gpio.o(.text) for GPIO_Init
    hw_config.o(.text) refers to stm32f4xx_syscfg.o(.text) for SYSCFG_EXTILineConfig
    hw_config.o(.text) refers to stm32f4xx_tim.o(.text) for TIM_TimeBaseInit
    hw_config.o(.text) refers to misc.o(.text) for NVIC_Init
    rs485bus_task.o(.text) refers to tasks.o(.text) for xTaskGetHandle
    rs485bus_task.o(.text) refers to queue.o(.text) for xQueuePeek
    rs485bus_task.o(.text) refers to mb.o(.text) for eMBInit
    rs485bus_task.o(.text) refers to main.o(.data) for xQueueState
    portevent.o(.text) refers to queue.o(.text) for xQueueGenericCreate
    portevent.o(.text) refers to tasks.o(.text) for vTaskDelay
    portevent.o(.text) refers to portevent.o(.data) for .data
    portother.o(.text) refers to portserial.o(.text) for vPortSerialClose
    portother.o(.text) refers to porttimer.o(.text) for vMBPortTimersDisable
    portother.o(.text) refers to portother.o(.data) for .data
    portserial.o(.text) refers to stm32f4xx_gpio.o(.text) for GPIO_SetBits
    portserial.o(.text) refers to stm32f4xx_usart.o(.text) for USART_ITConfig
    portserial.o(.text) refers to queue.o(.text) for xQueueReceive
    portserial.o(.text) refers to stm32f4xx_rcc.o(.text) for RCC_AHB1PeriphClockCmd
    portserial.o(.text) refers to stm32f4xx_uartstdio.o(.text) for UART_RCC_Configuration
    portserial.o(.text) refers to misc.o(.text) for NVIC_Init
    portserial.o(.text) refers to tasks.o(.text) for xTaskCreate
    portserial.o(.text) refers to portserial.o(.data) for .data
    portserial.o(.text) refers to mb.o(.data) for pxMBFrameCBTransmitterEmpty
    porttimer.o(.text) refers to stm32f4xx_rcc.o(.text) for RCC_APB1PeriphClockCmd
    porttimer.o(.text) refers to misc.o(.text) for NVIC_Init
    porttimer.o(.text) refers to stm32f4xx_tim.o(.text) for TIM_TimeBaseInit
    porttimer.o(.text) refers to queue.o(.text) for xQueueGenericCreate
    porttimer.o(.text) refers to porttimer.o(.data) for .data
    porttimer.o(.text) refers to mb.o(.data) for pxMBPortCBTimerExpired
    user_rs485_app.o(.text) refers to user_rs485_app.o(.bss) for .bss
    user_rs485_app.o(.text) refers to user_rs485_app.o(.data) for .data
    mb.o(.text) refers to mbrtu.o(.text) for eMBRTUInit
    mb.o(.text) refers to portevent.o(.text) for xMBPortEventInit
    mb.o(.text) refers to tasks.o(.text) for vTaskSuspendAll
    mb.o(.text) refers to mb.o(.data) for .data
    mb.o(.data) refers to mbfuncholding.o(.text) for eMBFuncReadHoldingRegister
    mbrtu.o(.text) refers to tasks.o(.text) for vTaskSuspendAll
    mbrtu.o(.text) refers to portserial.o(.text) for xMBPortSerialInit
    mbrtu.o(.text) refers to porttimer.o(.text) for xMBPortTimersInit
    mbrtu.o(.text) refers to mbcrc.o(.text) for usMBCRC16
    mbrtu.o(.text) refers to portevent.o(.text) for xMBPortEventPost
    mbrtu.o(.text) refers to mbrtu.o(.data) for .data
    mbrtu.o(.text) refers to mbrtu.o(.bss) for .bss
    mbcrc.o(.text) refers to mbcrc.o(.constdata) for .constdata
    mbfuncholding.o(.text) refers to user_rs485_app.o(.text) for eMBRegHoldingCB
    mbfuncholding.o(.text) refers to mbutils.o(.text) for prveMBError2Exception
    stm32f4xx_uartstdio.o(.text) refers to stm32f4xx_rcc.o(.text) for RCC_APB2PeriphClockCmd
    stm32f4xx_uartstdio.o(.text) refers to stm32f4xx_gpio.o(.text) for GPIO_Init
    stm32f4xx_uartstdio.o(.text) refers to stm32f4xx_usart.o(.text) for USART_Init
    stm32f4xx_uartstdio.o(.text) refers to stm32f4xx_uartstdio.o(.data) for .data
[...]
    .text                                    0x08002a4c   Section        0  stm32f4xx_syscfg.o(.text)
    .text                                    0x08002ac4   Section        0  stm32f4xx_sdio.o(.text)
    .text                                    0x08002c7c   Section        0  stm32f4xx_tim.o(.text)
    TI2_Config                               0x080032c7   Thumb Code    54  stm32f4xx_tim.o(.text)
    TI1_Config                               0x0800362b   Thumb Code    46  stm32f4xx_tim.o(.text)
    .text                                    0x08003658   Section        0  stm32f4xx_rtc.o(.text)
    RTC_ByteToBcd2                           0x0800406f   Thumb Code    24  stm32f4xx_rtc.o(.text)
    RTC_Bcd2ToByte                           0x08004087   Thumb Code    18  stm32f4xx_rtc.o(.text)
    .text                                    0x080040a4   Section        0  stm32f4xx_pwr.o(.text)
    .text                                    0x08004174   Section        0  list.o(.text)
    .text                                    0x08004200   Section        0  queue.o(.text)
    prvUnlockQueue                           0x080042d7   Thumb Code   106  queue.o(.text)
    prvCopyDataToQueue                       0x08004341   Thumb Code   106  queue.o(.text)
    prvCopyDataFromQueue                     0x08004885   Thumb Code    38  queue.o(.text)
    prvIsQueueEmpty                          0x08004d1f   Thumb Code    26  queue.o(.text)
    .text                                    0x08004d40   Section        0  tasks.o(.text)
    prvAddNewTaskToReadyList                 0x08004d41   Thumb Code   192  tasks.o(.text)
    prvAddCurrentTaskToDelayedList           0x0800506b   Thumb Code   102  tasks.o(.text)
    prvTaskIsTaskSuspended                   0x08005395   Thumb Code    48  tasks.o(.text)
    prvIdleTask                              0x080054b3   Thumb Code    80  tasks.o(.text)
    prvSearchForNameWithinSingleList         0x080055c1   Thumb Code    88  tasks.o(.text)
    prvListTasksWithinSingleList             0x08005709   Thumb Code    84  tasks.o(.text)
    prvInitialiseNewTask                     0x08005f53   Thumb Code   154  tasks.o(.text)
    prvResetNextTaskUnblockTime              0x08005fed   Thumb Code    26  tasks.o(.text)
    prvDeleteTCB                             0x08006007   Thumb Code    20  tasks.o(.text)
    .text                                    0x0800602c   Section        0  port.o(.text)
    prvTaskExitError                         0x0800602d   Thumb Code    36  port.o(.text)
    .text                                    0x08006280   Section        0  heap_2.o(.text)
    .text                                    0x08006378   Section       36  startup_stm32f4xx.o(.text)
    $v0                                      0x08006378   Number         0  startup_stm32f4xx.o(.text)
    .text                                    0x0800639c   Section        0  memcpya.o(.text)
    .text                                    0x080063c0   Section        0  memseta.o(.text)
    .text                                    0x080063e4   Section        0  strlen.o(.text)
    .text                                    0x080063f2   Section        0  uidiv.o(.text)
    .text                                    0x08006420   Section       36  init.o(.text)
    .text                                    0x08006444   Section        0  __dczerorl2.o(.text)
    i.__0printf$1                            0x0800649c   Section        0  printf1.o(i.__0printf$1)
    i.__scatterload_copy                     0x080064bc   Section       14  handlers.o(i.__scatterload_copy)
    i.__scatterload_null                     0x080064ca   Section        2  handlers.o(i.__scatterload_null)
    i.__scatterload_zeroinit                 0x080064cc   Section       14  handlers.o(i.__scatterload_zeroinit)
    i._printf_core                           0x080064dc   Section        0  printf1.o(i._printf_core)
    _printf_core                             0x080064dd   Thumb Code   336  printf1.o(i._printf_core)
    .constdata                               0x08006630   Section      512  mbcrc.o(.constdata)
    aucCRCHi                                 0x08006630   Data         256  mbcrc.o(.constdata)
    aucCRCLo                                 0x08006730   Data         256  mbcrc.o(.constdata)
    .constdata                               0x08006830   Section        4  stm32f4xx_uartstdio.o(.constdata)
    g_pcHex                                  0x08006830   Data           4  stm32f4xx_uartstdio.o(.constdata)
    .constdata                               0x08006834   Section       92  stm32f4_discovery.o(.constdata)
    .conststring                             0x08006890   Section       17  stm32f4xx_uartstdio.o(.conststring)
    .data                                    0x20000000   Section       12  main.o(.data)
    state                                    0x20000000   Data           2  main.o(.data)
    .data                                    0x2000000c   Section       20  system_stm32f4xx.o(.data)
    .data                                    0x20000020   Section        4  portevent.o(.data)
    xSlaveOsEvent                            0x20000020   Data           4  portevent.o(.data)
    .data                                    0x20000024   Section        4  portserial.o(.data)
    event_serial                             0x20000024   Data           4  portserial.o(.data)
    .data                                    0x20000028   Section        8  porttimer.o(.data)
    bConfigStatus                            0x20000028   Data           1  porttimer.o(.data)
    usT35TimeOut50us                         0x2000002a   Data           2  porttimer.o(.data)
    TimerExpired                             0x2000002c   Data           4  porttimer.o(.data)
    .data                                    0x20000030   Section        2  user_rs485_app.o(.data)
    .data                                    0x20000034   Section      172  mb.o(.data)
    eMBState                                 0x20000034   Data           1  mb.o(.data)
    ucRcvAddress                             0x20000035   Data           1  mb.o(.data)
    ucFunctionCode                           0x20000036   Data           1  mb.o(.data)
    eException                               0x20000037   Data           1  mb.o(.data)
    ucMBAddress                              0x20000038   Data           1  mb.o(.data)
    eMBCurrentMode                           0x20000039   Data           1  mb.o(.data)
    usLength                                 0x2000003a   Data           2  mb.o(.data)
    ucMBFrame                                0x2000003c   Data           4  mb.o(.data)
    peMBFrameSendCur                         0x20000040   Data           4  mb.o(.data)
    pvMBFrameStartCur                        0x20000044   Data           4  mb.o(.data)
    pvMBFrameStopCur                         0x20000048   Data           4  mb.o(.data)
    peMBFrameReceiveCur                      0x2000004c   Data           4  mb.o(.data)
    pvMBFrameCloseCur                        0x20000050   Data           4  mb.o(.data)
    xFuncHandlers                            0x20000060   Data         128  mb.o(.data)
    .data                                    0x200000e0   Section       12  mbrtu.o(.data)
    eSndState                                0x200000e0   Data           1  mbrtu.o(.data)
    eRcvState                                0x200000e1   Data           1  mbrtu.o(.data)
    usSndBufferCount                         0x200000e2   Data           2  mbrtu.o(.data)
    usRcvBufferPos                           0x200000e4   Data           2  mbrtu.o(.data)
    pucSndBufferCur                          0x200000e8   Data           4  mbrtu.o(.data)
    .data                                    0x200000ec   Section        8  stm32f4xx_uartstdio.o(.data)
    bLastWasCR                               0x200000ec   Data           1  stm32f4xx_uartstdio.o(.data)
    g_ulBase                                 0x200000f0   Data           4  stm32f4xx_uartstdio.o(.data)
    .data                                    0x200000f4   Section        4  stm32f4xx_uartstdio.o(.data)
    .data                                    0x200000f8   Section       48  stm32f4_discovery.o(.data)
    .data                                    0x20000128   Section       16  stm32f4xx_rcc.o(.data)
    APBAHBPrescTable                         0x20000128   Data          16  stm32f4xx_rcc.o(.data)
    .data                                    0x20000138   Section       60  tasks.o(.data)
    uxDeletedTasksWaitingCleanUp             0x2000013c   Data           4  tasks.o(.data)
    uxCurrentNumberOfTasks                   0x20000140   Data           4  tasks.o(.data)
    xTickCount                               0x20000144   Data           4  tasks.o(.data)
    uxTopReadyPriority                       0x20000148   Data           4  tasks.o(.data)
    xSchedulerRunning                        0x2000014c   Data           4  tasks.o(.data)
    uxPendedTicks                            0x20000150   Data           4  tasks.o(.data)
    xYieldPending                            0x20000154   Data           4  tasks.o(.data)
    xNumOfOverflows                          0x20000158   Data           4  tasks.o(.data)
    uxTaskNumber                             0x2000015c   Data           4  tasks.o(.data)
    xNextTaskUnblockTime                     0x20000160   Data           4  tasks.o(.data)
    xIdleTaskHandle                          0x20000164   Data           4  tasks.o(.data)
    uxSchedulerSuspended                     0x20000168   Data           4  tasks.o(.data)
    pxDelayedTaskList                        0x2000016c   Data           4  tasks.o(.data)
    pxOverflowDelayedTaskList                0x20000170   Data           4  tasks.o(.data)
    .data                                    0x20000174   Section       12  port.o(.data)
    ucMaxSysCallPriority                     0x20000174   Data           1  port.o(.data)
    uxCriticalNesting                        0x20000178   Data           4  port.o(.data)
    ulMaxPRIGROUPValue                       0x2000017c   Data           4  port.o(.data)
    .data                                    0x20000180   Section       24  heap_2.o(.data)
    xFreeBytesRemaining                      0x20000180   Data           4  heap_2.o(.data)
    xHeapHasBeenInitialised                  0x20000184   Data           4  heap_2.o(.data)
    xStart                                   0x20000188   Data           8  heap_2.o(.data)
    xEnd                                     0x20000190   Data           8  heap_2.o(.data)
    .bss                                     0x20000198   Section      200  user_rs485_app.o(.bss)
    .bss                                     0x20000260   Section      256  mbrtu.o(.bss)
    .bss                                     0x20000360   Section       64  queue.o(.bss)
    .bss                                     0x200003a0   Section      400  tasks.o(.bss)
    pxReadyTasksLists                        0x200003a0   Data         300  tasks.o(.bss)
    xDelayedTaskList1                        0x200004cc   Data          20  tasks.o(.bss)
    xDelayedTaskList2                        0x200004e0   Data          20  tasks.o(.bss)
    xPendingReadyList                        0x200004f4   Data          20  tasks.o(.bss)
    xTasksWaitingTermination                 0x20000508   Data          20  tasks.o(.bss)
    xSuspendedTaskList                       0x2000051c   Data          20  tasks.o(.bss)
    .bss                                     0x20000530   Section    81920  heap_2.o(.bss)
    ucHeap                                   0x20000530   Data       81920  heap_2.o(.bss)
    STACK                                    0x20014530   Section      512  startup_stm32f4xx.o(STACK)

    Global Symbols

    Symbol Name                              Value     Ov Type        Size  Object(Section)

    BuildAttributes$$THM_ISAv4$E$P$D$K$B$S$7EM$VFPi3$EXTD16$VFPS$VFMA$PE$A:L22UL41UL21$X:L11$S22US41US21$IEEE1$IW$USESV6$~STKCKD$USESV7$~SHL$OSPACE$ROPI$EBA8$MICROLIB$REQ8$PRES8$EABIv2 0x00000000   Number         0  anon$$obj.o ABSOLUTE
    __ARM_use_no_argv                        0x00000000   Number         0  main.o ABSOLUTE
    _printf_a                                0x00000000   Number         0  stubs.o ABSOLUTE
    _printf_c                                0x00000000   Number         0  stubs.o ABSOLUTE
    _printf_charcount                        0x00000000   Number         0  stubs.o ABSOLUTE
    _printf_d                                0x00000000   Number         0  stubs.o ABSOLUTE
    _printf_e                                0x00000000   Number         0  stubs.o ABSOLUTE
    _printf_f                                0x00000000   Number         0  stubs.o ABSOLUTE
    _printf_flags                            0x00000000   Number         0  stubs.o ABSOLUTE
    _printf_fp_dec                           0x00000000   Number         0  stubs.o ABSOLUTE
    _printf_fp_hex                           0x00000000   Number         0  stubs.o ABSOLUTE
    _printf_g                                0x00000000   Number         0  stubs.o ABSOLUTE
    _printf_i                                0x00000000   Number         0  stubs.o ABSOLUTE
    _printf_int_dec                          0x00000000   Number         0  stubs.o ABSOLUTE
    _printf_l                                0x00000000   Number         0  stubs.o ABSOLUTE
    _printf_lc                               0x00000000   Number         0  stubs.o ABSOLUTE
    _printf_ll                               0x00000000   Number         0  stubs.o ABSOLUTE
    _printf_lld                              0x00000000   Number         0  stubs.o ABSOLUTE
    _printf_lli                              0x00000000   Number         0  stubs.o ABSOLUTE
    _printf_llo                              0x00000000   Number         0  stubs.o ABSOLUTE
    _printf_llu                              0x00000000   Number         0  stubs.o ABSOLUTE
    _printf_llx                              0x00000000   Number         0  stubs.o ABSOLUTE
    _printf_longlong_dec                     0x00000000   Number         0  stubs.o ABSOLUTE
    _printf_longlong_hex                     0x00000000   Number         0  stubs.o ABSOLUTE
    _printf_longlong_oct                     0x00000000   Number         0  stubs.o ABSOLUTE
    _printf_ls                               0x00000000   Number         0  stubs.o ABSOLUTE
    _printf_mbtowc                           0x00000000   Number         0  stubs.o ABSOLUTE
    _printf_n                                0x00000000   Number         0  stubs.o ABSOLUTE
    _printf_o                                0x00000000   Number         0  stubs.o ABSOLUTE
    _printf_p                                0x00000000   Number         0  stubs.o ABSOLUTE
    _printf_percent                          0x00000000   Number         0  stubs.o ABSOLUTE
    _printf_pre_padding                      0x00000000   Number         0  stubs.o ABSOLUTE
    _printf_return_value                     0x00000000   Number         0  stubs.o ABSOLUTE
    _printf_s                                0x00000000   Number         0  stubs.o ABSOLUTE
    _printf_sizespec                         0x00000000   Number         0  stubs.o ABSOLUTE
    _printf_str                              0x00000000   Number         0  stubs.o ABSOLUTE
    _printf_truncate_signed                  0x00000000   Number         0  stubs.o ABSOLUTE
    _printf_truncate_unsigned                0x00000000   Number         0  stubs.o ABSOLUTE
    _printf_u                                0x00000000   Number         0  stubs.o ABSOLUTE
    _printf_wc                               0x00000000   Number         0  stubs.o ABSOLUTE
    _printf_wctomb                           0x00000000   Number         0  stubs.o ABSOLUTE
    _printf_widthprec                        0x00000000   Number         0  stubs.o ABSOLUTE
    _printf_x                                0x00000000   Number         0  stubs.o ABSOLUTE
    __cpp_initialize__aeabi_                  - Undefined Weak Reference
    __cxa_finalize                            - Undefined Weak Reference
    _clock_init                               - Undefined Weak Reference
    _microlib_exit                            - Undefined Weak Reference
    __Vectors_Size                           0x00000188   Number         0  startup_stm32f4xx.o ABSOLUTE
    __Vectors                                0x08000000   Data           4  startup_stm32f4xx.o(RESET)
    __Vectors_End                            0x08000188   Data           0  startup_stm32f4xx.o(RESET)
    __main                                   0x08000189   Thumb Code     0  entry.o(.ARM.Collect$$$$00000000)
    _main_stk                                0x08000189   Thumb Code     0  entry2.o(.ARM.Collect$$$$00000001)
    _main_scatterload                        0x0800018d   Thumb Code     0  entry5.o(.ARM.Collect$$$$00000004)
    __main_after_scatterload                 0x08000191   Thumb Code     0  entry5.o(.ARM.Collect$$$$00000004)
    _main_clock                              0x08000191   Thumb Code     0  entry7b.o(.ARM.Collect$$$$00000008)
    _main_cpp_init                           0x08000191   Thumb Code     0  entry8b.o(.ARM.Collect$$$$0000000A)
    _main_init                               0x08000191   Thumb Code     0  entry9a.o(.ARM.Collect$$$$0000000B)
    __rt_final_cpp                           0x08000199   Thumb Code     0  entry10a.o(.ARM.Collect$$$$0000000D)
    __rt_final_exit                          0x08000199   Thumb Code     0  entry11a.o(.ARM.Collect$$$$0000000F)
    vPortSVCHandler                          0x0800019d   Thumb Code    28  port.o(.emb_text)
    __asm___6_port_c_39a90d8d__prvStartFirstTask 0x080001bd   Thumb Code    36  port.o(.emb_text)
    __asm___6_port_c_39a90d8d__prvEnableVFP  0x080001e5   Thumb Code    16  port.o(.emb_text)
    xPortPendSVHandler                       0x080001f9   Thumb Code    88  port.o(.emb_text)
    vPortGetIPSR                             0x08000255   Thumb Code     6  port.o(.emb_text)
    ControlTask                              0x0800025d   Thumb Code   230  main.o(.text)
    RTC_set_time                             0x08000343   Thumb Code    80  main.o(.text)
    RTCUserInit                              0x08000393   Thumb Code   124  main.o(.text)
    main                                     0x0800040f   Thumb Code   150  main.o(.text)
    Bt_debounce                              0x080004a5   Thumb Code    48  main.o(.text)
    vApplicationMallocFailedHook             0x080004d5   Thumb Code    28  main.o(.text)
    vApplicationStackOverflowHook            0x080004f1   Thumb Code    22  main.o(.text)
    SystemInit                               0x08000637   Thumb Code    74  system_stm32f4xx.o(.text)
    SystemCoreClockUpdate                    0x08000681   Thumb Code   108  system_stm32f4xx.o(.text)
    NMI_Handler                              0x08000715   Thumb Code     2  stm32f4xx_it.o(.text)
    HardFault_Handler                        0x08000717   Thumb Code     2  stm32f4xx_it.o(.text)
    MemManage_Handler                        0x08000719   Thumb Code     2  stm32f4xx_it.o(.text)
    BusFault_Handler                         0x0800071b   Thumb Code     2  stm32f4xx_it.o(.text)
    UsageFault_Handler                       0x0800071d   Thumb Code     2  stm32f4xx_it.o(.text)
    SVC_Handler                              0x0800071f   Thumb Code     2  stm32f4xx_it.o(.text)
    DebugMon_Handler                         0x08000721   Thumb Code     2  stm32f4xx_it.o(.text)
    PendSV_Handler                           0x08000723   Thumb Code     2  stm32f4xx_it.o(.text)
    SysTick_Handler                          0x08000725   Thumb Code     4  stm32f4xx_it.o(.text)
    ETH_IRQHandler                           0x08000729   Thumb Code     2  stm32f4xx_it.o(.text)
    TIM3_IRQHandler                          0x0800072b   Thumb Code    24  stm32f4xx_it.o(.text)
    vStartRS485busSlaveTasks                 0x080007a5   Thumb Code    20  rs485bus_task.o(.text)
    xMBPortEventInit                         0x080007d1   Thumb Code    24  portevent.o(.text)
    xMBPortEventPost                         0x080007e9   Thumb Code    28  portevent.o(.text)
    xMBPortEventGet                          0x08000805   Thumb Code    66  portevent.o(.text)
    RS485_RDE_DIR                            0x0800084d   Thumb Code    96  portserial.o(.text)
    UartPortGet                              0x080008ad   Thumb Code    30  portserial.o(.text)
    vMBPortSerialEnable                      0x080008cb   Thumb Code    84  portserial.o(.text)
    IRQPortGet                               0x08000939   Thumb Code    30  portserial.o(.text)
    RS485_RDE_GPIO_Configuration             0x08000957   Thumb Code   132  portserial.o(.text)
    xMBPortSerialInit                        0x080009db   Thumb Code   230  portserial.o(.text)
    xMBPortSerialPutByte                     0x08000ac1   Thumb Code    54  portserial.o(.text)
    xMBPortSerialGetByte                     0x08000af7   Thumb Code    20  portserial.o(.text)
    vPortSerialClose                         0x08000b0b   Thumb Code    48  portserial.o(.text)
    USART2_IRQHandler                        0x08000b3b   Thumb Code     2  portserial.o(.text)
    USART3_IRQHandler                        0x08000b3d   Thumb Code    28  portserial.o(.text)
    UART4_IRQHandler                         0x08000b59   Thumb Code    10  portserial.o(.text)
    USART6_IRQHandler                        0x08000b63   Thumb Code    10  portserial.o(.text)
    xMBPortTimersInit                        0x08000ba1   Thumb Code   164  porttimer.o(.text)
    vMBPortTimersEnable                      0x08000c45   Thumb Code    34  porttimer.o(.text)
    vMBPortTimersDisable                     0x08000c67   Thumb Code    30  porttimer.o(.text)
    TIM2_IRQHandler                          0x08000c85   Thumb Code    74  porttimer.o(.text)
    eMBRegHoldingCB                          0x08000cd9   Thumb Code   104  user_rs485_app.o(.text)
    eMBInit                                  0x08000d49   Thumb Code    88  mb.o(.text)
    eMBRegisterCB                            0x08000da1   Thumb Code   108  mb.o(.text)
    eMBClose                                 0x08000e0d   Thumb Code    28  mb.o(.text)
    eMBEnable                                0x08000e29   Thumb Code    28  mb.o(.text)
    eMBDisable                               0x08000e45   Thumb Code    28  mb.o(.text)
    eMBPoll                                  0x08000e61   Thumb Code   174  mb.o(.text)
    eMBRTUInit                               0x08000f31   Thumb Code    64  mbrtu.o(.text)
    eMBRTUStart                              0x08000f71   Thumb Code    32  mbrtu.o(.text)
    eMBRTUStop                               0x08000f91   Thumb Code    26  mbrtu.o(.text)
    eMBRTUReceive                            0x08000fab   Thumb Code    78  mbrtu.o(.text)
    eMBRTUSend                               0x08000ff9   Thumb Code   104  mbrtu.o(.text)
    xMBRTUReceiveFSM                         0x08001061   Thumb Code    96  mbrtu.o(.text)
    xMBRTUTransmitFSM                        0x080010c1   Thumb Code    86  mbrtu.o(.text)
    xMBRTUTimerT35Expired                    0x08001117   Thumb Code    58  mbrtu.o(.text)
    usMBCRC16                                0x0800115d   Thumb Code    38  mbcrc.o(.text)
    xMBUtilSetBits                           0x08001189   Thumb Code    50  mbutils.o(.text)
    xMBUtilGetBits                           0x080011bb   Thumb Code    34  mbutils.o(.text)
    prveMBError2Exception                    0x080011dd   Thumb Code    24  mbutils.o(.text)
    eMBFuncReadHoldingRegister               0x080011f5   Thumb Code    94  mbfuncholding.o(.text)
    UART_RCC_Configuration                   0x08001255   Thumb Code   122  stm32f4xx_uartstdio.o(.text)
    UART_GPIO_Configuration                  0x080012cf   Thumb Code   216  stm32f4xx_uartstdio.o(.text)
    UARTstdio_Configuration                  0x080013a7   Thumb Code    64  stm32f4xx_uartstdio.o(.text)
    UARTgetc                                 0x080013e7   Thumb Code    26  stm32f4xx_uartstdio.o(.text)
    UARTwrite                                0x08001401   Thumb Code    58  stm32f4xx_uartstdio.o(.text)
    UARTgets                                 0x0800143b   Thumb Code   116  stm32f4xx_uartstdio.o(.text)
    UARTputc                                 0x080014af   Thumb Code    28  stm32f4xx_uartstdio.o(.text)
    fputc                                    0x080014cb   Thumb Code    28  stm32f4xx_uartstdio.o(.text)
    ferror                                   0x080014e7   Thumb Code     4  stm32f4xx_uartstdio.o(.text)
    UARTprintf                               0x080014eb   Thumb Code   718  stm32f4xx_uartstdio.o(.text)
    STM_EVAL_LEDOff                          0x080017c9   Thumb Code    16  stm32f4_discovery.o(.text)
    STM_EVAL_LEDInit                         0x080017d9   Thumb Code    68  stm32f4_discovery.o(.text)
    STM_EVAL_LEDOn                           0x0800181d   Thumb Code    16  stm32f4_discovery.o(.text)
    STM_EVAL_LEDToggle                       0x0800182d   Thumb Code    20  stm32f4_discovery.o(.text)
    STM_EVAL_BuzzerInit                      0x08001841   Thumb Code    36  stm32f4_discovery.o(.text)
    STM_Output_LOW                           0x08001865   Thumb Code     8  stm32f4_discovery.o(.text)
    STM_EVAL_OutCTLInit                      0x0800186d   Thumb Code    40  stm32f4_discovery.o(.text)
    STM_Output_HIGH                          0x08001895   Thumb Code     8  stm32f4_discovery.o(.text)
    STM_Buzzer_OFF                           0x0800189d   Thumb Code     8  stm32f4_discovery.o(.text)
    STM_Buzzer_ON                            0x080018a5   Thumb Code     6  stm32f4_discovery.o(.text)
    STM_EVAL_PBInit                          0x080018ab   Thumb Code   148  stm32f4_discovery.o(.text)
    STM_EVAL_PBGetState                      0x0800193f   Thumb Code    20  stm32f4_discovery.o(.text)
    STM_EVAL_COMInit                         0x08001953   Thumb Code   192  stm32f4_discovery.o(.text)
    SD_LowLevel_DeInit                       0x08001a13   Thumb Code   142  stm32f4_discovery.o(.text)
    SD_LowLevel_Init                         0x08001aa1   Thumb Code   178  stm32f4_discovery.o(.text)
    SD_LowLevel_DMA_TxConfig                 0x08001b53   Thumb Code   190  stm32f4_discovery.o(.text)
    SD_LowLevel_DMA_RxConfig                 0x08001c11   Thumb Code   124  stm32f4_discovery.o(.text)
    USART_DeInit                             0x08001c95   Thumb Code   114  stm32f4xx_usart.o(.text)
    USART_Init                               0x08001d07   Thumb Code   164  stm32f4xx_usart.o(.text)
    USART_StructInit                         0x08001dab   Thumb Code    22  stm32f4xx_usart.o(.text)
    USART_ClockInit                          0x08001dc1   Thumb Code    28  stm32f4xx_usart.o(.text)
    USART_ClockStructInit                    0x08001ddd   Thumb Code    12  stm32f4xx_usart.o(.text)
    USART_Cmd                                0x08001de9   Thumb Code    20  stm32f4xx_usart.o(.text)
    USART_SetPrescaler                       0x08001dfd   Thumb Code    16  stm32f4xx_usart.o(.text)
    USART_OverSampling8Cmd                   0x08001e0d   Thumb Code    20  stm32f4xx_usart.o(.text)
    USART_OneBitMethodCmd                    0x08001e21   Thumb Code    20  stm32f4xx_usart.o(.text)
    USART_SendData                           0x08001e35   Thumb Code     8  stm32f4xx_usart.o(.text)
    USART_ReceiveData                        0x08001e3d   Thumb Code     8  stm32f4xx_usart.o(.text)
    USART_SetAddress                         0x08001e45   Thumb Code    16  stm32f4xx_usart.o(.text)
    USART_ReceiverWakeUpCmd                  0x08001e55   Thumb Code    20  stm32f4xx_usart.o(.text)
    USART_WakeUpConfig                       0x08001e69   Thumb Code    16  stm32f4xx_usart.o(.text)
    USART_LINBreakDetectLengthConfig         0x08001e79   Thumb Code    16  stm32f4xx_usart.o(.text)
    USART_LINCmd                             0x08001e89   Thumb Code    20  stm32f4xx_usart.o(.text)
    USART_SendBreak                          0x08001e9d   Thumb Code    10  stm32f4xx_usart.o(.text)
    USART_HalfDuplexCmd                      0x08001ea7   Thumb Code    20  stm32f4xx_usart.o(.text)
    USART_SetGuardTime                       0x08001ebb   Thumb Code    16  stm32f4xx_usart.o(.text)
    USART_SmartCardCmd                       0x08001ecb   Thumb Code    20  stm32f4xx_usart.o(.text)
    USART_SmartCardNACKCmd                   0x08001edf   Thumb Code    20  stm32f4xx_usart.o(.text)
    USART_IrDAConfig                         0x08001ef3   Thumb Code    16  stm32f4xx_usart.o(.text)
    USART_IrDACmd                            0x08001f03   Thumb Code    20  stm32f4xx_usart.o(.text)
    USART_DMACmd                             0x08001f17   Thumb Code    16  stm32f4xx_usart.o(.text)
    USART_ITConfig                           0x08001f27   Thumb Code    48  stm32f4xx_usart.o(.text)
    USART_GetFlagStatus                      0x08001f57   Thumb Code    14  stm32f4xx_usart.o(.text)
    USART_ClearFlag                          0x08001f65   Thumb Code     6  stm32f4xx_usart.o(.text)
    USART_GetITStatus                        0x08001f6b   Thumb Code    62  stm32f4xx_usart.o(.text)
    USART_ClearITPendingBit                  0x08001fa9   Thumb Code    12  stm32f4xx_usart.o(.text)
    NVIC_PriorityGroupConfig                 0x08001fcd   Thumb Code    10  misc.o(.text)
    NVIC_Init                                0x08001fd7   Thumb Code    96  misc.o(.text)
    NVIC_SetVectorTable                      0x08002037   Thumb Code    14  misc.o(.text)
    NVIC_SystemLPConfig                      0x08002045   Thumb Code    20  misc.o(.text)
    SysTick_CLKSourceConfig                  0x08002059   Thumb Code    24  misc.o(.text)
    DMA_DeInit                               0x0800207d   Thumb Code   272  stm32f4xx_dma.o(.text)
    DMA_Init                                 0x0800218d   Thumb Code    80  stm32f4xx_dma.o(.text)
    DMA_StructInit                           0x080021dd   Thumb Code    34  stm32f4xx_dma.o(.text)
    DMA_Cmd                                  0x080021ff   Thumb Code    20  stm32f4xx_dma.o(.text)
    DMA_PeriphIncOffsetSizeConfig            0x08002213   Thumb Code    20  stm32f4xx_dma.o(.text)
    DMA_FlowControllerConfig                 0x08002227   Thumb Code    20  stm32f4xx_dma.o(.text)
    DMA_SetCurrDataCounter                   0x0800223b   Thumb Code     4  stm32f4xx_dma.o(.text)
    DMA_GetCurrDataCounter                   0x0800223f   Thumb Code     6  stm32f4xx_dma.o(.text)
    DMA_DoubleBufferModeConfig               0x08002245   Thumb Code    22  stm32f4xx_dma.o(.text)
    DMA_DoubleBufferModeCmd                  0x0800225b   Thumb Code    20  stm32f4xx_dma.o(.text)
    DMA_MemoryTargetConfig                   0x0800226f   Thumb Code    10  stm32f4xx_dma.o(.text)
    DMA_GetCurrentMemoryTarget               0x08002279   Thumb Code    14  stm32f4xx_dma.o(.text)
    DMA_GetCmdStatus                         0x08002287   Thumb Code    14  stm32f4xx_dma.o(.text)
    DMA_GetFIFOStatus                        0x08002295   Thumb Code     8  stm32f4xx_dma.o(.text)
    DMA_GetFlagStatus                        0x0800229d   Thumb Code    42  stm32f4xx_dma.o(.text)
    DMA_ClearFlag                            0x080022c7   Thumb Code    34  stm32f4xx_dma.o(.text)
    DMA_ITConfig                             0x080022e9   Thumb Code    44  stm32f4xx_dma.o(.text)
    DMA_GetITStatus                          0x08002315   Thumb Code    70  stm32f4xx_dma.o(.text)
    DMA_ClearITPendingBit                    0x0800235b   Thumb Code    34  stm32f4xx_dma.o(.text)
    EXTI_DeInit                              0x0800239d   Thumb Code    28  stm32f4xx_exti.o(.text)
    EXTI_Init                                0x080023b9   Thumb Code   108  stm32f4xx_exti.o(.text)
    EXTI_StructInit                          0x08002425   Thumb Code    14  stm32f4xx_exti.o(.text)
    EXTI_GenerateSWInterrupt                 0x08002433   Thumb Code    12  stm32f4xx_exti.o(.text)
    EXTI_GetFlagStatus                       0x0800243f   Thumb Code    18  stm32f4xx_exti.o(.text)
    EXTI_ClearFlag                           0x08002451   Thumb Code     8  stm32f4xx_exti.o(.text)
    EXTI_GetITStatus                         0x08002459   Thumb Code    28  stm32f4xx_exti.o(.text)
    EXTI_ClearITPendingBit                   0x08002475   Thumb Code     8  stm32f4xx_exti.o(.text)
    GPIO_DeInit                              0x08002485   Thumb Code   192  stm32f4xx_gpio.o(.text)
    GPIO_Init                                0x08002545   Thumb Code   120  stm32f4xx_gpio.o(.text)
    GPIO_StructInit                          0x080025bd   Thumb Code    18  stm32f4xx_gpio.o(.text)
    GPIO_PinLockConfig                       0x080025cf   Thumb Code    24  stm32f4xx_gpio.o(.text)
    GPIO_ReadInputDataBit                    0x080025e7   Thumb Code    14  stm32f4xx_gpio.o(.text)
    GPIO_ReadInputData                       0x080025f5   Thumb Code     6  stm32f4xx_gpio.o(.text)
    GPIO_ReadOutputDataBit                   0x080025fb   Thumb Code    14  stm32f4xx_gpio.o(.text)
    GPIO_ReadOutputData                      0x08002609   Thumb Code     6  stm32f4xx_gpio.o(.text)
    GPIO_SetBits                             0x0800260f   Thumb Code     4  stm32f4xx_gpio.o(.text)
    GPIO_ResetBits                           0x08002613   Thumb Code     4  stm32f4xx_gpio.o(.text)
    GPIO_WriteBit                            0x08002617   Thumb Code    10  stm32f4xx_gpio.o(.text)
    GPIO_Write                               0x08002621   Thumb Code     4  stm32f4xx_gpio.o(.text)
    GPIO_ToggleBits                          0x08002625   Thumb Code     8  stm32f4xx_gpio.o(.text)
    GPIO_PinAFConfig                         0x0800262d   Thumb Code    32  stm32f4xx_gpio.o(.text)
    RCC_DeInit                               0x08002671   Thumb Code    48  stm32f4xx_rcc.o(.text)
    RCC_HSEConfig                            0x080026a1   Thumb Code    12  stm32f4xx_rcc.o(.text)
    RCC_GetFlagStatus                        0x080026ad   Thumb Code    46  stm32f4xx_rcc.o(.text)
    RCC_WaitForHSEStartUp                    0x080026db   Thumb Code    44  stm32f4xx_rcc.o(.text)
    RCC_AdjustHSICalibrationValue            0x08002707   Thumb Code    16  stm32f4xx_rcc.o(.text)
    RCC_HSICmd                               0x08002717   Thumb Code     6  stm32f4xx_rcc.o(.text)
    RCC_LSEConfig                            0x0800271d   Thumb Code    24  stm32f4xx_rcc.o(.text)
    RCC_LSICmd                               0x08002735   Thumb Code     6  stm32f4xx_rcc.o(.text)
    RCC_PLLConfig                            0x0800273b   Thumb Code    32  stm32f4xx_rcc.o(.text)
    RCC_PLLCmd                               0x0800275b   Thumb Code     6  stm32f4xx_rcc.o(.text)
    RCC_PLLI2SConfig                         0x08002761   Thumb Code    14  stm32f4xx_rcc.o(.text)
    RCC_PLLI2SCmd                            0x0800276f   Thumb Code     6  stm32f4xx_rcc.o(.text)
    RCC_ClockSecuritySystemCmd               0x08002775   Thumb Code     6  stm32f4xx_rcc.o(.text)
    RCC_MCO1Config                           0x0800277b   Thumb Code    18  stm32f4xx_rcc.o(.text)
    RCC_MCO2Config                           0x0800278d   Thumb Code    18  stm32f4xx_rcc.o(.text)
    RCC_SYSCLKConfig                         0x0800279f   Thumb Code    16  stm32f4xx_rcc.o(.text)
    RCC_GetSYSCLKSource                      0x080027af   Thumb Code    12  stm32f4xx_rcc.o(.text)
    RCC_HCLKConfig                           0x080027bb   Thumb Code    16  stm32f4xx_rcc.o(.text)
    RCC_PCLK1Config                          0x080027cb   Thumb Code    16  stm32f4xx_rcc.o(.text)
    RCC_PCLK2Config                          0x080027db   Thumb Code    18  stm32f4xx_rcc.o(.text)
    RCC_GetClocksFreq                        0x080027ed   Thumb Code   140  stm32f4xx_rcc.o(.text)
    RCC_RTCCLKConfig                         0x08002879   Thumb Code    42  stm32f4xx_rcc.o(.text)
    RCC_RTCCLKCmd                            0x080028a3   Thumb Code     8  stm32f4xx_rcc.o(.text)
    RCC_BackupResetCmd                       0x080028ab   Thumb Code     8  stm32f4xx_rcc.o(.text)
    RCC_I2SCLKConfig                         0x080028b3   Thumb Code     8  stm32f4xx_rcc.o(.text)
    RCC_AHB1PeriphClockCmd                   0x080028bb   Thumb Code    20  stm32f4xx_rcc.o(.text)
    RCC_AHB2PeriphClockCmd                   0x080028cf   Thumb Code    20  stm32f4xx_rcc.o(.text)
    RCC_AHB3PeriphClockCmd                   0x080028e3   Thumb Code    20  stm32f4xx_rcc.o(.text)
    RCC_APB1PeriphClockCmd                   0x080028f7   Thumb Code    20  stm32f4xx_rcc.o(.text)
    RCC_APB2PeriphClockCmd                   0x0800290b   Thumb Code    20  stm32f4xx_rcc.o(.text)
    RCC_AHB1PeriphResetCmd                   0x0800291f   Thumb Code    20  stm32f4xx_rcc.o(.text)
    RCC_AHB2PeriphResetCmd                   0x08002933   Thumb Code    20  stm32f4xx_rcc.o(.text)
    RCC_AHB3PeriphResetCmd                   0x08002947   Thumb Code    20  stm32f4xx_rcc.o(.text)
    RCC_APB1PeriphResetCmd                   0x0800295b   Thumb Code    20  stm32f4xx_rcc.o(.text)
    RCC_APB2PeriphResetCmd                   0x0800296f   Thumb Code    20  stm32f4xx_rcc.o(.text)
    RCC_AHB1PeriphClockLPModeCmd             0x08002983   Thumb Code    20  stm32f4xx_rcc.o(.text)
    RCC_AHB2PeriphClockLPModeCmd             0x08002997   Thumb Code    20  stm32f4xx_rcc.o(.text)
    RCC_AHB3PeriphClockLPModeCmd             0x080029ab   Thumb Code    20  stm32f4xx_rcc.o(.text)
    RCC_APB1PeriphClockLPModeCmd             0x080029bf   Thumb Code    20  stm32f4xx_rcc.o(.text)
    RCC_APB2PeriphClockLPModeCmd             0x080029d3   Thumb Code    20  stm32f4xx_rcc.o(.text)
    RCC_ITConfig                             0x080029e7   Thumb Code    20  stm32f4xx_rcc.o(.text)
    RCC_ClearFlag                            0x080029fb   Thumb Code    14  stm32f4xx_rcc.o(.text)
    RCC_GetITStatus                          0x08002a09   Thumb Code    18  stm32f4xx_rcc.o(.text)
    RCC_ClearITPendingBit                    0x08002a1b   Thumb Code     8  stm32f4xx_rcc.o(.text)
    SYSCFG_DeInit                            0x08002a4d   Thumb Code    24  stm32f4xx_syscfg.o(.text)
    SYSCFG_MemoryRemapConfig                 0x08002a65   Thumb Code     6  stm32f4xx_syscfg.o(.text)
    SYSCFG_EXTILineConfig                    0x08002a6b   Thumb Code    42  stm32f4xx_syscfg.o(.text)
    SYSCFG_ETH_MediaInterfaceConfig          0x08002a95   Thumb Code     8  stm32f4xx_syscfg.o(.text)
    SYSCFG_CompensationCellCmd               0x08002a9d   Thumb Code     6  stm32f4xx_syscfg.o(.text)
    SYSCFG_GetCompensationCellStatus         0x08002aa3   Thumb Code    16  stm32f4xx_syscfg.o(.text)
    SDIO_DeInit                              0x08002ac5   Thumb Code    24  stm32f4xx_sdio.o(.text)
    SDIO_Init                                0x08002add   Thumb Code    40  stm32f4xx_sdio.o(.text)
    SDIO_StructInit                          0x08002b05   Thumb Code    16  stm32f4xx_sdio.o(.text)
    SDIO_ClockCmd                            0x08002b15   Thumb Code     8  stm32f4xx_sdio.o(.text)
    SDIO_SetPowerState                       0x08002b1d   Thumb Code     8  stm32f4xx_sdio.o(.text)
    SDIO_GetPowerState                       0x08002b25   Thumb Code    12  stm32f4xx_sdio.o(.text)
    SDIO_SendCommand                         0x08002b31   Thumb Code    38  stm32f4xx_sdio.o(.text)
    SDIO_CmdStructInit                       0x08002b57   Thumb Code    14  stm32f4xx_sdio.o(.text)
    SDIO_GetCommandResponse                  0x08002b65   Thumb Code    10  stm32f4xx_sdio.o(.text)
    SDIO_GetResponse                         0x08002b6f   Thumb Code    14  stm32f4xx_sdio.o(.text)
    SDIO_DataConfig                          0x08002b7d   Thumb Code    44  stm32f4xx_sdio.o(.text)
    SDIO_DataStructInit                      0x08002ba9   Thumb Code    20  stm32f4xx_sdio.o(.text)
    SDIO_GetDataCounter                      0x08002bbd   Thumb Code     8  stm32f4xx_sdio.o(.text)
    SDIO_ReadData                            0x08002bc5   Thumb Code     8  stm32f4xx_sdio.o(.text)
    SDIO_WriteData                           0x08002bcd   Thumb Code     8  stm32f4xx_sdio.o(.text)
    SDIO_GetFIFOCount                        0x08002bd5   Thumb Code     8  stm32f4xx_sdio.o(.text)
    SDIO_StartSDIOReadWait                   0x08002bdd   Thumb Code     6  stm32f4xx_sdio.o(.text)
    SDIO_StopSDIOReadWait                    0x08002be3   Thumb Code     8  stm32f4xx_sdio.o(.text)
    SDIO_SetSDIOReadWaitMode                 0x08002beb   Thumb Code     8  stm32f4xx_sdio.o(.text)
    SDIO_SetSDIOOperation                    0x08002bf3   Thumb Code     8  stm32f4xx_sdio.o(.text)
    SDIO_SendSDIOSuspendCmd                  0x08002bfb   Thumb Code     8  stm32f4xx_sdio.o(.text)
    SDIO_CommandCompletionCmd                0x08002c03   Thumb Code     8  stm32f4xx_sdio.o(.text)
    SDIO_CEATAITCmd                          0x08002c0b   Thumb Code    12  stm32f4xx_sdio.o(.text)
    SDIO_SendCEATACmd                        0x08002c17   Thumb Code     8  stm32f4xx_sdio.o(.text)
    SDIO_DMACmd                              0x08002c1f   Thumb Code     8  stm32f4xx_sdio.o(.text)
    SDIO_ITConfig                            0x08002c27   Thumb Code    20  stm32f4xx_sdio.o(.text)
    SDIO_GetFlagStatus                       0x08002c3b   Thumb Code    18  stm32f4xx_sdio.o(.text)
    SDIO_ClearFlag                           0x08002c4d   Thumb Code     8  stm32f4xx_sdio.o(.text)
    SDIO_GetITStatus                         0x08002c55   Thumb Code    18  stm32f4xx_sdio.o(.text)
    SDIO_ClearITPendingBit                   0x08002c67   Thumb Code     8  stm32f4xx_sdio.o(.text)
    TIM_DeInit                               0x08002c7d   Thumb Code   284  stm32f4xx_tim.o(.text)
    TIM_TimeBaseInit                         0x08002d99   Thumb Code    96  stm32f4xx_tim.o(.text)
    TIM_TimeBaseStructInit                   0x08002df9   Thumb Code    18  stm32f4xx_tim.o(.text)
    TIM_PrescalerConfig                      0x08002e0b   Thumb Code     6  stm32f4xx_tim.o(.text)
    TIM_CounterModeConfig                    0x08002e11   Thumb Code    12  stm32f4xx_tim.o(.text)
    TIM_SetCounter                           0x08002e1d   Thumb Code     4  stm32f4xx_tim.o(.text)
    TIM_SetAutoreload                        0x08002e21   Thumb Code     4  stm32f4xx_tim.o(.text)
    TIM_GetCounter                           0x08002e25   Thumb Code     4  stm32f4xx_tim.o(.text)
    TIM_GetPrescaler                         0x08002e29   Thumb Code     4  stm32f4xx_tim.o(.text)
    TIM_UpdateDisableConfig                  0x08002e2d   Thumb Code    20  stm32f4xx_tim.o(.text)
    TIM_UpdateRequestConfig                  0x08002e41   Thumb Code    20  stm32f4xx_tim.o(.text)
    TIM_ARRPreloadConfig                     0x08002e55   Thumb Code    20  stm32f4xx_tim.o(.text)
    TIM_SelectOnePulseMode                   0x08002e69   Thumb Code    16  stm32f4xx_tim.o(.text)
    TIM_SetClockDivision                     0x08002e79   Thumb Code    16  stm32f4xx_tim.o(.text)
    TIM_Cmd                                  0x08002e89   Thumb Code    20  stm32f4xx_tim.o(.text)
    TIM_OC1Init                              0x08002e9d   Thumb Code    88  stm32f4xx_tim.o(.text)
    TIM_OC2Init                              0x08002ef5   Thumb Code   120  stm32f4xx_tim.o(.text)
    TIM_OC3Init                              0x08002f6d   Thumb Code   116  stm32f4xx_tim.o(.text)
    TIM_OC4Init                              0x08002fe1   Thumb Code    88  stm32f4xx_tim.o(.text)
    TIM_OCStructInit                         0x08003039   Thumb Code    20  stm32f4xx_tim.o(.text)
    TIM_SelectOCxM                           0x0800304d   Thumb Code   130  stm32f4xx_tim.o(.text)
    TIM_SetCompare1                          0x080030cf   Thumb Code     4  stm32f4xx_tim.o(.text)
    TIM_SetCompare2                          0x080030d3   Thumb Code     4  stm32f4xx_tim.o(.text)
    TIM_SetCompare3                          0x080030d7   Thumb Code     4  stm32f4xx_tim.o(.text)
    TIM_SetCompare4                          0x080030db   Thumb Code     4  stm32f4xx_tim.o(.text)
    TIM_ForcedOC1Config                      0x080030df   Thumb Code    12  stm32f4xx_tim.o(.text)
    TIM_ForcedOC2Config                      0x080030eb   Thumb Code    20  stm32f4xx_tim.o(.text)
    TIM_ForcedOC3Config                      0x080030ff   Thumb Code    12  stm32f4xx_tim.o(.text)
    TIM_ForcedOC4Config                      0x0800310b   Thumb Code    20  stm32f4xx_tim.o(.text)
    TIM_OC1PreloadConfig                     0x0800311f   Thumb Code    12  stm32f4xx_tim.o(.text)
    TIM_OC2PreloadConfig                     0x0800312b   Thumb Code    20  stm32f4xx_tim.o(.text)
    TIM_OC3PreloadConfig                     0x0800313f   Thumb Code    12  stm32f4xx_tim.o(.text)
    TIM_OC4PreloadConfig                     0x0800314b   Thumb Code    20  stm32f4xx_tim.o(.text)
    TIM_OC1FastConfig                        0x0800315f   Thumb Code    12  stm32f4xx_tim.o(.text)
    TIM_OC2FastConfig                        0x0800316b   Thumb Code    20  stm32f4xx_tim.o(.text)
    TIM_OC3FastConfig                        0x0800317f   Thumb Code    12  stm32f4xx_tim.o(.text)
    TIM_OC4FastConfig                        0x0800318b   Thumb Code    20  stm32f4xx_tim.o(.text)
    TIM_ClearOC1Ref                          0x0800319f   Thumb Code    12  stm32f4xx_tim.o(.text)
    TIM_ClearOC2Ref                          0x080031ab   Thumb Code    20  stm32f4xx_tim.o(.text)
    TIM_ClearOC3Ref                          0x080031bf   Thumb Code    12  stm32f4xx_tim.o(.text)
    TIM_ClearOC4Ref                          0x080031cb   Thumb Code    20  stm32f4xx_tim.o(.text)
    TIM_OC1PolarityConfig                    0x080031df   Thumb Code    12  stm32f4xx_tim.o(.text)
    TIM_OC1NPolarityConfig                   0x080031eb   Thumb Code    12  stm32f4xx_tim.o(.text)
    TIM_OC2PolarityConfig                    0x080031f7   Thumb Code    20  stm32f4xx_tim.o(.text)
    TIM_OC2NPolarityConfig                   0x0800320b   Thumb Code    20  stm32f4xx_tim.o(.text)
    TIM_OC3PolarityConfig                    0x0800321f   Thumb Code    20  stm32f4xx_tim.o(.text)
    TIM_OC3NPolarityConfig                   0x08003233   Thumb Code    20  stm32f4xx_tim.o(.text)
    TIM_OC4PolarityConfig                    0x08003247   Thumb Code    20  stm32f4xx_tim.o(.text)
    TIM_CCxCmd                               0x0800325b   Thumb Code    22  stm32f4xx_tim.o(.text)
    TIM_CCxNCmd                              0x08003271   Thumb Code    22  stm32f4xx_tim.o(.text)
    TIM_SetIC4Prescaler                      0x08003287   Thumb Code    24  stm32f4xx_tim.o(.text)
    TIM_SetIC3Prescaler                      0x0800329f   Thumb Code    16  stm32f4xx_tim.o(.text)
    TIM_SetIC2Prescaler                      0x080032af   Thumb Code    24  stm32f4xx_tim.o(.text)
    TIM_SetIC1Prescaler                      0x080032fd   Thumb Code    16  stm32f4xx_tim.o(.text)
    TIM_ICInit                               0x0800330d   Thumb Code   164  stm32f4xx_tim.o(.text)
    TIM_ICStructInit                         0x080033b1   Thumb Code    16  stm32f4xx_tim.o(.text)
    TIM_PWMIConfig                           0x080033c1   Thumb Code   104  stm32f4xx_tim.o(.text)
    TIM_GetCapture1                          0x08003429   Thumb Code     4  stm32f4xx_tim.o(.text)
    TIM_GetCapture2                          0x0800342d   Thumb Code     4  stm32f4xx_tim.o(.text)
    TIM_GetCapture3                          0x08003431   Thumb Code     4  stm32f4xx_tim.o(.text)
    TIM_GetCapture4                          0x08003435   Thumb Code     4  stm32f4xx_tim.o(.text)
    TIM_BDTRConfig                           0x08003439   Thumb Code    34  stm32f4xx_tim.o(.text)
    TIM_BDTRStructInit                       0x0800345b   Thumb Code    18  stm32f4xx_tim.o(.text)
    TIM_CtrlPWMOutputs                       0x0800346d   Thumb Code    22  stm32f4xx_tim.o(.text)
    TIM_SelectCOM                            0x08003483   Thumb Code    20  stm32f4xx_tim.o(.text)
    TIM_CCPreloadControl                     0x08003497   Thumb Code    20  stm32f4xx_tim.o(.text)
    TIM_ITConfig                             0x080034ab   Thumb Code    16  stm32f4xx_tim.o(.text)
    TIM_GenerateEvent                        0x080034bb   Thumb Code     4  stm32f4xx_tim.o(.text)
    TIM_GetFlagStatus                        0x080034bf   Thumb Code    14  stm32f4xx_tim.o(.text)
    TIM_ClearFlag                            0x080034cd   Thumb Code     6  stm32f4xx_tim.o(.text)
    TIM_GetITStatus                          0x080034d3   Thumb Code    24  stm32f4xx_tim.o(.text)
    TIM_ClearITPendingBit                    0x080034eb   Thumb Code     6  stm32f4xx_tim.o(.text)
    TIM_DMAConfig                            0x080034f1   Thumb Code     8  stm32f4xx_tim.o(.text)
    TIM_DMACmd                               0x080034f9   Thumb Code    16  stm32f4xx_tim.o(.text)
    TIM_SelectCCDMA                          0x08003509   Thumb Code    20  stm32f4xx_tim.o(.text)
    TIM_InternalClockConfig                  0x0800351d   Thumb Code    10  stm32f4xx_tim.o(.text)
    TIM_SelectInputTrigger                   0x08003527   Thumb Code    12  stm32f4xx_tim.o(.text)
    TIM_ITRxExternalClockConfig              0x08003533   Thumb Code    18  stm32f4xx_tim.o(.text)
    TIM_TIxExternalClockConfig               0x08003545   Thumb Code    46  stm32f4xx_tim.o(.text)
    TIM_ETRConfig                            0x08003573   Thumb Code    24  stm32f4xx_tim.o(.text)
    TIM_ETRClockMode1Config                  0x0800358b   Thumb Code    18  stm32f4xx_tim.o(.text)
    TIM_ETRClockMode2Config                  0x0800359d   Thumb Code    18  stm32f4xx_tim.o(.text)
    TIM_SelectOutputTrigger                  0x080035af   Thumb Code    16  stm32f4xx_tim.o(.text)
    TIM_SelectSlaveMode                      0x080035bf   Thumb Code    16  stm32f4xx_tim.o(.text)
    TIM_SelectMasterSlaveMode                0x080035cf   Thumb Code    16  stm32f4xx_tim.o(.text)
    TIM_EncoderInterfaceConfig               0x080035df   Thumb Code    50  stm32f4xx_tim.o(.text)
    TIM_SelectHallSensor                     0x08003611   Thumb Code    20  stm32f4xx_tim.o(.text)
    TIM_RemapConfig                          0x08003625   Thumb Code     6  stm32f4xx_tim.o(.text)
    RTC_WaitForSynchro                       0x08003659   Thumb Code    70  stm32f4xx_rtc.o(.text)
    RTC_EnterInitMode                        0x0800369f   Thumb Code    58  stm32f4xx_rtc.o(.text)
    RTC_DeInit                               0x080036d9   Thumb Code   168  stm32f4xx_rtc.o(.text)
    RTC_ExitInitMode                         0x08003781   Thumb Code    14  stm32f4xx_rtc.o(.text)
    RTC_Init                                 0x0800378f   Thumb Code    74  stm32f4xx_rtc.o(.text)
    RTC_StructInit                           0x080037d9   Thumb Code    14  stm32f4xx_rtc.o(.text)
    RTC_WriteProtectionCmd                   0x080037e7   Thumb Code    18  stm32f4xx_rtc.o(.text)
    RTC_RefClockCmd                          0x080037f9   Thumb Code    56  stm32f4xx_rtc.o(.text)
    RTC_BypassShadowCmd                      0x08003831   Thumb Code    38  stm32f4xx_rtc.o(.text)
    RTC_SetTime                              0x08003857   Thumb Code   148  stm32f4xx_rtc.o(.text)
    RTC_TimeStructInit                       0x080038eb   Thumb Code    12  stm32f4xx_rtc.o(.text)
    RTC_GetTime                              0x080038f7   Thumb Code    70  stm32f4xx_rtc.o(.text)
    RTC_GetSubSecond                         0x0800393d   Thumb Code    14  stm32f4xx_rtc.o(.text)
    RTC_SetDate                              0x0800394b   Thumb Code   142  stm32f4xx_rtc.o(.text)
    RTC_DateStructInit                       0x080039d9   Thumb Code    14  stm32f4xx_rtc.o(.text)
    RTC_GetDate                              0x080039e7   Thumb Code    66  stm32f4xx_rtc.o(.text)
    RTC_SetAlarm                             0x08003a29   Thumb Code   184  stm32f4xx_rtc.o(.text)
    RTC_AlarmStructInit                      0x08003ae1   Thumb Code    20  stm32f4xx_rtc.o(.text)
    RTC_GetAlarm                             0x08003af5   Thumb Code   104  stm32f4xx_rtc.o(.text)
    RTC_AlarmCmd                             0x08003b5d   Thumb Code    78  stm32f4xx_rtc.o(.text)
    RTC_AlarmSubSecondConfig                 0x08003bab   Thumb Code    38  stm32f4xx_rtc.o(.text)
    RTC_GetAlarmSubSecond                    0x08003bd1   Thumb Code    24  stm32f4xx_rtc.o(.text)
    RTC_WakeUpClockConfig                    0x08003be9   Thumb Code    34  stm32f4xx_rtc.o(.text)
    RTC_SetWakeUpCounter                     0x08003c0b   Thumb Code    22  stm32f4xx_rtc.o(.text)
    RTC_GetWakeUpCounter                     0x08003c21   Thumb Code    10  stm32f4xx_rtc.o(.text)
    RTC_WakeUpCmd                            0x08003c2b   Thumb Code    84  stm32f4xx_rtc.o(.text)
    RTC_DayLightSavingConfig                 0x08003c7f   Thumb Code    38  stm32f4xx_rtc.o(.text)
    RTC_GetStoreOperation                    0x08003ca5   Thumb Code    12  stm32f4xx_rtc.o(.text)
    RTC_OutputConfig                         0x08003cb1   Thumb Code    38  stm32f4xx_rtc.o(.text)
    RTC_CoarseCalibConfig                    0x08003cd7   Thumb Code    46  stm32f4xx_rtc.o(.text)
    RTC_CoarseCalibCmd                       0x08003d05   Thumb Code    56  stm32f4xx_rtc.o(.text)
    RTC_CalibOutputCmd                       0x08003d3d   Thumb Code    38  stm32f4xx_rtc.o(.text)
    RTC_CalibOutputConfig                    0x08003d63   Thumb Code    34  stm32f4xx_rtc.o(.text)
    RTC_SmoothCalibConfig                    0x08003d85   Thumb Code    70  stm32f4xx_rtc.o(.text)
    RTC_TimeStampCmd                         0x08003dcb   Thumb Code    42  stm32f4xx_rtc.o(.text)
    RTC_GetTimeStamp                         0x08003df5   Thumb Code   130  stm32f4xx_rtc.o(.text)
    RTC_GetTimeStampSubSecond                0x08003e77   Thumb Code     8  stm32f4xx_rtc.o(.text)
    RTC_TamperTriggerConfig                  0x08003e7f   Thumb Code    24  stm32f4xx_rtc.o(.text)
    RTC_TamperCmd                            0x08003e97   Thumb Code    28  stm32f4xx_rtc.o(.text)
    RTC_TamperFilterConfig                   0x08003eb3   Thumb Code    18  stm32f4xx_rtc.o(.text)
    RTC_TamperSamplingFreqConfig             0x08003ec5   Thumb Code    18  stm32f4xx_rtc.o(.text)
    RTC_TamperPinsPrechargeDuration          0x08003ed7   Thumb Code    18  stm32f4xx_rtc.o(.text)
    RTC_TimeStampOnTamperDetectionCmd        0x08003ee9   Thumb Code    22  stm32f4xx_rtc.o(.text)
    RTC_TamperPullUpCmd                      0x08003eff   Thumb Code    22  stm32f4xx_rtc.o(.text)
    RTC_WriteBackupRegister                  0x08003f15   Thumb Code    16  stm32f4xx_rtc.o(.text)
    RTC_ReadBackupRegister                   0x08003f25   Thumb Code    16  stm32f4xx_rtc.o(.text)
    RTC_TamperPinSelection                   0x08003f35   Thumb Code    18  stm32f4xx_rtc.o(.text)
    RTC_TimeStampPinSelection                0x08003f47   Thumb Code    18  stm32f4xx_rtc.o(.text)
    RTC_OutputTypeConfig                     0x08003f59   Thumb Code    18  stm32f4xx_rtc.o(.text)
    RTC_SynchroShiftConfig                   0x08003f6b   Thumb Code    84  stm32f4xx_rtc.o(.text)
    RTC_ITConfig                             0x08003fbf   Thumb Code    60  stm32f4xx_rtc.o(.text)
    RTC_GetFlagStatus                        0x08003ffb   Thumb Code    22  stm32f4xx_rtc.o(.text)
    RTC_ClearFlag                            0x08004011   Thumb Code    24  stm32f4xx_rtc.o(.text)
    RTC_GetITStatus                          0x08004029   Thumb Code    46  stm32f4xx_rtc.o(.text)
    RTC_ClearITPendingBit                    0x08004057   Thumb Code    24  stm32f4xx_rtc.o(.text)
    PWR_DeInit                               0x080040a5   Thumb Code    24  stm32f4xx_pwr.o(.text)
    PWR_BackupAccessCmd                      0x080040bd   Thumb Code     6  stm32f4xx_pwr.o(.text)
    PWR_PVDLevelConfig                       0x080040c3   Thumb Code    14  stm32f4xx_pwr.o(.text)
    PWR_PVDCmd                               0x080040d1   Thumb Code     6  stm32f4xx_pwr.o(.text)
    PWR_WakeUpPinCmd                         0x080040d7   Thumb Code     8  stm32f4xx_pwr.o(.text)
    PWR_BackupRegulatorCmd                   0x080040df   Thumb Code     8  stm32f4xx_pwr.o(.text)
    PWR_MainRegulatorModeConfig              0x080040e7   Thumb Code    22  stm32f4xx_pwr.o(.text)
    PWR_FlashPowerDownCmd                    0x080040fd   Thumb Code     6  stm32f4xx_pwr.o(.text)
    PWR_EnterSTOPMode                        0x08004103   Thumb Code    42  stm32f4xx_pwr.o(.text)
    PWR_EnterSTANDBYMode                     0x0800412d   Thumb Code    32  stm32f4xx_pwr.o(.text)
    PWR_GetFlagStatus                        0x0800414d   Thumb Code    16  stm32f4xx_pwr.o(.text)
    PWR_ClearFlag                            0x0800415d   Thumb Code    12  stm32f4xx_pwr.o(.text)
    vListInitialise                          0x08004175   Thumb Code    22  list.o(.text)
    vListInitialiseItem                      0x0800418b   Thumb Code     6  list.o(.text)
    vListInsertEnd                           0x08004191   Thumb Code    24  list.o(.text)
    vListInsert                              0x080041a9   Thumb Code    48  list.o(.text)
    uxListRemove                             0x080041d9   Thumb Code    38  list.o(.text)
    xQueueGenericReset                       0x08004201   Thumb Code   132  queue.o(.text)
    xQueueGenericCreate                      0x08004285   Thumb Code    82  queue.o(.text)
    xQueueGenericSend                        0x080043ab   Thumb Code   324  queue.o(.text)
    xQueueCreateMutex                        0x080044ef   Thumb Code    36  queue.o(.text)
    xQueueGiveMutexRecursive                 0x08004513   Thumb Code    62  queue.o(.text)
    xQueueSemaphoreTake                      0x08004551   Thumb Code   354  queue.o(.text)
    xQueueTakeMutexRecursive                 0x080046b3   Thumb Code    64  queue.o(.text)
    xQueueCreateCountingSemaphore            0x080046f3   Thumb Code    58  queue.o(.text)
    xQueueGenericSendFromISR                 0x0800472d   Thumb Code   188  queue.o(.text)
    xQueueGiveFromISR                        0x080047e9   Thumb Code   156  queue.o(.text)
    xQueueReceive                            0x080048ab   Thumb Code   280  queue.o(.text)
    xQueuePeek                               0x080049c3   Thumb Code   278  queue.o(.text)
    xQueueReceiveFromISR                     0x08004ad9   Thumb Code   152  queue.o(.text)
    xQueuePeekFromISR                        0x08004b71   Thumb Code   116  queue.o(.text)
    uxQueueMessagesWaiting                   0x08004be5   Thumb Code    36  queue.o(.text)
    uxQueueSpacesAvailable                   0x08004c09   Thumb Code    40  queue.o(.text)
    uxQueueMessagesWaitingFromISR            0x08004c31   Thumb Code    22  queue.o(.text)
    vQueueUnregisterQueue                    0x08004c47   Thumb Code    36  queue.o(.text)
    vQueueDelete                             0x08004c6b   Thumb Code    36  queue.o(.text)
    uxQueueGetQueueNumber                    0x08004c8f   Thumb Code     4  queue.o(.text)
    vQueueSetQueueNumber                     0x08004c93   Thumb Code     4  queue.o(.text)
    ucQueueGetQueueType                      0x08004c97   Thumb Code     6  queue.o(.text)
    xQueueIsQueueEmptyFromISR                0x08004c9d   Thumb Code    30  queue.o(.text)
    xQueueIsQueueFullFromISR                 0x08004cbb   Thumb Code    34  queue.o(.text)
    vQueueAddToRegistry                      0x08004cdd   Thumb Code    32  queue.o(.text)
    pcQueueGetName                           0x08004cfd   Thumb Code    34  queue.o(.text)
    xTaskCreate                              0x08004e01   Thumb Code    86  tasks.o(.text)
    vTaskDelete                              0x08004e57   Thumb Code   158  tasks.o(.text)
    xTaskIncrementTick                       0x08004ef5   Thumb Code   190  tasks.o(.text)
    xTaskResumeAll                           0x08004fb3   Thumb Code   184  tasks.o(.text)
    vTaskSuspendAll                          0x080050d1   Thumb Code    10  tasks.o(.text)
    vTaskDelay                               0x080050db   Thumb Code    66  tasks.o(.text)
    eTaskGetState                            0x0800511d   Thumb Code   112  tasks.o(.text)
    uxTaskPriorityGet                        0x0800518d   Thumb Code    24  tasks.o(.text)
    uxTaskPriorityGetFromISR                 0x080051a5   Thumb Code    40  tasks.o(.text)
    vTaskPrioritySet                         0x080051cd   Thumb Code   182  tasks.o(.text)
    vTaskSwitchContext                       0x08005283   Thumb Code   106  tasks.o(.text)
    vTaskSuspend                             0x080052ed   Thumb Code   168  tasks.o(.text)
    vTaskResume                              0x080053c5   Thumb Code   112  tasks.o(.text)
    xTaskResumeFromISR                       0x08005435   Thumb Code   126  tasks.o(.text)
    vTaskStartScheduler                      0x08005503   Thumb Code   114  tasks.o(.text)
    vTaskEndScheduler                        0x08005575   Thumb Code    24  tasks.o(.text)
    xTaskGetTickCount                        0x0800558d   Thumb Code     6  tasks.o(.text)
    xTaskGetTickCountFromISR                 0x08005593   Thumb Code    12  tasks.o(.text)
    uxTaskGetNumberOfTasks                   0x0800559f   Thumb Code     6  tasks.o(.text)
    pcTaskGetName                            0x080055a5   Thumb Code    28  tasks.o(.text)
    xTaskGetHandle                           0x08005619   Thumb Code   120  tasks.o(.text)
    vTaskGetInfo                             0x08005691   Thumb Code   120  tasks.o(.text)
    uxTaskGetSystemState                     0x0800575d   Thumb Code   156  tasks.o(.text)
    vTaskPlaceOnEventList                    0x080057f9   Thumb Code    42  tasks.o(.text)
    vTaskPlaceOnUnorderedEventList           0x08005823   Thumb Code    70  tasks.o(.text)
    xTaskRemoveFromEventList                 0x08005869   Thumb Code   106  tasks.o(.text)
    vTaskRemoveFromUnorderedEventList        0x080058d3   Thumb Code   104  tasks.o(.text)
    vTaskSetTimeOutState                     0x0800593b   Thumb Code    58  tasks.o(.text)
    vTaskInternalSetTimeOutState             0x08005975   Thumb Code    12  tasks.o(.text)
    xTaskCheckForTimeOut                     0x08005981   Thumb Code   110  tasks.o(.text)
    vTaskMissedYield                         0x080059ef   Thumb Code     8  tasks.o(.text)
    uxTaskGetTaskNumber                      0x080059f7   Thumb Code     8  tasks.o(.text)
    vTaskSetTaskNumber                       0x080059ff   Thumb Code     8  tasks.o(.text)
    xTaskGetCurrentTaskHandle                0x08005a07   Thumb Code     6  tasks.o(.text)
    xTaskPriorityInherit                     0x08005a0d   Thumb Code   140  tasks.o(.text)
    xTaskPriorityDisinherit                  0x08005a99   Thumb Code   144  tasks.o(.text)
    vTaskPriorityDisinheritAfterTimeout      0x08005b29   Thumb Code   162  tasks.o(.text)
    uxTaskResetEventItemValue                0x08005bcb   Thumb Code    20  tasks.o(.text)
    pvTaskIncrementMutexHeldCount            0x08005bdf   Thumb Code    18  tasks.o(.text)
    ulTaskNotifyTake                         0x08005bf1   Thumb Code    96  tasks.o(.text)
    xTaskNotifyWait                          0x08005c51   Thumb Code   128  tasks.o(.text)
    xTaskGenericNotify                       0x08005cd1   Thumb Code   202  tasks.o(.text)
    xTaskGenericNotifyFromISR                0x08005d9b   Thumb Code   226  tasks.o(.text)
    vTaskNotifyGiveFromISR                   0x08005e7d   Thumb Code   170  tasks.o(.text)
    xTaskNotifyStateClear                    0x08005f27   Thumb Code    44  tasks.o(.text)
    pxPortInitialiseStack                    0x08006051   Thumb Code    40  port.o(.text)
    vPortSetupTimerInterrupt                 0x08006079   Thumb Code    32  port.o(.text)
    xPortStartScheduler                      0x08006099   Thumb Code   224  port.o(.text)
    vPortEndScheduler                        0x08006179   Thumb Code    28  port.o(.text)
    vPortEnterCritical                       0x08006195   Thumb Code    56  port.o(.text)
    vPortExitCritical                        0x080061cd   Thumb Code    34  port.o(.text)
    xPortSysTickHandler                      0x080061ef   Thumb Code    40  port.o(.text)
    vPortValidateInterruptPriority           0x08006217   Thumb Code    76  port.o(.text)
    pvPortMalloc                             0x08006281   Thumb Code   170  heap_2.o(.text)
    vPortFree                                0x0800632b   Thumb Code    56  heap_2.o(.text)
    xPortGetFreeHeapSize                     0x08006363   Thumb Code     6  heap_2.o(.text)
    vPortInitialiseBlocks                    0x08006369   Thumb Code     2  heap_2.o(.text)
    Reset_Handler                            0x08006379   Thumb Code     8  startup_stm32f4xx.o(.text)
    ADC_IRQHandler                           0x08006393   Thumb Code     0  startup_stm32f4xx.o(.text)
    CAN1_RX0_IRQHandler                      0x08006393   Thumb Code     0  startup_stm32f4xx.o(.text)
    CAN1_RX1_IRQHandler                      0x08006393   Thumb Code     0  startup_stm32f4xx.o(.text)
    CAN1_SCE_IRQHandler                      0x08006393   Thumb Code     0  startup_stm32f4xx.o(.text)
    CAN1_TX_IRQHandler                       0x08006393   Thumb Code     0  startup_stm32f4xx.o(.text)
    CAN2_RX0_IRQHandler                      0x08006393   Thumb Code     0  startup_stm32f4xx.o(.text)
    CAN2_RX1_IRQHandler                      0x08006393   Thumb Code     0  startup_stm32f4xx.o(.text)
    CAN2_SCE_IRQHandler                      0x08006393   Thumb Code     0  startup_stm32f4xx.o(.text)
    CAN2_TX_IRQHandler                       0x08006393   Thumb Code     0  startup_stm32f4xx.o(.text)
    CRYP_IRQHandler                          0x08006393   Thumb Code     0  startup_stm32f4xx.o(.text)
    DCMI_IRQHandler                          0x08006393   Thumb Code     0  startup_stm32f4xx.o(.text)
    DMA1_Stream0_IRQHandler                  0x08006393   Thumb Code     0  startup_stm32f4xx.o(.text)
    DMA1_Stream1_IRQHandler                  0x08006393   Thumb Code     0  startup_stm32f4xx.o(.text)
    DMA1_Stream2_IRQHandler                  0x08006393   Thumb Code     0  startup_stm32f4xx.o(.text)
    DMA1_Stream3_IRQHandler                  0x08006393   Thumb Code     0  startup_stm32f4xx.o(.text)
    DMA1_Stream4_IRQHandler                  0x08006393   Thumb Code     0  startup_stm32f4xx.o(.text)
    DMA1_Stream5_IRQHandler                  0x08006393   Thumb Code     0  startup_stm32f4xx.o(.text)
    DMA1_Stream6_IRQHandler                  0x08006393   Thumb Code     0  startup_stm32f4xx.o(.text)
    DMA1_Stream7_IRQHandler                  0x08006393   Thumb Code     0  startup_stm32f4xx.o(.text)
    DMA2_Stream0_IRQHandler                  0x08006393   Thumb Code     0  startup_stm32f4xx.o(.text)
    DMA2_Stream1_IRQHandler                  0x08006393   Thumb Code     0  startup_stm32f4xx.o(.text)
    DMA2_Stream2_IRQHandler                  0x08006393   Thumb Code     0  startup_stm32f4xx.o(.text)
    DMA2_Stream3_IRQHandler                  0x08006393   Thumb Code     0  startup_stm32f4xx.o(.text)
    DMA2_Stream4_IRQHandler                  0x08006393   Thumb Code     0  startup_stm32f4xx.o(.text)
    DMA2_Stream5_IRQHandler                  0x08006393   Thumb Code     0  startup_stm32f4xx.o(.text)
    DMA2_Stream6_IRQHandler                  0x08006393   Thumb Code     0  startup_stm32f4xx.o(.text)
    DMA2_Stream7_IRQHandler                  0x08006393   Thumb Code     0  startup_stm32f4xx.o(.text)
    ETH_WKUP_IRQHandler                      0x08006393   Thumb Code     0  startup_stm32f4xx.o(.text)
    EXTI0_IRQHandler                         0x08006393   Thumb Code     0  startup_stm32f4xx.o(.text)
    EXTI15_10_IRQHandler                     0x08006393   Thumb Code     0  startup_stm32f4xx.o(.text)
    EXTI1_IRQHandler                         0x08006393   Thumb Code     0  startup_stm32f4xx.o(.text)
    EXTI2_IRQHandler                         0x08006393   Thumb Code     0  startup_stm32f4xx.o(.text)
    EXTI3_IRQHandler                         0x08006393   Thumb Code     0  startup_stm32f4xx.o(.text)
    EXTI4_IRQHandler                         0x08006393   Thumb Code     0  startup_stm32f4xx.o(.text)
    EXTI9_5_IRQHandler                       0x08006393   Thumb Code     0  startup_stm32f4xx.o(.text)
    FLASH_IRQHandler                         0x08006393   Thumb Code     0  startup_stm32f4xx.o(.text)
    FPU_IRQHandler                           0x08006393   Thumb Code     0  startup_stm32f4xx.o(.text)
    FSMC_IRQHandler                          0x08006393   Thumb Code     0  startup_stm32f4xx.o(.text)
    HASH_RNG_IRQHandler                      0x08006393   Thumb Code     0  startup_stm32f4xx.o(.text)
    I2C1_ER_IRQHandler                       0x08006393   Thumb Code     0  startup_stm32f4xx.o(.text)
    I2C1_EV_IRQHandler                       0x08006393   Thumb Code     0  startup_stm32f4xx.o(.text)
    I2C2_ER_IRQHandler                       0x08006393   Thumb Code     0  startup_stm32f4xx.o(.text)
    I2C2_EV_IRQHandler                       0x08006393   Thumb Code     0  startup_stm32f4xx.o(.text)
    I2C3_ER_IRQHandler                       0x08006393   Thumb Code     0  startup_stm32f4xx.o(.text)
    I2C3_EV_IRQHandler                       0x08006393   Thumb Code     0  startup_stm32f4xx.o(.text)
    OTG_FS_IRQHandler                        0x08006393   Thumb Code     0  startup_stm32f4xx.o(.text)
    OTG_FS_WKUP_IRQHandler                   0x08006393   Thumb Code     0  startup_stm32f4xx.o(.text)
    OTG_HS_EP1_IN_IRQHandler                 0x08006393   Thumb Code     0  startup_stm32f4xx.o(.text)
    OTG_HS_EP1_OUT_IRQHandler                0x08006393   Thumb Code     0  startup_stm32f4xx.o(.text)
    OTG_HS_IRQHandler                        0x08006393   Thumb Code     0  startup_stm32f4xx.o(.text)
    OTG_HS_WKUP_IRQHandler                   0x08006393   Thumb Code     0  startup_stm32f4xx.o(.text)
    PVD_IRQHandler                           0x08006393   Thumb Code     0  startup_stm32f4xx.o(.text)
    RCC_IRQHandler                           0x08006393   Thumb Code     0  startup_stm32f4xx.o(.text)
    RTC_Alarm_IRQHandler                     0x08006393   Thumb Code     0  startup_stm32f4xx.o(.text)
    RTC_WKUP_IRQHandler                      0x08006393   Thumb Code     0  startup_stm32f4xx.o(.text)
    SDIO_IRQHandler                          0x08006393   Thumb Code     0  startup_stm32f4xx.o(.text)
    SPI1_IRQHandler                          0x08006393   Thumb Code     0  startup_stm32f4xx.o(.text)
    SPI2_IRQHandler                          0x08006393   Thumb Code     0  startup_stm32f4xx.o(.text)
    SPI3_IRQHandler                          0x08006393   Thumb Code     0  startup_stm32f4xx.o(.text)
    TAMP_STAMP_IRQHandler                    0x08006393   Thumb Code     0  startup_stm32f4xx.o(.text)
    TIM1_BRK_TIM9_IRQHandler                 0x08006393   Thumb Code     0  startup_stm32f4xx.o(.text)
    TIM1_CC_IRQHandler                       0x08006393   Thumb Code     0  startup_stm32f4xx.o(.text)
    TIM1_TRG_COM_TIM11_IRQHandler            0x08006393   Thumb Code     0  startup_stm32f4xx.o(.text)
    TIM1_UP_TIM10_IRQHandler                 0x08006393   Thumb Code     0  startup_stm32f4xx.o(.text)
    TIM4_IRQHandler                          0x08006393   Thumb Code     0  startup_stm32f4xx.o(.text)
    TIM5_IRQHandler                          0x08006393   Thumb Code     0  startup_stm32f4xx.o(.text)
    TIM6_DAC_IRQHandler                      0x08006393   Thumb Code     0  startup_stm32f4xx.o(.text)
    TIM7_IRQHandler                          0x08006393   Thumb Code     0  startup_stm32f4xx.o(.text)
    TIM8_BRK_TIM12_IRQHandler                0x08006393   Thumb Code     0  startup_stm32f4xx.o(.text)
    TIM8_CC_IRQHandler                       0x08006393   Thumb Code     0  startup_stm32f4xx.o(.text)
    TIM8_TRG_COM_TIM14_IRQHandler            0x08006393   Thumb Code     0  startup_stm32f4xx.o(.text)
    TIM8_UP_TIM13_IRQHandler                 0x08006393   Thumb Code     0  startup_stm32f4xx.o(.text)
    UART5_IRQHandler                         0x08006393   Thumb Code     0  startup_stm32f4xx.o(.text)
    USART1_IRQHandler                        0x08006393   Thumb Code     0  startup_stm32f4xx.o(.text)
    WWDG_IRQHandler                          0x08006393   Thumb Code     0  startup_stm32f4xx.o(.text)
    __aeabi_memcpy                           0x0800639d   Thumb Code    36  memcpya.o(.text)
    __aeabi_memcpy4                          0x0800639d   Thumb Code     0  memcpya.o(.text)
    __aeabi_memcpy8                          0x0800639d   Thumb Code     0  memcpya.o(.text)
    __aeabi_memset                           0x080063c1   Thumb Code    14  memseta.o(.text)
    __aeabi_memset4                          0x080063c1   Thumb Code     0  memseta.o(.text)
    __aeabi_memset8                          0x080063c1   Thumb Code     0  memseta.o(.text)
    __aeabi_memclr                           0x080063cf   Thumb Code     4  memseta.o(.text)
    __aeabi_memclr4                          0x080063cf   Thumb Code     0  memseta.o(.text)
    __aeabi_memclr8                          0x080063cf   Thumb Code     0  memseta.o(.text)
    memset                                   0x080063d3   Thumb Code    18  memseta.o(.text)
    strlen                                   0x080063e5   Thumb Code    14  strlen.o(.text)
    __aeabi_uidiv                            0x080063f3   Thumb Code     0  uidiv.o(.text)
    __aeabi_uidivmod                         0x080063f3   Thumb Code    44  uidiv.o(.text)
    __scatterload                            0x08006421   Thumb Code    28  init.o(.text)
    __scatterload_rt2                        0x08006421   Thumb Code     0  init.o(.text)
    __decompress                             0x08006445   Thumb Code     0  __dczerorl2.o(.text)
    __decompress1                            0x08006445   Thumb Code    86  __dczerorl2.o(.text)
    __0printf$1                              0x0800649d   Thumb Code    22  printf1.o(i.__0printf$1)
    __1printf$1                              0x0800649d   Thumb Code     0  printf1.o(i.__0printf$1)
    __2printf                                0x0800649d   Thumb Code     0  printf1.o(i.__0printf$1)
    __scatterload_copy                       0x080064bd   Thumb Code    14  handlers.o(i.__scatterload_copy)
    __scatterload_null                       0x080064cb   Thumb Code     2  handlers.o(i.__scatterload_null)
    __scatterload_zeroinit                   0x080064cd   Thumb Code    14  handlers.o(i.__scatterload_zeroinit)
    BUTTON_PORT_SOURCE                       0x08006834   Data           1  stm32f4_discovery.o(.constdata)
    BUTTON_PIN_SOURCE                        0x08006835   Data           1  stm32f4_discovery.o(.constdata)
    BUTTON_IRQn                              0x08006836   Data           1  stm32f4_discovery.o(.constdata)
    BUTTON_PIN                               0x08006838   Data           2  stm32f4_discovery.o(.constdata)
    BUTTON_EXTI_LINE                         0x0800683a   Data           2  stm32f4_discovery.o(.constdata)
    BUTTON_CLK                               0x0800683c   Data           4  stm32f4_discovery.o(.constdata)
    COM_TX_PIN                               0x08006840   Data           4  stm32f4_discovery.o(.constdata)
    COM_RX_PIN                               0x08006844   Data           4  stm32f4_discovery.o(.constdata)
    COM_TX_PIN_SOURCE                        0x08006848   Data           4  stm32f4_discovery.o(.constdata)
    COM_RX_PIN_SOURCE                        0x0800684c   Data           4  stm32f4_discovery.o(.constdata)
    COM_TX_AF                                0x08006850   Data           4  stm32f4_discovery.o(.constdata)
    COM_RX_AF                                0x08006854   Data           4  stm32f4_discovery.o(.constdata)
    COM_USART_CLK                            0x08006858   Data           8  stm32f4_discovery.o(.constdata)
    COM_TX_PORT_CLK                          0x08006860   Data           8  stm32f4_discovery.o(.constdata)
    COM_RX_PORT_CLK                          0x08006868   Data           8  stm32f4_discovery.o(.constdata)
    GPIO_PIN                                 0x08006870   Data          10  stm32f4_discovery.o(.constdata)
    GPIO_CLK                                 0x0800687c   Data          20  stm32f4_discovery.o(.constdata)
    Region$$Table$$Base                      0x080068a4   Number         0  anon$$obj.o(Region$$Table)
    Region$$Table$$Limit                     0x080068c4   Number         0  anon$$obj.o(Region$$Table)
    xQueuemessage                            0x20000004   Data           4  main.o(.data)
    xQueueState                              0x20000008   Data           4  main.o(.data)
    SystemCoreClock                          0x2000000c   Data           4  system_stm32f4xx.o(.data)
    AHBPrescTable                            0x20000010   Data          16  system_stm32f4xx.o(.data)
    usSRegHoldStart                          0x20000030   Data           2  user_rs485_app.o(.data)
    pxMBFrameCBByteReceived                  0x20000054   Data           4  mb.o(.data)
    pxMBFrameCBTransmitterEmpty              0x20000058   Data           4  mb.o(.data)
    pxMBPortCBTimerExpired                   0x2000005c   Data           4  mb.o(.data)
    __stdout                                 0x200000f4   Data           4  stm32f4xx_uartstdio.o(.data)
    BUTTON_PORT                              0x200000f8   Data           4  stm32f4_discovery.o(.data)
    COM_USART                                0x200000fc   Data           8  stm32f4_discovery.o(.data)
    COM_TX_PORT                              0x20000104   Data           8  stm32f4_discovery.o(.data)
    COM_RX_PORT                              0x2000010c   Data           8  stm32f4_discovery.o(.data)
    GPIO_PORT                                0x20000114   Data          20  stm32f4_discovery.o(.data)
    pxCurrentTCB                             0x20000138   Data           4  tasks.o(.data)
    usSRegHoldBuf                            0x20000198   Data         200  user_rs485_app.o(.bss)
    ucRTUBuf                                 0x20000260   Data         256  mbrtu.o(.bss)
    xQueueRegistry                           0x20000360   Data          64  queue.o(.bss)
    __initial_sp                             0x20014730   Data           0  startup_stm32f4xx.o(STACK)



==============================================================================

Memory Map of the image

  Image Entry point : 0x08000189

  Load Region LR_IROM1 (Base: 0x08000000, Size: 0x00006a5c, Max: 0x00020000, ABSOLUTE, COMPRESSED[0x00006910])

    Execution Region ER_IROM1 (Exec base: 0x08000000, Load base: 0x08000000, Size: 0x000068c4, Max: 0x00020000, ABSOLUTE)

    Exec Addr    Load Addr    Size         Type   Attr      Idx    E Section Name        Object

    0x08000000   0x08000000   0x00000188   Data   RO         1220    RESET               startup_stm32f4xx.o
    0x08000188   0x08000188   0x00000000   Code   RO         1225  * .ARM.Collect$$$$00000000  mc_w.l(entry.o)
    0x08000188   0x08000188   0x00000004   Code   RO         1509    .ARM.Collect$$$$00000001  mc_w.l(entry2.o)
    0x0800018c   0x0800018c   0x00000004   Code   RO         1512    .ARM.Collect$$$$00000004  mc_w.l(entry5.o)
    0x08000190   0x08000190   0x00000000   Code   RO         1514    .ARM.Collect$$$$00000008  mc_w.l(entry7b.o)
    0x08000190   0x08000190   0x00000000   Code   RO         1516    .ARM.Collect$$$$0000000A  mc_w.l(entry8b.o)
    0x08000190   0x08000190   0x00000008   Code   RO         1517    .ARM.Collect$$$$0000000B  mc_w.l(entry9a.o)
    0x08000198   0x08000198   0x00000000   Code   RO         1519    .ARM.Collect$$$$0000000D  mc_w.l(entry10a.o)
    0x08000198   0x08000198   0x00000000   Code   RO         1521    .ARM.Collect$$$$0000000F  mc_w.l(entry11a.o)
    0x08000198   0x08000198   0x00000004   Code   RO         1510    .ARM.Collect$$$$00002712  mc_w.l(entry2.o)
    0x0800019c   0x0800019c   0x000000be   Code   RO         1132    .emb_text           port.o
    0x0800025a   0x0800025a   0x00000002   PAD
    0x0800025c   0x0800025c   0x00000338   Code   RO            2    .text               main.o
    0x08000594   0x08000594   0x00000180   Code   RO          226    .text               system_stm32f4xx.o
    0x08000714   0x08000714   0x00000034   Code   RO          248    .text               stm32f4xx_it.o
    0x08000748   0x08000748   0x00000088   Code   RO          366    .text               rs485bus_task.o
    0x080007d0   0x080007d0   0x0000007c   Code   RO          445    .text               portevent.o
    0x0800084c   0x0800084c   0x00000354   Code   RO          496    .text               portserial.o
    0x08000ba0   0x08000ba0   0x00000138   Code   RO          531    .text               porttimer.o
    0x08000cd8   0x08000cd8   0x00000070   Code   RO          548    .text               user_rs485_app.o
    0x08000d48   0x08000d48   0x000001e8   Code   RO          565    .text               mb.o
    0x08000f30   0x08000f30   0x0000022c   Code   RO          594    .text               mbrtu.o
    0x0800115c   0x0800115c   0x0000002c   Code   RO          613    .text               mbcrc.o
    0x08001188   0x08001188   0x0000006c   Code   RO          636    .text               mbutils.o
    0x080011f4   0x080011f4   0x0000005e   Code   RO          663    .text               mbfuncholding.o
    0x08001252   0x08001252   0x00000002   PAD
    0x08001254   0x08001254   0x00000574   Code   RO          688    .text               stm32f4xx_uartstdio.o
    0x080017c8   0x080017c8   0x000004cc   Code   RO          753    .text               stm32f4_discovery.o
    0x08001c94   0x08001c94   0x00000338   Code   RO          800    .text               stm32f4xx_usart.o
    0x08001fcc   0x08001fcc   0x000000b0   Code   RO          816    .text               misc.o
    0x0800207c   0x0800207c   0x00000320   Code   RO          848    .text               stm32f4xx_dma.o
    0x0800239c   0x0800239c   0x000000e8   Code   RO          864    .text               stm32f4xx_exti.o
    0x08002484   0x08002484   0x000001ec   Code   RO          896    .text               stm32f4xx_gpio.o
    0x08002670   0x08002670   0x000003dc   Code   RO          912    .text               stm32f4xx_rcc.o
    0x08002a4c   0x08002a4c   0x00000078   Code   RO          930    .text               stm32f4xx_syscfg.o
    0x08002ac4   0x08002ac4   0x000001b8   Code   RO          946    .text               stm32f4xx_sdio.o
    0x08002c7c   0x08002c7c   0x000009dc   Code   RO          962    .text               stm32f4xx_tim.o
    0x08003658   0x08003658   0x00000a4c   Code   RO         1028    .text               stm32f4xx_rtc.o
    0x080040a4   0x080040a4   0x000000d0   Code   RO         1045    .text               stm32f4xx_pwr.o
    0x08004174   0x08004174   0x0000008a   Code   RO         1069    .text               list.o
    0x080041fe   0x080041fe   0x00000002   PAD
    0x08004200   0x08004200   0x00000b40   Code   RO         1081    .text               queue.o
    0x08004d40   0x08004d40   0x000012ec   Code   RO         1109    .text               tasks.o
    0x0800602c   0x0800602c   0x00000254   Code   RO         1133    .text               port.o
    0x08006280   0x08006280   0x000000f8   Code   RO         1163    .text               heap_2.o
    0x08006378   0x08006378   0x00000024   Code   RO         1221    .text               startup_stm32f4xx.o
    0x0800639c   0x0800639c   0x00000024   Code   RO         1230    .text               mc_w.l(memcpya.o)
    0x080063c0   0x080063c0   0x00000024   Code   RO         1234    .text               mc_w.l(memseta.o)
    0x080063e4   0x080063e4   0x0000000e   Code   RO         1236    .text               mc_w.l(strlen.o)
    0x080063f2   0x080063f2   0x0000002c   Code   RO         1523    .text               mc_w.l(uidiv.o)
    0x0800641e   0x0800641e   0x00000002   PAD
    0x08006420   0x08006420   0x00000024   Code   RO         1538    .text               mc_w.l(init.o)
    0x08006444   0x08006444   0x00000056   Code   RO         1554    .text               mc_w.l(__dczerorl2.o)
    0x0800649a   0x0800649a   0x00000002   PAD
    0x0800649c   0x0800649c   0x00000020   Code   RO         1285    i.__0printf$1       mc_w.l(printf1.o)
    0x080064bc   0x080064bc   0x0000000e   Code   RO         1548    i.__scatterload_copy  mc_w.l(handlers.o)
    0x080064ca   0x080064ca   0x00000002   Code   RO         1549    i.__scatterload_null  mc_w.l(handlers.o)
    0x080064cc   0x080064cc   0x0000000e   Code   RO         1550    i.__scatterload_zeroinit  mc_w.l(handlers.o)
    0x080064da   0x080064da   0x00000002   PAD
    0x080064dc   0x080064dc   0x00000154   Code   RO         1292    i._printf_core      mc_w.l(printf1.o)
    0x08006630   0x08006630   0x00000200   Data   RO          614    .constdata          mbcrc.o
    0x08006830   0x08006830   0x00000004   Data   RO          689    .constdata          stm32f4xx_uartstdio.o
    0x08006834   0x08006834   0x0000005c   Data   RO          754    .constdata          stm32f4_discovery.o
    0x08006890   0x08006890   0x00000011   Data   RO          690    .conststring        stm32f4xx_uartstdio.o
    0x080068a1   0x080068a1   0x00000003   PAD
    0x080068a4   0x080068a4   0x00000020   Data   RO         1546    Region$$Table       anon$$obj.o


    Execution Region RW_IRAM1 (Exec base: 0x20000000, Load base: 0x080068c4, Size: 0x00014730, Max: 0x00020000, ABSOLUTE, COMPRESSED[0x0000004c])

    Exec Addr    Load Addr    Size         Type   Attr      Idx    E Section Name        Object

    0x20000000   COMPRESSED   0x0000000c   Data   RW            6    .data               main.o
    0x2000000c   COMPRESSED   0x00000014   Data   RW          227    .data               system_stm32f4xx.o
    0x20000020   COMPRESSED   0x00000004   Data   RW          446    .data               portevent.o
    0x20000024   COMPRESSED   0x00000004   Data   RW          497    .data               portserial.o
    0x20000028   COMPRESSED   0x00000008   Data   RW          532    .data               porttimer.o
    0x20000030   COMPRESSED   0x00000002   Data   RW          550    .data               user_rs485_app.o
    0x20000032   COMPRESSED   0x00000002   PAD
    0x20000034   COMPRESSED   0x000000ac   Data   RW          566    .data               mb.o
    0x200000e0   COMPRESSED   0x0000000c   Data   RW          596    .data               mbrtu.o
    0x200000ec   COMPRESSED   0x00000008   Data   RW          691    .data               stm32f4xx_uartstdio.o
    0x200000f4   COMPRESSED   0x00000004   Data   RW          692    .data               stm32f4xx_uartstdio.o
    0x200000f8   COMPRESSED   0x00000030   Data   RW          755    .data               stm32f4_discovery.o
    0x20000128   COMPRESSED   0x00000010   Data   RW          913    .data               stm32f4xx_rcc.o
    0x20000138   COMPRESSED   0x0000003c   Data   RW         1111    .data               tasks.o
    0x20000174   COMPRESSED   0x0000000c   Data   RW         1134    .data               port.o
    0x20000180   COMPRESSED   0x00000018   Data   RW         1165    .data               heap_2.o
    0x20000198        -       0x000000c8   Zero   RW          549    .bss                user_rs485_app.o
    0x20000260        -       0x00000100   Zero   RW          595    .bss                mbrtu.o
    0x20000360        -       0x00000040   Zero   RW         1082    .bss                queue.o
    0x200003a0        -       0x00000190   Zero   RW         1110    .bss                tasks.o
    0x20000530        -       0x00014000   Zero   RW         1164    .bss                heap_2.o
    0x20014530        -       0x00000200   Zero   RW         1218    STACK               startup_stm32f4xx.o


==============================================================================

Image component sizes


      Code (inc. data)   RO Data    RW Data    ZI Data      Debug   Object Name

       248         14          0         24      81920       3572   heap_2.o
       138          0          0          0          0       2142   list.o
       824        142          0         12          0     325297   main.o
       488         34          0        172          0       4834   mb.o
        44          6        512          0          0       1512   mbcrc.o
        94          0          0          0          0       2817   mbfuncholding.o
       556         12          0         12        256       4209   mbrtu.o
       108          0          0          0          0       2306   mbutils.o
       176         12          0          0          0       2257   misc.o
       786         46          0         12          0       9513   port.o
       124          6          0          4          0       1940   portevent.o
       852         52          0          4          0       6874   portserial.o
       312         10          0          8          0       2709   porttimer.o
      2880         12          0          0         64      27215   queue.o
       136         24          0          0          0       3967   rs485bus_task.o
        36          8        392          0        512        860   startup_stm32f4xx.o
      1228         68         92         48          0       6249   stm32f4_discovery.o
       800         32          0          0          0       7277   stm32f4xx_dma.o
       232          8          0          0          0       2763   stm32f4xx_exti.o
       492         36          0          0          0       4757   stm32f4xx_gpio.o
        52          6          0          0          0       9801   stm32f4xx_it.o
       208         12          0          0          0       2788   stm32f4xx_pwr.o
       988         42          0         16          0      11823   stm32f4xx_rcc.o
      2636         48          0          0          0      16554   stm32f4xx_rtc.o
       440         14          0          0          0       7844   stm32f4xx_sdio.o
       120         18          0          0          0       1867   stm32f4xx_syscfg.o
      2524         52          0          0          0      24310   stm32f4xx_tim.o
      1396         72         21         12          0       7480   stm32f4xx_uartstdio.o
       824         24          0          0          0       8572   stm32f4xx_usart.o
       384         40          0         20          0       2111   system_stm32f4xx.o
      4844        104          0         60        400      27733   tasks.o
       112          8          0          2        200       1999   user_rs485_app.o

    ----------------------------------------------------------------------
     25088        962       1052        408      83352     545952   Object Totals
         0          0         32          0          0          0   (incl. Generated)
         6          0          3          2          0          0   (incl. Padding)

    ----------------------------------------------------------------------

      Code (inc. data)   RO Data    RW Data    ZI Data      Debug   Library Member Name

        86          0          0          0          0          0   __dczerorl2.o
         0          0          0          0          0          0   entry.o
         0          0          0          0          0          0   entry10a.o
         0          0          0          0          0          0   entry11a.o
         8          4          0          0          0          0   entry2.o
         4          0          0          0          0          0   entry5.o
         0          0          0          0          0          0   entry7b.o
         0          0          0          0          0          0   entry8b.o
         8          4          0          0          0          0   entry9a.o
        30          0          0          0          0          0   handlers.o
        36          8          0          0          0         68   init.o
        36          0          0          0          0         68   memcpya.o
        36          0          0          0          0        108   memseta.o
       372         14          0          0          0        184   printf1.o
        14          0          0          0          0         68   strlen.o
        44          0          0          0          0         80   uidiv.o

    ----------------------------------------------------------------------
       680         30          0          0          0        576   Library Totals
         6          0          0          0          0          0   (incl. Padding)

    ----------------------------------------------------------------------

      Code (inc. data)   RO Data    RW Data    ZI Data      Debug   Library Name

       674         30          0          0          0        576   mc_w.l

    ----------------------------------------------------------------------
       680         30          0          0          0        576   Library Totals

    ----------------------------------------------------------------------

==============================================================================


      Code (inc. data)   RO Data    RW Data    ZI Data      Debug   

     25768        992       1052        408      83352     538056   Grand Totals
     25768        992       1052         76      83352     538056   ELF Image Totals (compressed)
     25768        992       1052         76          0          0   ROM Totals

==============================================================================

    Total RO  Size (Code + RO Data)                26820 (  26.19kB)
    Total RW  Size (RW Data + ZI Data)             83760 (  81.80kB)
    Total ROM Size (Code + RO Data + RW Data)      26896 (  26.27kB)

==============================================================================

