<html>
<body>
<pre>
<h1>µVision Build Log</h1>
<h2>Tool Versions:</h2>
IDE-Version: µVision V5.28.0.0
Copyright (C) 2019 ARM Ltd and ARM Germany GmbH. All rights reserved.
License Information: Nguyen Tam, BKU, LIC=EXJHL-03VNN-3M89Q-NRDEC-X3RT3-PKMMD
 
Tool Versions:
Toolchain:       MDK-ARM Plus  Version: 5.28.0.0
Toolchain Path:  C:\Keil_v5\ARM\ARMCC\Bin
C Compiler:      Armcc.exe V5.06 update 6 (build 750)
Assembler:       Armasm.exe V5.06 update 6 (build 750)
Linker/Locator:  ArmLink.exe V5.06 update 6 (build 750)
Library Manager: ArmAr.exe V5.06 update 6 (build 750)
Hex Converter:   FromElf.exe V5.06 update 6 (build 750)
CPU DLL:         SARMCM3.DLL V5.28.0.0
Dialog DLL:      DCM.DLL V1.17.3.0
Target DLL:      STLink\ST-LINKIII-KEIL_SWO.dll V3.0.6.0
Dialog DLL:      TCM.DLL V1.36.2.0
 
<h2>Project:</h2>
E:\LVTN\AccessControllerBoard\16_Controller\06_code\Slave_RS485MB\STM32F4xx_v3_modbus\Project\MDK-ARM\Project.uvprojx
Project File Date:  03/25/2020

<h2>Output:</h2>
*** Using Compiler 'V5.06 update 6 (build 750)', folder: 'C:\Keil_v5\ARM\ARMCC\Bin'
Build target 'Discover-More'
compiling main.c...
..\src\main.c(95): warning:  #177-D: variable "i"  was declared but never referenced
  	unsigned char i;
..\src\main.c(96): warning:  #177-D: variable "j"  was declared but never referenced
  	unsigned int j;
..\src\main.c(225): warning:  #177-D: variable "port"  was declared but never referenced
  	uint8_t port;
..\src\main.c(227): warning:  #177-D: variable "doorstatus"  was declared but never referenced
  	uint8_t doorstatus = 0;
..\src\main.c(231): warning:  #177-D: variable "MqttError"  was declared but never referenced
  	uint8_t MqttError = MQTTCLIENT_NONE;
..\src\main.c(232): warning:  #177-D: variable "SysEvent"  was declared but never referenced
  	uint8_t SysEvent;
..\src\main.c: 6 warnings, 0 errors
linking...
Program Size: Code=26276 RO-data=1052 RW-data=408 ZI-data=83184  
FromELF: creating hex file...
".\Discover-More\Project.axf" - 0 Error(s), 6 Warning(s).

<h2>Software Packages used:</h2>

Package Vendor: Keil
                http://www.keil.com/pack/Keil.STM32F4xx_DFP.2.14.0.pack
                Keil.STM32F4xx_DFP.2.14.0
                STMicroelectronics STM32F4 Series Device Support, Drivers and Examples

<h2>Collection of Component include folders:</h2>
  .\RTE\_Discover-More
  C:\Users\NguyenThanhTam\AppData\Local\Arm\Packs\Keil\STM32F4xx_DFP\2.14.0\Drivers\CMSIS\Device\ST\STM32F4xx\Include

<h2>Collection of Component Files used:</h2>
Build Time Elapsed:  00:00:01
</pre>
</body>
</html>
