Component: ARM Compiler 5.06 update 6 (build 750) Tool: armlink [4d35ed]

==============================================================================

Section Cross References

    mdtask.o(i.ModbusRTUTask) refers to mb_m.o(i.eMBMasterInit) for eMBMasterInit
    mdtask.o(i.ModbusRTUTask) refers to mb_m.o(i.eMBMasterEnable) for eMBMasterEnable
    mdtask.o(i.ModbusRTUTask) refers to mb_m.o(i.eMBMasterPoll) for eMBMasterPoll
    mdtask.o(i.ModbusRTUTask) refers to tasks.o(i.vTaskDelay) for vTaskDelay
    mdtask.o(i.ModbusRTUTask) refers to mdtask.o(.bss) for .bss
    mdtask.o(i.ModbusTestTask) refers to tasks.o(i.vTaskDelay) for vTaskDelay
    mdtask.o(i.ModbusTestTask) refers to printfb.o(i.__0printf$bare) for __2printf
    mdtask.o(i.ModbusTestTask) refers to mbfuncholding_m.o(i.eMBMasterReqWriteHoldingRegister) for eMBMasterReqWriteHoldingRegister
    mdtask.o(i.eMBRegInputCB) refers to mdtask.o(.data) for .data
    mdtask.o(i.eMBRegInputCB) refers to mdtask.o(.bss) for .bss
    main.o(i.Callback01) refers to porttimer_m.o(i.prvvMasterTIMERExpiredISR) for prvvMasterTIMERExpiredISR
    main.o(i.HAL_TIM_PeriodElapsedCallback) refers to stm32f4xx_hal.o(i.HAL_IncTick) for HAL_IncTick
    main.o(i.MX_GPIO_Init) refers to memseta.o(.text) for __aeabi_memclr4
    main.o(i.MX_GPIO_Init) refers to stm32f4xx_hal_gpio.o(i.HAL_GPIO_WritePin) for HAL_GPIO_WritePin
    main.o(i.MX_GPIO_Init) refers to stm32f4xx_hal_gpio.o(i.HAL_GPIO_Init) for HAL_GPIO_Init
    main.o(i.StartDefaultTask) refers to memcpya.o(.text) for __aeabi_memcpy4
    main.o(i.StartDefaultTask) refers to cmsis_os.o(i.osThreadCreate) for osThreadCreate
    main.o(i.StartDefaultTask) refers to cmsis_os.o(i.osDelay) for osDelay
    main.o(i.StartDefaultTask) refers to main.o(.constdata) for .constdata
    main.o(i.StartMdTask) refers to memcpya.o(.text) for __aeabi_memcpy4
    main.o(i.StartMdTask) refers to cmsis_os.o(i.osThreadCreate) for osThreadCreate
    main.o(i.StartMdTask) refers to cmsis_os.o(i.osDelay) for osDelay
    main.o(i.StartMdTask) refers to main.o(.constdata) for .constdata
    main.o(i.SystemClock_Config) refers to memseta.o(.text) for __aeabi_memclr4
    main.o(i.SystemClock_Config) refers to stm32f4xx_hal_rcc.o(i.HAL_RCC_OscConfig) for HAL_RCC_OscConfig
    main.o(i.SystemClock_Config) refers to stm32f4xx_hal_rcc.o(i.HAL_RCC_ClockConfig) for HAL_RCC_ClockConfig
    main.o(i.fputc) refers to stm32f4xx_hal_uart.o(i.HAL_UART_Transmit) for HAL_UART_Transmit
    main.o(i.fputc) refers to main.o(.bss) for .bss
    main.o(i.main) refers to stm32f4xx_hal.o(i.HAL_Init) for HAL_Init
    main.o(i.main) refers to main.o(i.SystemClock_Config) for SystemClock_Config
    main.o(i.main) refers to main.o(i.MX_GPIO_Init) for MX_GPIO_Init
    main.o(i.main) refers to stm32f4xx_hal_uart.o(i.HAL_UART_Init) for HAL_UART_Init
    main.o(i.main) refers to stm32f4xx_hal_tim.o(i.HAL_TIM_Base_Init) for HAL_TIM_Base_Init
    main.o(i.main) refers to stm32f4xx_hal_tim_ex.o(i.HAL_TIMEx_MasterConfigSynchronization) for HAL_TIMEx_MasterConfigSynchronization
    main.o(i.main) refers to stm32f4xx_hal_gpio.o(i.HAL_GPIO_TogglePin) for HAL_GPIO_TogglePin
    main.o(i.main) refers to stm32f4xx_hal.o(i.HAL_Delay) for HAL_Delay
    main.o(i.main) refers to printfb.o(i.__0printf$bare) for __2printf
    main.o(i.main) refers to cmsis_os.o(i.osTimerCreate) for osTimerCreate
    main.o(i.main) refers to memcpya.o(.text) for __aeabi_memcpy4
    main.o(i.main) refers to cmsis_os.o(i.osThreadCreate) for osThreadCreate
    main.o(i.main) refers to cmsis_os.o(i.osTimerStart) for osTimerStart
    main.o(i.main) refers to cmsis_os.o(i.osKernelStart) for osKernelStart
    main.o(i.main) refers to main.o(.bss) for .bss
    main.o(i.main) refers to main.o(.constdata) for .constdata
    main.o(i.main) refers to main.o(.data) for .data
    main.o(.constdata) refers to main.o(i.Callback01) for Callback01
    main.o(.constdata) refers to main.o(.conststring) for .conststring
    main.o(.constdata) refers to main.o(i.StartDefaultTask) for StartDefaultTask
    main.o(.constdata) refers to main.o(i.StartMdTask) for StartMdTask
    main.o(.constdata) refers to mdtask.o(i.ModbusRTUTask) for ModbusRTUTask
    main.o(.constdata) refers to mdtask.o(i.ModbusTestTask) for ModbusTestTask
    freertos.o(i.vApplicationGetIdleTaskMemory) refers to freertos.o(.bss) for .bss
    freertos.o(i.vApplicationGetTimerTaskMemory) refers to freertos.o(.bss) for .bss
    stm32f4xx_it.o(i.TIM1_UP_TIM10_IRQHandler) refers to stm32f4xx_hal_tim.o(i.HAL_TIM_IRQHandler) for HAL_TIM_IRQHandler
    stm32f4xx_it.o(i.TIM1_UP_TIM10_IRQHandler) refers to stm32f4xx_hal_timebase_tim.o(.bss) for htim1
    stm32f4xx_it.o(i.TIM7_IRQHandler) refers to stm32f4xx_hal_tim.o(i.HAL_TIM_IRQHandler) for HAL_TIM_IRQHandler
    stm32f4xx_it.o(i.TIM7_IRQHandler) refers to main.o(.bss) for htim7
    stm32f4xx_it.o(i.UART4_IRQHandler) refers to stm32f4xx_hal_uart.o(i.HAL_UART_IRQHandler) for HAL_UART_IRQHandler
[...]
    i.MX_GPIO_Init                           0x08001368   Section        0  main.o(i.MX_GPIO_Init)
    MX_GPIO_Init                             0x08001369   Thumb Code   238  main.o(i.MX_GPIO_Init)
    i.ModbusRTUTask                          0x0800146c   Section        0  mdtask.o(i.ModbusRTUTask)
    i.ModbusTestTask                         0x080014c4   Section        0  mdtask.o(i.ModbusTestTask)
    i.StartDefaultTask                       0x0800153c   Section        0  main.o(i.StartDefaultTask)
    i.StartMdTask                            0x0800155c   Section        0  main.o(i.StartMdTask)
    i.SysTick_Handler                        0x0800157c   Section        0  port.o(i.SysTick_Handler)
    i.SystemClock_Config                     0x080015a8   Section        0  main.o(i.SystemClock_Config)
    i.SystemInit                             0x08001620   Section        0  system_stm32f4xx.o(i.SystemInit)
    i.TIM1_UP_TIM10_IRQHandler               0x08001674   Section        0  stm32f4xx_it.o(i.TIM1_UP_TIM10_IRQHandler)
    i.TIM7_IRQHandler                        0x08001680   Section        0  stm32f4xx_it.o(i.TIM7_IRQHandler)
    i.TIM_Base_SetConfig                     0x080016a4   Section        0  stm32f4xx_hal_tim.o(i.TIM_Base_SetConfig)
    i.UART4_IRQHandler                       0x0800176c   Section        0  stm32f4xx_it.o(i.UART4_IRQHandler)
    i.UARTHandleSwitch                       0x080017d0   Section        0  portserial_m.o(i.UARTHandleSwitch)
    i.UART_DMAAbortOnError                   0x080017fc   Section        0  stm32f4xx_hal_uart.o(i.UART_DMAAbortOnError)
    UART_DMAAbortOnError                     0x080017fd   Thumb Code    16  stm32f4xx_hal_uart.o(i.UART_DMAAbortOnError)
    i.UART_EndRxTransfer                     0x0800180c   Section        0  stm32f4xx_hal_uart.o(i.UART_EndRxTransfer)
    UART_EndRxTransfer                       0x0800180d   Thumb Code    28  stm32f4xx_hal_uart.o(i.UART_EndRxTransfer)
    i.UART_Receive_IT                        0x08001828   Section        0  stm32f4xx_hal_uart.o(i.UART_Receive_IT)
    UART_Receive_IT                          0x08001829   Thumb Code   150  stm32f4xx_hal_uart.o(i.UART_Receive_IT)
    i.UART_SetConfig                         0x080018c0   Section        0  stm32f4xx_hal_uart.o(i.UART_SetConfig)
    UART_SetConfig                           0x080018c1   Thumb Code   288  stm32f4xx_hal_uart.o(i.UART_SetConfig)
    i.UART_Transmit_IT                       0x080019e8   Section        0  stm32f4xx_hal_uart.o(i.UART_Transmit_IT)
    UART_Transmit_IT                         0x080019e9   Thumb Code    98  stm32f4xx_hal_uart.o(i.UART_Transmit_IT)
    i.UART_WaitOnFlagUntilTimeout            0x08001a4a   Section        0  stm32f4xx_hal_uart.o(i.UART_WaitOnFlagUntilTimeout)
    UART_WaitOnFlagUntilTimeout              0x08001a4b   Thumb Code    98  stm32f4xx_hal_uart.o(i.UART_WaitOnFlagUntilTimeout)
    i.USART2_IRQHandler                      0x08001aac   Section        0  stm32f4xx_it.o(i.USART2_IRQHandler)
    i.USART3_IRQHandler                      0x08001b08   Section        0  stm32f4xx_it.o(i.USART3_IRQHandler)
    i.USART6_IRQHandler                      0x08001b64   Section        0  stm32f4xx_it.o(i.USART6_IRQHandler)
    i.__0printf$bare                         0x08001bc0   Section        0  printfb.o(i.__0printf$bare)
    i.__NVIC_SetPriority                     0x08001bd0   Section        0  stm32f4xx_hal_cortex.o(i.__NVIC_SetPriority)
    __NVIC_SetPriority                       0x08001bd1   Thumb Code    32  stm32f4xx_hal_cortex.o(i.__NVIC_SetPriority)
    i.__scatterload_copy                     0x08001bf0   Section       14  handlers.o(i.__scatterload_copy)
    i.__scatterload_null                     0x08001bfe   Section        2  handlers.o(i.__scatterload_null)
    i.__scatterload_zeroinit                 0x08001c00   Section       14  handlers.o(i.__scatterload_zeroinit)
    i._printf_core                           0x08001c0e   Section        0  printfb.o(i._printf_core)
    _printf_core                             0x08001c0f   Thumb Code    34  printfb.o(i._printf_core)
    i.eMBMasterEnable                        0x08001c30   Section        0  mb_m.o(i.eMBMasterEnable)
    i.eMBMasterFuncReadHoldingRegister       0x08001c54   Section        0  mbfuncholding_m.o(i.eMBMasterFuncReadHoldingRegister)
    i.eMBMasterFuncWriteHoldingRegister      0x08001cb2   Section        0  mbfuncholding_m.o(i.eMBMasterFuncWriteHoldingRegister)
    i.eMBMasterInit                          0x08001cec   Section        0  mb_m.o(i.eMBMasterInit)
    i.eMBMasterPoll                          0x08001d60   Section        0  mb_m.o(i.eMBMasterPoll)
    i.eMBMasterRTUInit                       0x08001eb4   Section        0  mbrtu_m.o(i.eMBMasterRTUInit)
    i.eMBMasterRTUReceive                    0x08001ef0   Section        0  mbrtu_m.o(i.eMBMasterRTUReceive)
    i.eMBMasterRTUSend                       0x08001f54   Section        0  mbrtu_m.o(i.eMBMasterRTUSend)
    i.eMBMasterRTUStart                      0x08001fe0   Section        0  mbrtu_m.o(i.eMBMasterRTUStart)
    i.eMBMasterRTUStop                       0x08002004   Section        0  mbrtu_m.o(i.eMBMasterRTUStop)
    i.eMBMasterRegHoldingCB                  0x0800201c   Section        0  mb_app_m.o(i.eMBMasterRegHoldingCB)
    i.eMBMasterReqWriteHoldingRegister       0x0800208c   Section        0  mbfuncholding_m.o(i.eMBMasterReqWriteHoldingRegister)
    i.eMBMasterWaitRequestFinish             0x080020e4   Section        0  portevent_m.o(i.eMBMasterWaitRequestFinish)
    i.fputc                                  0x0800212c   Section        0  main.o(i.fputc)
    i.inHandlerMode                          0x08002144   Section        0  cmsis_os.o(i.inHandlerMode)
    inHandlerMode                            0x08002145   Thumb Code    12  cmsis_os.o(i.inHandlerMode)
    i.main                                   0x08002150   Section        0  main.o(i.main)
    i.makeFreeRtosPriority                   0x080022c0   Section        0  cmsis_os.o(i.makeFreeRtosPriority)
    makeFreeRtosPriority                     0x080022c1   Thumb Code    12  cmsis_os.o(i.makeFreeRtosPriority)
    i.osDelay                                0x080022cc   Section        0  cmsis_os.o(i.osDelay)
    i.osKernelStart                          0x080022da   Section        0  cmsis_os.o(i.osKernelStart)
    i.osThreadCreate                         0x080022e4   Section        0  cmsis_os.o(i.osThreadCreate)
    i.osTimerCreate                          0x08002338   Section        0  cmsis_os.o(i.osTimerCreate)
    i.osTimerStart                           0x08002374   Section        0  cmsis_os.o(i.osTimerStart)
    i.prvAddCurrentTaskToDelayedList         0x080023d4   Section        0  tasks.o(i.prvAddCurrentTaskToDelayedList)
    prvAddCurrentTaskToDelayedList           0x080023d5   Thumb Code   102  tasks.o(i.prvAddCurrentTaskToDelayedList)
    i.prvAddNewTaskToReadyList               0x08002444   Section        0  tasks.o(i.prvAddNewTaskToReadyList)
    prvAddNewTaskToReadyList                 0x08002445   Thumb Code   194  tasks.o(i.prvAddNewTaskToReadyList)
    i.prvCheckForValidListAndQueue           0x08002514   Section        0  timers.o(i.prvCheckForValidListAndQueue)
    prvCheckForValidListAndQueue             0x08002515   Thumb Code    72  timers.o(i.prvCheckForValidListAndQueue)
    i.prvCopyDataFromQueue                   0x0800256c   Section        0  queue.o(i.prvCopyDataFromQueue)
    prvCopyDataFromQueue                     0x0800256d   Thumb Code    38  queue.o(i.prvCopyDataFromQueue)
    i.prvCopyDataToQueue                     0x08002592   Section        0  queue.o(i.prvCopyDataToQueue)
    prvCopyDataToQueue                       0x08002593   Thumb Code   108  queue.o(i.prvCopyDataToQueue)
    i.prvDeleteTCB                           0x080025fe   Section        0  tasks.o(i.prvDeleteTCB)
    prvDeleteTCB                             0x080025ff   Thumb Code    52  tasks.o(i.prvDeleteTCB)
    i.prvHeapInit                            0x08002634   Section        0  heap_4.o(i.prvHeapInit)
    prvHeapInit                              0x08002635   Thumb Code    66  heap_4.o(i.prvHeapInit)
    i.prvIdleTask                            0x08002680   Section        0  tasks.o(i.prvIdleTask)
    prvIdleTask                              0x08002681   Thumb Code    80  tasks.o(i.prvIdleTask)
    i.prvInitialiseNewQueue                  0x080026dc   Section        0  queue.o(i.prvInitialiseNewQueue)
    prvInitialiseNewQueue                    0x080026dd   Thumb Code    22  queue.o(i.prvInitialiseNewQueue)
    i.prvInitialiseNewTask                   0x080026f2   Section        0  tasks.o(i.prvInitialiseNewTask)
    prvInitialiseNewTask                     0x080026f3   Thumb Code   142  tasks.o(i.prvInitialiseNewTask)
    i.prvInitialiseNewTimer                  0x08002780   Section        0  timers.o(i.prvInitialiseNewTimer)
    prvInitialiseNewTimer                    0x08002781   Thumb Code    68  timers.o(i.prvInitialiseNewTimer)
    i.prvInsertBlockIntoFreeList             0x080027c4   Section        0  heap_4.o(i.prvInsertBlockIntoFreeList)
    prvInsertBlockIntoFreeList               0x080027c5   Thumb Code    72  heap_4.o(i.prvInsertBlockIntoFreeList)
    i.prvInsertTimerInActiveList             0x08002810   Section        0  timers.o(i.prvInsertTimerInActiveList)
    prvInsertTimerInActiveList               0x08002811   Thumb Code    52  timers.o(i.prvInsertTimerInActiveList)
    i.prvIsQueueEmpty                        0x08002848   Section        0  queue.o(i.prvIsQueueEmpty)
    prvIsQueueEmpty                          0x08002849   Thumb Code    26  queue.o(i.prvIsQueueEmpty)
    i.prvProcessReceivedCommands             0x08002864   Section        0  timers.o(i.prvProcessReceivedCommands)
    prvProcessReceivedCommands               0x08002865   Thumb Code   184  timers.o(i.prvProcessReceivedCommands)
    i.prvProcessTimerOrBlockTask             0x08002920   Section        0  timers.o(i.prvProcessTimerOrBlockTask)
    prvProcessTimerOrBlockTask               0x08002921   Thumb Code   172  timers.o(i.prvProcessTimerOrBlockTask)
    i.prvResetNextTaskUnblockTime            0x080029d4   Section        0  tasks.o(i.prvResetNextTaskUnblockTime)
    prvResetNextTaskUnblockTime              0x080029d5   Thumb Code    26  tasks.o(i.prvResetNextTaskUnblockTime)
    i.prvSampleTimeNow                       0x080029f4   Section        0  timers.o(i.prvSampleTimeNow)
    prvSampleTimeNow                         0x080029f5   Thumb Code    36  timers.o(i.prvSampleTimeNow)
    i.prvSwitchTimerLists                    0x08002a1c   Section        0  timers.o(i.prvSwitchTimerLists)
    prvSwitchTimerLists                      0x08002a1d   Thumb Code   102  timers.o(i.prvSwitchTimerLists)
    i.prvTaskExitError                       0x08002a88   Section        0  port.o(i.prvTaskExitError)
    prvTaskExitError                         0x08002a89   Thumb Code    36  port.o(i.prvTaskExitError)
    i.prvTimerTask                           0x08002ab0   Section        0  timers.o(i.prvTimerTask)
    prvTimerTask                             0x08002ab1   Thumb Code    34  timers.o(i.prvTimerTask)
    i.prvUnlockQueue                         0x08002ad8   Section        0  queue.o(i.prvUnlockQueue)
    prvUnlockQueue                           0x08002ad9   Thumb Code   106  queue.o(i.prvUnlockQueue)
    i.prveMBError2Exception                  0x08002b42   Section        0  mbutils.o(i.prveMBError2Exception)
    i.prvvMasterTIMERExpiredISR              0x08002b5c   Section        0  porttimer_m.o(i.prvvMasterTIMERExpiredISR)
    i.pvPortMalloc                           0x08002ba0   Section        0  heap_4.o(i.pvPortMalloc)
    i.pxPortInitialiseStack                  0x08002c78   Section        0  port.o(i.pxPortInitialiseStack)
    i.ucMBMasterGetDestAddress               0x08002ca4   Section        0  mb_m.o(i.ucMBMasterGetDestAddress)
    i.usMBCRC16                              0x08002cb0   Section        0  mbcrc.o(i.usMBCRC16)
    i.usMBMasterGetPDUSndLength              0x08002cdc   Section        0  mbrtu_m.o(i.usMBMasterGetPDUSndLength)
    i.uxListRemove                           0x08002ce8   Section        0  list.o(i.uxListRemove)
    i.vApplicationGetIdleTaskMemory          0x08002d10   Section        0  freertos.o(i.vApplicationGetIdleTaskMemory)
    i.vApplicationGetTimerTaskMemory         0x08002d24   Section        0  freertos.o(i.vApplicationGetTimerTaskMemory)
    i.vListInitialise                        0x08002d3c   Section        0  list.o(i.vListInitialise)
    i.vListInitialiseItem                    0x08002d52   Section        0  list.o(i.vListInitialiseItem)
    i.vListInsert                            0x08002d58   Section        0  list.o(i.vListInsert)
    i.vListInsertEnd                         0x08002d88   Section        0  list.o(i.vListInsertEnd)
    i.vMBMasterCBRequestScuuess              0x08002da0   Section        0  portevent_m.o(i.vMBMasterCBRequestScuuess)
    i.vMBMasterGetPDUSndBuf                  0x08002da8   Section        0  mbrtu_m.o(i.vMBMasterGetPDUSndBuf)
    i.vMBMasterOsResInit                     0x08002db8   Section        0  portevent_m.o(i.vMBMasterOsResInit)
    i.vMBMasterPortSerialEnable              0x08002dc4   Section        0  portserial_m.o(i.vMBMasterPortSerialEnable)
    i.vMBMasterPortTimersConvertDelayEnable  0x08002e30   Section        0  porttimer_m.o(i.vMBMasterPortTimersConvertDelayEnable)
    i.vMBMasterPortTimersDisable             0x08002e58   Section        0  porttimer_m.o(i.vMBMasterPortTimersDisable)
    i.vMBMasterPortTimersRespondTimeoutEnable 0x08002e68   Section        0  porttimer_m.o(i.vMBMasterPortTimersRespondTimeoutEnable)
    i.vMBMasterPortTimersT35Enable           0x08002e90   Section        0  porttimer_m.o(i.vMBMasterPortTimersT35Enable)
    i.vMBMasterRunResRelease                 0x08002eb4   Section        0  portevent_m.o(i.vMBMasterRunResRelease)
    i.vMBMasterSetCurTimerMode               0x08002ec0   Section        0  mbrtu_m.o(i.vMBMasterSetCurTimerMode)
    i.vMBMasterSetDestAddress                0x08002ecc   Section        0  mb_m.o(i.vMBMasterSetDestAddress)
    i.vMBMasterSetErrorType                  0x08002ed8   Section        0  mb_m.o(i.vMBMasterSetErrorType)
    i.vMBMasterSetPDUSndLength               0x08002ee4   Section        0  mbrtu_m.o(i.vMBMasterSetPDUSndLength)
    i.vPortEnterCritical                     0x08002ef0   Section        0  port.o(i.vPortEnterCritical)
    i.vPortExitCritical                      0x08002f30   Section        0  port.o(i.vPortExitCritical)
    i.vPortFree                              0x08002f58   Section        0  heap_4.o(i.vPortFree)
    i.vPortSetupTimerInterrupt               0x08002fb4   Section        0  port.o(i.vPortSetupTimerInterrupt)
    i.vPortValidateInterruptPriority         0x08002fd8   Section        0  port.o(i.vPortValidateInterruptPriority)
    i.vQueueAddToRegistry                    0x0800302c   Section        0  queue.o(i.vQueueAddToRegistry)
    i.vQueueWaitForMessageRestricted         0x08003050   Section        0  queue.o(i.vQueueWaitForMessageRestricted)
    i.vTaskDelay                             0x08003094   Section        0  tasks.o(i.vTaskDelay)
    i.vTaskInternalSetTimeOutState           0x080030e0   Section        0  tasks.o(i.vTaskInternalSetTimeOutState)
    i.vTaskMissedYield                       0x080030f0   Section        0  tasks.o(i.vTaskMissedYield)
    i.vTaskPlaceOnEventList                  0x080030fc   Section        0  tasks.o(i.vTaskPlaceOnEventList)
    i.vTaskPlaceOnEventListRestricted        0x0800312c   Section        0  tasks.o(i.vTaskPlaceOnEventListRestricted)
    i.vTaskStartScheduler                    0x08003164   Section        0  tasks.o(i.vTaskStartScheduler)
    i.vTaskSuspendAll                        0x080031e8   Section        0  tasks.o(i.vTaskSuspendAll)
    i.vTaskSwitchContext                     0x080031f8   Section        0  tasks.o(i.vTaskSwitchContext)
    i.xMBMasterPortEventGet                  0x08003254   Section        0  portevent_m.o(i.xMBMasterPortEventGet)
    i.xMBMasterPortEventInit                 0x08003278   Section        0  portevent_m.o(i.xMBMasterPortEventInit)
    i.xMBMasterPortEventPost                 0x08003290   Section        0  portevent_m.o(i.xMBMasterPortEventPost)
    i.xMBMasterPortSerialGetByte             0x080032a8   Section        0  portserial_m.o(i.xMBMasterPortSerialGetByte)
    i.xMBMasterPortSerialInit                0x080032c4   Section        0  portserial_m.o(i.xMBMasterPortSerialInit)
    i.xMBMasterPortSerialPutByte             0x080032c8   Section        0  portserial_m.o(i.xMBMasterPortSerialPutByte)
    i.xMBMasterPortTimersInit                0x080032ec   Section        0  porttimer_m.o(i.xMBMasterPortTimersInit)
    i.xMBMasterRTUReceiveFSM                 0x08003340   Section        0  mbrtu_m.o(i.xMBMasterRTUReceiveFSM)
    i.xMBMasterRTUTimerExpired               0x080033cc   Section        0  mbrtu_m.o(i.xMBMasterRTUTimerExpired)
    i.xMBMasterRTUTransmitFSM                0x0800344c   Section        0  mbrtu_m.o(i.xMBMasterRTUTransmitFSM)
    i.xMBMasterRequestIsBroadcast            0x080034e4   Section        0  mbrtu_m.o(i.xMBMasterRequestIsBroadcast)
    i.xMBMasterRunResTake                    0x080034f0   Section        0  portevent_m.o(i.xMBMasterRunResTake)
    i.xPortStartScheduler                    0x08003508   Section        0  port.o(i.xPortStartScheduler)
    i.xQueueGenericCreateStatic              0x080035fc   Section        0  queue.o(i.xQueueGenericCreateStatic)
    i.xQueueGenericReset                     0x08003664   Section        0  queue.o(i.xQueueGenericReset)
    i.xQueueGenericSend                      0x080036ec   Section        0  queue.o(i.xQueueGenericSend)
    i.xQueueGenericSendFromISR               0x08003850   Section        0  queue.o(i.xQueueGenericSendFromISR)
    i.xQueueReceive                          0x0800390c   Section        0  queue.o(i.xQueueReceive)
    i.xTaskCheckForTimeOut                   0x08003a44   Section        0  tasks.o(i.xTaskCheckForTimeOut)
    i.xTaskCreate                            0x08003ab8   Section        0  tasks.o(i.xTaskCreate)
    i.xTaskCreateStatic                      0x08003b12   Section        0  tasks.o(i.xTaskCreateStatic)
    i.xTaskGetSchedulerState                 0x08003b6c   Section        0  tasks.o(i.xTaskGetSchedulerState)
    i.xTaskGetTickCount                      0x08003b88   Section        0  tasks.o(i.xTaskGetTickCount)
    i.xTaskIncrementTick                     0x08003b94   Section        0  tasks.o(i.xTaskIncrementTick)
    i.xTaskPriorityDisinherit                0x08003c5c   Section        0  tasks.o(i.xTaskPriorityDisinherit)
    i.xTaskRemoveFromEventList               0x08003cf4   Section        0  tasks.o(i.xTaskRemoveFromEventList)
    i.xTaskResumeAll                         0x08003d68   Section        0  tasks.o(i.xTaskResumeAll)
    i.xTimerCreate                           0x08003e2c   Section        0  timers.o(i.xTimerCreate)
    i.xTimerCreateStatic                     0x08003e60   Section        0  timers.o(i.xTimerCreateStatic)
    i.xTimerCreateTimerTask                  0x08003e90   Section        0  timers.o(i.xTimerCreateTimerTask)
    i.xTimerGenericCommand                   0x08003ef0   Section        0  timers.o(i.xTimerGenericCommand)
    .constdata                               0x08003f4c   Section      120  main.o(.constdata)
    .constdata                               0x08003fc4   Section       16  system_stm32f4xx.o(.constdata)
    .constdata                               0x08003fd4   Section        8  system_stm32f4xx.o(.constdata)
    .constdata                               0x08003fdc   Section      512  mbcrc.o(.constdata)
    aucCRCHi                                 0x08003fdc   Data         256  mbcrc.o(.constdata)
    aucCRCLo                                 0x080040dc   Data         256  mbcrc.o(.constdata)
    .conststring                             0x080041dc   Section       55  main.o(.conststring)
    .data                                    0x20000000   Section       12  main.o(.data)
    .data                                    0x2000000c   Section       60  tasks.o(.data)
    pxDelayedTaskList                        0x20000010   Data           4  tasks.o(.data)
    pxOverflowDelayedTaskList                0x20000014   Data           4  tasks.o(.data)
    uxDeletedTasksWaitingCleanUp             0x20000018   Data           4  tasks.o(.data)
    uxCurrentNumberOfTasks                   0x2000001c   Data           4  tasks.o(.data)
    xTickCount                               0x20000020   Data           4  tasks.o(.data)
    uxTopReadyPriority                       0x20000024   Data           4  tasks.o(.data)
    xSchedulerRunning                        0x20000028   Data           4  tasks.o(.data)
    uxPendedTicks                            0x2000002c   Data           4  tasks.o(.data)
    xYieldPending                            0x20000030   Data           4  tasks.o(.data)
    xNumOfOverflows                          0x20000034   Data           4  tasks.o(.data)
    uxTaskNumber                             0x20000038   Data           4  tasks.o(.data)
    xNextTaskUnblockTime                     0x2000003c   Data           4  tasks.o(.data)
    xIdleTaskHandle                          0x20000040   Data           4  tasks.o(.data)
    uxSchedulerSuspended                     0x20000044   Data           4  tasks.o(.data)
    .data                                    0x20000048   Section       20  timers.o(.data)
    pxCurrentTimerList                       0x20000048   Data           4  timers.o(.data)
    pxOverflowTimerList                      0x2000004c   Data           4  timers.o(.data)
    xTimerQueue                              0x20000050   Data           4  timers.o(.data)
    xTimerTaskHandle                         0x20000054   Data           4  timers.o(.data)
    xLastTime                                0x20000058   Data           4  timers.o(.data)
    .data                                    0x2000005c   Section       24  heap_4.o(.data)
    pxEnd                                    0x2000005c   Data           4  heap_4.o(.data)
    xFreeBytesRemaining                      0x20000060   Data           4  heap_4.o(.data)
    xMinimumEverFreeBytesRemaining           0x20000064   Data           4  heap_4.o(.data)
    xBlockAllocatedBit                       0x20000068   Data           4  heap_4.o(.data)
    xStart                                   0x2000006c   Data           8  heap_4.o(.data)
    .data                                    0x20000074   Section       12  port.o(.data)
    ucMaxSysCallPriority                     0x20000074   Data           1  port.o(.data)
    uxCriticalNesting                        0x20000078   Data           4  port.o(.data)
    ulMaxPRIGROUPValue                       0x2000007c   Data           4  port.o(.data)
    .data                                    0x20000080   Section        4  system_stm32f4xx.o(.data)
    .data                                    0x20000084   Section       12  stm32f4xx_hal.o(.data)
    .data                                    0x20000090   Section      196  mb_m.o(.data)
    eMBState                                 0x20000090   Data           1  mb_m.o(.data)
    xMBRunInMasterMode                       0x20000091   Data           4  mb_m.o(.data)
    ucRcvAddress                             0x20000095   Data           4  mb_m.o(.data)
    ucFunctionCode                           0x20000099   Data           4  mb_m.o(.data)
    eException                               0x2000009d   Data           4  mb_m.o(.data)
    ucMBMasterDestAddress                    0x200000a1   Data           4  mb_m.o(.data)
    eMBMasterCurErrorType                    0x200000a5   Data           4  mb_m.o(.data)
    peMBMasterFrameSendCur                   0x200000ac   Data           4  mb_m.o(.data)
    pvMBMasterFrameStartCur                  0x200000b0   Data           4  mb_m.o(.data)
    pvMBMasterFrameStopCur                   0x200000b4   Data           4  mb_m.o(.data)
    peMBMasterFrameReceiveCur                0x200000b8   Data           4  mb_m.o(.data)
    pvMBMasterFrameCloseCur                  0x200000bc   Data           4  mb_m.o(.data)
    usLength                                 0x200000cc   Data           8  mb_m.o(.data)
    xMasterFuncHandlers                      0x200000d4   Data         128  mb_m.o(.data)
    .data                                    0x20000154   Section       16  portevent_m.o(.data)
    xMasterEventInQueue                      0x20000154   Data           4  portevent_m.o(.data)
    xMasterRunRes                            0x20000158   Data           4  portevent_m.o(.data)
    eMasterQueuedEvent                       0x2000015c   Data           8  portevent_m.o(.data)
    .data                                    0x20000164   Section        4  portserial_m.o(.data)
    .data                                    0x20000168   Section       18  porttimer_m.o(.data)
    .data                                    0x2000017a   Section       40  mbrtu_m.o(.data)
    xFrameIsBroadcast                        0x2000017a   Data           4  mbrtu_m.o(.data)
    eMasterSndState                          0x2000017e   Data           4  mbrtu_m.o(.data)
    eMasterRcvState                          0x20000182   Data           4  mbrtu_m.o(.data)
    eMasterCurTimerMode                      0x20000186   Data           4  mbrtu_m.o(.data)
    usMasterSndBufferCount                   0x20000192   Data           8  mbrtu_m.o(.data)
    usMasterRcvBufferPos                     0x2000019a   Data           8  mbrtu_m.o(.data)
    .data                                    0x200001a2   Section        2  mb_app_m.o(.data)
    .data                                    0x200001a4   Section        4  stdout.o(.data)
    .bss                                     0x200001a8   Section       16  mdtask.o(.bss)
    usRegInputBuf                            0x200001a8   Data          16  mdtask.o(.bss)
    .bss                                     0x200001b8   Section      384  main.o(.bss)
    .bss                                     0x20000338   Section     1704  freertos.o(.bss)
    xIdleTaskTCBBuffer                       0x20000338   Data          84  freertos.o(.bss)
    xIdleStack                               0x2000038c   Data         512  freertos.o(.bss)
    xTimerTaskTCBBuffer                      0x2000058c   Data          84  freertos.o(.bss)
    xTimerStack                              0x200005e0   Data        1024  freertos.o(.bss)
    .bss                                     0x200009e0   Section       64  stm32f4xx_hal_timebase_tim.o(.bss)
    .bss                                     0x20000a20   Section       64  queue.o(.bss)
    .bss                                     0x20000a60   Section      240  tasks.o(.bss)
    pxReadyTasksLists                        0x20000a60   Data         140  tasks.o(.bss)
    xDelayedTaskList1                        0x20000aec   Data          20  tasks.o(.bss)
    xDelayedTaskList2                        0x20000b00   Data          20  tasks.o(.bss)
    xPendingReadyList                        0x20000b14   Data          20  tasks.o(.bss)
    xTasksWaitingTermination                 0x20000b28   Data          20  tasks.o(.bss)
    xSuspendedTaskList                       0x20000b3c   Data          20  tasks.o(.bss)
    .bss                                     0x20000b50   Section      232  timers.o(.bss)
    xActiveTimerList1                        0x20000b50   Data          20  timers.o(.bss)
    xActiveTimerList2                        0x20000b64   Data          20  timers.o(.bss)
    xStaticTimerQueue                        0x20000b78   Data          72  timers.o(.bss)
    ucStaticTimerQueueStorage                0x20000bc0   Data         120  timers.o(.bss)
    .bss                                     0x20000c38   Section    15360  heap_4.o(.bss)
    ucHeap                                   0x20000c38   Data       15360  heap_4.o(.bss)
    .bss                                     0x20004838   Section       16  mb_m.o(.bss)
    ucMBFrame                                0x20004838   Data          16  mb_m.o(.bss)
    .bss                                     0x20004848   Section     2064  mbrtu_m.o(.bss)
    pucMasterSndBufferCur                    0x20005048   Data          16  mbrtu_m.o(.bss)
    .bss                                     0x20005058   Section     1280  mb_app_m.o(.bss)
    STACK                                    0x20005558   Section     1024  startup_stm32f407xx.o(STACK)

    Global Symbols

    Symbol Name                              Value     Ov Type        Size  Object(Section)

    BuildAttributes$$THM_ISAv4$E$P$D$K$B$S$7EM$VFPi3$EXTD16$VFPS$VFMA$PE$A:L22UL41UL21$X:L11$S22US41US21$IEEE1$IW$USESV6$~STKCKD$USESV7$~SHL$OSPACE$ROPI$EBA8$MICROLIB$REQ8$PRES8$EABIv2 0x00000000   Number         0  anon$$obj.o ABSOLUTE
    __ARM_use_no_argv                        0x00000000   Number         0  main.o ABSOLUTE
    __cpp_initialize__aeabi_                  - Undefined Weak Reference
    __cxa_finalize                            - Undefined Weak Reference
    _clock_init                               - Undefined Weak Reference
    _microlib_exit                            - Undefined Weak Reference
    __Vectors_Size                           0x00000188   Number         0  startup_stm32f407xx.o ABSOLUTE
    __Vectors                                0x08000000   Data           4  startup_stm32f407xx.o(RESET)
    __Vectors_End                            0x08000188   Data           0  startup_stm32f407xx.o(RESET)
    __main                                   0x08000189   Thumb Code     0  entry.o(.ARM.Collect$$$$00000000)
    _main_stk                                0x08000189   Thumb Code     0  entry2.o(.ARM.Collect$$$$00000001)
    _main_scatterload                        0x0800018d   Thumb Code     0  entry5.o(.ARM.Collect$$$$00000004)
    __main_after_scatterload                 0x08000191   Thumb Code     0  entry5.o(.ARM.Collect$$$$00000004)
    _main_clock                              0x08000191   Thumb Code     0  entry7b.o(.ARM.Collect$$$$00000008)
    _main_cpp_init                           0x08000191   Thumb Code     0  entry8b.o(.ARM.Collect$$$$0000000A)
    _main_init                               0x08000191   Thumb Code     0  entry9a.o(.ARM.Collect$$$$0000000B)
    __rt_final_cpp                           0x08000199   Thumb Code     0  entry10a.o(.ARM.Collect$$$$0000000D)
    __rt_final_exit                          0x08000199   Thumb Code     0  entry11a.o(.ARM.Collect$$$$0000000F)
    SVC_Handler                              0x0800019d   Thumb Code    28  port.o(.emb_text)
    __asm___6_port_c_39a90d8d__prvStartFirstTask 0x080001bd   Thumb Code    36  port.o(.emb_text)
    __asm___6_port_c_39a90d8d__prvEnableVFP  0x080001e5   Thumb Code    16  port.o(.emb_text)
    PendSV_Handler                           0x080001f9   Thumb Code    88  port.o(.emb_text)
    vPortGetIPSR                             0x08000255   Thumb Code     6  port.o(.emb_text)
    Reset_Handler                            0x0800025d   Thumb Code     8  startup_stm32f407xx.o(.text)
    NMI_Handler                              0x08000265   Thumb Code     2  startup_stm32f407xx.o(.text)
    HardFault_Handler                        0x08000267   Thumb Code     2  startup_stm32f407xx.o(.text)
    MemManage_Handler                        0x08000269   Thumb Code     2  startup_stm32f407xx.o(.text)
    BusFault_Handler                         0x0800026b   Thumb Code     2  startup_stm32f407xx.o(.text)
    UsageFault_Handler                       0x0800026d   Thumb Code     2  startup_stm32f407xx.o(.text)
    DebugMon_Handler                         0x08000271   Thumb Code     2  startup_stm32f407xx.o(.text)
    ADC_IRQHandler                           0x08000277   Thumb Code     0  startup_stm32f407xx.o(.text)
    CAN1_RX0_IRQHandler                      0x08000277   Thumb Code     0  startup_stm32f407xx.o(.text)
    CAN1_RX1_IRQHandler                      0x08000277   Thumb Code     0  startup_stm32f407xx.o(.text)
    CAN1_SCE_IRQHandler                      0x08000277   Thumb Code     0  startup_stm32f407xx.o(.text)
    CAN1_TX_IRQHandler                       0x08000277   Thumb Code     0  startup_stm32f407xx.o(.text)
    CAN2_RX0_IRQHandler                      0x08000277   Thumb Code     0  startup_stm32f407xx.o(.text)
    CAN2_RX1_IRQHandler                      0x08000277   Thumb Code     0  startup_stm32f407xx.o(.text)
    CAN2_SCE_IRQHandler                      0x08000277   Thumb Code     0  startup_stm32f407xx.o(.text)
    CAN2_TX_IRQHandler                       0x08000277   Thumb Code     0  startup_stm32f407xx.o(.text)
    DCMI_IRQHandler                          0x08000277   Thumb Code     0  startup_stm32f407xx.o(.text)
    DMA1_Stream0_IRQHandler                  0x08000277   Thumb Code     0  startup_stm32f407xx.o(.text)
    DMA1_Stream1_IRQHandler                  0x08000277   Thumb Code     0  startup_stm32f407xx.o(.text)
    DMA1_Stream2_IRQHandler                  0x08000277   Thumb Code     0  startup_stm32f407xx.o(.text)
    DMA1_Stream3_IRQHandler                  0x08000277   Thumb Code     0  startup_stm32f407xx.o(.text)
    DMA1_Stream4_IRQHandler                  0x08000277   Thumb Code     0  startup_stm32f407xx.o(.text)
    DMA1_Stream5_IRQHandler                  0x08000277   Thumb Code     0  startup_stm32f407xx.o(.text)
    DMA1_Stream6_IRQHandler                  0x08000277   Thumb Code     0  startup_stm32f407xx.o(.text)
    DMA1_Stream7_IRQHandler                  0x08000277   Thumb Code     0  startup_stm32f407xx.o(.text)
    DMA2_Stream0_IRQHandler                  0x08000277   Thumb Code     0  startup_stm32f407xx.o(.text)
    DMA2_Stream1_IRQHandler                  0x08000277   Thumb Code     0  startup_stm32f407xx.o(.text)
    DMA2_Stream2_IRQHandler                  0x08000277   Thumb Code     0  startup_stm32f407xx.o(.text)
    DMA2_Stream3_IRQHandler                  0x08000277   Thumb Code     0  startup_stm32f407xx.o(.text)
    DMA2_Stream4_IRQHandler                  0x08000277   Thumb Code     0  startup_stm32f407xx.o(.text)
    DMA2_Stream5_IRQHandler                  0x08000277   Thumb Code     0  startup_stm32f407xx.o(.text)
    DMA2_Stream6_IRQHandler                  0x08000277   Thumb Code     0  startup_stm32f407xx.o(.text)
    DMA2_Stream7_IRQHandler                  0x08000277   Thumb Code     0  startup_stm32f407xx.o(.text)
    ETH_IRQHandler                           0x08000277   Thumb Code     0  startup_stm32f407xx.o(.text)
    ETH_WKUP_IRQHandler                      0x08000277   Thumb Code     0  startup_stm32f407xx.o(.text)
    EXTI0_IRQHandler                         0x08000277   Thumb Code     0  startup_stm32f407xx.o(.text)
    EXTI15_10_IRQHandler                     0x08000277   Thumb Code     0  startup_stm32f407xx.o(.text)
    EXTI1_IRQHandler                         0x08000277   Thumb Code     0  startup_stm32f407xx.o(.text)
    EXTI2_IRQHandler                         0x08000277   Thumb Code     0  startup_stm32f407xx.o(.text)
    EXTI3_IRQHandler                         0x08000277   Thumb Code     0  startup_stm32f407xx.o(.text)
    EXTI4_IRQHandler                         0x08000277   Thumb Code     0  startup_stm32f407xx.o(.text)
    EXTI9_5_IRQHandler                       0x08000277   Thumb Code     0  startup_stm32f407xx.o(.text)
    FLASH_IRQHandler                         0x08000277   Thumb Code     0  startup_stm32f407xx.o(.text)
    FMC_IRQHandler                           0x08000277   Thumb Code     0  startup_stm32f407xx.o(.text)
    FPU_IRQHandler                           0x08000277   Thumb Code     0  startup_stm32f407xx.o(.text)
    HASH_RNG_IRQHandler                      0x08000277   Thumb Code     0  startup_stm32f407xx.o(.text)
    I2C1_ER_IRQHandler                       0x08000277   Thumb Code     0  startup_stm32f407xx.o(.text)
    I2C1_EV_IRQHandler                       0x08000277   Thumb Code     0  startup_stm32f407xx.o(.text)
    I2C2_ER_IRQHandler                       0x08000277   Thumb Code     0  startup_stm32f407xx.o(.text)
    I2C2_EV_IRQHandler                       0x08000277   Thumb Code     0  startup_stm32f407xx.o(.text)
    I2C3_ER_IRQHandler                       0x08000277   Thumb Code     0  startup_stm32f407xx.o(.text)
    I2C3_EV_IRQHandler                       0x08000277   Thumb Code     0  startup_stm32f407xx.o(.text)
    OTG_FS_IRQHandler                        0x08000277   Thumb Code     0  startup_stm32f407xx.o(.text)
    OTG_FS_WKUP_IRQHandler                   0x08000277   Thumb Code     0  startup_stm32f407xx.o(.text)
    OTG_HS_EP1_IN_IRQHandler                 0x08000277   Thumb Code     0  startup_stm32f407xx.o(.text)
    OTG_HS_EP1_OUT_IRQHandler                0x08000277   Thumb Code     0  startup_stm32f407xx.o(.text)
    OTG_HS_IRQHandler                        0x08000277   Thumb Code     0  startup_stm32f407xx.o(.text)
    OTG_HS_WKUP_IRQHandler                   0x08000277   Thumb Code     0  startup_stm32f407xx.o(.text)
    PVD_IRQHandler                           0x08000277   Thumb Code     0  startup_stm32f407xx.o(.text)
    RCC_IRQHandler                           0x08000277   Thumb Code     0  startup_stm32f407xx.o(.text)
    RTC_Alarm_IRQHandler                     0x08000277   Thumb Code     0  startup_stm32f407xx.o(.text)
    RTC_WKUP_IRQHandler                      0x08000277   Thumb Code     0  startup_stm32f407xx.o(.text)
    SDIO_IRQHandler                          0x08000277   Thumb Code     0  startup_stm32f407xx.o(.text)
    SPI1_IRQHandler                          0x08000277   Thumb Code     0  startup_stm32f407xx.o(.text)
    SPI2_IRQHandler                          0x08000277   Thumb Code     0  startup_stm32f407xx.o(.text)
    SPI3_IRQHandler                          0x08000277   Thumb Code     0  startup_stm32f407xx.o(.text)
    TAMP_STAMP_IRQHandler                    0x08000277   Thumb Code     0  startup_stm32f407xx.o(.text)
    TIM1_BRK_TIM9_IRQHandler                 0x08000277   Thumb Code     0  startup_stm32f407xx.o(.text)
    TIM1_CC_IRQHandler                       0x08000277   Thumb Code     0  startup_stm32f407xx.o(.text)
    TIM1_TRG_COM_TIM11_IRQHandler            0x08000277   Thumb Code     0  startup_stm32f407xx.o(.text)
    TIM2_IRQHandler                          0x08000277   Thumb Code     0  startup_stm32f407xx.o(.text)
    TIM3_IRQHandler                          0x08000277   Thumb Code     0  startup_stm32f407xx.o(.text)
    TIM4_IRQHandler                          0x08000277   Thumb Code     0  startup_stm32f407xx.o(.text)
    TIM5_IRQHandler                          0x08000277   Thumb Code     0  startup_stm32f407xx.o(.text)
    TIM6_DAC_IRQHandler                      0x08000277   Thumb Code     0  startup_stm32f407xx.o(.text)
    TIM8_BRK_TIM12_IRQHandler                0x08000277   Thumb Code     0  startup_stm32f407xx.o(.text)
    TIM8_CC_IRQHandler                       0x08000277   Thumb Code     0  startup_stm32f407xx.o(.text)
    TIM8_TRG_COM_TIM14_IRQHandler            0x08000277   Thumb Code     0  startup_stm32f407xx.o(.text)
    TIM8_UP_TIM13_IRQHandler                 0x08000277   Thumb Code     0  startup_stm32f407xx.o(.text)
    UART5_IRQHandler                         0x08000277   Thumb Code     0  startup_stm32f407xx.o(.text)
    USART1_IRQHandler                        0x08000277   Thumb Code     0  startup_stm32f407xx.o(.text)
    WWDG_IRQHandler                          0x08000277   Thumb Code     0  startup_stm32f407xx.o(.text)
    __aeabi_uldivmod                         0x08000281   Thumb Code    98  uldiv.o(.text)
    __aeabi_memcpy                           0x080002e3   Thumb Code    36  memcpya.o(.text)
    __aeabi_memcpy4                          0x080002e3   Thumb Code     0  memcpya.o(.text)
    __aeabi_memcpy8                          0x080002e3   Thumb Code     0  memcpya.o(.text)
    __aeabi_memset                           0x08000307   Thumb Code    14  memseta.o(.text)
    __aeabi_memset4                          0x08000307   Thumb Code     0  memseta.o(.text)
    __aeabi_memset8                          0x08000307   Thumb Code     0  memseta.o(.text)
    __aeabi_memclr                           0x08000315   Thumb Code     4  memseta.o(.text)
    __aeabi_memclr4                          0x08000315   Thumb Code     0  memseta.o(.text)
    __aeabi_memclr8                          0x08000315   Thumb Code     0  memseta.o(.text)
    memset                                   0x08000319   Thumb Code    18  memseta.o(.text)
    __aeabi_llsl                             0x0800032b   Thumb Code    30  llshl.o(.text)
    _ll_shift_l                              0x0800032b   Thumb Code     0  llshl.o(.text)
    __aeabi_llsr                             0x08000349   Thumb Code    32  llushr.o(.text)
    _ll_ushift_r                             0x08000349   Thumb Code     0  llushr.o(.text)
    __scatterload                            0x08000369   Thumb Code    28  init.o(.text)
    __scatterload_rt2                        0x08000369   Thumb Code     0  init.o(.text)
    __decompress                             0x0800038d   Thumb Code     0  __dczerorl2.o(.text)
    __decompress1                            0x0800038d   Thumb Code    86  __dczerorl2.o(.text)
    Callback01                               0x080003e3   Thumb Code     4  main.o(i.Callback01)
    HAL_DMA_Abort_IT                         0x080003e7   Thumb Code    36  stm32f4xx_hal_dma.o(i.HAL_DMA_Abort_IT)
    HAL_Delay                                0x0800040d   Thumb Code    32  stm32f4xx_hal.o(i.HAL_Delay)
    HAL_GPIO_Init                            0x08000431   Thumb Code   390  stm32f4xx_hal_gpio.o(i.HAL_GPIO_Init)
    HAL_GPIO_TogglePin                       0x080005e5   Thumb Code    14  stm32f4xx_hal_gpio.o(i.HAL_GPIO_TogglePin)
    HAL_GPIO_WritePin                        0x080005f3   Thumb Code    10  stm32f4xx_hal_gpio.o(i.HAL_GPIO_WritePin)
    HAL_GetTick                              0x080005fd   Thumb Code     6  stm32f4xx_hal.o(i.HAL_GetTick)
    HAL_IncTick                              0x08000609   Thumb Code    12  stm32f4xx_hal.o(i.HAL_IncTick)
    HAL_Init                                 0x08000619   Thumb Code    48  stm32f4xx_hal.o(i.HAL_Init)
    HAL_InitTick                             0x0800064d   Thumb Code   100  stm32f4xx_hal_timebase_tim.o(i.HAL_InitTick)
    HAL_MspInit                              0x080006c1   Thumb Code    52  stm32f4xx_hal_msp.o(i.HAL_MspInit)
    HAL_NVIC_EnableIRQ                       0x080006f9   Thumb Code    26  stm32f4xx_hal_cortex.o(i.HAL_NVIC_EnableIRQ)
    HAL_NVIC_SetPriority                     0x08000715   Thumb Code    60  stm32f4xx_hal_cortex.o(i.HAL_NVIC_SetPriority)
    HAL_NVIC_SetPriorityGrouping             0x08000755   Thumb Code    26  stm32f4xx_hal_cortex.o(i.HAL_NVIC_SetPriorityGrouping)
    HAL_RCC_ClockConfig                      0x08000779   Thumb Code   288  stm32f4xx_hal_rcc.o(i.HAL_RCC_ClockConfig)
    HAL_RCC_GetClockConfig                   0x080008ad   Thumb Code    54  stm32f4xx_hal_rcc.o(i.HAL_RCC_GetClockConfig)
    HAL_RCC_GetPCLK1Freq                     0x080008ed   Thumb Code    20  stm32f4xx_hal_rcc.o(i.HAL_RCC_GetPCLK1Freq)
    HAL_RCC_GetPCLK2Freq                     0x0800090d   Thumb Code    20  stm32f4xx_hal_rcc.o(i.HAL_RCC_GetPCLK2Freq)
    HAL_RCC_GetSysClockFreq                  0x0800092d   Thumb Code    88  stm32f4xx_hal_rcc.o(i.HAL_RCC_GetSysClockFreq)
    HAL_RCC_OscConfig                        0x08000991   Thumb Code   820  stm32f4xx_hal_rcc.o(i.HAL_RCC_OscConfig)
    HAL_TIMEx_BreakCallback                  0x08000cdd   Thumb Code     2  stm32f4xx_hal_tim_ex.o(i.HAL_TIMEx_BreakCallback)
    HAL_TIMEx_CommutCallback                 0x08000cdf   Thumb Code     2  stm32f4xx_hal_tim_ex.o(i.HAL_TIMEx_CommutCallback)
    HAL_TIMEx_MasterConfigSynchronization    0x08000ce1   Thumb Code   116  stm32f4xx_hal_tim_ex.o(i.HAL_TIMEx_MasterConfigSynchronization)
    HAL_TIM_Base_Init                        0x08000d71   Thumb Code    54  stm32f4xx_hal_tim.o(i.HAL_TIM_Base_Init)
    HAL_TIM_Base_MspInit                     0x08000da9   Thumb Code    50  stm32f4xx_hal_msp.o(i.HAL_TIM_Base_MspInit)
    HAL_TIM_Base_Start_IT                    0x08000de5   Thumb Code    34  stm32f4xx_hal_tim.o(i.HAL_TIM_Base_Start_IT)
    HAL_TIM_IC_CaptureCallback               0x08000e07   Thumb Code     2  stm32f4xx_hal_tim.o(i.HAL_TIM_IC_CaptureCallback)
    HAL_TIM_IRQHandler                       0x08000e09   Thumb Code   358  stm32f4xx_hal_tim.o(i.HAL_TIM_IRQHandler)
    HAL_TIM_OC_DelayElapsedCallback          0x08000f6f   Thumb Code     2  stm32f4xx_hal_tim.o(i.HAL_TIM_OC_DelayElapsedCallback)
    HAL_TIM_PWM_PulseFinishedCallback        0x08000f71   Thumb Code     2  stm32f4xx_hal_tim.o(i.HAL_TIM_PWM_PulseFinishedCallback)
    HAL_TIM_PeriodElapsedCallback            0x08000f75   Thumb Code    14  main.o(i.HAL_TIM_PeriodElapsedCallback)
    HAL_TIM_TriggerCallback                  0x08000f89   Thumb Code     2  stm32f4xx_hal_tim.o(i.HAL_TIM_TriggerCallback)
    HAL_UART_ErrorCallback                   0x08000f8b   Thumb Code     2  stm32f4xx_hal_uart.o(i.HAL_UART_ErrorCallback)
    HAL_UART_IRQHandler                      0x08000f8d   Thumb Code   270  stm32f4xx_hal_uart.o(i.HAL_UART_IRQHandler)
    HAL_UART_Init                            0x080010a1   Thumb Code    98  stm32f4xx_hal_uart.o(i.HAL_UART_Init)
    HAL_UART_MspInit                         0x08001105   Thumb Code   384  stm32f4xx_hal_msp.o(i.HAL_UART_MspInit)
    HAL_UART_RxCpltCallback                  0x080012a9   Thumb Code     2  stm32f4xx_hal_uart.o(i.HAL_UART_RxCpltCallback)
    HAL_UART_Transmit                        0x080012ab   Thumb Code   186  stm32f4xx_hal_uart.o(i.HAL_UART_Transmit)
    HAL_UART_TxCpltCallback                  0x08001365   Thumb Code     2  stm32f4xx_hal_uart.o(i.HAL_UART_TxCpltCallback)
    ModbusRTUTask                            0x0800146d   Thumb Code    84  mdtask.o(i.ModbusRTUTask)
    ModbusTestTask                           0x080014c5   Thumb Code    50  mdtask.o(i.ModbusTestTask)
    StartDefaultTask                         0x0800153d   Thumb Code    28  main.o(i.StartDefaultTask)
    StartMdTask                              0x0800155d   Thumb Code    28  main.o(i.StartMdTask)
    SysTick_Handler                          0x0800157d   Thumb Code    38  port.o(i.SysTick_Handler)
    SystemClock_Config                       0x080015a9   Thumb Code   110  main.o(i.SystemClock_Config)
    SystemInit                               0x08001621   Thumb Code    66  system_stm32f4xx.o(i.SystemInit)
    TIM1_UP_TIM10_IRQHandler                 0x08001675   Thumb Code     6  stm32f4xx_it.o(i.TIM1_UP_TIM10_IRQHandler)
    TIM7_IRQHandler                          0x08001681   Thumb Code    30  stm32f4xx_it.o(i.TIM7_IRQHandler)
    TIM_Base_SetConfig                       0x080016a5   Thumb Code   156  stm32f4xx_hal_tim.o(i.TIM_Base_SetConfig)
    UART4_IRQHandler                         0x0800176d   Thumb Code    82  stm32f4xx_it.o(i.UART4_IRQHandler)
    UARTHandleSwitch                         0x080017d1   Thumb Code    32  portserial_m.o(i.UARTHandleSwitch)
    USART2_IRQHandler                        0x08001aad   Thumb Code    78  stm32f4xx_it.o(i.USART2_IRQHandler)
    USART3_IRQHandler                        0x08001b09   Thumb Code    78  stm32f4xx_it.o(i.USART3_IRQHandler)
    USART6_IRQHandler                        0x08001b65   Thumb Code    78  stm32f4xx_it.o(i.USART6_IRQHandler)
    __0printf$bare                           0x08001bc1   Thumb Code     8  printfb.o(i.__0printf$bare)
    __1printf$bare                           0x08001bc1   Thumb Code     0  printfb.o(i.__0printf$bare)
    __2printf                                0x08001bc1   Thumb Code     0  printfb.o(i.__0printf$bare)
    __scatterload_copy                       0x08001bf1   Thumb Code    14  handlers.o(i.__scatterload_copy)
    __scatterload_null                       0x08001bff   Thumb Code     2  handlers.o(i.__scatterload_null)
    __scatterload_zeroinit                   0x08001c01   Thumb Code    14  handlers.o(i.__scatterload_zeroinit)
    eMBMasterEnable                          0x08001c31   Thumb Code    32  mb_m.o(i.eMBMasterEnable)
    eMBMasterFuncReadHoldingRegister         0x08001c55   Thumb Code    94  mbfuncholding_m.o(i.eMBMasterFuncReadHoldingRegister)
    eMBMasterFuncWriteHoldingRegister        0x08001cb3   Thumb Code    56  mbfuncholding_m.o(i.eMBMasterFuncWriteHoldingRegister)
    eMBMasterInit                            0x08001ced   Thumb Code    82  mb_m.o(i.eMBMasterInit)
    eMBMasterPoll                            0x08001d61   Thumb Code   330  mb_m.o(i.eMBMasterPoll)
    eMBMasterRTUInit                         0x08001eb5   Thumb Code    56  mbrtu_m.o(i.eMBMasterRTUInit)
    eMBMasterRTUReceive                      0x08001ef1   Thumb Code    90  mbrtu_m.o(i.eMBMasterRTUReceive)
    eMBMasterRTUSend                         0x08001f55   Thumb Code   126  mbrtu_m.o(i.eMBMasterRTUSend)
    eMBMasterRTUStart                        0x08001fe1   Thumb Code    32  mbrtu_m.o(i.eMBMasterRTUStart)
    eMBMasterRTUStop                         0x08002005   Thumb Code    24  mbrtu_m.o(i.eMBMasterRTUStop)
    eMBMasterRegHoldingCB                    0x0800201d   Thumb Code   102  mb_app_m.o(i.eMBMasterRegHoldingCB)
    eMBMasterReqWriteHoldingRegister         0x0800208d   Thumb Code    88  mbfuncholding_m.o(i.eMBMasterReqWriteHoldingRegister)
    eMBMasterWaitRequestFinish               0x080020e5   Thumb Code    70  portevent_m.o(i.eMBMasterWaitRequestFinish)
    fputc                                    0x0800212d   Thumb Code    20  main.o(i.fputc)
    main                                     0x08002151   Thumb Code   304  main.o(i.main)
    osDelay                                  0x080022cd   Thumb Code    14  cmsis_os.o(i.osDelay)
    osKernelStart                            0x080022db   Thumb Code    10  cmsis_os.o(i.osKernelStart)
    osThreadCreate                           0x080022e5   Thumb Code    84  cmsis_os.o(i.osThreadCreate)
    osTimerCreate                            0x08002339   Thumb Code    54  cmsis_os.o(i.osTimerCreate)
    osTimerStart                             0x08002375   Thumb Code    90  cmsis_os.o(i.osTimerStart)
    prveMBError2Exception                    0x08002b43   Thumb Code    24  mbutils.o(i.prveMBError2Exception)
    prvvMasterTIMERExpiredISR                0x08002b5d   Thumb Code    58  porttimer_m.o(i.prvvMasterTIMERExpiredISR)
    pvPortMalloc                             0x08002ba1   Thumb Code   210  heap_4.o(i.pvPortMalloc)
    pxPortInitialiseStack                    0x08002c79   Thumb Code    40  port.o(i.pxPortInitialiseStack)
    ucMBMasterGetDestAddress                 0x08002ca5   Thumb Code     6  mb_m.o(i.ucMBMasterGetDestAddress)
    usMBCRC16                                0x08002cb1   Thumb Code    38  mbcrc.o(i.usMBCRC16)
    usMBMasterGetPDUSndLength                0x08002cdd   Thumb Code     8  mbrtu_m.o(i.usMBMasterGetPDUSndLength)
    uxListRemove                             0x08002ce9   Thumb Code    38  list.o(i.uxListRemove)
    vApplicationGetIdleTaskMemory            0x08002d11   Thumb Code    16  freertos.o(i.vApplicationGetIdleTaskMemory)
    vApplicationGetTimerTaskMemory           0x08002d25   Thumb Code    18  freertos.o(i.vApplicationGetTimerTaskMemory)
    vListInitialise                          0x08002d3d   Thumb Code    22  list.o(i.vListInitialise)
    vListInitialiseItem                      0x08002d53   Thumb Code     6  list.o(i.vListInitialiseItem)
    vListInsert                              0x08002d59   Thumb Code    48  list.o(i.vListInsert)
    vListInsertEnd                           0x08002d89   Thumb Code    24  list.o(i.vListInsertEnd)
    vMBMasterCBRequestScuuess                0x08002da1   Thumb Code     6  portevent_m.o(i.vMBMasterCBRequestScuuess)
    vMBMasterGetPDUSndBuf                    0x08002da9   Thumb Code    12  mbrtu_m.o(i.vMBMasterGetPDUSndBuf)
    vMBMasterOsResInit                       0x08002db9   Thumb Code     8  portevent_m.o(i.vMBMasterOsResInit)
    vMBMasterPortSerialEnable                0x08002dc5   Thumb Code    98  portserial_m.o(i.vMBMasterPortSerialEnable)
    vMBMasterPortTimersConvertDelayEnable    0x08002e31   Thumb Code    34  porttimer_m.o(i.vMBMasterPortTimersConvertDelayEnable)
    vMBMasterPortTimersDisable               0x08002e59   Thumb Code    10  porttimer_m.o(i.vMBMasterPortTimersDisable)
    vMBMasterPortTimersRespondTimeoutEnable  0x08002e69   Thumb Code    34  porttimer_m.o(i.vMBMasterPortTimersRespondTimeoutEnable)
    vMBMasterPortTimersT35Enable             0x08002e91   Thumb Code    30  porttimer_m.o(i.vMBMasterPortTimersT35Enable)
    vMBMasterRunResRelease                   0x08002eb5   Thumb Code     8  portevent_m.o(i.vMBMasterRunResRelease)
    vMBMasterSetCurTimerMode                 0x08002ec1   Thumb Code     6  mbrtu_m.o(i.vMBMasterSetCurTimerMode)
    vMBMasterSetDestAddress                  0x08002ecd   Thumb Code     6  mb_m.o(i.vMBMasterSetDestAddress)
    vMBMasterSetErrorType                    0x08002ed9   Thumb Code     6  mb_m.o(i.vMBMasterSetErrorType)
    vMBMasterSetPDUSndLength                 0x08002ee5   Thumb Code     8  mbrtu_m.o(i.vMBMasterSetPDUSndLength)
    vPortEnterCritical                       0x08002ef1   Thumb Code    54  port.o(i.vPortEnterCritical)
    vPortExitCritical                        0x08002f31   Thumb Code    34  port.o(i.vPortExitCritical)
    vPortFree                                0x08002f59   Thumb Code    88  heap_4.o(i.vPortFree)
    vPortSetupTimerInterrupt                 0x08002fb5   Thumb Code    32  port.o(i.vPortSetupTimerInterrupt)
    vPortValidateInterruptPriority           0x08002fd9   Thumb Code    74  port.o(i.vPortValidateInterruptPriority)
    vQueueAddToRegistry                      0x0800302d   Thumb Code    32  queue.o(i.vQueueAddToRegistry)
    vQueueWaitForMessageRestricted           0x08003051   Thumb Code    68  queue.o(i.vQueueWaitForMessageRestricted)
    vTaskDelay                               0x08003095   Thumb Code    66  tasks.o(i.vTaskDelay)
    vTaskInternalSetTimeOutState             0x080030e1   Thumb Code    12  tasks.o(i.vTaskInternalSetTimeOutState)
    vTaskMissedYield                         0x080030f1   Thumb Code     8  tasks.o(i.vTaskMissedYield)
    vTaskPlaceOnEventList                    0x080030fd   Thumb Code    44  tasks.o(i.vTaskPlaceOnEventList)
    vTaskPlaceOnEventListRestricted          0x0800312d   Thumb Code    52  tasks.o(i.vTaskPlaceOnEventListRestricted)
    vTaskStartScheduler                      0x08003165   Thumb Code   116  tasks.o(i.vTaskStartScheduler)
    vTaskSuspendAll                          0x080031e9   Thumb Code    10  tasks.o(i.vTaskSuspendAll)
    vTaskSwitchContext                       0x080031f9   Thumb Code    82  tasks.o(i.vTaskSwitchContext)
    xMBMasterPortEventGet                    0x08003255   Thumb Code    30  portevent_m.o(i.xMBMasterPortEventGet)
    xMBMasterPortEventInit                   0x08003279   Thumb Code    20  portevent_m.o(i.xMBMasterPortEventInit)
    xMBMasterPortEventPost                   0x08003291   Thumb Code    18  portevent_m.o(i.xMBMasterPortEventPost)
    xMBMasterPortSerialGetByte               0x080032a9   Thumb Code    22  portserial_m.o(i.xMBMasterPortSerialGetByte)
    xMBMasterPortSerialInit                  0x080032c5   Thumb Code     4  portserial_m.o(i.xMBMasterPortSerialInit)
    xMBMasterPortSerialPutByte               0x080032c9   Thumb Code    30  portserial_m.o(i.xMBMasterPortSerialPutByte)
    xMBMasterPortTimersInit                  0x080032ed   Thumb Code    68  porttimer_m.o(i.xMBMasterPortTimersInit)
    xMBMasterRTUReceiveFSM                   0x08003341   Thumb Code   130  mbrtu_m.o(i.xMBMasterRTUReceiveFSM)
    xMBMasterRTUTimerExpired                 0x080033cd   Thumb Code   124  mbrtu_m.o(i.xMBMasterRTUTimerExpired)
    xMBMasterRTUTransmitFSM                  0x0800344d   Thumb Code   138  mbrtu_m.o(i.xMBMasterRTUTransmitFSM)
    xMBMasterRequestIsBroadcast              0x080034e5   Thumb Code     6  mbrtu_m.o(i.xMBMasterRequestIsBroadcast)
    xMBMasterRunResTake                      0x080034f1   Thumb Code    18  portevent_m.o(i.xMBMasterRunResTake)
    xPortStartScheduler                      0x08003509   Thumb Code   224  port.o(i.xPortStartScheduler)
    xQueueGenericCreateStatic                0x080035fd   Thumb Code   102  queue.o(i.xQueueGenericCreateStatic)
    xQueueGenericReset                       0x08003665   Thumb Code   132  queue.o(i.xQueueGenericReset)
    xQueueGenericSend                        0x080036ed   Thumb Code   350  queue.o(i.xQueueGenericSend)
    xQueueGenericSendFromISR                 0x08003851   Thumb Code   188  queue.o(i.xQueueGenericSendFromISR)
    xQueueReceive                            0x0800390d   Thumb Code   308  queue.o(i.xQueueReceive)
    xTaskCheckForTimeOut                     0x08003a45   Thumb Code   112  tasks.o(i.xTaskCheckForTimeOut)
    xTaskCreate                              0x08003ab9   Thumb Code    90  tasks.o(i.xTaskCreate)
    xTaskCreateStatic                        0x08003b13   Thumb Code    90  tasks.o(i.xTaskCreateStatic)
    xTaskGetSchedulerState                   0x08003b6d   Thumb Code    22  tasks.o(i.xTaskGetSchedulerState)
    xTaskGetTickCount                        0x08003b89   Thumb Code     6  tasks.o(i.xTaskGetTickCount)
    xTaskIncrementTick                       0x08003b95   Thumb Code   192  tasks.o(i.xTaskIncrementTick)
    xTaskPriorityDisinherit                  0x08003c5d   Thumb Code   144  tasks.o(i.xTaskPriorityDisinherit)
    xTaskRemoveFromEventList                 0x08003cf5   Thumb Code   108  tasks.o(i.xTaskRemoveFromEventList)
    xTaskResumeAll                           0x08003d69   Thumb Code   182  tasks.o(i.xTaskResumeAll)
    xTimerCreate                             0x08003e2d   Thumb Code    52  timers.o(i.xTimerCreate)
    xTimerCreateStatic                       0x08003e61   Thumb Code    46  timers.o(i.xTimerCreateStatic)
    xTimerCreateTimerTask                    0x08003e91   Thumb Code    78  timers.o(i.xTimerCreateTimerTask)
    xTimerGenericCommand                     0x08003ef1   Thumb Code    88  timers.o(i.xTimerGenericCommand)
    AHBPrescTable                            0x08003fc4   Data          16  system_stm32f4xx.o(.constdata)
    APBPrescTable                            0x08003fd4   Data           8  system_stm32f4xx.o(.constdata)
    Region$$Table$$Base                      0x08004214   Number         0  anon$$obj.o(Region$$Table)
    Region$$Table$$Limit                     0x08004234   Number         0  anon$$obj.o(Region$$Table)
    defaultTaskHandle                        0x20000000   Data           4  main.o(.data)
    appMdTaskHandle                          0x20000004   Data           4  main.o(.data)
    myTimer01Handle                          0x20000008   Data           4  main.o(.data)
    pxCurrentTCB                             0x2000000c   Data           4  tasks.o(.data)
    SystemCoreClock                          0x20000080   Data           4  system_stm32f4xx.o(.data)
    uwTickFreq                               0x20000084   Data           1  stm32f4xx_hal.o(.data)
    uwTickPrio                               0x20000088   Data           4  stm32f4xx_hal.o(.data)
    uwTick                                   0x2000008c   Data           4  stm32f4xx_hal.o(.data)
    pxMBMasterFrameCBByteReceived            0x200000c0   Data           4  mb_m.o(.data)
    pxMBMasterFrameCBTransmitterEmpty        0x200000c4   Data           4  mb_m.o(.data)
    pxMBMasterPortCBTimerExpired             0x200000c8   Data           4  mb_m.o(.data)
    phuart                                   0x20000164   Data           4  portserial_m.o(.data)
    timeout                                  0x20000168   Data           2  porttimer_m.o(.data)
    TimerExpired                             0x2000016a   Data          16  porttimer_m.o(.data)
    usMasterSendPDULength                    0x2000018a   Data           8  mbrtu_m.o(.data)
    usMRegHoldStart                          0x200001a2   Data           2  mb_app_m.o(.data)
    __stdout                                 0x200001a4   Data           4  stdout.o(.data)
    htim7                                    0x200001b8   Data          64  main.o(.bss)
    huart4                                   0x200001f8   Data          64  main.o(.bss)
    huart1                                   0x20000238   Data          64  main.o(.bss)
    huart2                                   0x20000278   Data          64  main.o(.bss)
    huart3                                   0x200002b8   Data          64  main.o(.bss)
    huart6                                   0x200002f8   Data          64  main.o(.bss)
    htim1                                    0x200009e0   Data          64  stm32f4xx_hal_timebase_tim.o(.bss)
    xQueueRegistry                           0x20000a20   Data          64  queue.o(.bss)
    ucMasterRTUSndBuf                        0x20004848   Data        1024  mbrtu_m.o(.bss)
    ucMasterRTURcvBuf                        0x20004c48   Data        1024  mbrtu_m.o(.bss)
    usMRegHoldBuf                            0x20005058   Data        1280  mb_app_m.o(.bss)
    __initial_sp                             0x20005958   Data           0  startup_stm32f407xx.o(STACK)



==============================================================================

Memory Map of the image

  Image Entry point : 0x08000189

  Load Region LR_IROM1 (Base: 0x08000000, Size: 0x000043dc, Max: 0x00100000, ABSOLUTE, COMPRESSED[0x00004258])

    Execution Region ER_IROM1 (Exec base: 0x08000000, Load base: 0x08000000, Size: 0x00004234, Max: 0x00100000, ABSOLUTE)

    Exec Addr    Load Addr    Size         Type   Attr      Idx    E Section Name        Object

    0x08000000   0x08000000   0x00000188   Data   RO         4302    RESET               startup_stm32f407xx.o
    0x08000188   0x08000188   0x00000000   Code   RO         4996  * .ARM.Collect$$$$00000000  mc_w.l(entry.o)
    0x08000188   0x08000188   0x00000004   Code   RO         5271    .ARM.Collect$$$$00000001  mc_w.l(entry2.o)
    0x0800018c   0x0800018c   0x00000004   Code   RO         5274    .ARM.Collect$$$$00000004  mc_w.l(entry5.o)
    0x08000190   0x08000190   0x00000000   Code   RO         5276    .ARM.Collect$$$$00000008  mc_w.l(entry7b.o)
    0x08000190   0x08000190   0x00000000   Code   RO         5278    .ARM.Collect$$$$0000000A  mc_w.l(entry8b.o)
    0x08000190   0x08000190   0x00000008   Code   RO         5279    .ARM.Collect$$$$0000000B  mc_w.l(entry9a.o)
    0x08000198   0x08000198   0x00000000   Code   RO         5281    .ARM.Collect$$$$0000000D  mc_w.l(entry10a.o)
    0x08000198   0x08000198   0x00000000   Code   RO         5283    .ARM.Collect$$$$0000000F  mc_w.l(entry11a.o)
    0x08000198   0x08000198   0x00000004   Code   RO         5272    .ARM.Collect$$$$00002712  mc_w.l(entry2.o)
    0x0800019c   0x0800019c   0x000000be   Code   RO         1799    .emb_text           port.o
    0x0800025a   0x0800025a   0x00000002   PAD
    0x0800025c   0x0800025c   0x00000024   Code   RO         4303    .text               startup_stm32f407xx.o
    0x08000280   0x08000280   0x00000062   Code   RO         4999    .text               mc_w.l(uldiv.o)
    0x080002e2   0x080002e2   0x00000024   Code   RO         5003    .text               mc_w.l(memcpya.o)
    0x08000306   0x08000306   0x00000024   Code   RO         5007    .text               mc_w.l(memseta.o)
    0x0800032a   0x0800032a   0x0000001e   Code   RO         5288    .text               mc_w.l(llshl.o)
    0x08000348   0x08000348   0x00000020   Code   RO         5290    .text               mc_w.l(llushr.o)
    0x08000368   0x08000368   0x00000024   Code   RO         5303    .text               mc_w.l(init.o)
    0x0800038c   0x0800038c   0x00000056   Code   RO         5317    .text               mc_w.l(__dczerorl2.o)
    0x080003e2   0x080003e2   0x00000004   Code   RO          226    i.Callback01        main.o
    0x080003e6   0x080003e6   0x00000024   Code   RO         3634    i.HAL_DMA_Abort_IT  stm32f4xx_hal_dma.o
    0x0800040a   0x0800040a   0x00000002   PAD
    0x0800040c   0x0800040c   0x00000024   Code   RO         4052    i.HAL_Delay         stm32f4xx_hal.o
    0x08000430   0x08000430   0x000001b4   Code   RO         3526    i.HAL_GPIO_Init     stm32f4xx_hal_gpio.o
    0x080005e4   0x080005e4   0x0000000e   Code   RO         3529    i.HAL_GPIO_TogglePin  stm32f4xx_hal_gpio.o
    0x080005f2   0x080005f2   0x0000000a   Code   RO         3530    i.HAL_GPIO_WritePin  stm32f4xx_hal_gpio.o
    0x080005fc   0x080005fc   0x0000000c   Code   RO         4058    i.HAL_GetTick       stm32f4xx_hal.o
    0x08000608   0x08000608   0x00000010   Code   RO         4064    i.HAL_IncTick       stm32f4xx_hal.o
    0x08000618   0x08000618   0x00000034   Code   RO         4065    i.HAL_Init          stm32f4xx_hal.o
    0x0800064c   0x0800064c   0x00000074   Code   RO          452    i.HAL_InitTick      stm32f4xx_hal_timebase_tim.o
    0x080006c0   0x080006c0   0x00000038   Code   RO          404    i.HAL_MspInit       stm32f4xx_hal_msp.o
    0x080006f8   0x080006f8   0x0000001a   Code   RO         3915    i.HAL_NVIC_EnableIRQ  stm32f4xx_hal_cortex.o
    0x08000712   0x08000712   0x00000002   PAD
    0x08000714   0x08000714   0x00000040   Code   RO         3921    i.HAL_NVIC_SetPriority  stm32f4xx_hal_cortex.o
    0x08000754   0x08000754   0x00000024   Code   RO         3922    i.HAL_NVIC_SetPriorityGrouping  stm32f4xx_hal_cortex.o
    0x08000778   0x08000778   0x00000134   Code   RO         3172    i.HAL_RCC_ClockConfig  stm32f4xx_hal_rcc.o
    0x080008ac   0x080008ac   0x00000040   Code   RO         3176    i.HAL_RCC_GetClockConfig  stm32f4xx_hal_rcc.o
    0x080008ec   0x080008ec   0x00000020   Code   RO         3179    i.HAL_RCC_GetPCLK1Freq  stm32f4xx_hal_rcc.o
    0x0800090c   0x0800090c   0x00000020   Code   RO         3180    i.HAL_RCC_GetPCLK2Freq  stm32f4xx_hal_rcc.o
    0x0800092c   0x0800092c   0x00000064   Code   RO         3181    i.HAL_RCC_GetSysClockFreq  stm32f4xx_hal_rcc.o
    0x08000990   0x08000990   0x0000034c   Code   RO         3184    i.HAL_RCC_OscConfig  stm32f4xx_hal_rcc.o
    0x08000cdc   0x08000cdc   0x00000002   Code   RO         2594    i.HAL_TIMEx_BreakCallback  stm32f4xx_hal_tim_ex.o
    0x08000cde   0x08000cde   0x00000002   Code   RO         2595    i.HAL_TIMEx_CommutCallback  stm32f4xx_hal_tim_ex.o
    0x08000ce0   0x08000ce0   0x00000090   Code   RO         2612    i.HAL_TIMEx_MasterConfigSynchronization  stm32f4xx_hal_tim_ex.o
    0x08000d70   0x08000d70   0x00000036   Code   RO         1919    i.HAL_TIM_Base_Init  stm32f4xx_hal_tim.o
    0x08000da6   0x08000da6   0x00000002   PAD
    0x08000da8   0x08000da8   0x0000003c   Code   RO          406    i.HAL_TIM_Base_MspInit  stm32f4xx_hal_msp.o
    0x08000de4   0x08000de4   0x00000022   Code   RO         1924    i.HAL_TIM_Base_Start_IT  stm32f4xx_hal_tim.o
    0x08000e06   0x08000e06   0x00000002   Code   RO         1948    i.HAL_TIM_IC_CaptureCallback  stm32f4xx_hal_tim.o
    0x08000e08   0x08000e08   0x00000166   Code   RO         1962    i.HAL_TIM_IRQHandler  stm32f4xx_hal_tim.o
    0x08000f6e   0x08000f6e   0x00000002   Code   RO         1965    i.HAL_TIM_OC_DelayElapsedCallback  stm32f4xx_hal_tim.o
    0x08000f70   0x08000f70   0x00000002   Code   RO         1992    i.HAL_TIM_PWM_PulseFinishedCallback  stm32f4xx_hal_tim.o
    0x08000f72   0x08000f72   0x00000002   PAD
    0x08000f74   0x08000f74   0x00000014   Code   RO          228    i.HAL_TIM_PeriodElapsedCallback  main.o
    0x08000f88   0x08000f88   0x00000002   Code   RO         2005    i.HAL_TIM_TriggerCallback  stm32f4xx_hal_tim.o
    0x08000f8a   0x08000f8a   0x00000002   Code   RO         2866    i.HAL_UART_ErrorCallback  stm32f4xx_hal_uart.o
    0x08000f8c   0x08000f8c   0x00000114   Code   RO         2869    i.HAL_UART_IRQHandler  stm32f4xx_hal_uart.o
    0x080010a0   0x080010a0   0x00000062   Code   RO         2870    i.HAL_UART_Init     stm32f4xx_hal_uart.o
    0x08001102   0x08001102   0x00000002   PAD
    0x08001104   0x08001104   0x000001a4   Code   RO          408    i.HAL_UART_MspInit  stm32f4xx_hal_msp.o
    0x080012a8   0x080012a8   0x00000002   Code   RO         2876    i.HAL_UART_RxCpltCallback  stm32f4xx_hal_uart.o
    0x080012aa   0x080012aa   0x000000ba   Code   RO         2878    i.HAL_UART_Transmit  stm32f4xx_hal_uart.o
    0x08001364   0x08001364   0x00000002   Code   RO         2881    i.HAL_UART_TxCpltCallback  stm32f4xx_hal_uart.o
    0x08001366   0x08001366   0x00000002   PAD
    0x08001368   0x08001368   0x00000104   Code   RO          229    i.MX_GPIO_Init      main.o
    0x0800146c   0x0800146c   0x00000058   Code   RO            4    i.ModbusRTUTask     mdtask.o
    0x080014c4   0x080014c4   0x00000078   Code   RO            5    i.ModbusTestTask    mdtask.o
    0x0800153c   0x0800153c   0x00000020   Code   RO          230    i.StartDefaultTask  main.o
    0x0800155c   0x0800155c   0x00000020   Code   RO          231    i.StartMdTask       main.o
    0x0800157c   0x0800157c   0x0000002c   Code   RO         1800    i.SysTick_Handler   port.o
    0x080015a8   0x080015a8   0x00000078   Code   RO          232    i.SystemClock_Config  main.o
    0x08001620   0x08001620   0x00000054   Code   RO         1880    i.SystemInit        system_stm32f4xx.o
    0x08001674   0x08001674   0x0000000c   Code   RO          346    i.TIM1_UP_TIM10_IRQHandler  stm32f4xx_it.o
    0x08001680   0x08001680   0x00000024   Code   RO          347    i.TIM7_IRQHandler   stm32f4xx_it.o
    0x080016a4   0x080016a4   0x000000c8   Code   RO         2007    i.TIM_Base_SetConfig  stm32f4xx_hal_tim.o
    0x0800176c   0x0800176c   0x00000064   Code   RO          348    i.UART4_IRQHandler  stm32f4xx_it.o
    0x080017d0   0x080017d0   0x0000002c   Code   RO         4719    i.UARTHandleSwitch  portserial_m.o
    0x080017fc   0x080017fc   0x00000010   Code   RO         2883    i.UART_DMAAbortOnError  stm32f4xx_hal_uart.o
    0x0800180c   0x0800180c   0x0000001c   Code   RO         2893    i.UART_EndRxTransfer  stm32f4xx_hal_uart.o
    0x08001828   0x08001828   0x00000096   Code   RO         2895    i.UART_Receive_IT   stm32f4xx_hal_uart.o
    0x080018be   0x080018be   0x00000002   PAD
    0x080018c0   0x080018c0   0x00000128   Code   RO         2896    i.UART_SetConfig    stm32f4xx_hal_uart.o
    0x080019e8   0x080019e8   0x00000062   Code   RO         2897    i.UART_Transmit_IT  stm32f4xx_hal_uart.o
    0x08001a4a   0x08001a4a   0x00000062   Code   RO         2898    i.UART_WaitOnFlagUntilTimeout  stm32f4xx_hal_uart.o
    0x08001aac   0x08001aac   0x0000005c   Code   RO          349    i.USART2_IRQHandler  stm32f4xx_it.o
    0x08001b08   0x08001b08   0x0000005c   Code   RO          350    i.USART3_IRQHandler  stm32f4xx_it.o
    0x08001b64   0x08001b64   0x0000005c   Code   RO          351    i.USART6_IRQHandler  stm32f4xx_it.o
    0x08001bc0   0x08001bc0   0x00000010   Code   RO         5012    i.__0printf$bare    mc_w.l(printfb.o)
    0x08001bd0   0x08001bd0   0x00000020   Code   RO         3928    i.__NVIC_SetPriority  stm32f4xx_hal_cortex.o
    0x08001bf0   0x08001bf0   0x0000000e   Code   RO         5311    i.__scatterload_copy  mc_w.l(handlers.o)
    0x08001bfe   0x08001bfe   0x00000002   Code   RO         5312    i.__scatterload_null  mc_w.l(handlers.o)
    0x08001c00   0x08001c00   0x0000000e   Code   RO         5313    i.__scatterload_zeroinit  mc_w.l(handlers.o)
    0x08001c0e   0x08001c0e   0x00000022   Code   RO         5019    i._printf_core      mc_w.l(printfb.o)
    0x08001c30   0x08001c30   0x00000024   Code   RO         4416    i.eMBMasterEnable   mb_m.o
    0x08001c54   0x08001c54   0x0000005e   Code   RO         4553    i.eMBMasterFuncReadHoldingRegister  mbfuncholding_m.o
    0x08001cb2   0x08001cb2   0x00000038   Code   RO         4554    i.eMBMasterFuncWriteHoldingRegister  mbfuncholding_m.o
    0x08001cea   0x08001cea   0x00000002   PAD
    0x08001cec   0x08001cec   0x00000074   Code   RO         4418    i.eMBMasterInit     mb_m.o
    0x08001d60   0x08001d60   0x00000154   Code   RO         4420    i.eMBMasterPoll     mb_m.o
    0x08001eb4   0x08001eb4   0x0000003c   Code   RO         4856    i.eMBMasterRTUInit  mbrtu_m.o
    0x08001ef0   0x08001ef0   0x00000064   Code   RO         4857    i.eMBMasterRTUReceive  mbrtu_m.o
    0x08001f54   0x08001f54   0x0000008c   Code   RO         4858    i.eMBMasterRTUSend  mbrtu_m.o
    0x08001fe0   0x08001fe0   0x00000024   Code   RO         4859    i.eMBMasterRTUStart  mbrtu_m.o
    0x08002004   0x08002004   0x00000018   Code   RO         4860    i.eMBMasterRTUStop  mbrtu_m.o
    0x0800201c   0x0800201c   0x00000070   Code   RO         4968    i.eMBMasterRegHoldingCB  mb_app_m.o
    0x0800208c   0x0800208c   0x00000058   Code   RO         4556    i.eMBMasterReqWriteHoldingRegister  mbfuncholding_m.o
    0x080020e4   0x080020e4   0x00000046   Code   RO         4617    i.eMBMasterWaitRequestFinish  portevent_m.o
    0x0800212a   0x0800212a   0x00000002   PAD
    0x0800212c   0x0800212c   0x00000018   Code   RO          233    i.fputc             main.o
    0x08002144   0x08002144   0x0000000c   Code   RO         1381    i.inHandlerMode     cmsis_os.o
    0x08002150   0x08002150   0x00000170   Code   RO          234    i.main              main.o
    0x080022c0   0x080022c0   0x0000000c   Code   RO         1383    i.makeFreeRtosPriority  cmsis_os.o
    0x080022cc   0x080022cc   0x0000000e   Code   RO         1385    i.osDelay           cmsis_os.o
    0x080022da   0x080022da   0x0000000a   Code   RO         1388    i.osKernelStart     cmsis_os.o
    0x080022e4   0x080022e4   0x00000054   Code   RO         1422    i.osThreadCreate    cmsis_os.o
    0x08002338   0x08002338   0x0000003c   Code   RO         1433    i.osTimerCreate     cmsis_os.o
    0x08002374   0x08002374   0x00000060   Code   RO         1435    i.osTimerStart      cmsis_os.o
    0x080023d4   0x080023d4   0x00000070   Code   RO          953    i.prvAddCurrentTaskToDelayedList  tasks.o
    0x08002444   0x08002444   0x000000d0   Code   RO          954    i.prvAddNewTaskToReadyList  tasks.o
    0x08002514   0x08002514   0x00000058   Code   RO         1252    i.prvCheckForValidListAndQueue  timers.o
    0x0800256c   0x0800256c   0x00000026   Code   RO          632    i.prvCopyDataFromQueue  queue.o
    0x08002592   0x08002592   0x0000006c   Code   RO          633    i.prvCopyDataToQueue  queue.o
    0x080025fe   0x080025fe   0x00000034   Code   RO          955    i.prvDeleteTCB      tasks.o
    0x08002632   0x08002632   0x00000002   PAD
    0x08002634   0x08002634   0x0000004c   Code   RO         1750    i.prvHeapInit       heap_4.o
    0x08002680   0x08002680   0x0000005c   Code   RO          956    i.prvIdleTask       tasks.o
    0x080026dc   0x080026dc   0x00000016   Code   RO          635    i.prvInitialiseNewQueue  queue.o
    0x080026f2   0x080026f2   0x0000008e   Code   RO          957    i.prvInitialiseNewTask  tasks.o
    0x08002780   0x08002780   0x00000044   Code   RO         1253    i.prvInitialiseNewTimer  timers.o
    0x080027c4   0x080027c4   0x0000004c   Code   RO         1751    i.prvInsertBlockIntoFreeList  heap_4.o
    0x08002810   0x08002810   0x00000038   Code   RO         1254    i.prvInsertTimerInActiveList  timers.o
    0x08002848   0x08002848   0x0000001a   Code   RO          636    i.prvIsQueueEmpty   queue.o
    0x08002862   0x08002862   0x00000002   PAD
    0x08002864   0x08002864   0x000000bc   Code   RO         1255    i.prvProcessReceivedCommands  timers.o
    0x08002920   0x08002920   0x000000b4   Code   RO         1256    i.prvProcessTimerOrBlockTask  timers.o
    0x080029d4   0x080029d4   0x00000020   Code   RO          958    i.prvResetNextTaskUnblockTime  tasks.o
    0x080029f4   0x080029f4   0x00000028   Code   RO         1257    i.prvSampleTimeNow  timers.o
    0x08002a1c   0x08002a1c   0x0000006c   Code   RO         1258    i.prvSwitchTimerLists  timers.o
    0x08002a88   0x08002a88   0x00000028   Code   RO         1801    i.prvTaskExitError  port.o
    0x08002ab0   0x08002ab0   0x00000028   Code   RO         1259    i.prvTimerTask      timers.o
    0x08002ad8   0x08002ad8   0x0000006a   Code   RO          637    i.prvUnlockQueue    queue.o
    0x08002b42   0x08002b42   0x00000018   Code   RO         4352    i.prveMBError2Exception  mbutils.o
    0x08002b5a   0x08002b5a   0x00000002   PAD
    0x08002b5c   0x08002b5c   0x00000044   Code   RO         4798    i.prvvMasterTIMERExpiredISR  porttimer_m.o
    0x08002ba0   0x08002ba0   0x000000d8   Code   RO         1752    i.pvPortMalloc      heap_4.o
    0x08002c78   0x08002c78   0x0000002c   Code   RO         1802    i.pxPortInitialiseStack  port.o
    0x08002ca4   0x08002ca4   0x0000000c   Code   RO         4421    i.ucMBMasterGetDestAddress  mb_m.o
    0x08002cb0   0x08002cb0   0x0000002c   Code   RO         4388    i.usMBCRC16         mbcrc.o
    0x08002cdc   0x08002cdc   0x0000000c   Code   RO         4861    i.usMBMasterGetPDUSndLength  mbrtu_m.o
    0x08002ce8   0x08002ce8   0x00000026   Code   RO          592    i.uxListRemove      list.o
    0x08002d0e   0x08002d0e   0x00000002   PAD
    0x08002d10   0x08002d10   0x00000014   Code   RO          306    i.vApplicationGetIdleTaskMemory  freertos.o
    0x08002d24   0x08002d24   0x00000018   Code   RO          307    i.vApplicationGetTimerTaskMemory  freertos.o
    0x08002d3c   0x08002d3c   0x00000016   Code   RO          593    i.vListInitialise   list.o
    0x08002d52   0x08002d52   0x00000006   Code   RO          594    i.vListInitialiseItem  list.o
    0x08002d58   0x08002d58   0x00000030   Code   RO          595    i.vListInsert       list.o
    0x08002d88   0x08002d88   0x00000018   Code   RO          596    i.vListInsertEnd    list.o
    0x08002da0   0x08002da0   0x00000006   Code   RO         4618    i.vMBMasterCBRequestScuuess  portevent_m.o
    0x08002da6   0x08002da6   0x00000002   PAD
    0x08002da8   0x08002da8   0x00000010   Code   RO         4862    i.vMBMasterGetPDUSndBuf  mbrtu_m.o
    0x08002db8   0x08002db8   0x0000000c   Code   RO         4622    i.vMBMasterOsResInit  portevent_m.o
    0x08002dc4   0x08002dc4   0x0000006c   Code   RO         4721    i.vMBMasterPortSerialEnable  portserial_m.o
    0x08002e30   0x08002e30   0x00000028   Code   RO         4831    i.vMBMasterPortTimersConvertDelayEnable  porttimer_m.o
    0x08002e58   0x08002e58   0x00000010   Code   RO         4843    i.vMBMasterPortTimersDisable  porttimer_m.o
    0x08002e68   0x08002e68   0x00000028   Code   RO         4837    i.vMBMasterPortTimersRespondTimeoutEnable  porttimer_m.o
    0x08002e90   0x08002e90   0x00000024   Code   RO         4825    i.vMBMasterPortTimersT35Enable  porttimer_m.o
    0x08002eb4   0x08002eb4   0x0000000c   Code   RO         4623    i.vMBMasterRunResRelease  portevent_m.o
    0x08002ec0   0x08002ec0   0x0000000c   Code   RO         4864    i.vMBMasterSetCurTimerMode  mbrtu_m.o
    0x08002ecc   0x08002ecc   0x0000000c   Code   RO         4423    i.vMBMasterSetDestAddress  mb_m.o
    0x08002ed8   0x08002ed8   0x0000000c   Code   RO         4424    i.vMBMasterSetErrorType  mb_m.o
    0x08002ee4   0x08002ee4   0x0000000c   Code   RO         4865    i.vMBMasterSetPDUSndLength  mbrtu_m.o
    0x08002ef0   0x08002ef0   0x00000040   Code   RO         1804    i.vPortEnterCritical  port.o
    0x08002f30   0x08002f30   0x00000028   Code   RO         1805    i.vPortExitCritical  port.o
    0x08002f58   0x08002f58   0x0000005c   Code   RO         1753    i.vPortFree         heap_4.o
    0x08002fb4   0x08002fb4   0x00000024   Code   RO         1806    i.vPortSetupTimerInterrupt  port.o
    0x08002fd8   0x08002fd8   0x00000054   Code   RO         1807    i.vPortValidateInterruptPriority  port.o
    0x0800302c   0x0800302c   0x00000024   Code   RO          641    i.vQueueAddToRegistry  queue.o
    0x08003050   0x08003050   0x00000044   Code   RO          644    i.vQueueWaitForMessageRestricted  queue.o
    0x08003094   0x08003094   0x0000004c   Code   RO          966    i.vTaskDelay        tasks.o
    0x080030e0   0x080030e0   0x00000010   Code   RO          969    i.vTaskInternalSetTimeOutState  tasks.o
    0x080030f0   0x080030f0   0x0000000c   Code   RO          970    i.vTaskMissedYield  tasks.o
    0x080030fc   0x080030fc   0x00000030   Code   RO          972    i.vTaskPlaceOnEventList  tasks.o
    0x0800312c   0x0800312c   0x00000038   Code   RO          973    i.vTaskPlaceOnEventListRestricted  tasks.o
    0x08003164   0x08003164   0x00000084   Code   RO          980    i.vTaskStartScheduler  tasks.o
    0x080031e8   0x080031e8   0x00000010   Code   RO          982    i.vTaskSuspendAll   tasks.o
    0x080031f8   0x080031f8   0x0000005c   Code   RO          983    i.vTaskSwitchContext  tasks.o
    0x08003254   0x08003254   0x00000024   Code   RO         4624    i.xMBMasterPortEventGet  portevent_m.o
    0x08003278   0x08003278   0x00000018   Code   RO         4625    i.xMBMasterPortEventInit  portevent_m.o
    0x08003290   0x08003290   0x00000018   Code   RO         4626    i.xMBMasterPortEventPost  portevent_m.o
    0x080032a8   0x080032a8   0x0000001c   Code   RO         4768    i.xMBMasterPortSerialGetByte  portserial_m.o
    0x080032c4   0x080032c4   0x00000004   Code   RO         4722    i.xMBMasterPortSerialInit  portserial_m.o
    0x080032c8   0x080032c8   0x00000024   Code   RO         4762    i.xMBMasterPortSerialPutByte  portserial_m.o
    0x080032ec   0x080032ec   0x00000054   Code   RO         4799    i.xMBMasterPortTimersInit  porttimer_m.o
    0x08003340   0x08003340   0x0000008c   Code   RO         4866    i.xMBMasterRTUReceiveFSM  mbrtu_m.o
    0x080033cc   0x080033cc   0x00000080   Code   RO         4867    i.xMBMasterRTUTimerExpired  mbrtu_m.o
    0x0800344c   0x0800344c   0x00000098   Code   RO         4868    i.xMBMasterRTUTransmitFSM  mbrtu_m.o
    0x080034e4   0x080034e4   0x0000000c   Code   RO         4869    i.xMBMasterRequestIsBroadcast  mbrtu_m.o
    0x080034f0   0x080034f0   0x00000018   Code   RO         4627    i.xMBMasterRunResTake  portevent_m.o
    0x08003508   0x08003508   0x000000f4   Code   RO         1808    i.xPortStartScheduler  port.o
    0x080035fc   0x080035fc   0x00000066   Code   RO          648    i.xQueueGenericCreateStatic  queue.o
    0x08003662   0x08003662   0x00000002   PAD
    0x08003664   0x08003664   0x00000088   Code   RO          649    i.xQueueGenericReset  queue.o
    0x080036ec   0x080036ec   0x00000164   Code   RO          650    i.xQueueGenericSend  queue.o
    0x08003850   0x08003850   0x000000bc   Code   RO          651    i.xQueueGenericSendFromISR  queue.o
    0x0800390c   0x0800390c   0x00000138   Code   RO          657    i.xQueueReceive     queue.o
    0x08003a44   0x08003a44   0x00000074   Code   RO          984    i.xTaskCheckForTimeOut  tasks.o
    0x08003ab8   0x08003ab8   0x0000005a   Code   RO          985    i.xTaskCreate       tasks.o
    0x08003b12   0x08003b12   0x0000005a   Code   RO          986    i.xTaskCreateStatic  tasks.o
    0x08003b6c   0x08003b6c   0x0000001c   Code   RO          990    i.xTaskGetSchedulerState  tasks.o
    0x08003b88   0x08003b88   0x0000000c   Code   RO          991    i.xTaskGetTickCount  tasks.o
    0x08003b94   0x08003b94   0x000000c8   Code   RO          993    i.xTaskIncrementTick  tasks.o
    0x08003c5c   0x08003c5c   0x00000098   Code   RO          996    i.xTaskPriorityDisinherit  tasks.o
    0x08003cf4   0x08003cf4   0x00000074   Code   RO          998    i.xTaskRemoveFromEventList  tasks.o
    0x08003d68   0x08003d68   0x000000c4   Code   RO          999    i.xTaskResumeAll    tasks.o
    0x08003e2c   0x08003e2c   0x00000034   Code   RO         1262    i.xTimerCreate      timers.o
    0x08003e60   0x08003e60   0x0000002e   Code   RO         1263    i.xTimerCreateStatic  timers.o
    0x08003e8e   0x08003e8e   0x00000002   PAD
    0x08003e90   0x08003e90   0x00000060   Code   RO         1264    i.xTimerCreateTimerTask  timers.o
    0x08003ef0   0x08003ef0   0x0000005c   Code   RO         1265    i.xTimerGenericCommand  timers.o
    0x08003f4c   0x08003f4c   0x00000078   Data   RO          236    .constdata          main.o
    0x08003fc4   0x08003fc4   0x00000010   Data   RO         1881    .constdata          system_stm32f4xx.o
    0x08003fd4   0x08003fd4   0x00000008   Data   RO         1882    .constdata          system_stm32f4xx.o
    0x08003fdc   0x08003fdc   0x00000200   Data   RO         4389    .constdata          mbcrc.o
    0x080041dc   0x080041dc   0x00000037   Data   RO          237    .conststring        main.o
    0x08004213   0x08004213   0x00000001   PAD
    0x08004214   0x08004214   0x00000020   Data   RO         5309    Region$$Table       anon$$obj.o


    Execution Region RW_IRAM1 (Exec base: 0x20000000, Load base: 0x08004234, Size: 0x00005958, Max: 0x00020000, ABSOLUTE, COMPRESSED[0x00000024])

    Exec Addr    Load Addr    Size         Type   Attr      Idx    E Section Name        Object

    0x20000000   COMPRESSED   0x0000000c   Data   RW          238    .data               main.o
    0x2000000c   COMPRESSED   0x0000003c   Data   RW         1002    .data               tasks.o
    0x20000048   COMPRESSED   0x00000014   Data   RW         1271    .data               timers.o
    0x2000005c   COMPRESSED   0x00000018   Data   RW         1758    .data               heap_4.o
    0x20000074   COMPRESSED   0x0000000c   Data   RW         1809    .data               port.o
    0x20000080   COMPRESSED   0x00000004   Data   RW         1883    .data               system_stm32f4xx.o
    0x20000084   COMPRESSED   0x0000000c   Data   RW         4072    .data               stm32f4xx_hal.o
    0x20000090   COMPRESSED   0x000000c4   Data   RW         4427    .data               mb_m.o
    0x20000154   COMPRESSED   0x00000010   Data   RW         4628    .data               portevent_m.o
    0x20000164   COMPRESSED   0x00000004   Data   RW         4723    .data               portserial_m.o
    0x20000168   COMPRESSED   0x00000012   Data   RW         4800    .data               porttimer_m.o
    0x2000017a   COMPRESSED   0x00000028   Data   RW         4871    .data               mbrtu_m.o
    0x200001a2   COMPRESSED   0x00000002   Data   RW         4970    .data               mb_app_m.o
    0x200001a4   COMPRESSED   0x00000004   Data   RW         5285    .data               mc_w.l(stdout.o)
    0x200001a8        -       0x00000010   Zero   RW           10    .bss                mdtask.o
    0x200001b8        -       0x00000180   Zero   RW          235    .bss                main.o
    0x20000338        -       0x000006a8   Zero   RW          308    .bss                freertos.o
    0x200009e0        -       0x00000040   Zero   RW          455    .bss                stm32f4xx_hal_timebase_tim.o
    0x20000a20        -       0x00000040   Zero   RW          660    .bss                queue.o
    0x20000a60        -       0x000000f0   Zero   RW         1001    .bss                tasks.o
    0x20000b50        -       0x000000e8   Zero   RW         1270    .bss                timers.o
    0x20000c38        -       0x00003c00   Zero   RW         1757    .bss                heap_4.o
    0x20004838        -       0x00000010   Zero   RW         4426    .bss                mb_m.o
    0x20004848        -       0x00000810   Zero   RW         4870    .bss                mbrtu_m.o
    0x20005058        -       0x00000500   Zero   RW         4969    .bss                mb_app_m.o
    0x20005558        -       0x00000400   Zero   RW         4300    STACK               startup_stm32f407xx.o


==============================================================================

Image component sizes


      Code (inc. data)   RO Data    RW Data    ZI Data      Debug   Object Name

       288         12          0          0          0      30256   cmsis_os.o
         0          0          0          0          0      18292   event_groups.o
        44         10          0          0       1704       2105   freertos.o
       460         24          0         24      15360       5131   heap_4.o
       138          0          0          0          0       3822   list.o
       860        114        175         12        384       6719   main.o
       112         10          0          2       1280       1948   mb_app_m.o
       528         66          0        196         16       8448   mb_m.o
        44          6        512          0          0       1476   mbcrc.o
       238          0          0          0          0       5306   mbfuncholding_m.o
         0          0          0          0          0        676   mbfuncinput.o
       844         84          0         40       2064      11541   mbrtu_m.o
        24          0          0          0          0        732   mbutils.o
       208         74          0          0         16     725251   mdtask.o
       786         80          0         12          0      12493   port.o
       208         30          0         16          0       6633   portevent_m.o
       220         34          0          4          0       7142   portserial_m.o
       284         50          0         18          0       5027   porttimer_m.o
      1498         18          0          0         64      15380   queue.o
        36          8        392          0       1024        852   startup_stm32f407xx.o
       116         18          0         12          0       9038   stm32f4xx_hal.o
       158         14          0          0          0      33354   stm32f4xx_hal_cortex.o
        36          0          0          0          0       1307   stm32f4xx_hal_dma.o
       460         46          0          0          0       3325   stm32f4xx_hal_gpio.o
       536         50          0          0          0       2864   stm32f4xx_hal_msp.o
      1380         90          0          0          0       6349   stm32f4xx_hal_rcc.o
       654         44          0          0          0       7281   stm32f4xx_hal_tim.o
       148         28          0          0          0       2725   stm32f4xx_hal_tim_ex.o
       116         16          0          0         64       1535   stm32f4xx_hal_timebase_tim.o
      1252         14          0          0          0      10211   stm32f4xx_hal_uart.o
       424         72          0          0          0       4754   stm32f4xx_it.o
         0          0          0          0          0        392   stream_buffer.o
        84         18         24          4          0       1299   system_stm32f4xx.o
      2086        154          0         60        240      24996   tasks.o
      1054         80          0         20        232      30455   timers.o

    ----------------------------------------------------------------------
     15358       1264       1136        420      22448    1009115   Object Totals
         0          0         32          0          0          0   (incl. Generated)
        34          0          1          0          0          0   (incl. Padding)

    ----------------------------------------------------------------------

      Code (inc. data)   RO Data    RW Data    ZI Data      Debug   Library Member Name

        86          0          0          0          0          0   __dczerorl2.o
         0          0          0          0          0          0   entry.o
         0          0          0          0          0          0   entry10a.o
         0          0          0          0          0          0   entry11a.o
         8          4          0          0          0          0   entry2.o
         4          0          0          0          0          0   entry5.o
         0          0          0          0          0          0   entry7b.o
         0          0          0          0          0          0   entry8b.o
         8          4          0          0          0          0   entry9a.o
        30          0          0          0          0          0   handlers.o
        36          8          0          0          0         68   init.o
        30          0          0          0          0         68   llshl.o
        32          0          0          0          0         68   llushr.o
        36          0          0          0          0         68   memcpya.o
        36          0          0          0          0        108   memseta.o
        50          8          0          0          0        152   printfb.o
         0          0          0          4          0          0   stdout.o
        98          0          0          0          0         92   uldiv.o

    ----------------------------------------------------------------------
       454         24          0          4          0        624   Library Totals
         0          0          0          0          0          0   (incl. Padding)

    ----------------------------------------------------------------------

      Code (inc. data)   RO Data    RW Data    ZI Data      Debug   Library Name

       454         24          0          4          0        624   mc_w.l

    ----------------------------------------------------------------------
       454         24          0          4          0        624   Library Totals

    ----------------------------------------------------------------------

==============================================================================


      Code (inc. data)   RO Data    RW Data    ZI Data      Debug   

     15812       1288       1136        424      22448     992363   Grand Totals
     15812       1288       1136         36      22448     992363   ELF Image Totals (compressed)
     15812       1288       1136         36          0          0   ROM Totals

==============================================================================

    Total RO  Size (Code + RO Data)                16948 (  16.55kB)
    Total RW  Size (RW Data + ZI Data)             22872 (  22.34kB)
    Total ROM Size (Code + RO Data + RW Data)      16984 (  16.59kB)

==============================================================================

