Component: ARM Compiler 5.06 update 6 (build 750) Tool: armlink [4d35ed]

==============================================================================

Section Cross References

    mdtask.o(i.ModbusRTUTask) refers to mb_m.o(i.eMBMasterInit) for eMBMasterInit
    mdtask.o(i.ModbusRTUTask) refers to mb_m.o(i.eMBMasterEnable) for eMBMasterEnable
    mdtask.o(i.ModbusRTUTask) refers to cmsis_os.o(i.osTimerStart) for osTimerStart
    mdtask.o(i.ModbusRTUTask) refers to mb_m.o(i.eMBMasterPoll) for eMBMasterPoll
    mdtask.o(i.ModbusRTUTask) refers to tasks.o(i.vTaskDelay) for vTaskDelay
    mdtask.o(i.ModbusRTUTask) refers to mdtask.o(.bss) for .bss
    mdtask.o(i.ModbusRTUTask) refers to main.o(.data) for myTimer01Handle
    mdtask.o(i.ModbusTestTask) refers to tasks.o(i.vTaskDelay) for vTaskDelay
    mdtask.o(i.ModbusTestTask) refers to printf3.o(i.__0printf$3) for __2printf
    mdtask.o(i.ModbusTestTask) refers to mbfuncholding_m.o(i.eMBMasterReqWriteHoldingRegister) for eMBMasterReqWriteHoldingRegister
    mdtask.o(i.eMBRegInputCB) refers to mdtask.o(.data) for .data
    mdtask.o(i.eMBRegInputCB) refers to mdtask.o(.bss) for .bss
    main.o(i.Callback01) refers to porttimer_m.o(i.prvvMasterTIMERExpiredISR) for prvvMasterTIMERExpiredISR
    main.o(i.HAL_TIM_PeriodElapsedCallback) refers to stm32f4xx_hal.o(i.HAL_IncTick) for HAL_IncTick
    main.o(i.MX_GPIO_Init) refers to memseta.o(.text) for __aeabi_memclr4
    main.o(i.MX_GPIO_Init) refers to stm32f4xx_hal_gpio.o(i.HAL_GPIO_WritePin) for HAL_GPIO_WritePin
    main.o(i.MX_GPIO_Init) refers to stm32f4xx_hal_gpio.o(i.HAL_GPIO_Init) for HAL_GPIO_Init
    main.o(i.StartDefaultTask) refers to lwip.o(i.MX_LWIP_Init) for MX_LWIP_Init
    main.o(i.StartDefaultTask) refers to memcpya.o(.text) for __aeabi_memcpy4
    main.o(i.StartDefaultTask) refers to cmsis_os.o(i.osThreadCreate) for osThreadCreate
    main.o(i.StartDefaultTask) refers to cmsis_os.o(i.osDelay) for osDelay
    main.o(i.StartDefaultTask) refers to main.o(.constdata) for .constdata
    main.o(i.StartMdTask) refers to memcpya.o(.text) for __aeabi_memcpy4
    main.o(i.StartMdTask) refers to cmsis_os.o(i.osThreadCreate) for osThreadCreate
    main.o(i.StartMdTask) refers to cmsis_os.o(i.osDelay) for osDelay
    main.o(i.StartMdTask) refers to main.o(.constdata) for .constdata
    main.o(i.StartTask03) refers to cmsis_os.o(i.osDelay) for osDelay
    main.o(i.SystemClock_Config) refers to memseta.o(.text) for __aeabi_memclr4
    main.o(i.SystemClock_Config) refers to stm32f4xx_hal_rcc.o(i.HAL_RCC_OscConfig) for HAL_RCC_OscConfig
    main.o(i.SystemClock_Config) refers to stm32f4xx_hal_rcc.o(i.HAL_RCC_ClockConfig) for HAL_RCC_ClockConfig
    main.o(i.fputc) refers to stm32f4xx_hal_uart.o(i.HAL_UART_Transmit) for HAL_UART_Transmit
    main.o(i.fputc) refers to main.o(.bss) for .bss
    main.o(i.main) refers to stm32f4xx_hal.o(i.HAL_Init) for HAL_Init
    main.o(i.main) refers to main.o(i.SystemClock_Config) for SystemClock_Config
    main.o(i.main) refers to main.o(i.MX_GPIO_Init) for MX_GPIO_Init
    main.o(i.main) refers to stm32f4xx_hal_uart.o(i.HAL_UART_Init) for HAL_UART_Init
    main.o(i.main) refers to stm32f4xx_hal_tim.o(i.HAL_TIM_Base_Init) for HAL_TIM_Base_Init
    main.o(i.main) refers to stm32f4xx_hal_tim_ex.o(i.HAL_TIMEx_MasterConfigSynchronization) for HAL_TIMEx_MasterConfigSynchronization
    main.o(i.main) refers to stm32f4xx_hal_gpio.o(i.HAL_GPIO_TogglePin) for HAL_GPIO_TogglePin
    main.o(i.main) refers to stm32f4xx_hal.o(i.HAL_Delay) for HAL_Delay
    main.o(i.main) refers to printf3.o(i.__0printf$3) for __2printf
    main.o(i.main) refers to cmsis_os.o(i.osTimerCreate) for osTimerCreate
    main.o(i.main) refers to memcpya.o(.text) for __aeabi_memcpy4
    main.o(i.main) refers to cmsis_os.o(i.osThreadCreate) for osThreadCreate
    main.o(i.main) refers to cmsis_os.o(i.osKernelStart) for osKernelStart
    main.o(i.main) refers to main.o(.bss) for .bss
    main.o(i.main) refers to main.o(.constdata) for .constdata
    main.o(i.main) refers to main.o(.data) for .data
    main.o(.constdata) refers to main.o(i.Callback01) for Callback01
    main.o(.constdata) refers to main.o(.conststring) for .conststring
    main.o(.constdata) refers to main.o(i.StartDefaultTask) for StartDefaultTask
    main.o(.constdata) refers to main.o(i.StartMdTask) for StartMdTask
    main.o(.constdata) refers to main.o(i.StartTask03) for StartTask03
    main.o(.constdata) refers to mdtask.o(i.ModbusRTUTask) for ModbusRTUTask
    main.o(.constdata) refers to mdtask.o(i.ModbusTestTask) for ModbusTestTask
    freertos.o(i.vApplicationGetIdleTaskMemory) refers to freertos.o(.bss) for .bss
    freertos.o(i.vApplicationGetTimerTaskMemory) refers to freertos.o(.bss) for .bss
    lwip.o(i.MX_LWIP_Init) refers to tcpip.o(i.tcpip_init) for tcpip_init
    lwip.o(i.MX_LWIP_Init) refers to netif.o(i.netif_add) for netif_add
    lwip.o(i.MX_LWIP_Init) refers to netif.o(i.netif_set_default) for netif_set_default
[...]
    eMBMasterReqWriteHoldingRegister         0x08002e89   Thumb Code    88  mbfuncholding_m.o(i.eMBMasterReqWriteHoldingRegister)
    eMBMasterWaitRequestFinish               0x08002ee1   Thumb Code    68  portevent_m.o(i.eMBMasterWaitRequestFinish)
    etharp_cleanup_netif                     0x08002f29   Thumb Code    42  etharp.o(i.etharp_cleanup_netif)
    etharp_input                             0x080031c5   Thumb Code   152  etharp.o(i.etharp_input)
    etharp_output                            0x080032cd   Thumb Code   272  etharp.o(i.etharp_output)
    etharp_query                             0x08003585   Thumb Code   306  etharp.o(i.etharp_query)
    etharp_request                           0x080038d5   Thumb Code     6  etharp.o(i.etharp_request)
    etharp_tmr                               0x08003901   Thumb Code    90  etharp.o(i.etharp_tmr)
    ethernet_input                           0x08003a7d   Thumb Code   154  ethernet.o(i.ethernet_input)
    ethernet_output                          0x08003b1d   Thumb Code    98  ethernet.o(i.ethernet_output)
    ethernetif_init                          0x08003c15   Thumb Code    50  ethernetif.o(i.ethernetif_init)
    ethernetif_input                         0x08003c9d   Thumb Code    48  ethernetif.o(i.ethernetif_input)
    fputc                                    0x08003cd1   Thumb Code    20  main.o(i.fputc)
    icmp_dest_unreach                        0x08003ce9   Thumb Code     8  icmp.o(i.icmp_dest_unreach)
    icmp_input                               0x08003cf1   Thumb Code   274  icmp.o(i.icmp_input)
    icmp_time_exceeded                       0x08003fe1   Thumb Code     8  icmp.o(i.icmp_time_exceeded)
    ip4_addr_isbroadcast_u32                 0x08003ff5   Thumb Code    46  ip4_addr.o(i.ip4_addr_isbroadcast_u32)
    ip4_frag                                 0x08004025   Thumb Code   396  ip4_frag.o(i.ip4_frag)
    ip4_input                                0x0800427d   Thumb Code   408  ip4.o(i.ip4_input)
    ip4_output_if                            0x0800441d   Thumb Code    30  ip4.o(i.ip4_output_if)
    ip4_output_if_src                        0x0800443d   Thumb Code   204  ip4.o(i.ip4_output_if_src)
    ip4_reass                                0x080045a9   Thumb Code   450  ip4_frag.o(i.ip4_reass)
    ip4_route                                0x08004771   Thumb Code    82  ip4.o(i.ip4_route)
    ip_reass_tmr                             0x08004d89   Thumb Code    40  ip4_frag.o(i.ip_reass_tmr)
    lwip_htonl                               0x080050a9   Thumb Code     4  def.o(i.lwip_htonl)
    lwip_htons                               0x080050ad   Thumb Code     4  def.o(i.lwip_htons)
    lwip_init                                0x080050b1   Thumb Code    34  init.o(i.lwip_init)
    main                                     0x080050d5   Thumb Code   318  main.o(i.main)
    mem_free                                 0x08005261   Thumb Code   138  mem.o(i.mem_free)
    mem_init                                 0x08005399   Thumb Code    72  mem.o(i.mem_init)
    mem_malloc                               0x0800545d   Thumb Code   274  mem.o(i.mem_malloc)
    mem_trim                                 0x0800566d   Thumb Code   268  mem.o(i.mem_trim)
    memp_free                                0x0800580d   Thumb Code    34  memp.o(i.memp_free)
    memp_init                                0x080058a9   Thumb Code    24  memp.o(i.memp_init)
    memp_init_pool                           0x080058c5   Thumb Code    42  memp.o(i.memp_init_pool)
    memp_malloc                              0x080058f1   Thumb Code    38  memp.o(i.memp_malloc)
    netif_add                                0x08005995   Thumb Code   102  netif.o(i.netif_add)
    netif_init                               0x08005a75   Thumb Code     2  netif.o(i.netif_init)
    netif_set_addr                           0x08005a91   Thumb Code    72  netif.o(i.netif_set_addr)
    netif_set_default                        0x08005ad9   Thumb Code     6  netif.o(i.netif_set_default)
    netif_set_down                           0x08005ae5   Thumb Code    26  netif.o(i.netif_set_down)
    netif_set_gw                             0x08005aff   Thumb Code     8  netif.o(i.netif_set_gw)
    netif_set_ipaddr                         0x08005b09   Thumb Code    60  netif.o(i.netif_set_ipaddr)
    netif_set_netmask                        0x08005b49   Thumb Code     8  netif.o(i.netif_set_netmask)
    netif_set_up                             0x08005b51   Thumb Code    28  netif.o(i.netif_set_up)
    osDelay                                  0x08005b6d   Thumb Code    14  cmsis_os.o(i.osDelay)
    osKernelStart                            0x08005b7b   Thumb Code    10  cmsis_os.o(i.osKernelStart)
    osKernelSysTick                          0x08005b85   Thumb Code    24  cmsis_os.o(i.osKernelSysTick)
    osMessageCreate                          0x08005b9d   Thumb Code    38  cmsis_os.o(i.osMessageCreate)
    osMessageGet                             0x08005bc5   Thumb Code   144  cmsis_os.o(i.osMessageGet)
    osMessagePut                             0x08005c59   Thumb Code    88  cmsis_os.o(i.osMessagePut)
    osMutexCreate                            0x08005cb5   Thumb Code    16  cmsis_os.o(i.osMutexCreate)
    osMutexRelease                           0x08005cc5   Thumb Code    74  cmsis_os.o(i.osMutexRelease)
    osMutexWait                              0x08005d15   Thumb Code    96  cmsis_os.o(i.osMutexWait)
    osSemaphoreCreate                        0x08005d79   Thumb Code    62  cmsis_os.o(i.osSemaphoreCreate)
    osSemaphoreRelease                       0x08005db9   Thumb Code    74  cmsis_os.o(i.osSemaphoreRelease)
    osSemaphoreWait                          0x08005e09   Thumb Code    96  cmsis_os.o(i.osSemaphoreWait)
    osThreadCreate                           0x08005e6d   Thumb Code    84  cmsis_os.o(i.osThreadCreate)
    osTimerCreate                            0x08005ec1   Thumb Code    54  cmsis_os.o(i.osTimerCreate)
    osTimerStart                             0x08005efd   Thumb Code    90  cmsis_os.o(i.osTimerStart)
    pbuf_alloc                               0x08005f5d   Thumb Code   476  pbuf.o(i.pbuf_alloc)
    pbuf_alloced_custom                      0x080062d1   Thumb Code    98  pbuf.o(i.pbuf_alloced_custom)
    pbuf_cat                                 0x080063b1   Thumb Code    96  pbuf.o(i.pbuf_cat)
    pbuf_clen                                0x080064e1   Thumb Code    18  pbuf.o(i.pbuf_clen)
    pbuf_copy                                0x080064f5   Thumb Code   242  pbuf.o(i.pbuf_copy)
    pbuf_copy_partial                        0x080066e1   Thumb Code   126  pbuf.o(i.pbuf_copy_partial)
    pbuf_free                                0x080067fd   Thumb Code   188  pbuf.o(i.pbuf_free)
    pbuf_header                              0x080069a5   Thumb Code     6  pbuf.o(i.pbuf_header)
    pbuf_header_force                        0x080069ab   Thumb Code     6  pbuf.o(i.pbuf_header_force)
    pbuf_realloc                             0x08006b15   Thumb Code   196  pbuf.o(i.pbuf_realloc)
    pbuf_ref                                 0x08006cad   Thumb Code    46  pbuf.o(i.pbuf_ref)
    prveMBError2Exception                    0x0800764b   Thumb Code    24  mbutils.o(i.prveMBError2Exception)
    prvvMasterTIMERExpiredISR                0x08007665   Thumb Code    60  porttimer_m.o(i.prvvMasterTIMERExpiredISR)
    pvPortMalloc                             0x080076a9   Thumb Code   210  heap_4.o(i.pvPortMalloc)
    pvTaskIncrementMutexHeldCount            0x08007781   Thumb Code    18  tasks.o(i.pvTaskIncrementMutexHeldCount)
    pxPortInitialiseStack                    0x08007799   Thumb Code    40  port.o(i.pxPortInitialiseStack)
    sys_arch_mbox_fetch                      0x080077c5   Thumb Code    70  sys_arch.o(i.sys_arch_mbox_fetch)
    sys_arch_protect                         0x0800780d   Thumb Code    18  sys_arch.o(i.sys_arch_protect)
    sys_arch_unprotect                       0x08007825   Thumb Code     8  sys_arch.o(i.sys_arch_unprotect)
    sys_init                                 0x08007889   Thumb Code    14  sys_arch.o(i.sys_init)
    sys_mbox_new                             0x080078a1   Thumb Code    40  sys_arch.o(i.sys_mbox_new)
    sys_mbox_post                            0x080078cd   Thumb Code    26  sys_arch.o(i.sys_mbox_post)
    sys_mbox_trypost                         0x080078e7   Thumb Code    20  sys_arch.o(i.sys_mbox_trypost)
    sys_mbox_valid                           0x080078fb   Thumb Code    10  sys_arch.o(i.sys_mbox_valid)
    sys_mutex_lock                           0x08007905   Thumb Code    10  sys_arch.o(i.sys_mutex_lock)
    sys_mutex_new                            0x0800790f   Thumb Code    30  sys_arch.o(i.sys_mutex_new)
    sys_mutex_unlock                         0x0800792d   Thumb Code     6  sys_arch.o(i.sys_mutex_unlock)
    sys_now                                  0x08007933   Thumb Code     4  ethernetif.o(i.sys_now)
    sys_thread_new                           0x08007937   Thumb Code    48  sys_arch.o(i.sys_thread_new)
    sys_timeout                              0x08007969   Thumb Code   156  timeouts.o(i.sys_timeout)
    sys_timeouts_init                        0x08007aa5   Thumb Code    36  timeouts.o(i.sys_timeouts_init)
    sys_timeouts_mbox_fetch                  0x08007ad5   Thumb Code    76  timeouts.o(i.sys_timeouts_mbox_fetch)
    tcp_abandon                              0x08007b25   Thumb Code   226  tcp.o(i.tcp_abandon)
    tcp_abort                                0x08007c99   Thumb Code     6  tcp.o(i.tcp_abort)
    tcp_alloc                                0x08007ca1   Thumb Code   240  tcp.o(i.tcp_alloc)
    tcp_close                                0x08007d9d   Thumb Code    20  tcp.o(i.tcp_close)
    tcp_eff_send_mss_impl                    0x0800811d   Thumb Code    34  tcp.o(i.tcp_eff_send_mss_impl)
    tcp_enqueue_flags                        0x08008141   Thumb Code   260  tcp_out.o(i.tcp_enqueue_flags)
    tcp_fasttmr                              0x0800834d   Thumb Code   102  tcp.o(i.tcp_fasttmr)
    tcp_init                                 0x080083e9   Thumb Code     2  tcp.o(i.tcp_init)
    tcp_input                                0x080083ed   Thumb Code  1480  tcp_in.o(i.tcp_input)
    tcp_keepalive                            0x080089f5   Thumb Code    82  tcp_out.o(i.tcp_keepalive)
    tcp_netif_ip_addr_changed                0x08008cc5   Thumb Code    72  tcp.o(i.tcp_netif_ip_addr_changed)
    tcp_next_iss                             0x08008d35   Thumb Code    12  tcp.o(i.tcp_next_iss)
    tcp_output                               0x08008dbd   Thumb Code   552  tcp_out.o(i.tcp_output)
    tcp_pcb_purge                            0x080092ad   Thumb Code    66  tcp.o(i.tcp_pcb_purge)
    tcp_pcb_remove                           0x080092f1   Thumb Code   140  tcp.o(i.tcp_pcb_remove)
    tcp_process_refused_data                 0x080098b5   Thumb Code   108  tcp.o(i.tcp_process_refused_data)
    tcp_recv_null                            0x0800a339   Thumb Code    36  tcp.o(i.tcp_recv_null)
    tcp_recved                               0x0800a35d   Thumb Code   106  tcp.o(i.tcp_recved)
    tcp_rexmit                               0x0800a46d   Thumb Code    86  tcp_out.o(i.tcp_rexmit)
    tcp_rexmit_fast                          0x0800a4c3   Thumb Code    88  tcp_out.o(i.tcp_rexmit_fast)
    tcp_rexmit_rto                           0x0800a51b   Thumb Code    50  tcp_out.o(i.tcp_rexmit_rto)
    tcp_rst                                  0x0800a54d   Thumb Code   148  tcp_out.o(i.tcp_rst)
    tcp_seg_copy                             0x0800a66d   Thumb Code    36  tcp.o(i.tcp_seg_copy)
    tcp_seg_free                             0x0800a691   Thumb Code    28  tcp.o(i.tcp_seg_free)
    tcp_segs_free                            0x0800a6ad   Thumb Code    18  tcp.o(i.tcp_segs_free)
    tcp_send_empty_ack                       0x0800a6bf   Thumb Code   106  tcp_out.o(i.tcp_send_empty_ack)
    tcp_send_fin                             0x0800a729   Thumb Code    70  tcp_out.o(i.tcp_send_fin)
    tcp_slowtmr                              0x0800a771   Thumb Code   788  tcp.o(i.tcp_slowtmr)
    tcp_timer_needed                         0x0800ac4d   Thumb Code    36  timeouts.o(i.tcp_timer_needed)
    tcp_tmr                                  0x0800ace9   Thumb Code    28  tcp.o(i.tcp_tmr)
    tcp_trigger_input_pcb_close              0x0800ad09   Thumb Code    12  tcp_in.o(i.tcp_trigger_input_pcb_close)
    tcp_update_rcv_ann_wnd                   0x0800ad19   Thumb Code    76  tcp.o(i.tcp_update_rcv_ann_wnd)
    tcp_zero_window_probe                    0x0800add9   Thumb Code   188  tcp_out.o(i.tcp_zero_window_probe)
    tcpip_callback_with_block                0x0800ae95   Thumb Code    94  tcpip.o(i.tcpip_callback_with_block)
    tcpip_init                               0x0800af61   Thumb Code    88  tcpip.o(i.tcpip_init)
    tcpip_inpkt                              0x0800b071   Thumb Code    82  tcpip.o(i.tcpip_inpkt)
    tcpip_input                              0x0800b131   Thumb Code    20  tcpip.o(i.tcpip_input)
    ucMBMasterGetDestAddress                 0x0800b27d   Thumb Code     6  mb_m.o(i.ucMBMasterGetDestAddress)
    udp_init                                 0x0800b289   Thumb Code     2  udp.o(i.udp_init)
    udp_input                                0x0800b28d   Thumb Code   286  udp.o(i.udp_input)
    udp_netif_ip_addr_changed                0x0800b421   Thumb Code    48  udp.o(i.udp_netif_ip_addr_changed)
    usMBCRC16                                0x0800b455   Thumb Code    38  mbcrc.o(i.usMBCRC16)
    usMBMasterGetPDUSndLength                0x0800b481   Thumb Code     8  mbrtu_m.o(i.usMBMasterGetPDUSndLength)
    uxListRemove                             0x0800b48d   Thumb Code    38  list.o(i.uxListRemove)
    vApplicationGetIdleTaskMemory            0x0800b4b5   Thumb Code    16  freertos.o(i.vApplicationGetIdleTaskMemory)
    vApplicationGetTimerTaskMemory           0x0800b4c9   Thumb Code    18  freertos.o(i.vApplicationGetTimerTaskMemory)
    vListInitialise                          0x0800b4e1   Thumb Code    22  list.o(i.vListInitialise)
    vListInitialiseItem                      0x0800b4f7   Thumb Code     6  list.o(i.vListInitialiseItem)
    vListInsert                              0x0800b4fd   Thumb Code    48  list.o(i.vListInsert)
    vListInsertEnd                           0x0800b52d   Thumb Code    24  list.o(i.vListInsertEnd)
    vMBMasterCBRequestScuuess                0x0800b545   Thumb Code     6  portevent_m.o(i.vMBMasterCBRequestScuuess)
    vMBMasterErrorCBExecuteFunction          0x0800b54b   Thumb Code     8  portevent_m.o(i.vMBMasterErrorCBExecuteFunction)
    vMBMasterErrorCBReceiveData              0x0800b553   Thumb Code     6  portevent_m.o(i.vMBMasterErrorCBReceiveData)
    vMBMasterErrorCBRespondTimeout           0x0800b559   Thumb Code    48  portevent_m.o(i.vMBMasterErrorCBRespondTimeout)
    vMBMasterGetPDUSndBuf                    0x0800b5c5   Thumb Code    12  mbrtu_m.o(i.vMBMasterGetPDUSndBuf)
    vMBMasterOsResInit                       0x0800b5d5   Thumb Code     8  portevent_m.o(i.vMBMasterOsResInit)
    vMBMasterPortSerialEnable                0x0800b5e1   Thumb Code   106  portserial_m.o(i.vMBMasterPortSerialEnable)
    vMBMasterPortTimersConvertDelayEnable    0x0800b651   Thumb Code    34  porttimer_m.o(i.vMBMasterPortTimersConvertDelayEnable)
    vMBMasterPortTimersDisable               0x0800b679   Thumb Code    10  porttimer_m.o(i.vMBMasterPortTimersDisable)
    vMBMasterPortTimersRespondTimeoutEnable  0x0800b689   Thumb Code    44  porttimer_m.o(i.vMBMasterPortTimersRespondTimeoutEnable)
    vMBMasterPortTimersT35Enable             0x0800b6b9   Thumb Code    30  porttimer_m.o(i.vMBMasterPortTimersT35Enable)
    vMBMasterRunResRelease                   0x0800b6dd   Thumb Code     8  portevent_m.o(i.vMBMasterRunResRelease)
    vMBMasterSetCurTimerMode                 0x0800b6e9   Thumb Code     6  mbrtu_m.o(i.vMBMasterSetCurTimerMode)
    vMBMasterSetDestAddress                  0x0800b6f5   Thumb Code     6  mb_m.o(i.vMBMasterSetDestAddress)
    vMBMasterSetErrorType                    0x0800b701   Thumb Code     6  mb_m.o(i.vMBMasterSetErrorType)
    vMBMasterSetPDUSndLength                 0x0800b70d   Thumb Code     8  mbrtu_m.o(i.vMBMasterSetPDUSndLength)
    vPortEnterCritical                       0x0800b719   Thumb Code    54  port.o(i.vPortEnterCritical)
    vPortExitCritical                        0x0800b759   Thumb Code    34  port.o(i.vPortExitCritical)
    vPortFree                                0x0800b781   Thumb Code    88  heap_4.o(i.vPortFree)
    vPortSetupTimerInterrupt                 0x0800b7dd   Thumb Code    32  port.o(i.vPortSetupTimerInterrupt)
    vPortValidateInterruptPriority           0x0800b801   Thumb Code    74  port.o(i.vPortValidateInterruptPriority)
    vQueueAddToRegistry                      0x0800b855   Thumb Code    32  queue.o(i.vQueueAddToRegistry)
    vQueueWaitForMessageRestricted           0x0800b879   Thumb Code    68  queue.o(i.vQueueWaitForMessageRestricted)
    vTaskDelay                               0x0800b8bd   Thumb Code    66  tasks.o(i.vTaskDelay)
    vTaskInternalSetTimeOutState             0x0800b909   Thumb Code    12  tasks.o(i.vTaskInternalSetTimeOutState)
    vTaskMissedYield                         0x0800b919   Thumb Code     8  tasks.o(i.vTaskMissedYield)
    vTaskPlaceOnEventList                    0x0800b925   Thumb Code    44  tasks.o(i.vTaskPlaceOnEventList)
    vTaskPlaceOnEventListRestricted          0x0800b955   Thumb Code    52  tasks.o(i.vTaskPlaceOnEventListRestricted)
    vTaskPriorityDisinheritAfterTimeout      0x0800b98d   Thumb Code   162  tasks.o(i.vTaskPriorityDisinheritAfterTimeout)
    vTaskStartScheduler                      0x0800ba39   Thumb Code   116  tasks.o(i.vTaskStartScheduler)
    vTaskSuspendAll                          0x0800babd   Thumb Code    10  tasks.o(i.vTaskSuspendAll)
    vTaskSwitchContext                       0x0800bacd   Thumb Code    82  tasks.o(i.vTaskSwitchContext)
    xMBMasterPortEventGet                    0x0800bb29   Thumb Code    64  portevent_m.o(i.xMBMasterPortEventGet)
    xMBMasterPortEventInit                   0x0800bb6d   Thumb Code    20  portevent_m.o(i.xMBMasterPortEventInit)
    xMBMasterPortEventPost                   0x0800bb85   Thumb Code    18  portevent_m.o(i.xMBMasterPortEventPost)
    xMBMasterPortSerialGetByte               0x0800bb9d   Thumb Code    22  portserial_m.o(i.xMBMasterPortSerialGetByte)
    xMBMasterPortSerialInit                  0x0800bbb9   Thumb Code     4  portserial_m.o(i.xMBMasterPortSerialInit)
    xMBMasterPortSerialPutByte               0x0800bbbd   Thumb Code    30  portserial_m.o(i.xMBMasterPortSerialPutByte)
    xMBMasterPortTimersInit                  0x0800bbe1   Thumb Code    68  porttimer_m.o(i.xMBMasterPortTimersInit)
    xMBMasterRTUReceiveFSM                   0x0800bc35   Thumb Code   130  mbrtu_m.o(i.xMBMasterRTUReceiveFSM)
    xMBMasterRTUTimerExpired                 0x0800bcc1   Thumb Code   124  mbrtu_m.o(i.xMBMasterRTUTimerExpired)
    xMBMasterRTUTransmitFSM                  0x0800bd41   Thumb Code   138  mbrtu_m.o(i.xMBMasterRTUTransmitFSM)
    xMBMasterRequestIsBroadcast              0x0800bdd9   Thumb Code     6  mbrtu_m.o(i.xMBMasterRequestIsBroadcast)
    xMBMasterRunResTake                      0x0800bde5   Thumb Code    18  portevent_m.o(i.xMBMasterRunResTake)
    xPortStartScheduler                      0x0800bdfd   Thumb Code   224  port.o(i.xPortStartScheduler)
    xQueueCreateMutex                        0x0800bef1   Thumb Code    22  queue.o(i.xQueueCreateMutex)
    xQueueCreateMutexStatic                  0x0800bf07   Thumb Code    26  queue.o(i.xQueueCreateMutexStatic)
    xQueueGenericCreate                      0x0800bf21   Thumb Code    72  queue.o(i.xQueueGenericCreate)
    xQueueGenericCreateStatic                0x0800bf69   Thumb Code   102  queue.o(i.xQueueGenericCreateStatic)
    xQueueGenericReset                       0x0800bfd1   Thumb Code   132  queue.o(i.xQueueGenericReset)
    xQueueGenericSend                        0x0800c059   Thumb Code   350  queue.o(i.xQueueGenericSend)
    xQueueGenericSendFromISR                 0x0800c1bd   Thumb Code   188  queue.o(i.xQueueGenericSendFromISR)
    xQueueGiveFromISR                        0x0800c279   Thumb Code   156  queue.o(i.xQueueGiveFromISR)
    xQueueReceive                            0x0800c315   Thumb Code   308  queue.o(i.xQueueReceive)
    xQueueReceiveFromISR                     0x0800c44d   Thumb Code   154  queue.o(i.xQueueReceiveFromISR)
    xQueueSemaphoreTake                      0x0800c4e9   Thumb Code   372  queue.o(i.xQueueSemaphoreTake)
    xTaskCheckForTimeOut                     0x0800c661   Thumb Code   112  tasks.o(i.xTaskCheckForTimeOut)
    xTaskCreate                              0x0800c6d5   Thumb Code    90  tasks.o(i.xTaskCreate)
    xTaskCreateStatic                        0x0800c72f   Thumb Code    90  tasks.o(i.xTaskCreateStatic)
    xTaskGetSchedulerState                   0x0800c789   Thumb Code    22  tasks.o(i.xTaskGetSchedulerState)
    xTaskGetTickCount                        0x0800c7a5   Thumb Code     6  tasks.o(i.xTaskGetTickCount)
    xTaskGetTickCountFromISR                 0x0800c7b1   Thumb Code    12  tasks.o(i.xTaskGetTickCountFromISR)
    xTaskIncrementTick                       0x0800c7c1   Thumb Code   192  tasks.o(i.xTaskIncrementTick)
    xTaskPriorityDisinherit                  0x0800c889   Thumb Code   144  tasks.o(i.xTaskPriorityDisinherit)
    xTaskPriorityInherit                     0x0800c921   Thumb Code   140  tasks.o(i.xTaskPriorityInherit)
    xTaskRemoveFromEventList                 0x0800c9b5   Thumb Code   108  tasks.o(i.xTaskRemoveFromEventList)
    xTaskResumeAll                           0x0800ca29   Thumb Code   182  tasks.o(i.xTaskResumeAll)
    xTimerCreate                             0x0800caed   Thumb Code    52  timers.o(i.xTimerCreate)
    xTimerCreateStatic                       0x0800cb21   Thumb Code    46  timers.o(i.xTimerCreateStatic)
    xTimerCreateTimerTask                    0x0800cb51   Thumb Code    78  timers.o(i.xTimerCreateTimerTask)
    xTimerGenericCommand                     0x0800cbb1   Thumb Code    88  timers.o(i.xTimerGenericCommand)
    AHBPrescTable                            0x0800ccbc   Data          16  system_stm32f4xx.o(.constdata)
    APBPrescTable                            0x0800cccc   Data           8  system_stm32f4xx.o(.constdata)
    ethbroadcast                             0x0800ced4   Data           6  ethernet.o(.constdata)
    ethzero                                  0x0800ceda   Data           6  ethernet.o(.constdata)
    memp_UDP_PCB                             0x0800cee0   Data          12  memp.o(.constdata)
    memp_TCP_PCB                             0x0800ceec   Data          12  memp.o(.constdata)
    memp_TCP_PCB_LISTEN                      0x0800cef8   Data          12  memp.o(.constdata)
    memp_TCP_SEG                             0x0800cf04   Data          12  memp.o(.constdata)
    memp_REASSDATA                           0x0800cf10   Data          12  memp.o(.constdata)
    memp_FRAG_PBUF                           0x0800cf1c   Data          12  memp.o(.constdata)
    memp_NETBUF                              0x0800cf28   Data          12  memp.o(.constdata)
    memp_NETCONN                             0x0800cf34   Data          12  memp.o(.constdata)
    memp_TCPIP_MSG_API                       0x0800cf40   Data          12  memp.o(.constdata)
    memp_TCPIP_MSG_INPKT                     0x0800cf4c   Data          12  memp.o(.constdata)
    memp_SYS_TIMEOUT                         0x0800cf58   Data          12  memp.o(.constdata)
    memp_PBUF                                0x0800cf64   Data          12  memp.o(.constdata)
    memp_PBUF_POOL                           0x0800cf70   Data          12  memp.o(.constdata)
    memp_pools                               0x0800cf7c   Data          52  memp.o(.constdata)
    tcp_pcb_lists                            0x0800cff4   Data          16  tcp.o(.constdata)
    lwip_cyclic_timers                       0x0800d004   Data          24  timeouts.o(.constdata)
    ip_addr_any                              0x0800d01c   Data           4  ip4_addr.o(.constdata)
    os_mutex_def_lwip_sys_mutex              0x0800d020   Data           8  sys_arch.o(.constdata)
    Region$$Table$$Base                      0x0800d19c   Number         0  anon$$obj.o(Region$$Table)
    Region$$Table$$Limit                     0x0800d1bc   Number         0  anon$$obj.o(Region$$Table)
    defaultTaskHandle                        0x20000000   Data           4  main.o(.data)
    appMdTaskHandle                          0x20000004   Data           4  main.o(.data)
    appNetworkTaskHandle                     0x20000008   Data           4  main.o(.data)
    myTimer01Handle                          0x2000000c   Data           4  main.o(.data)
    ipaddr                                   0x20000010   Data           4  lwip.o(.data)
    netmask                                  0x20000014   Data           4  lwip.o(.data)
    gw                                       0x20000018   Data           4  lwip.o(.data)
    IP_ADDRESS                               0x2000001c   Data           4  lwip.o(.data)
    NETMASK_ADDRESS                          0x20000020   Data           4  lwip.o(.data)
    GATEWAY_ADDRESS                          0x20000024   Data           4  lwip.o(.data)
    s_xSemaphore                             0x20000028   Data           4  ethernetif.o(.data)
    pxCurrentTCB                             0x2000002c   Data           4  tasks.o(.data)
    SystemCoreClock                          0x200000a0   Data           4  system_stm32f4xx.o(.data)
    uwTickFreq                               0x200000a4   Data           1  stm32f4xx_hal.o(.data)
    uwTickPrio                               0x200000a8   Data           4  stm32f4xx_hal.o(.data)
    uwTick                                   0x200000ac   Data           4  stm32f4xx_hal.o(.data)
    pxMBMasterFrameCBByteReceived            0x200000e0   Data           4  mb_m.o(.data)
    pxMBMasterFrameCBTransmitterEmpty        0x200000e4   Data           4  mb_m.o(.data)
    pxMBMasterPortCBTimerExpired             0x200000e8   Data           4  mb_m.o(.data)
    phuart                                   0x20000184   Data           4  portserial_m.o(.data)
    timeout                                  0x20000188   Data           2  porttimer_m.o(.data)
    TimerExpired                             0x2000018a   Data          16  porttimer_m.o(.data)
    usMasterSendPDULength                    0x200001aa   Data           8  mbrtu_m.o(.data)
    usMRegHoldStart                          0x200001c2   Data           2  mb_app_m.o(.data)
    lock_tcpip_core                          0x200001d0   Data           4  tcpip.o(.data)
    netif_list                               0x2000021c   Data           4  netif.o(.data)
    netif_default                            0x20000220   Data           4  netif.o(.data)
    pbuf_free_ooseq_pending                  0x20000224   Data           1  pbuf.o(.data)
    tcp_active_pcbs_changed                  0x20000228   Data           1  tcp.o(.data)
    tcp_ticks                                0x20000234   Data           4  tcp.o(.data)
    tcp_bound_pcbs                           0x20000238   Data           4  tcp.o(.data)
    tcp_listen_pcbs                          0x2000023c   Data           4  tcp.o(.data)
    tcp_active_pcbs                          0x20000240   Data           4  tcp.o(.data)
    tcp_tw_pcbs                              0x20000244   Data           4  tcp.o(.data)
    tcp_input_pcb                            0x20000268   Data           4  tcp_in.o(.data)
    udp_pcbs                                 0x2000027c   Data           4  udp.o(.data)
    lwip_sys_mutex                           0x2000028c   Data           4  sys_arch.o(.data)
    __stdout                                 0x20000290   Data           4  stdout.o(.data)
    htim7                                    0x200002a4   Data          64  main.o(.bss)
    huart4                                   0x200002e4   Data          64  main.o(.bss)
    huart1                                   0x20000324   Data          64  main.o(.bss)
    huart2                                   0x20000364   Data          64  main.o(.bss)
    huart3                                   0x200003a4   Data          64  main.o(.bss)
    huart6                                   0x200003e4   Data          64  main.o(.bss)
    gnetif                                   0x20000acc   Data          48  lwip.o(.bss)
    DMARxDscrTab                             0x20000afc   Data         128  ethernetif.o(.bss)
    DMATxDscrTab                             0x20000b7c   Data         128  ethernetif.o(.bss)
    Rx_Buff                                  0x20000bfc   Data        6096  ethernetif.o(.bss)
    Tx_Buff                                  0x200023cc   Data        6096  ethernetif.o(.bss)
    heth                                     0x20003b9c   Data          72  ethernetif.o(.bss)
    htim1                                    0x20003be4   Data          64  stm32f4xx_hal_timebase_tim.o(.bss)
    xQueueRegistry                           0x20003c24   Data          64  queue.o(.bss)
    ucMasterRTUSndBuf                        0x20007a4c   Data        1024  mbrtu_m.o(.bss)
    ucMasterRTURcvBuf                        0x20007e4c   Data        1024  mbrtu_m.o(.bss)
    usMRegHoldBuf                            0x2000825c   Data        1280  mb_app_m.o(.bss)
    ip_data                                  0x2000875c   Data          24  ip.o(.bss)
    ram_heap                                 0x20008774   Data        1619  mem.o(.bss)
    memp_memory_UDP_PCB_base                 0x20008dc7   Data         131  memp.o(.bss)
    memp_memory_TCP_PCB_base                 0x20008e4a   Data         763  memp.o(.bss)
    memp_memory_TCP_PCB_LISTEN_base          0x20009145   Data         227  memp.o(.bss)
    memp_memory_TCP_SEG_base                 0x20009228   Data         259  memp.o(.bss)
    memp_memory_REASSDATA_base               0x2000932b   Data         163  memp.o(.bss)
    memp_memory_FRAG_PBUF_base               0x200093ce   Data         363  memp.o(.bss)
    memp_memory_NETBUF_base                  0x20009539   Data          35  memp.o(.bss)
    memp_memory_NETCONN_base                 0x2000955c   Data         179  memp.o(.bss)
    memp_memory_TCPIP_MSG_API_base           0x2000960f   Data         131  memp.o(.bss)
    memp_memory_TCPIP_MSG_INPKT_base         0x20009692   Data         131  memp.o(.bss)
    memp_memory_SYS_TIMEOUT_base             0x20009715   Data          51  memp.o(.bss)
    memp_memory_PBUF_base                    0x20009748   Data         259  memp.o(.bss)
    memp_memory_PBUF_POOL_base               0x2000984b   Data        9731  memp.o(.bss)
    __initial_sp                             0x2000c350   Data           0  startup_stm32f407xx.o(STACK)



==============================================================================

Memory Map of the image

  Image Entry point : 0x08000189

  Load Region LR_IROM1 (Base: 0x08000000, Size: 0x0000d450, Max: 0x00100000, ABSOLUTE, COMPRESSED[0x0000d1ec])

    Execution Region ER_IROM1 (Exec base: 0x08000000, Load base: 0x08000000, Size: 0x0000d1bc, Max: 0x00100000, ABSOLUTE)

    Exec Addr    Load Addr    Size         Type   Attr      Idx    E Section Name        Object

    0x08000000   0x08000000   0x00000188   Data   RO         4769    RESET               startup_stm32f407xx.o
    0x08000188   0x08000188   0x00000000   Code   RO         9333  * .ARM.Collect$$$$00000000  mc_w.l(entry.o)
    0x08000188   0x08000188   0x00000004   Code   RO         9615    .ARM.Collect$$$$00000001  mc_w.l(entry2.o)
    0x0800018c   0x0800018c   0x00000004   Code   RO         9618    .ARM.Collect$$$$00000004  mc_w.l(entry5.o)
    0x08000190   0x08000190   0x00000000   Code   RO         9620    .ARM.Collect$$$$00000008  mc_w.l(entry7b.o)
    0x08000190   0x08000190   0x00000000   Code   RO         9622    .ARM.Collect$$$$0000000A  mc_w.l(entry8b.o)
    0x08000190   0x08000190   0x00000008   Code   RO         9623    .ARM.Collect$$$$0000000B  mc_w.l(entry9a.o)
    0x08000198   0x08000198   0x00000000   Code   RO         9625    .ARM.Collect$$$$0000000D  mc_w.l(entry10a.o)
    0x08000198   0x08000198   0x00000000   Code   RO         9627    .ARM.Collect$$$$0000000F  mc_w.l(entry11a.o)
    0x08000198   0x08000198   0x00000004   Code   RO         9616    .ARM.Collect$$$$00002712  mc_w.l(entry2.o)
    0x0800019c   0x0800019c   0x000000be   Code   RO         2113    .emb_text           port.o
    0x0800025a   0x0800025a   0x00000002   PAD
    0x0800025c   0x0800025c   0x00000024   Code   RO         4770    .text               startup_stm32f407xx.o
    0x08000280   0x08000280   0x00000062   Code   RO         9336    .text               mc_w.l(uldiv.o)
    0x080002e2   0x080002e2   0x00000024   Code   RO         9340    .text               mc_w.l(memcpya.o)
    0x08000306   0x08000306   0x00000024   Code   RO         9344    .text               mc_w.l(memseta.o)
    0x0800032a   0x0800032a   0x0000001a   Code   RO         9348    .text               mc_w.l(memcmp.o)
    0x08000344   0x08000344   0x0000002c   Code   RO         9630    .text               mc_w.l(uidiv.o)
    0x08000370   0x08000370   0x0000001e   Code   RO         9632    .text               mc_w.l(llshl.o)
    0x0800038e   0x0800038e   0x00000020   Code   RO         9634    .text               mc_w.l(llushr.o)
    0x080003ae   0x080003ae   0x00000002   PAD
    0x080003b0   0x080003b0   0x00000024   Code   RO         9647    .text               mc_w.l(init.o)
    0x080003d4   0x080003d4   0x00000056   Code   RO         9661    .text               mc_w.l(__dczerorl2.o)
    0x0800042a   0x0800042a   0x00000004   Code   RO          232    i.Callback01        main.o
    0x0800042e   0x0800042e   0x00000002   PAD
    0x08000430   0x08000430   0x00000020   Code   RO         2231    i.ETH_Delay         stm32f4xx_hal_eth.o
    0x08000450   0x08000450   0x0000002e   Code   RO         2232    i.ETH_FlushTransmitFIFO  stm32f4xx_hal_eth.o
    0x0800047e   0x0800047e   0x00000002   PAD
    0x08000480   0x08000480   0x0000000c   Code   RO          654    i.ETH_IRQHandler    stm32f4xx_it.o
    0x0800048c   0x0800048c   0x00000124   Code   RO         2233    i.ETH_MACDMAConfig  stm32f4xx_hal_eth.o
    0x080005b0   0x080005b0   0x00000024   Code   RO         4101    i.HAL_DMA_Abort_IT  stm32f4xx_hal_dma.o
    0x080005d4   0x080005d4   0x00000024   Code   RO         4519    i.HAL_Delay         stm32f4xx_hal.o
    0x080005f8   0x080005f8   0x00000072   Code   RO         2236    i.HAL_ETH_DMARxDescListInit  stm32f4xx_hal_eth.o
    0x0800066a   0x0800066a   0x00000078   Code   RO         2237    i.HAL_ETH_DMATxDescListInit  stm32f4xx_hal_eth.o
    0x080006e2   0x080006e2   0x00000002   Code   RO         2239    i.HAL_ETH_ErrorCallback  stm32f4xx_hal_eth.o
    0x080006e4   0x080006e4   0x00000088   Code   RO         2241    i.HAL_ETH_GetReceivedFrame_IT  stm32f4xx_hal_eth.o
    0x0800076c   0x0800076c   0x0000007a   Code   RO         2243    i.HAL_ETH_IRQHandler  stm32f4xx_hal_eth.o
    0x080007e6   0x080007e6   0x00000002   PAD
    0x080007e8   0x080007e8   0x000001e8   Code   RO         2244    i.HAL_ETH_Init      stm32f4xx_hal_eth.o
    0x080009d0   0x080009d0   0x000000e8   Code   RO          545    i.HAL_ETH_MspInit   ethernetif.o
    0x08000ab8   0x08000ab8   0x00000082   Code   RO         2247    i.HAL_ETH_ReadPHYRegister  stm32f4xx_hal_eth.o
    0x08000b3a   0x08000b3a   0x00000002   PAD
    0x08000b3c   0x08000b3c   0x0000000c   Code   RO          546    i.HAL_ETH_RxCpltCallback  ethernetif.o
    0x08000b48   0x08000b48   0x00000084   Code   RO         2249    i.HAL_ETH_Start     stm32f4xx_hal_eth.o
    0x08000bcc   0x08000bcc   0x00000108   Code   RO         2251    i.HAL_ETH_TransmitFrame  stm32f4xx_hal_eth.o
    0x08000cd4   0x08000cd4   0x00000002   Code   RO         2252    i.HAL_ETH_TxCpltCallback  stm32f4xx_hal_eth.o
    0x08000cd6   0x08000cd6   0x00000076   Code   RO         2253    i.HAL_ETH_WritePHYRegister  stm32f4xx_hal_eth.o
    0x08000d4c   0x08000d4c   0x000001b4   Code   RO         3993    i.HAL_GPIO_Init     stm32f4xx_hal_gpio.o
    0x08000f00   0x08000f00   0x0000000e   Code   RO         3996    i.HAL_GPIO_TogglePin  stm32f4xx_hal_gpio.o
    0x08000f0e   0x08000f0e   0x0000000a   Code   RO         3997    i.HAL_GPIO_WritePin  stm32f4xx_hal_gpio.o
    0x08000f18   0x08000f18   0x0000000c   Code   RO         4525    i.HAL_GetTick       stm32f4xx_hal.o
    0x08000f24   0x08000f24   0x00000010   Code   RO         4531    i.HAL_IncTick       stm32f4xx_hal.o
    0x08000f34   0x08000f34   0x00000034   Code   RO         4532    i.HAL_Init          stm32f4xx_hal.o
    0x08000f68   0x08000f68   0x00000074   Code   RO          766    i.HAL_InitTick      stm32f4xx_hal_timebase_tim.o
    0x08000fdc   0x08000fdc   0x00000038   Code   RO          718    i.HAL_MspInit       stm32f4xx_hal_msp.o
    0x08001014   0x08001014   0x0000001a   Code   RO         4382    i.HAL_NVIC_EnableIRQ  stm32f4xx_hal_cortex.o
    0x0800102e   0x0800102e   0x00000002   PAD
    0x08001030   0x08001030   0x00000040   Code   RO         4388    i.HAL_NVIC_SetPriority  stm32f4xx_hal_cortex.o
    0x08001070   0x08001070   0x00000024   Code   RO         4389    i.HAL_NVIC_SetPriorityGrouping  stm32f4xx_hal_cortex.o
    0x08001094   0x08001094   0x00000134   Code   RO         3639    i.HAL_RCC_ClockConfig  stm32f4xx_hal_rcc.o
    0x080011c8   0x080011c8   0x00000040   Code   RO         3643    i.HAL_RCC_GetClockConfig  stm32f4xx_hal_rcc.o
    0x08001208   0x08001208   0x0000000c   Code   RO         3644    i.HAL_RCC_GetHCLKFreq  stm32f4xx_hal_rcc.o
    0x08001214   0x08001214   0x00000020   Code   RO         3646    i.HAL_RCC_GetPCLK1Freq  stm32f4xx_hal_rcc.o
    0x08001234   0x08001234   0x00000020   Code   RO         3647    i.HAL_RCC_GetPCLK2Freq  stm32f4xx_hal_rcc.o
    0x08001254   0x08001254   0x00000064   Code   RO         3648    i.HAL_RCC_GetSysClockFreq  stm32f4xx_hal_rcc.o
    0x080012b8   0x080012b8   0x0000034c   Code   RO         3651    i.HAL_RCC_OscConfig  stm32f4xx_hal_rcc.o
    0x08001604   0x08001604   0x00000002   Code   RO         3061    i.HAL_TIMEx_BreakCallback  stm32f4xx_hal_tim_ex.o
    0x08001606   0x08001606   0x00000002   Code   RO         3062    i.HAL_TIMEx_CommutCallback  stm32f4xx_hal_tim_ex.o
    0x08001608   0x08001608   0x00000090   Code   RO         3079    i.HAL_TIMEx_MasterConfigSynchronization  stm32f4xx_hal_tim_ex.o
    0x08001698   0x08001698   0x00000036   Code   RO         2386    i.HAL_TIM_Base_Init  stm32f4xx_hal_tim.o
    0x080016ce   0x080016ce   0x00000002   PAD
    0x080016d0   0x080016d0   0x0000003c   Code   RO          720    i.HAL_TIM_Base_MspInit  stm32f4xx_hal_msp.o
    0x0800170c   0x0800170c   0x00000022   Code   RO         2391    i.HAL_TIM_Base_Start_IT  stm32f4xx_hal_tim.o
    0x0800172e   0x0800172e   0x00000002   Code   RO         2415    i.HAL_TIM_IC_CaptureCallback  stm32f4xx_hal_tim.o
    0x08001730   0x08001730   0x00000166   Code   RO         2429    i.HAL_TIM_IRQHandler  stm32f4xx_hal_tim.o
    0x08001896   0x08001896   0x00000002   Code   RO         2432    i.HAL_TIM_OC_DelayElapsedCallback  stm32f4xx_hal_tim.o
    0x08001898   0x08001898   0x00000002   Code   RO         2459    i.HAL_TIM_PWM_PulseFinishedCallback  stm32f4xx_hal_tim.o
    0x0800189a   0x0800189a   0x00000002   PAD
    0x0800189c   0x0800189c   0x00000014   Code   RO          234    i.HAL_TIM_PeriodElapsedCallback  main.o
    0x080018b0   0x080018b0   0x00000002   Code   RO         2472    i.HAL_TIM_TriggerCallback  stm32f4xx_hal_tim.o
    0x080018b2   0x080018b2   0x00000002   Code   RO         3333    i.HAL_UART_ErrorCallback  stm32f4xx_hal_uart.o
    0x080018b4   0x080018b4   0x00000114   Code   RO         3336    i.HAL_UART_IRQHandler  stm32f4xx_hal_uart.o
    0x080019c8   0x080019c8   0x00000062   Code   RO         3337    i.HAL_UART_Init     stm32f4xx_hal_uart.o
    0x08001a2a   0x08001a2a   0x00000002   PAD
    0x08001a2c   0x08001a2c   0x000001a4   Code   RO          722    i.HAL_UART_MspInit  stm32f4xx_hal_msp.o
    0x08001bd0   0x08001bd0   0x00000002   Code   RO         3343    i.HAL_UART_RxCpltCallback  stm32f4xx_hal_uart.o
    0x08001bd2   0x08001bd2   0x000000ba   Code   RO         3345    i.HAL_UART_Transmit  stm32f4xx_hal_uart.o
    0x08001c8c   0x08001c8c   0x00000002   Code   RO         3348    i.HAL_UART_TxCpltCallback  stm32f4xx_hal_uart.o
    0x08001c8e   0x08001c8e   0x00000002   PAD
    0x08001c90   0x08001c90   0x000000dc   Code   RO          235    i.MX_GPIO_Init      main.o
    0x08001d6c   0x08001d6c   0x000000f4   Code   RO          473    i.MX_LWIP_Init      lwip.o
    0x08001e60   0x08001e60   0x00000068   Code   RO            4    i.ModbusRTUTask     mdtask.o
    0x08001ec8   0x08001ec8   0x00000054   Code   RO            5    i.ModbusTestTask    mdtask.o
    0x08001f1c   0x08001f1c   0x00000040   Code   RO         5186    i.RS485LedInd       portserial_m.o
    0x08001f5c   0x08001f5c   0x0000003c   Code   RO         5187    i.RS485SetDir       portserial_m.o
    0x08001f98   0x08001f98   0x00000024   Code   RO          236    i.StartDefaultTask  main.o
    0x08001fbc   0x08001fbc   0x00000020   Code   RO          237    i.StartMdTask       main.o
    0x08001fdc   0x08001fdc   0x00000008   Code   RO          238    i.StartTask03       main.o
    0x08001fe4   0x08001fe4   0x0000002c   Code   RO         2114    i.SysTick_Handler   port.o
    0x08002010   0x08002010   0x00000084   Code   RO          239    i.SystemClock_Config  main.o
    0x08002094   0x08002094   0x00000054   Code   RO         2194    i.SystemInit        system_stm32f4xx.o
    0x080020e8   0x080020e8   0x0000000c   Code   RO          655    i.TIM1_UP_TIM10_IRQHandler  stm32f4xx_it.o
    0x080020f4   0x080020f4   0x00000024   Code   RO          656    i.TIM7_IRQHandler   stm32f4xx_it.o
    0x08002118   0x08002118   0x000000c8   Code   RO         2474    i.TIM_Base_SetConfig  stm32f4xx_hal_tim.o
    0x080021e0   0x080021e0   0x00000064   Code   RO          657    i.UART4_IRQHandler  stm32f4xx_it.o
    0x08002244   0x08002244   0x0000002c   Code   RO         5188    i.UARTHandleSwitch  portserial_m.o
    0x08002270   0x08002270   0x00000010   Code   RO         3350    i.UART_DMAAbortOnError  stm32f4xx_hal_uart.o
    0x08002280   0x08002280   0x0000001c   Code   RO         3360    i.UART_EndRxTransfer  stm32f4xx_hal_uart.o
    0x0800229c   0x0800229c   0x00000096   Code   RO         3362    i.UART_Receive_IT   stm32f4xx_hal_uart.o
    0x08002332   0x08002332   0x00000002   PAD
    0x08002334   0x08002334   0x00000128   Code   RO         3363    i.UART_SetConfig    stm32f4xx_hal_uart.o
    0x0800245c   0x0800245c   0x00000062   Code   RO         3364    i.UART_Transmit_IT  stm32f4xx_hal_uart.o
    0x080024be   0x080024be   0x00000062   Code   RO         3365    i.UART_WaitOnFlagUntilTimeout  stm32f4xx_hal_uart.o
    0x08002520   0x08002520   0x0000005c   Code   RO          658    i.USART2_IRQHandler  stm32f4xx_it.o
    0x0800257c   0x0800257c   0x0000005c   Code   RO          659    i.USART3_IRQHandler  stm32f4xx_it.o
    0x080025d8   0x080025d8   0x0000005c   Code   RO          660    i.USART6_IRQHandler  stm32f4xx_it.o
    0x08002634   0x08002634   0x00000020   Code   RO         9443    i.__0printf$3       mc_w.l(printf3.o)
    0x08002654   0x08002654   0x00000020   Code   RO         4395    i.__NVIC_SetPriority  stm32f4xx_hal_cortex.o
    0x08002674   0x08002674   0x0000000e   Code   RO         9655    i.__scatterload_copy  mc_w.l(handlers.o)
    0x08002682   0x08002682   0x00000002   Code   RO         9656    i.__scatterload_null  mc_w.l(handlers.o)
    0x08002684   0x08002684   0x0000000e   Code   RO         9657    i.__scatterload_zeroinit  mc_w.l(handlers.o)
    0x08002692   0x08002692   0x00000002   PAD
    0x08002694   0x08002694   0x000001b8   Code   RO         9450    i._printf_core      mc_w.l(printf3.o)
    0x0800284c   0x0800284c   0x0000001c   Code   RO         8217    i.cyclic_timer      timeouts.o
    0x08002868   0x08002868   0x000000a8   Code   RO         7228    i.do_memp_free_pool  memp.o
    0x08002910   0x08002910   0x000000b8   Code   RO         7229    i.do_memp_malloc_pool  memp.o
    0x080029c8   0x080029c8   0x00000024   Code   RO         4883    i.eMBMasterEnable   mb_m.o
    0x080029ec   0x080029ec   0x0000005e   Code   RO         5024    i.eMBMasterFuncReadHoldingRegister  mbfuncholding_m.o
    0x08002a4a   0x08002a4a   0x00000038   Code   RO         5025    i.eMBMasterFuncWriteHoldingRegister  mbfuncholding_m.o
    0x08002a82   0x08002a82   0x00000002   PAD
    0x08002a84   0x08002a84   0x00000074   Code   RO         4885    i.eMBMasterInit     mb_m.o
    0x08002af8   0x08002af8   0x000001b8   Code   RO         4887    i.eMBMasterPoll     mb_m.o
    0x08002cb0   0x08002cb0   0x0000003c   Code   RO         5330    i.eMBMasterRTUInit  mbrtu_m.o
    0x08002cec   0x08002cec   0x00000064   Code   RO         5331    i.eMBMasterRTUReceive  mbrtu_m.o
    0x08002d50   0x08002d50   0x0000008c   Code   RO         5332    i.eMBMasterRTUSend  mbrtu_m.o
    0x08002ddc   0x08002ddc   0x00000024   Code   RO         5333    i.eMBMasterRTUStart  mbrtu_m.o
    0x08002e00   0x08002e00   0x00000018   Code   RO         5334    i.eMBMasterRTUStop  mbrtu_m.o
    0x08002e18   0x08002e18   0x00000070   Code   RO         5442    i.eMBMasterRegHoldingCB  mb_app_m.o
    0x08002e88   0x08002e88   0x00000058   Code   RO         5027    i.eMBMasterReqWriteHoldingRegister  mbfuncholding_m.o
    0x08002ee0   0x08002ee0   0x00000048   Code   RO         5084    i.eMBMasterWaitRequestFinish  portevent_m.o
    0x08002f28   0x08002f28   0x00000030   Code   RO         8445    i.etharp_cleanup_netif  etharp.o
    0x08002f58   0x08002f58   0x00000248   Code   RO         8447    i.etharp_find_entry  etharp.o
    0x080031a0   0x080031a0   0x00000024   Code   RO         8448    i.etharp_free_entry  etharp.o
    0x080031c4   0x080031c4   0x00000108   Code   RO         8450    i.etharp_input      etharp.o
    0x080032cc   0x080032cc   0x000001a8   Code   RO         8451    i.etharp_output     etharp.o
    0x08003474   0x08003474   0x00000110   Code   RO         8452    i.etharp_output_to_arp_index  etharp.o
    0x08003584   0x08003584   0x000001e0   Code   RO         8453    i.etharp_query      etharp.o
    0x08003764   0x08003764   0x00000170   Code   RO         8454    i.etharp_raw        etharp.o
    0x080038d4   0x080038d4   0x0000000c   Code   RO         8455    i.etharp_request    etharp.o
    0x080038e0   0x080038e0   0x00000020   Code   RO         8456    i.etharp_request_dst  etharp.o
    0x08003900   0x08003900   0x00000060   Code   RO         8457    i.etharp_tmr        etharp.o
    0x08003960   0x08003960   0x0000011c   Code   RO         8458    i.etharp_update_arp_entry  etharp.o
    0x08003a7c   0x08003a7c   0x000000a0   Code   RO         5911    i.ethernet_input    ethernet.o
    0x08003b1c   0x08003b1c   0x000000f8   Code   RO         5912    i.ethernet_output   ethernet.o
    0x08003c14   0x08003c14   0x00000088   Code   RO          547    i.ethernetif_init   ethernetif.o
    0x08003c9c   0x08003c9c   0x00000034   Code   RO          548    i.ethernetif_input  ethernetif.o
    0x08003cd0   0x08003cd0   0x00000018   Code   RO          240    i.fputc             main.o
    0x08003ce8   0x08003ce8   0x00000008   Code   RO         8545    i.icmp_dest_unreach  icmp.o
    0x08003cf0   0x08003cf0   0x000001e4   Code   RO         8546    i.icmp_input        icmp.o
    0x08003ed4   0x08003ed4   0x0000010c   Code   RO         8547    i.icmp_send_response  icmp.o
    0x08003fe0   0x08003fe0   0x00000008   Code   RO         8548    i.icmp_time_exceeded  icmp.o
    0x08003fe8   0x08003fe8   0x0000000c   Code   RO         1695    i.inHandlerMode     cmsis_os.o
    0x08003ff4   0x08003ff4   0x0000002e   Code   RO         8660    i.ip4_addr_isbroadcast_u32  ip4_addr.o
    0x08004022   0x08004022   0x00000002   PAD
    0x08004024   0x08004024   0x00000258   Code   RO         8726    i.ip4_frag          ip4_frag.o
    0x0800427c   0x0800427c   0x000001a0   Code   RO         8607    i.ip4_input         ip4.o
    0x0800441c   0x0800441c   0x0000001e   Code   RO         8609    i.ip4_output_if     ip4.o
    0x0800443a   0x0800443a   0x00000002   PAD
    0x0800443c   0x0800443c   0x0000016c   Code   RO         8610    i.ip4_output_if_src  ip4.o
    0x080045a8   0x080045a8   0x000001c8   Code   RO         8727    i.ip4_reass         ip4_frag.o
    0x08004770   0x08004770   0x0000005c   Code   RO         8611    i.ip4_route         ip4.o
    0x080047cc   0x080047cc   0x00000090   Code   RO         8728    i.ip_frag_free_pbuf_custom_ref  ip4_frag.o
    0x0800485c   0x0800485c   0x0000025c   Code   RO         8729    i.ip_reass_chain_frag_into_datagram_and_validate  ip4_frag.o
    0x08004ab8   0x08004ab8   0x000000bc   Code   RO         8730    i.ip_reass_dequeue_datagram  ip4_frag.o
    0x08004b74   0x08004b74   0x00000190   Code   RO         8731    i.ip_reass_free_complete_datagram  ip4_frag.o
    0x08004d04   0x08004d04   0x00000084   Code   RO         8732    i.ip_reass_remove_oldest_datagram  ip4_frag.o
    0x08004d88   0x08004d88   0x0000002c   Code   RO         8733    i.ip_reass_tmr      ip4_frag.o
    0x08004db4   0x08004db4   0x00000098   Code   RO         8734    i.ipfrag_free_pbuf_custom  ip4_frag.o
    0x08004e4c   0x08004e4c   0x000000f8   Code   RO          549    i.low_level_init    ethernetif.o
    0x08004f44   0x08004f44   0x000000bc   Code   RO          550    i.low_level_input   ethernetif.o
    0x08005000   0x08005000   0x000000a8   Code   RO          551    i.low_level_output  ethernetif.o
    0x080050a8   0x080050a8   0x00000004   Code   RO         6938    i.lwip_htonl        def.o
    0x080050ac   0x080050ac   0x00000004   Code   RO         6939    i.lwip_htons        def.o
    0x080050b0   0x080050b0   0x00000022   Code   RO         7084    i.lwip_init         init.o
    0x080050d2   0x080050d2   0x00000002   PAD
    0x080050d4   0x080050d4   0x00000180   Code   RO          241    i.main              main.o
    0x08005254   0x08005254   0x0000000c   Code   RO         1697    i.makeFreeRtosPriority  cmsis_os.o
    0x08005260   0x08005260   0x00000138   Code   RO         7162    i.mem_free          mem.o
    0x08005398   0x08005398   0x000000c4   Code   RO         7163    i.mem_init          mem.o
    0x0800545c   0x0800545c   0x00000210   Code   RO         7164    i.mem_malloc        mem.o
    0x0800566c   0x0800566c   0x000001a0   Code   RO         7165    i.mem_trim          mem.o
    0x0800580c   0x0800580c   0x0000009c   Code   RO         7230    i.memp_free         memp.o
    0x080058a8   0x080058a8   0x0000001c   Code   RO         7232    i.memp_init         memp.o
    0x080058c4   0x080058c4   0x0000002a   Code   RO         7233    i.memp_init_pool    memp.o
    0x080058ee   0x080058ee   0x00000002   PAD
    0x080058f0   0x080058f0   0x000000a4   Code   RO         7234    i.memp_malloc       memp.o
    0x08005994   0x08005994   0x000000e0   Code   RO         7372    i.netif_add         netif.o
    0x08005a74   0x08005a74   0x00000002   Code   RO         7374    i.netif_init        netif.o
    0x08005a76   0x08005a76   0x0000001a   Code   RO         7376    i.netif_issue_reports  netif.o
    0x08005a90   0x08005a90   0x00000048   Code   RO         7378    i.netif_set_addr    netif.o
    0x08005ad8   0x08005ad8   0x0000000c   Code   RO         7379    i.netif_set_default  netif.o
    0x08005ae4   0x08005ae4   0x0000001a   Code   RO         7380    i.netif_set_down    netif.o
    0x08005afe   0x08005afe   0x00000008   Code   RO         7381    i.netif_set_gw      netif.o
    0x08005b06   0x08005b06   0x00000002   PAD
    0x08005b08   0x08005b08   0x00000040   Code   RO         7382    i.netif_set_ipaddr  netif.o
    0x08005b48   0x08005b48   0x00000008   Code   RO         7385    i.netif_set_netmask  netif.o
    0x08005b50   0x08005b50   0x0000001c   Code   RO         7386    i.netif_set_up      netif.o
    0x08005b6c   0x08005b6c   0x0000000e   Code   RO         1699    i.osDelay           cmsis_os.o
    0x08005b7a   0x08005b7a   0x0000000a   Code   RO         1702    i.osKernelStart     cmsis_os.o
    0x08005b84   0x08005b84   0x00000018   Code   RO         1703    i.osKernelSysTick   cmsis_os.o
    0x08005b9c   0x08005b9c   0x00000026   Code   RO         1711    i.osMessageCreate   cmsis_os.o
    0x08005bc2   0x08005bc2   0x00000002   PAD
    0x08005bc4   0x08005bc4   0x00000094   Code   RO         1713    i.osMessageGet      cmsis_os.o
    0x08005c58   0x08005c58   0x0000005c   Code   RO         1715    i.osMessagePut      cmsis_os.o
    0x08005cb4   0x08005cb4   0x00000010   Code   RO         1717    i.osMutexCreate     cmsis_os.o
    0x08005cc4   0x08005cc4   0x00000050   Code   RO         1719    i.osMutexRelease    cmsis_os.o
    0x08005d14   0x08005d14   0x00000064   Code   RO         1720    i.osMutexWait       cmsis_os.o
    0x08005d78   0x08005d78   0x0000003e   Code   RO         1728    i.osSemaphoreCreate  cmsis_os.o
    0x08005db6   0x08005db6   0x00000002   PAD
    0x08005db8   0x08005db8   0x00000050   Code   RO         1731    i.osSemaphoreRelease  cmsis_os.o
    0x08005e08   0x08005e08   0x00000064   Code   RO         1732    i.osSemaphoreWait   cmsis_os.o
    0x08005e6c   0x08005e6c   0x00000054   Code   RO         1736    i.osThreadCreate    cmsis_os.o
    0x08005ec0   0x08005ec0   0x0000003c   Code   RO         1747    i.osTimerCreate     cmsis_os.o
    0x08005efc   0x08005efc   0x00000060   Code   RO         1749    i.osTimerStart      cmsis_os.o
    0x08005f5c   0x08005f5c   0x00000374   Code   RO         7500    i.pbuf_alloc        pbuf.o
    0x080062d0   0x080062d0   0x000000e0   Code   RO         7501    i.pbuf_alloced_custom  pbuf.o
    0x080063b0   0x080063b0   0x00000130   Code   RO         7502    i.pbuf_cat          pbuf.o
    0x080064e0   0x080064e0   0x00000012   Code   RO         7504    i.pbuf_clen         pbuf.o
    0x080064f2   0x080064f2   0x00000002   PAD
    0x080064f4   0x080064f4   0x000001ec   Code   RO         7506    i.pbuf_copy         pbuf.o
    0x080066e0   0x080066e0   0x0000011c   Code   RO         7507    i.pbuf_copy_partial  pbuf.o
    0x080067fc   0x080067fc   0x00000174   Code   RO         7509    i.pbuf_free         pbuf.o
    0x08006970   0x08006970   0x00000034   Code   RO         7510    i.pbuf_free_ooseq_callback  pbuf.o
    0x080069a4   0x080069a4   0x00000006   Code   RO         7512    i.pbuf_header       pbuf.o
    0x080069aa   0x080069aa   0x00000006   Code   RO         7513    i.pbuf_header_force  pbuf.o
    0x080069b0   0x080069b0   0x00000124   Code   RO         7514    i.pbuf_header_impl  pbuf.o
    0x08006ad4   0x08006ad4   0x00000040   Code   RO         7517    i.pbuf_pool_is_empty  pbuf.o
    0x08006b14   0x08006b14   0x00000198   Code   RO         7519    i.pbuf_realloc      pbuf.o
    0x08006cac   0x08006cac   0x0000009c   Code   RO         7520    i.pbuf_ref          pbuf.o
    0x08006d48   0x08006d48   0x0000017c   Code   RO         7166    i.plug_holes        mem.o
    0x08006ec4   0x08006ec4   0x00000070   Code   RO         1267    i.prvAddCurrentTaskToDelayedList  tasks.o
    0x08006f34   0x08006f34   0x000000d0   Code   RO         1268    i.prvAddNewTaskToReadyList  tasks.o
    0x08007004   0x08007004   0x00000058   Code   RO         1566    i.prvCheckForValidListAndQueue  timers.o
    0x0800705c   0x0800705c   0x00000026   Code   RO          946    i.prvCopyDataFromQueue  queue.o
    0x08007082   0x08007082   0x0000006c   Code   RO          947    i.prvCopyDataToQueue  queue.o
    0x080070ee   0x080070ee   0x00000034   Code   RO         1269    i.prvDeleteTCB      tasks.o
    0x08007122   0x08007122   0x00000002   PAD
    0x08007124   0x08007124   0x0000004c   Code   RO         2064    i.prvHeapInit       heap_4.o
    0x08007170   0x08007170   0x0000005c   Code   RO         1270    i.prvIdleTask       tasks.o
    0x080071cc   0x080071cc   0x00000016   Code   RO          948    i.prvInitialiseMutex  queue.o
    0x080071e2   0x080071e2   0x00000016   Code   RO          949    i.prvInitialiseNewQueue  queue.o
    0x080071f8   0x080071f8   0x0000008e   Code   RO         1271    i.prvInitialiseNewTask  tasks.o
    0x08007286   0x08007286   0x00000044   Code   RO         1567    i.prvInitialiseNewTimer  timers.o
    0x080072ca   0x080072ca   0x00000002   PAD
    0x080072cc   0x080072cc   0x0000004c   Code   RO         2065    i.prvInsertBlockIntoFreeList  heap_4.o
    0x08007318   0x08007318   0x00000038   Code   RO         1568    i.prvInsertTimerInActiveList  timers.o
    0x08007350   0x08007350   0x0000001a   Code   RO          950    i.prvIsQueueEmpty   queue.o
    0x0800736a   0x0800736a   0x00000002   PAD
    0x0800736c   0x0800736c   0x000000bc   Code   RO         1569    i.prvProcessReceivedCommands  timers.o
    0x08007428   0x08007428   0x000000b4   Code   RO         1570    i.prvProcessTimerOrBlockTask  timers.o
    0x080074dc   0x080074dc   0x00000020   Code   RO         1272    i.prvResetNextTaskUnblockTime  tasks.o
    0x080074fc   0x080074fc   0x00000028   Code   RO         1571    i.prvSampleTimeNow  timers.o
    0x08007524   0x08007524   0x0000006c   Code   RO         1572    i.prvSwitchTimerLists  timers.o
    0x08007590   0x08007590   0x00000028   Code   RO         2115    i.prvTaskExitError  port.o
    0x080075b8   0x080075b8   0x00000028   Code   RO         1573    i.prvTimerTask      timers.o
    0x080075e0   0x080075e0   0x0000006a   Code   RO          951    i.prvUnlockQueue    queue.o
    0x0800764a   0x0800764a   0x00000018   Code   RO         4819    i.prveMBError2Exception  mbutils.o
    0x08007662   0x08007662   0x00000002   PAD
    0x08007664   0x08007664   0x00000044   Code   RO         5272    i.prvvMasterTIMERExpiredISR  porttimer_m.o
    0x080076a8   0x080076a8   0x000000d8   Code   RO         2066    i.pvPortMalloc      heap_4.o
    0x08007780   0x08007780   0x00000018   Code   RO         1274    i.pvTaskIncrementMutexHeldCount  tasks.o
    0x08007798   0x08007798   0x0000002c   Code   RO         2116    i.pxPortInitialiseStack  port.o
    0x080077c4   0x080077c4   0x00000046   Code   RO         8980    i.sys_arch_mbox_fetch  sys_arch.o
    0x0800780a   0x0800780a   0x00000002   PAD
    0x0800780c   0x0800780c   0x00000018   Code   RO         8982    i.sys_arch_protect  sys_arch.o
    0x08007824   0x08007824   0x0000000c   Code   RO         8984    i.sys_arch_unprotect  sys_arch.o
    0x08007830   0x08007830   0x00000058   Code   RO         8218    i.sys_check_timeouts  timeouts.o
    0x08007888   0x08007888   0x00000018   Code   RO         8985    i.sys_init          sys_arch.o
    0x080078a0   0x080078a0   0x0000002c   Code   RO         8987    i.sys_mbox_new      sys_arch.o
    0x080078cc   0x080078cc   0x0000001a   Code   RO         8988    i.sys_mbox_post     sys_arch.o
    0x080078e6   0x080078e6   0x00000014   Code   RO         8990    i.sys_mbox_trypost  sys_arch.o
    0x080078fa   0x080078fa   0x0000000a   Code   RO         8991    i.sys_mbox_valid    sys_arch.o
    0x08007904   0x08007904   0x0000000a   Code   RO         8993    i.sys_mutex_lock    sys_arch.o
    0x0800790e   0x0800790e   0x0000001e   Code   RO         8994    i.sys_mutex_new     sys_arch.o
    0x0800792c   0x0800792c   0x00000006   Code   RO         8995    i.sys_mutex_unlock  sys_arch.o
    0x08007932   0x08007932   0x00000004   Code   RO          553    i.sys_now           ethernetif.o
    0x08007936   0x08007936   0x00000030   Code   RO         9001    i.sys_thread_new    sys_arch.o
    0x08007966   0x08007966   0x00000002   PAD
    0x08007968   0x08007968   0x0000013c   Code   RO         8220    i.sys_timeout       timeouts.o
    0x08007aa4   0x08007aa4   0x00000030   Code   RO         8221    i.sys_timeouts_init  timeouts.o
    0x08007ad4   0x08007ad4   0x00000050   Code   RO         8222    i.sys_timeouts_mbox_fetch  timeouts.o
    0x08007b24   0x08007b24   0x00000174   Code   RO         7748    i.tcp_abandon       tcp.o
    0x08007c98   0x08007c98   0x00000006   Code   RO         7749    i.tcp_abort         tcp.o
    0x08007c9e   0x08007c9e   0x00000002   PAD
    0x08007ca0   0x08007ca0   0x000000fc   Code   RO         7752    i.tcp_alloc         tcp.o
    0x08007d9c   0x08007d9c   0x00000014   Code   RO         7755    i.tcp_close         tcp.o
    0x08007db0   0x08007db0   0x00000188   Code   RO         7756    i.tcp_close_shutdown  tcp.o
    0x08007f38   0x08007f38   0x000000c4   Code   RO         7757    i.tcp_close_shutdown_fin  tcp.o
    0x08007ffc   0x08007ffc   0x00000120   Code   RO         8107    i.tcp_create_segment  tcp_out.o
    0x0800811c   0x0800811c   0x00000022   Code   RO         7760    i.tcp_eff_send_mss_impl  tcp.o
    0x0800813e   0x0800813e   0x00000002   PAD
    0x08008140   0x08008140   0x0000020c   Code   RO         8108    i.tcp_enqueue_flags  tcp_out.o
    0x0800834c   0x0800834c   0x0000006c   Code   RO         7762    i.tcp_fasttmr       tcp.o
    0x080083b8   0x080083b8   0x00000030   Code   RO         8023    i.tcp_getoptbyte    tcp_in.o
    0x080083e8   0x080083e8   0x00000002   Code   RO         7763    i.tcp_init          tcp.o
    0x080083ea   0x080083ea   0x00000002   PAD
    0x080083ec   0x080083ec   0x000005c8   Code   RO         8024    i.tcp_input         tcp_in.o
    0x080089b4   0x080089b4   0x00000040   Code   RO         8025    i.tcp_input_delayed_close  tcp_in.o
    0x080089f4   0x080089f4   0x00000052   Code   RO         8109    i.tcp_keepalive     tcp_out.o
    0x08008a46   0x08008a46   0x00000002   PAD
    0x08008a48   0x08008a48   0x000000bc   Code   RO         7764    i.tcp_kill_state    tcp.o
    0x08008b04   0x08008b04   0x000000cc   Code   RO         7765    i.tcp_listen_closed  tcp.o
    0x08008bd0   0x08008bd0   0x000000f4   Code   RO         8026    i.tcp_listen_input  tcp_in.o
    0x08008cc4   0x08008cc4   0x0000004c   Code   RO         7768    i.tcp_netif_ip_addr_changed  tcp.o
    0x08008d10   0x08008d10   0x00000022   Code   RO         7769    i.tcp_netif_ip_addr_changed_pcblist  tcp.o
    0x08008d32   0x08008d32   0x00000002   PAD
    0x08008d34   0x08008d34   0x00000010   Code   RO         7773    i.tcp_next_iss      tcp.o
    0x08008d44   0x08008d44   0x00000078   Code   RO         8027    i.tcp_oos_insert_segment  tcp_in.o
    0x08008dbc   0x08008dbc   0x000002c8   Code   RO         8110    i.tcp_output        tcp_out.o
    0x08009084   0x08009084   0x0000010c   Code   RO         8111    i.tcp_output_alloc_header  tcp_out.o
    0x08009190   0x08009190   0x000000a8   Code   RO         8112    i.tcp_output_segment  tcp_out.o
    0x08009238   0x08009238   0x00000074   Code   RO         8028    i.tcp_parseopt      tcp_in.o
    0x080092ac   0x080092ac   0x00000042   Code   RO         7774    i.tcp_pcb_purge     tcp.o
    0x080092ee   0x080092ee   0x00000002   PAD
    0x080092f0   0x080092f0   0x00000130   Code   RO         7775    i.tcp_pcb_remove    tcp.o
    0x08009420   0x08009420   0x00000494   Code   RO         8029    i.tcp_process       tcp_in.o
    0x080098b4   0x080098b4   0x0000006c   Code   RO         7777    i.tcp_process_refused_data  tcp.o
    0x08009920   0x08009920   0x00000a18   Code   RO         8030    i.tcp_receive       tcp_in.o
    0x0800a338   0x0800a338   0x00000024   Code   RO         7779    i.tcp_recv_null     tcp.o
    0x0800a35c   0x0800a35c   0x00000110   Code   RO         7780    i.tcp_recved        tcp.o
    0x0800a46c   0x0800a46c   0x00000056   Code   RO         8114    i.tcp_rexmit        tcp_out.o
    0x0800a4c2   0x0800a4c2   0x00000058   Code   RO         8115    i.tcp_rexmit_fast   tcp_out.o
    0x0800a51a   0x0800a51a   0x00000032   Code   RO         8116    i.tcp_rexmit_rto    tcp_out.o
    0x0800a54c   0x0800a54c   0x00000120   Code   RO         8117    i.tcp_rst           tcp_out.o
    0x0800a66c   0x0800a66c   0x00000024   Code   RO         7781    i.tcp_seg_copy      tcp.o
    0x0800a690   0x0800a690   0x0000001c   Code   RO         7782    i.tcp_seg_free      tcp.o
    0x0800a6ac   0x0800a6ac   0x00000012   Code   RO         7783    i.tcp_segs_free     tcp.o
    0x0800a6be   0x0800a6be   0x0000006a   Code   RO         8118    i.tcp_send_empty_ack  tcp_out.o
    0x0800a728   0x0800a728   0x00000046   Code   RO         8119    i.tcp_send_fin      tcp_out.o
    0x0800a76e   0x0800a76e   0x00000002   PAD
    0x0800a770   0x0800a770   0x000004dc   Code   RO         7787    i.tcp_slowtmr       tcp.o
    0x0800ac4c   0x0800ac4c   0x00000034   Code   RO         8224    i.tcp_timer_needed  timeouts.o
    0x0800ac80   0x0800ac80   0x00000068   Code   RO         8031    i.tcp_timewait_input  tcp_in.o
    0x0800ace8   0x0800ace8   0x00000020   Code   RO         7788    i.tcp_tmr           tcp.o
    0x0800ad08   0x0800ad08   0x00000010   Code   RO         8032    i.tcp_trigger_input_pcb_close  tcp_in.o
    0x0800ad18   0x0800ad18   0x000000c0   Code   RO         7790    i.tcp_update_rcv_ann_wnd  tcp.o
    0x0800add8   0x0800add8   0x000000bc   Code   RO         8122    i.tcp_zero_window_probe  tcp_out.o
    0x0800ae94   0x0800ae94   0x000000cc   Code   RO         6835    i.tcpip_callback_with_block  tcpip.o
    0x0800af60   0x0800af60   0x00000110   Code   RO         6838    i.tcpip_init        tcpip.o
    0x0800b070   0x0800b070   0x000000c0   Code   RO         6839    i.tcpip_inpkt       tcpip.o
    0x0800b130   0x0800b130   0x0000001c   Code   RO         6840    i.tcpip_input       tcpip.o
    0x0800b14c   0x0800b14c   0x00000038   Code   RO         8225    i.tcpip_tcp_timer   timeouts.o
    0x0800b184   0x0800b184   0x000000f8   Code   RO         6842    i.tcpip_thread      tcpip.o
    0x0800b27c   0x0800b27c   0x0000000c   Code   RO         4888    i.ucMBMasterGetDestAddress  mb_m.o
    0x0800b288   0x0800b288   0x00000002   Code   RO         8299    i.udp_init          udp.o
    0x0800b28a   0x0800b28a   0x00000002   PAD
    0x0800b28c   0x0800b28c   0x00000194   Code   RO         8300    i.udp_input         udp.o
    0x0800b420   0x0800b420   0x00000034   Code   RO         8301    i.udp_netif_ip_addr_changed  udp.o
    0x0800b454   0x0800b454   0x0000002c   Code   RO         4855    i.usMBCRC16         mbcrc.o
    0x0800b480   0x0800b480   0x0000000c   Code   RO         5335    i.usMBMasterGetPDUSndLength  mbrtu_m.o
    0x0800b48c   0x0800b48c   0x00000026   Code   RO          906    i.uxListRemove      list.o
    0x0800b4b2   0x0800b4b2   0x00000002   PAD
    0x0800b4b4   0x0800b4b4   0x00000014   Code   RO          433    i.vApplicationGetIdleTaskMemory  freertos.o
    0x0800b4c8   0x0800b4c8   0x00000018   Code   RO          434    i.vApplicationGetTimerTaskMemory  freertos.o
    0x0800b4e0   0x0800b4e0   0x00000016   Code   RO          907    i.vListInitialise   list.o
    0x0800b4f6   0x0800b4f6   0x00000006   Code   RO          908    i.vListInitialiseItem  list.o
    0x0800b4fc   0x0800b4fc   0x00000030   Code   RO          909    i.vListInsert       list.o
    0x0800b52c   0x0800b52c   0x00000018   Code   RO          910    i.vListInsertEnd    list.o
    0x0800b544   0x0800b544   0x00000006   Code   RO         5085    i.vMBMasterCBRequestScuuess  portevent_m.o
    0x0800b54a   0x0800b54a   0x00000008   Code   RO         5086    i.vMBMasterErrorCBExecuteFunction  portevent_m.o
    0x0800b552   0x0800b552   0x00000006   Code   RO         5087    i.vMBMasterErrorCBReceiveData  portevent_m.o
    0x0800b558   0x0800b558   0x0000006c   Code   RO         5088    i.vMBMasterErrorCBRespondTimeout  portevent_m.o
    0x0800b5c4   0x0800b5c4   0x00000010   Code   RO         5336    i.vMBMasterGetPDUSndBuf  mbrtu_m.o
    0x0800b5d4   0x0800b5d4   0x0000000c   Code   RO         5089    i.vMBMasterOsResInit  portevent_m.o
    0x0800b5e0   0x0800b5e0   0x00000070   Code   RO         5190    i.vMBMasterPortSerialEnable  portserial_m.o
    0x0800b650   0x0800b650   0x00000028   Code   RO         5305    i.vMBMasterPortTimersConvertDelayEnable  porttimer_m.o
    0x0800b678   0x0800b678   0x00000010   Code   RO         5317    i.vMBMasterPortTimersDisable  porttimer_m.o
    0x0800b688   0x0800b688   0x00000030   Code   RO         5311    i.vMBMasterPortTimersRespondTimeoutEnable  porttimer_m.o
    0x0800b6b8   0x0800b6b8   0x00000024   Code   RO         5299    i.vMBMasterPortTimersT35Enable  porttimer_m.o
    0x0800b6dc   0x0800b6dc   0x0000000c   Code   RO         5090    i.vMBMasterRunResRelease  portevent_m.o
    0x0800b6e8   0x0800b6e8   0x0000000c   Code   RO         5338    i.vMBMasterSetCurTimerMode  mbrtu_m.o
    0x0800b6f4   0x0800b6f4   0x0000000c   Code   RO         4890    i.vMBMasterSetDestAddress  mb_m.o
    0x0800b700   0x0800b700   0x0000000c   Code   RO         4891    i.vMBMasterSetErrorType  mb_m.o
    0x0800b70c   0x0800b70c   0x0000000c   Code   RO         5339    i.vMBMasterSetPDUSndLength  mbrtu_m.o
    0x0800b718   0x0800b718   0x00000040   Code   RO         2118    i.vPortEnterCritical  port.o
    0x0800b758   0x0800b758   0x00000028   Code   RO         2119    i.vPortExitCritical  port.o
    0x0800b780   0x0800b780   0x0000005c   Code   RO         2067    i.vPortFree         heap_4.o
    0x0800b7dc   0x0800b7dc   0x00000024   Code   RO         2120    i.vPortSetupTimerInterrupt  port.o
    0x0800b800   0x0800b800   0x00000054   Code   RO         2121    i.vPortValidateInterruptPriority  port.o
    0x0800b854   0x0800b854   0x00000024   Code   RO          955    i.vQueueAddToRegistry  queue.o
    0x0800b878   0x0800b878   0x00000044   Code   RO          958    i.vQueueWaitForMessageRestricted  queue.o
    0x0800b8bc   0x0800b8bc   0x0000004c   Code   RO         1280    i.vTaskDelay        tasks.o
    0x0800b908   0x0800b908   0x00000010   Code   RO         1283    i.vTaskInternalSetTimeOutState  tasks.o
    0x0800b918   0x0800b918   0x0000000c   Code   RO         1284    i.vTaskMissedYield  tasks.o
    0x0800b924   0x0800b924   0x00000030   Code   RO         1286    i.vTaskPlaceOnEventList  tasks.o
    0x0800b954   0x0800b954   0x00000038   Code   RO         1287    i.vTaskPlaceOnEventListRestricted  tasks.o
    0x0800b98c   0x0800b98c   0x000000ac   Code   RO         1289    i.vTaskPriorityDisinheritAfterTimeout  tasks.o
    0x0800ba38   0x0800ba38   0x00000084   Code   RO         1294    i.vTaskStartScheduler  tasks.o
    0x0800babc   0x0800babc   0x00000010   Code   RO         1296    i.vTaskSuspendAll   tasks.o
    0x0800bacc   0x0800bacc   0x0000005c   Code   RO         1297    i.vTaskSwitchContext  tasks.o
    0x0800bb28   0x0800bb28   0x00000044   Code   RO         5091    i.xMBMasterPortEventGet  portevent_m.o
    0x0800bb6c   0x0800bb6c   0x00000018   Code   RO         5092    i.xMBMasterPortEventInit  portevent_m.o
    0x0800bb84   0x0800bb84   0x00000018   Code   RO         5093    i.xMBMasterPortEventPost  portevent_m.o
    0x0800bb9c   0x0800bb9c   0x0000001c   Code   RO         5242    i.xMBMasterPortSerialGetByte  portserial_m.o
    0x0800bbb8   0x0800bbb8   0x00000004   Code   RO         5191    i.xMBMasterPortSerialInit  portserial_m.o
    0x0800bbbc   0x0800bbbc   0x00000024   Code   RO         5236    i.xMBMasterPortSerialPutByte  portserial_m.o
    0x0800bbe0   0x0800bbe0   0x00000054   Code   RO         5273    i.xMBMasterPortTimersInit  porttimer_m.o
    0x0800bc34   0x0800bc34   0x0000008c   Code   RO         5340    i.xMBMasterRTUReceiveFSM  mbrtu_m.o
    0x0800bcc0   0x0800bcc0   0x00000080   Code   RO         5341    i.xMBMasterRTUTimerExpired  mbrtu_m.o
    0x0800bd40   0x0800bd40   0x00000098   Code   RO         5342    i.xMBMasterRTUTransmitFSM  mbrtu_m.o
    0x0800bdd8   0x0800bdd8   0x0000000c   Code   RO         5343    i.xMBMasterRequestIsBroadcast  mbrtu_m.o
    0x0800bde4   0x0800bde4   0x00000018   Code   RO         5094    i.xMBMasterRunResTake  portevent_m.o
    0x0800bdfc   0x0800bdfc   0x000000f4   Code   RO         2122    i.xPortStartScheduler  port.o
    0x0800bef0   0x0800bef0   0x00000016   Code   RO          959    i.xQueueCreateMutex  queue.o
    0x0800bf06   0x0800bf06   0x0000001a   Code   RO          960    i.xQueueCreateMutexStatic  queue.o
    0x0800bf20   0x0800bf20   0x00000048   Code   RO          961    i.xQueueGenericCreate  queue.o
    0x0800bf68   0x0800bf68   0x00000066   Code   RO          962    i.xQueueGenericCreateStatic  queue.o
    0x0800bfce   0x0800bfce   0x00000002   PAD
    0x0800bfd0   0x0800bfd0   0x00000088   Code   RO          963    i.xQueueGenericReset  queue.o
    0x0800c058   0x0800c058   0x00000164   Code   RO          964    i.xQueueGenericSend  queue.o
    0x0800c1bc   0x0800c1bc   0x000000bc   Code   RO          965    i.xQueueGenericSendFromISR  queue.o
    0x0800c278   0x0800c278   0x0000009c   Code   RO          966    i.xQueueGiveFromISR  queue.o
    0x0800c314   0x0800c314   0x00000138   Code   RO          971    i.xQueueReceive     queue.o
    0x0800c44c   0x0800c44c   0x0000009a   Code   RO          972    i.xQueueReceiveFromISR  queue.o
    0x0800c4e6   0x0800c4e6   0x00000002   PAD
    0x0800c4e8   0x0800c4e8   0x00000178   Code   RO          973    i.xQueueSemaphoreTake  queue.o
    0x0800c660   0x0800c660   0x00000074   Code   RO         1298    i.xTaskCheckForTimeOut  tasks.o
    0x0800c6d4   0x0800c6d4   0x0000005a   Code   RO         1299    i.xTaskCreate       tasks.o
    0x0800c72e   0x0800c72e   0x0000005a   Code   RO         1300    i.xTaskCreateStatic  tasks.o
    0x0800c788   0x0800c788   0x0000001c   Code   RO         1304    i.xTaskGetSchedulerState  tasks.o
    0x0800c7a4   0x0800c7a4   0x0000000c   Code   RO         1305    i.xTaskGetTickCount  tasks.o
    0x0800c7b0   0x0800c7b0   0x00000010   Code   RO         1306    i.xTaskGetTickCountFromISR  tasks.o
    0x0800c7c0   0x0800c7c0   0x000000c8   Code   RO         1307    i.xTaskIncrementTick  tasks.o
    0x0800c888   0x0800c888   0x00000098   Code   RO         1310    i.xTaskPriorityDisinherit  tasks.o
    0x0800c920   0x0800c920   0x00000094   Code   RO         1311    i.xTaskPriorityInherit  tasks.o
    0x0800c9b4   0x0800c9b4   0x00000074   Code   RO         1312    i.xTaskRemoveFromEventList  tasks.o
    0x0800ca28   0x0800ca28   0x000000c4   Code   RO         1313    i.xTaskResumeAll    tasks.o
    0x0800caec   0x0800caec   0x00000034   Code   RO         1576    i.xTimerCreate      timers.o
    0x0800cb20   0x0800cb20   0x0000002e   Code   RO         1577    i.xTimerCreateStatic  timers.o
    0x0800cb4e   0x0800cb4e   0x00000002   PAD
    0x0800cb50   0x0800cb50   0x00000060   Code   RO         1578    i.xTimerCreateTimerTask  timers.o
    0x0800cbb0   0x0800cbb0   0x0000005c   Code   RO         1579    i.xTimerGenericCommand  timers.o
    0x0800cc0c   0x0800cc0c   0x00000094   Data   RO          243    .constdata          main.o
    0x0800cca0   0x0800cca0   0x0000001c   Data   RO          555    .constdata          ethernetif.o
    0x0800ccbc   0x0800ccbc   0x00000010   Data   RO         2195    .constdata          system_stm32f4xx.o
    0x0800cccc   0x0800cccc   0x00000008   Data   RO         2196    .constdata          system_stm32f4xx.o
    0x0800ccd4   0x0800ccd4   0x00000200   Data   RO         4856    .constdata          mbcrc.o
    0x0800ced4   0x0800ced4   0x00000006   Data   RO         5913    .constdata          ethernet.o
    0x0800ceda   0x0800ceda   0x00000006   Data   RO         5914    .constdata          ethernet.o
    0x0800cee0   0x0800cee0   0x0000000c   Data   RO         7249    .constdata          memp.o
    0x0800ceec   0x0800ceec   0x0000000c   Data   RO         7250    .constdata          memp.o
    0x0800cef8   0x0800cef8   0x0000000c   Data   RO         7251    .constdata          memp.o
    0x0800cf04   0x0800cf04   0x0000000c   Data   RO         7252    .constdata          memp.o
    0x0800cf10   0x0800cf10   0x0000000c   Data   RO         7253    .constdata          memp.o
    0x0800cf1c   0x0800cf1c   0x0000000c   Data   RO         7254    .constdata          memp.o
    0x0800cf28   0x0800cf28   0x0000000c   Data   RO         7255    .constdata          memp.o
    0x0800cf34   0x0800cf34   0x0000000c   Data   RO         7256    .constdata          memp.o
    0x0800cf40   0x0800cf40   0x0000000c   Data   RO         7257    .constdata          memp.o
    0x0800cf4c   0x0800cf4c   0x0000000c   Data   RO         7258    .constdata          memp.o
    0x0800cf58   0x0800cf58   0x0000000c   Data   RO         7259    .constdata          memp.o
    0x0800cf64   0x0800cf64   0x0000000c   Data   RO         7260    .constdata          memp.o
    0x0800cf70   0x0800cf70   0x0000000c   Data   RO         7261    .constdata          memp.o
    0x0800cf7c   0x0800cf7c   0x00000034   Data   RO         7262    .constdata          memp.o
    0x0800cfb0   0x0800cfb0   0x00000054   Data   RO         7791    .constdata          tcp.o
    0x0800d004   0x0800d004   0x00000018   Data   RO         8226    .constdata          timeouts.o
    0x0800d01c   0x0800d01c   0x00000004   Data   RO         8667    .constdata          ip4_addr.o
    0x0800d020   0x0800d020   0x00000018   Data   RO         9002    .constdata          sys_arch.o
    0x0800d038   0x0800d038   0x00000047   Data   RO          244    .conststring        main.o
    0x0800d07f   0x0800d07f   0x00000001   PAD
    0x0800d080   0x0800d080   0x00000006   Data   RO          556    .conststring        ethernetif.o
    0x0800d086   0x0800d086   0x00000002   PAD
    0x0800d088   0x0800d088   0x00000075   Data   RO         7792    .conststring        tcp.o
    0x0800d0fd   0x0800d0fd   0x00000003   PAD
    0x0800d100   0x0800d100   0x00000055   Data   RO         8123    .conststring        tcp_out.o
    0x0800d155   0x0800d155   0x00000003   PAD
    0x0800d158   0x0800d158   0x00000041   Data   RO         8460    .conststring        etharp.o
    0x0800d199   0x0800d199   0x00000003   PAD
    0x0800d19c   0x0800d19c   0x00000020   Data   RO         9653    Region$$Table       anon$$obj.o


    Execution Region RW_IRAM1 (Exec base: 0x20000000, Load base: 0x0800d1bc, Size: 0x0000c350, Max: 0x00020000, ABSOLUTE, COMPRESSED[0x00000030])

    Exec Addr    Load Addr    Size         Type   Attr      Idx    E Section Name        Object

    0x20000000   COMPRESSED   0x00000010   Data   RW          245    .data               main.o
    0x20000010   COMPRESSED   0x00000018   Data   RW          479    .data               lwip.o
    0x20000028   COMPRESSED   0x00000004   Data   RW          557    .data               ethernetif.o
    0x2000002c   COMPRESSED   0x0000003c   Data   RW         1316    .data               tasks.o
    0x20000068   COMPRESSED   0x00000014   Data   RW         1585    .data               timers.o
    0x2000007c   COMPRESSED   0x00000018   Data   RW         2072    .data               heap_4.o
    0x20000094   COMPRESSED   0x0000000c   Data   RW         2123    .data               port.o
    0x200000a0   COMPRESSED   0x00000004   Data   RW         2197    .data               system_stm32f4xx.o
    0x200000a4   COMPRESSED   0x0000000c   Data   RW         4539    .data               stm32f4xx_hal.o
    0x200000b0   COMPRESSED   0x000000c4   Data   RW         4894    .data               mb_m.o
    0x20000174   COMPRESSED   0x00000010   Data   RW         5095    .data               portevent_m.o
    0x20000184   COMPRESSED   0x00000004   Data   RW         5192    .data               portserial_m.o
    0x20000188   COMPRESSED   0x00000012   Data   RW         5274    .data               porttimer_m.o
    0x2000019a   COMPRESSED   0x00000028   Data   RW         5345    .data               mbrtu_m.o
    0x200001c2   COMPRESSED   0x00000002   Data   RW         5444    .data               mb_app_m.o
    0x200001c4   COMPRESSED   0x00000010   Data   RW         6844    .data               tcpip.o
    0x200001d4   COMPRESSED   0x00000010   Data   RW         7168    .data               mem.o
    0x200001e4   COMPRESSED   0x00000004   Data   RW         7263    .data               memp.o
    0x200001e8   COMPRESSED   0x00000004   Data   RW         7264    .data               memp.o
    0x200001ec   COMPRESSED   0x00000004   Data   RW         7265    .data               memp.o
    0x200001f0   COMPRESSED   0x00000004   Data   RW         7266    .data               memp.o
    0x200001f4   COMPRESSED   0x00000004   Data   RW         7267    .data               memp.o
    0x200001f8   COMPRESSED   0x00000004   Data   RW         7268    .data               memp.o
    0x200001fc   COMPRESSED   0x00000004   Data   RW         7269    .data               memp.o
    0x20000200   COMPRESSED   0x00000004   Data   RW         7270    .data               memp.o
    0x20000204   COMPRESSED   0x00000004   Data   RW         7271    .data               memp.o
    0x20000208   COMPRESSED   0x00000004   Data   RW         7272    .data               memp.o
    0x2000020c   COMPRESSED   0x00000004   Data   RW         7273    .data               memp.o
    0x20000210   COMPRESSED   0x00000004   Data   RW         7274    .data               memp.o
    0x20000214   COMPRESSED   0x00000004   Data   RW         7275    .data               memp.o
    0x20000218   COMPRESSED   0x0000000c   Data   RW         7387    .data               netif.o
    0x20000224   COMPRESSED   0x00000001   Data   RW         7527    .data               pbuf.o
    0x20000225   COMPRESSED   0x00000003   PAD
    0x20000228   COMPRESSED   0x00000020   Data   RW         7793    .data               tcp.o
    0x20000248   COMPRESSED   0x00000024   Data   RW         8034    .data               tcp_in.o
    0x2000026c   COMPRESSED   0x0000000c   Data   RW         8227    .data               timeouts.o
    0x20000278   COMPRESSED   0x00000008   Data   RW         8310    .data               udp.o
    0x20000280   COMPRESSED   0x00000001   Data   RW         8461    .data               etharp.o
    0x20000281   COMPRESSED   0x00000001   PAD
    0x20000282   COMPRESSED   0x00000002   Data   RW         8612    .data               ip4.o
    0x20000284   COMPRESSED   0x00000008   Data   RW         8735    .data               ip4_frag.o
    0x2000028c   COMPRESSED   0x00000004   Data   RW         9004    .data               sys_arch.o
    0x20000290   COMPRESSED   0x00000004   Data   RW         9629    .data               mc_w.l(stdout.o)
    0x20000294        -       0x00000010   Zero   RW           10    .bss                mdtask.o
    0x200002a4        -       0x00000180   Zero   RW          242    .bss                main.o
    0x20000424        -       0x000006a8   Zero   RW          435    .bss                freertos.o
    0x20000acc        -       0x00000030   Zero   RW          478    .bss                lwip.o
    0x20000afc        -       0x000030e8   Zero   RW          554    .bss                ethernetif.o
    0x20003be4        -       0x00000040   Zero   RW          769    .bss                stm32f4xx_hal_timebase_tim.o
    0x20003c24        -       0x00000040   Zero   RW          974    .bss                queue.o
    0x20003c64        -       0x000000f0   Zero   RW         1315    .bss                tasks.o
    0x20003d54        -       0x000000e8   Zero   RW         1584    .bss                timers.o
    0x20003e3c        -       0x00003c00   Zero   RW         2071    .bss                heap_4.o
    0x20007a3c        -       0x00000010   Zero   RW         4893    .bss                mb_m.o
    0x20007a4c        -       0x00000810   Zero   RW         5344    .bss                mbrtu_m.o
    0x2000825c        -       0x00000500   Zero   RW         5443    .bss                mb_app_m.o
    0x2000875c        -       0x00000018   Zero   RW         7137    .bss                ip.o
    0x20008774        -       0x00000653   Zero   RW         7167    .bss                mem.o
    0x20008dc7        -       0x00000083   Zero   RW         7236    .bss                memp.o
    0x20008e4a        -       0x000002fb   Zero   RW         7237    .bss                memp.o
    0x20009145        -       0x000000e3   Zero   RW         7238    .bss                memp.o
    0x20009228        -       0x00000103   Zero   RW         7239    .bss                memp.o
    0x2000932b        -       0x000000a3   Zero   RW         7240    .bss                memp.o
    0x200093ce        -       0x0000016b   Zero   RW         7241    .bss                memp.o
    0x20009539        -       0x00000023   Zero   RW         7242    .bss                memp.o
    0x2000955c        -       0x000000b3   Zero   RW         7243    .bss                memp.o
    0x2000960f        -       0x00000083   Zero   RW         7244    .bss                memp.o
    0x20009692        -       0x00000083   Zero   RW         7245    .bss                memp.o
    0x20009715        -       0x00000033   Zero   RW         7246    .bss                memp.o
    0x20009748        -       0x00000103   Zero   RW         7247    .bss                memp.o
    0x2000984b        -       0x00002603   Zero   RW         7248    .bss                memp.o
    0x2000be4e   COMPRESSED   0x00000002   PAD
    0x2000be50        -       0x00000010   Zero   RW         8033    .bss                tcp_in.o
    0x2000be60        -       0x000000f0   Zero   RW         8459    .bss                etharp.o
    0x2000bf50        -       0x00000400   Zero   RW         4767    STACK               startup_stm32f407xx.o


==============================================================================

Image component sizes


      Code (inc. data)   RO Data    RW Data    ZI Data      Debug   Object Name

         0          0          0          0          0       5111   api_lib.o
         0          0          0          0          0       3003   api_msg.o
         0          0          0          0          0       1660   auth.o
      1028         40          0          0          0      38912   cmsis_os.o
         8          0          0          0          0       1202   def.o
         0          0          0          0          0       2408   err.o
      2900       1172         65          1        240      13519   etharp.o
       408        156         12          0          0       2878   ethernet.o
      1040        152         34          4      12520       7540   ethernetif.o
         0          0          0          0          0      18292   event_groups.o
        44         10          0          0       1704       2105   freertos.o
       460         24          0         24      15360       5131   heap_4.o
       768        350          0          0          0       4654   icmp.o
        34          0          0          0          0        624   init.o
         0          0          0          0         24       3142   ip.o
       902        178          0          2          0       5400   ip4.o
        46          0          4          0          0       7202   ip4_addr.o
      2720       1018          0          8          0      12578   ip4_frag.o
       138          0          0          0          0      12470   list.o
       244         18          0         24         48       1529   lwip.o
       860        108        219         16        384      30825   main.o
       112         10          0          2       1280       1948   mb_app_m.o
       628         64          0        196         16       8632   mb_m.o
        44          6        512          0          0       1476   mbcrc.o
       238          0          0          0          0       5306   mbfuncholding_m.o
         0          0          0          0          0        676   mbfuncinput.o
       844         84          0         40       2064      11541   mbrtu_m.o
        24          0          0          0          0        732   mbutils.o
       188         38          0          0         16     761219   mdtask.o
      1832        918          0         16       1619       6393   mem.o
       742        498        208         52      12423      11488   memp.o
       470        132          0         12          0      10305   netif.o
      3562       1836          0          1          0      23139   pbuf.o
       786         80          0         12          0      12493   port.o
       364         92          0         16          0       9088   portevent_m.o
       348         48          0          4          0       8542   portserial_m.o
       292         46          0         18          0       5031   porttimer_m.o
      2326         22          0          0         64      23389   queue.o
         0          0          0          0          0       4183   slipif.o
        36          8        392          0       1024        852   startup_stm32f407xx.o
       116         18          0         12          0       9038   stm32f4xx_hal.o
       158         14          0          0          0      33354   stm32f4xx_hal_cortex.o
        36          0          0          0          0       1307   stm32f4xx_hal_dma.o
      1998         70          0          0          0      13976   stm32f4xx_hal_eth.o
       460         46          0          0          0       3325   stm32f4xx_hal_gpio.o
       536         50          0          0          0       2864   stm32f4xx_hal_msp.o
      1392         96          0          0          0       6877   stm32f4xx_hal_rcc.o
       654         44          0          0          0       7281   stm32f4xx_hal_tim.o
       148         28          0          0          0       2725   stm32f4xx_hal_tim_ex.o
       116         16          0          0         64       1535   stm32f4xx_hal_timebase_tim.o
      1252         14          0          0          0      10211   stm32f4xx_hal_uart.o
       436         78          0          0          0       5276   stm32f4xx_it.o
         0          0          0          0          0        392   stream_buffer.o
       324         24         24          4          0      14900   sys_arch.o
        84         18         24          4          0       1299   system_stm32f4xx.o
      2446        182          0         60        240      28452   tasks.o
      4236       1544        201         32          0      31439   tcp.o
      5948       1224          0         36         16      21671   tcp_in.o
      2918        826         85          0          0      13507   tcp_out.o
       944        538          0         16          0       7267   tcpip.o
       668        222         24         12          0       7320   timeouts.o
      1054         80          0         20        232      30455   timers.o
       458        122          0          8          0       5339   udp.o

    ----------------------------------------------------------------------
     50894      12362       1848        656      49340    1346428   Object Totals
         0          0         32          0          0          0   (incl. Generated)
        76          0         12          4          2          0   (incl. Padding)

    ----------------------------------------------------------------------

      Code (inc. data)   RO Data    RW Data    ZI Data      Debug   Library Member Name

        86          0          0          0          0          0   __dczerorl2.o
         0          0          0          0          0          0   entry.o
         0          0          0          0          0          0   entry10a.o
         0          0          0          0          0          0   entry11a.o
         8          4          0          0          0          0   entry2.o
         4          0          0          0          0          0   entry5.o
         0          0          0          0          0          0   entry7b.o
         0          0          0          0          0          0   entry8b.o
         8          4          0          0          0          0   entry9a.o
        30          0          0          0          0          0   handlers.o
        36          8          0          0          0         68   init.o
        30          0          0          0          0         68   llshl.o
        32          0          0          0          0         68   llushr.o
        26          0          0          0          0         80   memcmp.o
        36          0          0          0          0         68   memcpya.o
        36          0          0          0          0        108   memseta.o
       472         14          0          0          0        184   printf3.o
         0          0          0          4          0          0   stdout.o
        44          0          0          0          0         80   uidiv.o
        98          0          0          0          0         92   uldiv.o

    ----------------------------------------------------------------------
       950         30          0          4          0        816   Library Totals
         4          0          0          0          0          0   (incl. Padding)

    ----------------------------------------------------------------------

      Code (inc. data)   RO Data    RW Data    ZI Data      Debug   Library Name

       946         30          0          4          0        816   mc_w.l

    ----------------------------------------------------------------------
       950         30          0          4          0        816   Library Totals

    ----------------------------------------------------------------------

==============================================================================


      Code (inc. data)   RO Data    RW Data    ZI Data      Debug   

     51844      12392       1848        660      49340    1310164   Grand Totals
     51844      12392       1848         48      49340    1310164   ELF Image Totals (compressed)
     51844      12392       1848         48          0          0   ROM Totals

==============================================================================

    Total RO  Size (Code + RO Data)                53692 (  52.43kB)
    Total RW  Size (RW Data + ZI Data)             50000 (  48.83kB)
    Total ROM Size (Code + RO Data + RW Data)      53740 (  52.48kB)

==============================================================================

