<html>
<body>
<pre>
<h1>µVision Build Log</h1>
<h2>Tool Versions:</h2>
IDE-Version: µVision V5.28.0.0
Copyright (C) 2019 ARM Ltd and ARM Germany GmbH. All rights reserved.
License Information: Nguyen Tam, BKU, LIC=EXJHL-03VNN-3M89Q-NRDEC-X3RT3-PKMMD
 
Tool Versions:
Toolchain:       MDK-ARM Plus  Version: 5.28.0.0
Toolchain Path:  C:\Keil_v5\ARM\ARMCC\Bin
C Compiler:      Armcc.exe V5.06 update 6 (build 750)
Assembler:       Armasm.exe V5.06 update 6 (build 750)
Linker/Locator:  ArmLink.exe V5.06 update 6 (build 750)
Library Manager: ArmAr.exe V5.06 update 6 (build 750)
Hex Converter:   FromElf.exe V5.06 update 6 (build 750)
CPU DLL:         SARMCM3.DLL V5.28.0.0
Dialog DLL:      DCM.DLL V1.17.3.0
Target DLL:      STLink\ST-LINKIII-KEIL_SWO.dll V3.0.6.0
Dialog DLL:      TCM.DLL V1.36.2.0
 
<h2>Project:</h2>
E:\LVTN\AccessControllerBoard\16_Controller\06_code\STM32_HAL_FREEMODBUS_RTU_MASTER\MDK-ARM\STM32F4_MODBUS_RTU.uvprojx
Project File Date:  03/30/2020

<h2>Output:</h2>
*** Using Compiler 'V5.06 update 6 (build 750)', folder: 'C:\Keil_v5\ARM\ARMCC\Bin'
Build target 'STM32F4_MODBUS_RTU'
compiling freertos.c...
compiling mdtask.c...
..\Src\mdtask.c(49): warning:  #177-D: variable "eStatus"  was declared but never referenced
  	eMBErrorCode   eStatus = MB_ENOERR;
..\Src\mdtask.c: 1 warning, 0 errors
compiling main.c...
compiling stm32f4xx_hal_timebase_tim.c...
compiling stm32f4xx_hal_msp.c...
compiling croutine.c...
compiling stm32f4xx_it.c...
compiling event_groups.c...
compiling list.c...
compiling queue.c...
compiling stream_buffer.c...
compiling tasks.c...
compiling timers.c...
compiling heap_4.c...
compiling cmsis_os.c...
compiling port.c...
compiling system_stm32f4xx.c...
compiling stm32f4xx_hal_tim_ex.c...
compiling stm32f4xx_hal_tim.c...
compiling stm32f4xx_hal_rcc_ex.c...
compiling stm32f4xx_hal_uart.c...
compiling stm32f4xx_hal_rcc.c...
compiling stm32f4xx_hal_flash_ramfunc.c...
compiling stm32f4xx_hal_flash_ex.c...
compiling stm32f4xx_hal_flash.c...
compiling stm32f4xx_hal_gpio.c...
compiling stm32f4xx_hal_dma.c...
compiling stm32f4xx_hal_dma_ex.c...
compiling stm32f4xx_hal_pwr_ex.c...
compiling stm32f4xx_hal_cortex.c...
compiling stm32f4xx_hal_pwr.c...
assembling startup_stm32f407xx.s...
compiling stm32f4xx_hal.c...
compiling mbfuncinput.c...
compiling stm32f4xx_hal_exti.c...
compiling mbutils.c...
compiling mbcrc.c...
compiling mbfuncother.c...
compiling mbfuncdisc_m.c...
compiling mbfunccoils_m.c...
compiling mb_m.c...
../Middlewares/Third_Party/modbus/rtu/mbrtu.h(61): warning:  #29-D: expected an expression
  #elif
..\Middlewares\Third_Party\modbus\mb_m.c(278): warning:  #177-D: variable "j"  was declared but never referenced
      int i, j;
..\Middlewares\Third_Party\modbus\mb_m.c: 2 warnings, 0 errors
compiling mbfuncinput_m.c...
compiling mbfuncholding_m.c...
..\Middlewares\Third_Party\modbus\functions\mbfuncholding_m.c(298): warning:  #225-D: the format string ends before this argument
  					printf("\r\n eErrStatus &h",eErrStatus);
..\Middlewares\Third_Party\modbus\functions\mbfuncholding_m.c: 1 warning, 0 errors
compiling portevent_m.c...
compiling porttimer_m.c...
compiling portserial_m.c...
..\Middlewares\Third_Party\modbus\port\portserial_m.c(74): warning:  #188-D: enumerated type mixed with another type
  			HAL_GPIO_WritePin(USART3_RDE_GPIO_Port, USART3_RDE_Pin, 0);
..\Middlewares\Third_Party\modbus\port\portserial_m.c(81): warning:  #188-D: enumerated type mixed with another type
  		HAL_GPIO_WritePin(USART3_RDE_GPIO_Port, USART3_RDE_Pin, 1);
..\Middlewares\Third_Party\modbus\port\portserial_m.c(220): warning:  #1-D: last line of file ends without a newline
  }
..\Middlewares\Third_Party\modbus\port\portserial_m.c: 3 warnings, 0 errors
compiling mbrtu_m.c...
..\Middlewares\Third_Party\modbus\rtu\mbrtu.h(61): warning:  #29-D: expected an expression
  #elif
..\Middlewares\Third_Party\modbus\rtu\mbrtu_m.c: 1 warning, 0 errors
compiling mb_app_m.c...
..\Middlewares\Third_Party\modbus\mb_app_m.h(4): warning:  #1-D: last line of file ends without a newline
  #endif
..\Middlewares\Third_Party\modbus\mb_app_m.c(88): warning:  #1-D: last line of file ends without a newline
  }
..\Middlewares\Third_Party\modbus\mb_app_m.c: 2 warnings, 0 errors
linking...
Program Size: Code=15812 RO-data=1136 RW-data=424 ZI-data=22448  
"STM32F4_MODBUS_RTU\STM32F4_MODBUS_RTU.axf" - 0 Error(s), 10 Warning(s).

<h2>Software Packages used:</h2>

Package Vendor: ARM
                http://www.keil.com/pack/ARM.CMSIS.5.5.1.pack
                ARM.CMSIS.5.5.1
                CMSIS (Cortex Microcontroller Software Interface Standard)
   * Component: CORE Version: 5.2.0

Package Vendor: Keil
                http://www.keil.com/pack/Keil.STM32F4xx_DFP.2.14.0.pack
                Keil.STM32F4xx_DFP.2.14.0
                STMicroelectronics STM32F4 Series Device Support, Drivers and Examples

<h2>Collection of Component include folders:</h2>
  .\RTE\_STM32F4_MODBUS_RTU
  C:\Users\NguyenThanhTam\AppData\Local\Arm\Packs\ARM\CMSIS\5.5.1\CMSIS\Core\Include
  C:\Users\NguyenThanhTam\AppData\Local\Arm\Packs\Keil\STM32F4xx_DFP\2.14.0\Drivers\CMSIS\Device\ST\STM32F4xx\Include

<h2>Collection of Component Files used:</h2>

   * Component: ARM::CMSIS:CORE:5.2.0
Build Time Elapsed:  00:01:08
</pre>
</body>
</html>
