Component: ARM Compiler 5.06 update 6 (build 750) Tool: armlink [4d35ed]

==============================================================================

Section Cross References

    main.o(.text) refers to tasks.o(.text) for vTaskDelay
    main.o(.text) refers to mbfuncholding_m.o(.text) for eMBMasterReqWriteHoldingRegister
    main.o(.text) refers to printf8.o(i.__0printf$8) for __2printf
    main.o(.text) refers to strcpy.o(.text) for strcpy
    main.o(.text) refers to api_server.o(.text) for Flash_Write_Information
    main.o(.text) refers to stm32f4_discovery.o(.text) for STM_EVAL_LEDOn
    main.o(.text) refers to stm32f4x7_eth_bsp.o(.text) for ETH_Disable
    main.o(.text) refers to queue.o(.text) for xQueueReceive
    main.o(.text) refers to mqttclienttask.o(.text) for vStartMQTTTasks
    main.o(.text) refers to main.o(.bss) for .bss
    main.o(.text) refers to main.o(.data) for .data
    main.o(.text) refers to main.o(.conststring) for .conststring
    main.o(.text) refers to stm32f4xx_rtc.o(.text) for RTC_WriteProtectionCmd
    main.o(.text) refers to stm32f4xx_rcc.o(.text) for RCC_APB1PeriphClockCmd
    main.o(.text) refers to stm32f4xx_pwr.o(.text) for PWR_BackupAccessCmd
    main.o(.text) refers to stm32f4xx_gpio.o(.text) for GPIO_Init
    main.o(.text) refers to stm32f4xx_uartstdio.o(.text) for UARTstdio_Configuration
    main.o(.text) refers to netconf.o(.text) for LwIP_Init
    main.o(.text) refers to keyscan_task.o(.text) for vStartKeyScanTasks
    main.o(.text) refers to httpserver-socket.o(.text) for http_server_socket_init
    main.o(.text) refers to tcpmbbus_task.o(.text) for vStartTCPMBTasks
    main.o(.text) refers to rs485bus_task_m.o(.text) for vStartRS485busMasterTasks
    main.o(.text) refers to heap_2.o(.text) for xPortGetFreeHeapSize
    system_stm32f4xx.o(.text) refers to system_stm32f4xx.o(.data) for .data
    stm32f4xx_it.o(.text) refers to port.o(.text) for xPortSysTickHandler
    stm32f4xx_it.o(.text) refers to stm32f4x7_eth.o(.text) for ETH_GetDMAFlagStatus
    stm32f4xx_it.o(.text) refers to queue.o(.text) for xQueueGiveFromISR
    stm32f4xx_it.o(.text) refers to stm32f4xx_tim.o(.text) for TIM_ClearITPendingBit
    stm32f4xx_it.o(.text) refers to ethernetif.o(.data) for s_xSemaphore
    netconf.o(.text) refers to tcpip.o(.text) for tcpip_init
    netconf.o(.text) refers to inet.o(.text) for htonl
    netconf.o(.text) refers to netif.o(.text) for netif_add
    netconf.o(.text) refers to tasks.o(.text) for xTaskGetHandle
    netconf.o(.text) refers to queue.o(.text) for xQueuePeek
    netconf.o(.text) refers to dhcp.o(.text) for dhcp_start
    netconf.o(.text) refers to netconf.o(.data) for .data
    netconf.o(.text) refers to ethernetif.o(.text) for ethernetif_init
    netconf.o(.text) refers to netconf.o(.bss) for .bss
    netconf.o(.text) refers to main.o(.data) for xQueueState
    stm32f4x7_eth_bsp.o(.text) refers to stm32f4x7_eth.o(.text) for ETH_StructInit
    stm32f4x7_eth_bsp.o(.text) refers to stm32f4xx_rcc.o(.text) for RCC_AHB1PeriphClockCmd
    stm32f4x7_eth_bsp.o(.text) refers to stm32f4xx_syscfg.o(.text) for SYSCFG_ETH_MediaInterfaceConfig
    stm32f4x7_eth_bsp.o(.text) refers to stm32f4xx_gpio.o(.text) for GPIO_Init
    stm32f4x7_eth_bsp.o(.text) refers to misc.o(.text) for NVIC_PriorityGroupConfig
    stm32f4x7_eth_bsp.o(.text) refers to queue.o(.text) for xQueuePeek
    stm32f4x7_eth_bsp.o(.text) refers to tasks.o(.text) for xTaskGetHandle
    stm32f4x7_eth_bsp.o(.text) refers to stm32f4x7_eth_bsp.o(.data) for .data
    stm32f4x7_eth_bsp.o(.text) refers to main.o(.data) for xQueueState
    stm32f4x7_eth_bsp.o(.text) refers to main.o(.bss) for ip_lan
    stm32f4x7_eth_bsp.o(.text) refers to netconf.o(.text) for LwIP_DHCP_task
    fs.o(.text) refers to strcmp.o(.text) for strcmp
    fs.o(.text) refers to memcpya.o(.text) for __aeabi_memcpy
    fs.o(.text) refers to fs.o(.bss) for .bss
    fs.o(.text) refers to fs.o(.constdata) for .constdata
    fs.o(.constdata) refers to fs.o(.constdata) for data__script_common_js
    fs.o(.constdata) refers to fs.o(.constdata) for file__common_js
    fs.o(.constdata) refers to fs.o(.constdata) for data__style_css
    fs.o(.constdata) refers to fs.o(.constdata) for file__style_css
    fs.o(.constdata) refers to fs.o(.constdata) for data__404_html
    fs.o(.constdata) refers to fs.o(.constdata) for file__404_html
    fs.o(.constdata) refers to fs.o(.constdata) for data__reboot_html
    fs.o(.constdata) refers to fs.o(.constdata) for file__reboot_html
    fs.o(.constdata) refers to fs.o(.constdata) for data__maintain_html
    fs.o(.constdata) refers to fs.o(.constdata) for file__maintain_html
    fs.o(.constdata) refers to fs.o(.constdata) for data__hostconfig_html
    fs.o(.constdata) refers to fs.o(.constdata) for file__hostconfig_html
    fs.o(.constdata) refers to fs.o(.constdata) for data__lanconfig_html
    fs.o(.constdata) refers to fs.o(.constdata) for file__lanconfig_html
[...]
    SDIO_DeInit                              0x0800f351   Thumb Code    24  stm32f4xx_sdio.o(.text)
    SDIO_Init                                0x0800f369   Thumb Code    40  stm32f4xx_sdio.o(.text)
    SDIO_StructInit                          0x0800f391   Thumb Code    16  stm32f4xx_sdio.o(.text)
    SDIO_ClockCmd                            0x0800f3a1   Thumb Code     8  stm32f4xx_sdio.o(.text)
    SDIO_SetPowerState                       0x0800f3a9   Thumb Code     8  stm32f4xx_sdio.o(.text)
    SDIO_GetPowerState                       0x0800f3b1   Thumb Code    12  stm32f4xx_sdio.o(.text)
    SDIO_SendCommand                         0x0800f3bd   Thumb Code    38  stm32f4xx_sdio.o(.text)
    SDIO_CmdStructInit                       0x0800f3e3   Thumb Code    14  stm32f4xx_sdio.o(.text)
    SDIO_GetCommandResponse                  0x0800f3f1   Thumb Code    10  stm32f4xx_sdio.o(.text)
    SDIO_GetResponse                         0x0800f3fb   Thumb Code    14  stm32f4xx_sdio.o(.text)
    SDIO_DataConfig                          0x0800f409   Thumb Code    44  stm32f4xx_sdio.o(.text)
    SDIO_DataStructInit                      0x0800f435   Thumb Code    20  stm32f4xx_sdio.o(.text)
    SDIO_GetDataCounter                      0x0800f449   Thumb Code     8  stm32f4xx_sdio.o(.text)
    SDIO_ReadData                            0x0800f451   Thumb Code     8  stm32f4xx_sdio.o(.text)
    SDIO_WriteData                           0x0800f459   Thumb Code     8  stm32f4xx_sdio.o(.text)
    SDIO_GetFIFOCount                        0x0800f461   Thumb Code     8  stm32f4xx_sdio.o(.text)
    SDIO_StartSDIOReadWait                   0x0800f469   Thumb Code     6  stm32f4xx_sdio.o(.text)
    SDIO_StopSDIOReadWait                    0x0800f46f   Thumb Code     8  stm32f4xx_sdio.o(.text)
    SDIO_SetSDIOReadWaitMode                 0x0800f477   Thumb Code     8  stm32f4xx_sdio.o(.text)
    SDIO_SetSDIOOperation                    0x0800f47f   Thumb Code     8  stm32f4xx_sdio.o(.text)
    SDIO_SendSDIOSuspendCmd                  0x0800f487   Thumb Code     8  stm32f4xx_sdio.o(.text)
    SDIO_CommandCompletionCmd                0x0800f48f   Thumb Code     8  stm32f4xx_sdio.o(.text)
    SDIO_CEATAITCmd                          0x0800f497   Thumb Code    12  stm32f4xx_sdio.o(.text)
    SDIO_SendCEATACmd                        0x0800f4a3   Thumb Code     8  stm32f4xx_sdio.o(.text)
    SDIO_DMACmd                              0x0800f4ab   Thumb Code     8  stm32f4xx_sdio.o(.text)
    SDIO_ITConfig                            0x0800f4b3   Thumb Code    20  stm32f4xx_sdio.o(.text)
    SDIO_GetFlagStatus                       0x0800f4c7   Thumb Code    18  stm32f4xx_sdio.o(.text)
    SDIO_ClearFlag                           0x0800f4d9   Thumb Code     8  stm32f4xx_sdio.o(.text)
    SDIO_GetITStatus                         0x0800f4e1   Thumb Code    18  stm32f4xx_sdio.o(.text)
    SDIO_ClearITPendingBit                   0x0800f4f3   Thumb Code     8  stm32f4xx_sdio.o(.text)
    TIM_DeInit                               0x0800f509   Thumb Code   284  stm32f4xx_tim.o(.text)
    TIM_TimeBaseInit                         0x0800f625   Thumb Code    96  stm32f4xx_tim.o(.text)
    TIM_TimeBaseStructInit                   0x0800f685   Thumb Code    18  stm32f4xx_tim.o(.text)
    TIM_PrescalerConfig                      0x0800f697   Thumb Code     6  stm32f4xx_tim.o(.text)
    TIM_CounterModeConfig                    0x0800f69d   Thumb Code    12  stm32f4xx_tim.o(.text)
    TIM_SetCounter                           0x0800f6a9   Thumb Code     4  stm32f4xx_tim.o(.text)
    TIM_SetAutoreload                        0x0800f6ad   Thumb Code     4  stm32f4xx_tim.o(.text)
    TIM_GetCounter                           0x0800f6b1   Thumb Code     4  stm32f4xx_tim.o(.text)
    TIM_GetPrescaler                         0x0800f6b5   Thumb Code     4  stm32f4xx_tim.o(.text)
    TIM_UpdateDisableConfig                  0x0800f6b9   Thumb Code    20  stm32f4xx_tim.o(.text)
    TIM_UpdateRequestConfig                  0x0800f6cd   Thumb Code    20  stm32f4xx_tim.o(.text)
    TIM_ARRPreloadConfig                     0x0800f6e1   Thumb Code    20  stm32f4xx_tim.o(.text)
    TIM_SelectOnePulseMode                   0x0800f6f5   Thumb Code    16  stm32f4xx_tim.o(.text)
    TIM_SetClockDivision                     0x0800f705   Thumb Code    16  stm32f4xx_tim.o(.text)
    TIM_Cmd                                  0x0800f715   Thumb Code    20  stm32f4xx_tim.o(.text)
    TIM_OC1Init                              0x0800f729   Thumb Code    88  stm32f4xx_tim.o(.text)
    TIM_OC2Init                              0x0800f781   Thumb Code   120  stm32f4xx_tim.o(.text)
    TIM_OC3Init                              0x0800f7f9   Thumb Code   116  stm32f4xx_tim.o(.text)
    TIM_OC4Init                              0x0800f86d   Thumb Code    88  stm32f4xx_tim.o(.text)
    TIM_OCStructInit                         0x0800f8c5   Thumb Code    20  stm32f4xx_tim.o(.text)
    TIM_SelectOCxM                           0x0800f8d9   Thumb Code   130  stm32f4xx_tim.o(.text)
    TIM_SetCompare1                          0x0800f95b   Thumb Code     4  stm32f4xx_tim.o(.text)
    TIM_SetCompare2                          0x0800f95f   Thumb Code     4  stm32f4xx_tim.o(.text)
    TIM_SetCompare3                          0x0800f963   Thumb Code     4  stm32f4xx_tim.o(.text)
    TIM_SetCompare4                          0x0800f967   Thumb Code     4  stm32f4xx_tim.o(.text)
    TIM_ForcedOC1Config                      0x0800f96b   Thumb Code    12  stm32f4xx_tim.o(.text)
    TIM_ForcedOC2Config                      0x0800f977   Thumb Code    20  stm32f4xx_tim.o(.text)
    TIM_ForcedOC3Config                      0x0800f98b   Thumb Code    12  stm32f4xx_tim.o(.text)
    TIM_ForcedOC4Config                      0x0800f997   Thumb Code    20  stm32f4xx_tim.o(.text)
    TIM_OC1PreloadConfig                     0x0800f9ab   Thumb Code    12  stm32f4xx_tim.o(.text)
    TIM_OC2PreloadConfig                     0x0800f9b7   Thumb Code    20  stm32f4xx_tim.o(.text)
    TIM_OC3PreloadConfig                     0x0800f9cb   Thumb Code    12  stm32f4xx_tim.o(.text)
    TIM_OC4PreloadConfig                     0x0800f9d7   Thumb Code    20  stm32f4xx_tim.o(.text)
    TIM_OC1FastConfig                        0x0800f9eb   Thumb Code    12  stm32f4xx_tim.o(.text)
    TIM_OC2FastConfig                        0x0800f9f7   Thumb Code    20  stm32f4xx_tim.o(.text)
    TIM_OC3FastConfig                        0x0800fa0b   Thumb Code    12  stm32f4xx_tim.o(.text)
    TIM_OC4FastConfig                        0x0800fa17   Thumb Code    20  stm32f4xx_tim.o(.text)
    TIM_ClearOC1Ref                          0x0800fa2b   Thumb Code    12  stm32f4xx_tim.o(.text)
    TIM_ClearOC2Ref                          0x0800fa37   Thumb Code    20  stm32f4xx_tim.o(.text)
    TIM_ClearOC3Ref                          0x0800fa4b   Thumb Code    12  stm32f4xx_tim.o(.text)
    TIM_ClearOC4Ref                          0x0800fa57   Thumb Code    20  stm32f4xx_tim.o(.text)
    TIM_OC1PolarityConfig                    0x0800fa6b   Thumb Code    12  stm32f4xx_tim.o(.text)
    TIM_OC1NPolarityConfig                   0x0800fa77   Thumb Code    12  stm32f4xx_tim.o(.text)
    TIM_OC2PolarityConfig                    0x0800fa83   Thumb Code    20  stm32f4xx_tim.o(.text)
    TIM_OC2NPolarityConfig                   0x0800fa97   Thumb Code    20  stm32f4xx_tim.o(.text)
    TIM_OC3PolarityConfig                    0x0800faab   Thumb Code    20  stm32f4xx_tim.o(.text)
    TIM_OC3NPolarityConfig                   0x0800fabf   Thumb Code    20  stm32f4xx_tim.o(.text)
    TIM_OC4PolarityConfig                    0x0800fad3   Thumb Code    20  stm32f4xx_tim.o(.text)
    TIM_CCxCmd                               0x0800fae7   Thumb Code    22  stm32f4xx_tim.o(.text)
    TIM_CCxNCmd                              0x0800fafd   Thumb Code    22  stm32f4xx_tim.o(.text)
    TIM_SetIC4Prescaler                      0x0800fb13   Thumb Code    24  stm32f4xx_tim.o(.text)
    TIM_SetIC3Prescaler                      0x0800fb2b   Thumb Code    16  stm32f4xx_tim.o(.text)
    TIM_SetIC2Prescaler                      0x0800fb3b   Thumb Code    24  stm32f4xx_tim.o(.text)
    TIM_SetIC1Prescaler                      0x0800fb89   Thumb Code    16  stm32f4xx_tim.o(.text)
    TIM_ICInit                               0x0800fb99   Thumb Code   164  stm32f4xx_tim.o(.text)
    TIM_ICStructInit                         0x0800fc3d   Thumb Code    16  stm32f4xx_tim.o(.text)
    TIM_PWMIConfig                           0x0800fc4d   Thumb Code   104  stm32f4xx_tim.o(.text)
    TIM_GetCapture1                          0x0800fcb5   Thumb Code     4  stm32f4xx_tim.o(.text)
    TIM_GetCapture2                          0x0800fcb9   Thumb Code     4  stm32f4xx_tim.o(.text)
    TIM_GetCapture3                          0x0800fcbd   Thumb Code     4  stm32f4xx_tim.o(.text)
    TIM_GetCapture4                          0x0800fcc1   Thumb Code     4  stm32f4xx_tim.o(.text)
    TIM_BDTRConfig                           0x0800fcc5   Thumb Code    34  stm32f4xx_tim.o(.text)
    TIM_BDTRStructInit                       0x0800fce7   Thumb Code    18  stm32f4xx_tim.o(.text)
    TIM_CtrlPWMOutputs                       0x0800fcf9   Thumb Code    22  stm32f4xx_tim.o(.text)
    TIM_SelectCOM                            0x0800fd0f   Thumb Code    20  stm32f4xx_tim.o(.text)
    TIM_CCPreloadControl                     0x0800fd23   Thumb Code    20  stm32f4xx_tim.o(.text)
    TIM_ITConfig                             0x0800fd37   Thumb Code    16  stm32f4xx_tim.o(.text)
    TIM_GenerateEvent                        0x0800fd47   Thumb Code     4  stm32f4xx_tim.o(.text)
    TIM_GetFlagStatus                        0x0800fd4b   Thumb Code    14  stm32f4xx_tim.o(.text)
    TIM_ClearFlag                            0x0800fd59   Thumb Code     6  stm32f4xx_tim.o(.text)
    TIM_GetITStatus                          0x0800fd5f   Thumb Code    24  stm32f4xx_tim.o(.text)
    TIM_ClearITPendingBit                    0x0800fd77   Thumb Code     6  stm32f4xx_tim.o(.text)
    TIM_DMAConfig                            0x0800fd7d   Thumb Code     8  stm32f4xx_tim.o(.text)
    TIM_DMACmd                               0x0800fd85   Thumb Code    16  stm32f4xx_tim.o(.text)
    TIM_SelectCCDMA                          0x0800fd95   Thumb Code    20  stm32f4xx_tim.o(.text)
    TIM_InternalClockConfig                  0x0800fda9   Thumb Code    10  stm32f4xx_tim.o(.text)
    TIM_SelectInputTrigger                   0x0800fdb3   Thumb Code    12  stm32f4xx_tim.o(.text)
    TIM_ITRxExternalClockConfig              0x0800fdbf   Thumb Code    18  stm32f4xx_tim.o(.text)
    TIM_TIxExternalClockConfig               0x0800fdd1   Thumb Code    46  stm32f4xx_tim.o(.text)
    TIM_ETRConfig                            0x0800fdff   Thumb Code    24  stm32f4xx_tim.o(.text)
    TIM_ETRClockMode1Config                  0x0800fe17   Thumb Code    18  stm32f4xx_tim.o(.text)
    TIM_ETRClockMode2Config                  0x0800fe29   Thumb Code    18  stm32f4xx_tim.o(.text)
    TIM_SelectOutputTrigger                  0x0800fe3b   Thumb Code    16  stm32f4xx_tim.o(.text)
    TIM_SelectSlaveMode                      0x0800fe4b   Thumb Code    16  stm32f4xx_tim.o(.text)
    TIM_SelectMasterSlaveMode                0x0800fe5b   Thumb Code    16  stm32f4xx_tim.o(.text)
    TIM_EncoderInterfaceConfig               0x0800fe6b   Thumb Code    50  stm32f4xx_tim.o(.text)
    TIM_SelectHallSensor                     0x0800fe9d   Thumb Code    20  stm32f4xx_tim.o(.text)
    TIM_RemapConfig                          0x0800feb1   Thumb Code     6  stm32f4xx_tim.o(.text)
    FLASH_SetLatency                         0x0800fee5   Thumb Code     6  stm32f4xx_flash.o(.text)
    FLASH_PrefetchBufferCmd                  0x0800feeb   Thumb Code    22  stm32f4xx_flash.o(.text)
    FLASH_InstructionCacheCmd                0x0800ff01   Thumb Code    22  stm32f4xx_flash.o(.text)
    FLASH_DataCacheCmd                       0x0800ff17   Thumb Code    22  stm32f4xx_flash.o(.text)
    FLASH_InstructionCacheReset              0x0800ff2d   Thumb Code    12  stm32f4xx_flash.o(.text)
    FLASH_DataCacheReset                     0x0800ff39   Thumb Code    12  stm32f4xx_flash.o(.text)
    FLASH_Unlock                             0x0800ff45   Thumb Code    24  stm32f4xx_flash.o(.text)
    FLASH_Lock                               0x0800ff5d   Thumb Code    14  stm32f4xx_flash.o(.text)
    FLASH_GetStatus                          0x0800ff6b   Thumb Code    48  stm32f4xx_flash.o(.text)
    FLASH_WaitForLastOperation               0x0800ff9b   Thumb Code    30  stm32f4xx_flash.o(.text)
    FLASH_EraseSector                        0x0800ffb9   Thumb Code   106  stm32f4xx_flash.o(.text)
    FLASH_EraseAllSectors                    0x08010023   Thumb Code    88  stm32f4xx_flash.o(.text)
    FLASH_ProgramDoubleWord                  0x0801007b   Thumb Code    62  stm32f4xx_flash.o(.text)
    FLASH_ProgramWord                        0x080100b9   Thumb Code    58  stm32f4xx_flash.o(.text)
    FLASH_ProgramHalfWord                    0x080100f3   Thumb Code    58  stm32f4xx_flash.o(.text)
    FLASH_ProgramByte                        0x0801012d   Thumb Code    54  stm32f4xx_flash.o(.text)
    FLASH_OB_Unlock                          0x08010163   Thumb Code    24  stm32f4xx_flash.o(.text)
    FLASH_OB_Lock                            0x0801017b   Thumb Code    14  stm32f4xx_flash.o(.text)
    FLASH_OB_WRPConfig                       0x08010189   Thumb Code    32  stm32f4xx_flash.o(.text)
    FLASH_OB_RDPConfig                       0x080101a9   Thumb Code    20  stm32f4xx_flash.o(.text)
    FLASH_OB_UserConfig                      0x080101bd   Thumb Code    36  stm32f4xx_flash.o(.text)
    FLASH_OB_BORConfig                       0x080101e1   Thumb Code    20  stm32f4xx_flash.o(.text)
    FLASH_OB_Launch                          0x080101f5   Thumb Code    14  stm32f4xx_flash.o(.text)
    FLASH_OB_GetUser                         0x08010203   Thumb Code    12  stm32f4xx_flash.o(.text)
    FLASH_OB_GetWRP                          0x0801020f   Thumb Code     8  stm32f4xx_flash.o(.text)
    FLASH_OB_GetRDP                          0x08010217   Thumb Code    16  stm32f4xx_flash.o(.text)
    FLASH_OB_GetBOR                          0x08010227   Thumb Code    12  stm32f4xx_flash.o(.text)
    FLASH_ITConfig                           0x08010233   Thumb Code    20  stm32f4xx_flash.o(.text)
    FLASH_GetFlagStatus                      0x08010247   Thumb Code    18  stm32f4xx_flash.o(.text)
    FLASH_ClearFlag                          0x08010259   Thumb Code     8  stm32f4xx_flash.o(.text)
    RTC_WaitForSynchro                       0x08010275   Thumb Code    70  stm32f4xx_rtc.o(.text)
    RTC_EnterInitMode                        0x080102bb   Thumb Code    58  stm32f4xx_rtc.o(.text)
    RTC_DeInit                               0x080102f5   Thumb Code   168  stm32f4xx_rtc.o(.text)
    RTC_ExitInitMode                         0x0801039d   Thumb Code    14  stm32f4xx_rtc.o(.text)
    RTC_Init                                 0x080103ab   Thumb Code    74  stm32f4xx_rtc.o(.text)
    RTC_StructInit                           0x080103f5   Thumb Code    14  stm32f4xx_rtc.o(.text)
    RTC_WriteProtectionCmd                   0x08010403   Thumb Code    18  stm32f4xx_rtc.o(.text)
    RTC_RefClockCmd                          0x08010415   Thumb Code    56  stm32f4xx_rtc.o(.text)
    RTC_BypassShadowCmd                      0x0801044d   Thumb Code    38  stm32f4xx_rtc.o(.text)
    RTC_SetTime                              0x08010473   Thumb Code   148  stm32f4xx_rtc.o(.text)
    RTC_TimeStructInit                       0x08010507   Thumb Code    12  stm32f4xx_rtc.o(.text)
    RTC_GetTime                              0x08010513   Thumb Code    70  stm32f4xx_rtc.o(.text)
    RTC_GetSubSecond                         0x08010559   Thumb Code    14  stm32f4xx_rtc.o(.text)
    RTC_SetDate                              0x08010567   Thumb Code   142  stm32f4xx_rtc.o(.text)
    RTC_DateStructInit                       0x080105f5   Thumb Code    14  stm32f4xx_rtc.o(.text)
    RTC_GetDate                              0x08010603   Thumb Code    66  stm32f4xx_rtc.o(.text)
    RTC_SetAlarm                             0x08010645   Thumb Code   184  stm32f4xx_rtc.o(.text)
    RTC_AlarmStructInit                      0x080106fd   Thumb Code    20  stm32f4xx_rtc.o(.text)
    RTC_GetAlarm                             0x08010711   Thumb Code   104  stm32f4xx_rtc.o(.text)
    RTC_AlarmCmd                             0x08010779   Thumb Code    78  stm32f4xx_rtc.o(.text)
    RTC_AlarmSubSecondConfig                 0x080107c7   Thumb Code    38  stm32f4xx_rtc.o(.text)
    RTC_GetAlarmSubSecond                    0x080107ed   Thumb Code    24  stm32f4xx_rtc.o(.text)
    RTC_WakeUpClockConfig                    0x08010805   Thumb Code    34  stm32f4xx_rtc.o(.text)
    RTC_SetWakeUpCounter                     0x08010827   Thumb Code    22  stm32f4xx_rtc.o(.text)
    RTC_GetWakeUpCounter                     0x0801083d   Thumb Code    10  stm32f4xx_rtc.o(.text)
    RTC_WakeUpCmd                            0x08010847   Thumb Code    84  stm32f4xx_rtc.o(.text)
    RTC_DayLightSavingConfig                 0x0801089b   Thumb Code    38  stm32f4xx_rtc.o(.text)
    RTC_GetStoreOperation                    0x080108c1   Thumb Code    12  stm32f4xx_rtc.o(.text)
    RTC_OutputConfig                         0x080108cd   Thumb Code    38  stm32f4xx_rtc.o(.text)
    RTC_CoarseCalibConfig                    0x080108f3   Thumb Code    46  stm32f4xx_rtc.o(.text)
    RTC_CoarseCalibCmd                       0x08010921   Thumb Code    56  stm32f4xx_rtc.o(.text)
    RTC_CalibOutputCmd                       0x08010959   Thumb Code    38  stm32f4xx_rtc.o(.text)
    RTC_CalibOutputConfig                    0x0801097f   Thumb Code    34  stm32f4xx_rtc.o(.text)
    RTC_SmoothCalibConfig                    0x080109a1   Thumb Code    70  stm32f4xx_rtc.o(.text)
    RTC_TimeStampCmd                         0x080109e7   Thumb Code    42  stm32f4xx_rtc.o(.text)
    RTC_GetTimeStamp                         0x08010a11   Thumb Code   130  stm32f4xx_rtc.o(.text)
    RTC_GetTimeStampSubSecond                0x08010a93   Thumb Code     8  stm32f4xx_rtc.o(.text)
    RTC_TamperTriggerConfig                  0x08010a9b   Thumb Code    24  stm32f4xx_rtc.o(.text)
    RTC_TamperCmd                            0x08010ab3   Thumb Code    28  stm32f4xx_rtc.o(.text)
    RTC_TamperFilterConfig                   0x08010acf   Thumb Code    18  stm32f4xx_rtc.o(.text)
    RTC_TamperSamplingFreqConfig             0x08010ae1   Thumb Code    18  stm32f4xx_rtc.o(.text)
    RTC_TamperPinsPrechargeDuration          0x08010af3   Thumb Code    18  stm32f4xx_rtc.o(.text)
    RTC_TimeStampOnTamperDetectionCmd        0x08010b05   Thumb Code    22  stm32f4xx_rtc.o(.text)
    RTC_TamperPullUpCmd                      0x08010b1b   Thumb Code    22  stm32f4xx_rtc.o(.text)
    RTC_WriteBackupRegister                  0x08010b31   Thumb Code    16  stm32f4xx_rtc.o(.text)
    RTC_ReadBackupRegister                   0x08010b41   Thumb Code    16  stm32f4xx_rtc.o(.text)
    RTC_TamperPinSelection                   0x08010b51   Thumb Code    18  stm32f4xx_rtc.o(.text)
    RTC_TimeStampPinSelection                0x08010b63   Thumb Code    18  stm32f4xx_rtc.o(.text)
    RTC_OutputTypeConfig                     0x08010b75   Thumb Code    18  stm32f4xx_rtc.o(.text)
    RTC_SynchroShiftConfig                   0x08010b87   Thumb Code    84  stm32f4xx_rtc.o(.text)
    RTC_ITConfig                             0x08010bdb   Thumb Code    60  stm32f4xx_rtc.o(.text)
    RTC_GetFlagStatus                        0x08010c17   Thumb Code    22  stm32f4xx_rtc.o(.text)
    RTC_ClearFlag                            0x08010c2d   Thumb Code    24  stm32f4xx_rtc.o(.text)
    RTC_GetITStatus                          0x08010c45   Thumb Code    46  stm32f4xx_rtc.o(.text)
    RTC_ClearITPendingBit                    0x08010c73   Thumb Code    24  stm32f4xx_rtc.o(.text)
    PWR_DeInit                               0x08010cc1   Thumb Code    24  stm32f4xx_pwr.o(.text)
    PWR_BackupAccessCmd                      0x08010cd9   Thumb Code     6  stm32f4xx_pwr.o(.text)
    PWR_PVDLevelConfig                       0x08010cdf   Thumb Code    14  stm32f4xx_pwr.o(.text)
    PWR_PVDCmd                               0x08010ced   Thumb Code     6  stm32f4xx_pwr.o(.text)
    PWR_WakeUpPinCmd                         0x08010cf3   Thumb Code     8  stm32f4xx_pwr.o(.text)
    PWR_BackupRegulatorCmd                   0x08010cfb   Thumb Code     8  stm32f4xx_pwr.o(.text)
    PWR_MainRegulatorModeConfig              0x08010d03   Thumb Code    22  stm32f4xx_pwr.o(.text)
    PWR_FlashPowerDownCmd                    0x08010d19   Thumb Code     6  stm32f4xx_pwr.o(.text)
    PWR_EnterSTOPMode                        0x08010d1f   Thumb Code    42  stm32f4xx_pwr.o(.text)
    PWR_EnterSTANDBYMode                     0x08010d49   Thumb Code    32  stm32f4xx_pwr.o(.text)
    PWR_GetFlagStatus                        0x08010d69   Thumb Code    16  stm32f4xx_pwr.o(.text)
    PWR_ClearFlag                            0x08010d79   Thumb Code    12  stm32f4xx_pwr.o(.text)
    vListInitialise                          0x08010d91   Thumb Code    22  list.o(.text)
    vListInitialiseItem                      0x08010da7   Thumb Code     6  list.o(.text)
    vListInsertEnd                           0x08010dad   Thumb Code    24  list.o(.text)
    vListInsert                              0x08010dc5   Thumb Code    48  list.o(.text)
    uxListRemove                             0x08010df5   Thumb Code    38  list.o(.text)
    xQueueGenericReset                       0x08010e1d   Thumb Code   132  queue.o(.text)
    xQueueGenericCreate                      0x08010ea1   Thumb Code    82  queue.o(.text)
    xQueueGenericSend                        0x08010fc7   Thumb Code   324  queue.o(.text)
    xQueueCreateMutex                        0x0801110b   Thumb Code    36  queue.o(.text)
    xQueueGiveMutexRecursive                 0x0801112f   Thumb Code    62  queue.o(.text)
    xQueueSemaphoreTake                      0x0801116d   Thumb Code   354  queue.o(.text)
    xQueueTakeMutexRecursive                 0x080112cf   Thumb Code    64  queue.o(.text)
    xQueueCreateCountingSemaphore            0x0801130f   Thumb Code    58  queue.o(.text)
    xQueueGenericSendFromISR                 0x08011349   Thumb Code   188  queue.o(.text)
    xQueueGiveFromISR                        0x08011405   Thumb Code   156  queue.o(.text)
    xQueueReceive                            0x080114c7   Thumb Code   280  queue.o(.text)
    xQueuePeek                               0x080115df   Thumb Code   278  queue.o(.text)
    xQueueReceiveFromISR                     0x080116f5   Thumb Code   152  queue.o(.text)
    xQueuePeekFromISR                        0x0801178d   Thumb Code   116  queue.o(.text)
    uxQueueMessagesWaiting                   0x08011801   Thumb Code    36  queue.o(.text)
    uxQueueSpacesAvailable                   0x08011825   Thumb Code    40  queue.o(.text)
    uxQueueMessagesWaitingFromISR            0x0801184d   Thumb Code    22  queue.o(.text)
    vQueueUnregisterQueue                    0x08011863   Thumb Code    36  queue.o(.text)
    vQueueDelete                             0x08011887   Thumb Code    36  queue.o(.text)
    uxQueueGetQueueNumber                    0x080118ab   Thumb Code     4  queue.o(.text)
    vQueueSetQueueNumber                     0x080118af   Thumb Code     4  queue.o(.text)
    ucQueueGetQueueType                      0x080118b3   Thumb Code     6  queue.o(.text)
    xQueueIsQueueEmptyFromISR                0x080118b9   Thumb Code    30  queue.o(.text)
    xQueueIsQueueFullFromISR                 0x080118d7   Thumb Code    34  queue.o(.text)
    vQueueAddToRegistry                      0x080118f9   Thumb Code    32  queue.o(.text)
    pcQueueGetName                           0x08011919   Thumb Code    34  queue.o(.text)
    xTaskCreate                              0x08011a1d   Thumb Code    86  tasks.o(.text)
    vTaskDelete                              0x08011a73   Thumb Code   158  tasks.o(.text)
    xTaskIncrementTick                       0x08011b11   Thumb Code   190  tasks.o(.text)
    xTaskResumeAll                           0x08011bcf   Thumb Code   184  tasks.o(.text)
    vTaskSuspendAll                          0x08011ced   Thumb Code    10  tasks.o(.text)
    vTaskDelay                               0x08011cf7   Thumb Code    66  tasks.o(.text)
    eTaskGetState                            0x08011d39   Thumb Code   112  tasks.o(.text)
    uxTaskPriorityGet                        0x08011da9   Thumb Code    24  tasks.o(.text)
    uxTaskPriorityGetFromISR                 0x08011dc1   Thumb Code    40  tasks.o(.text)
    vTaskPrioritySet                         0x08011de9   Thumb Code   182  tasks.o(.text)
    vTaskSwitchContext                       0x08011e9f   Thumb Code   106  tasks.o(.text)
    vTaskSuspend                             0x08011f09   Thumb Code   168  tasks.o(.text)
    vTaskResume                              0x08011fe1   Thumb Code   112  tasks.o(.text)
    xTaskResumeFromISR                       0x08012051   Thumb Code   126  tasks.o(.text)
    vTaskStartScheduler                      0x0801211f   Thumb Code   114  tasks.o(.text)
    vTaskEndScheduler                        0x08012191   Thumb Code    24  tasks.o(.text)
    xTaskGetTickCount                        0x080121a9   Thumb Code     6  tasks.o(.text)
    xTaskGetTickCountFromISR                 0x080121af   Thumb Code    12  tasks.o(.text)
    uxTaskGetNumberOfTasks                   0x080121bb   Thumb Code     6  tasks.o(.text)
    pcTaskGetName                            0x080121c1   Thumb Code    28  tasks.o(.text)
    xTaskGetHandle                           0x08012235   Thumb Code   120  tasks.o(.text)
    vTaskGetInfo                             0x080122ad   Thumb Code   120  tasks.o(.text)
    uxTaskGetSystemState                     0x08012379   Thumb Code   156  tasks.o(.text)
    vTaskPlaceOnEventList                    0x08012415   Thumb Code    42  tasks.o(.text)
    vTaskPlaceOnUnorderedEventList           0x0801243f   Thumb Code    70  tasks.o(.text)
    xTaskRemoveFromEventList                 0x08012485   Thumb Code   106  tasks.o(.text)
    vTaskRemoveFromUnorderedEventList        0x080124ef   Thumb Code   104  tasks.o(.text)
    vTaskSetTimeOutState                     0x08012557   Thumb Code    58  tasks.o(.text)
    vTaskInternalSetTimeOutState             0x08012591   Thumb Code    12  tasks.o(.text)
    xTaskCheckForTimeOut                     0x0801259d   Thumb Code   110  tasks.o(.text)
    vTaskMissedYield                         0x0801260b   Thumb Code     8  tasks.o(.text)
    uxTaskGetTaskNumber                      0x08012613   Thumb Code     8  tasks.o(.text)
    vTaskSetTaskNumber                       0x0801261b   Thumb Code     8  tasks.o(.text)
    xTaskGetCurrentTaskHandle                0x08012623   Thumb Code     6  tasks.o(.text)
    xTaskPriorityInherit                     0x08012629   Thumb Code   140  tasks.o(.text)
    xTaskPriorityDisinherit                  0x080126b5   Thumb Code   144  tasks.o(.text)
    vTaskPriorityDisinheritAfterTimeout      0x08012745   Thumb Code   162  tasks.o(.text)
    uxTaskResetEventItemValue                0x080127e7   Thumb Code    20  tasks.o(.text)
    pvTaskIncrementMutexHeldCount            0x080127fb   Thumb Code    18  tasks.o(.text)
    ulTaskNotifyTake                         0x0801280d   Thumb Code    96  tasks.o(.text)
    xTaskNotifyWait                          0x0801286d   Thumb Code   128  tasks.o(.text)
    xTaskGenericNotify                       0x080128ed   Thumb Code   202  tasks.o(.text)
    xTaskGenericNotifyFromISR                0x080129b7   Thumb Code   226  tasks.o(.text)
    vTaskNotifyGiveFromISR                   0x08012a99   Thumb Code   170  tasks.o(.text)
    xTaskNotifyStateClear                    0x08012b43   Thumb Code    44  tasks.o(.text)
    pxPortInitialiseStack                    0x08012c6d   Thumb Code    40  port.o(.text)
    vPortSetupTimerInterrupt                 0x08012c95   Thumb Code    32  port.o(.text)
    xPortStartScheduler                      0x08012cb5   Thumb Code   224  port.o(.text)
    vPortEndScheduler                        0x08012d95   Thumb Code    28  port.o(.text)
    vPortEnterCritical                       0x08012db1   Thumb Code    56  port.o(.text)
    vPortExitCritical                        0x08012de9   Thumb Code    34  port.o(.text)
    xPortSysTickHandler                      0x08012e0b   Thumb Code    40  port.o(.text)
    vPortValidateInterruptPriority           0x08012e33   Thumb Code    76  port.o(.text)
    pvPortMalloc                             0x08012e9d   Thumb Code   170  heap_2.o(.text)
    vPortFree                                0x08012f47   Thumb Code    56  heap_2.o(.text)
    xPortGetFreeHeapSize                     0x08012f7f   Thumb Code     6  heap_2.o(.text)
    vPortInitialiseBlocks                    0x08012f85   Thumb Code     2  heap_2.o(.text)
    Reset_Handler                            0x08012f95   Thumb Code     8  startup_stm32f4xx.o(.text)
    ADC_IRQHandler                           0x08012faf   Thumb Code     0  startup_stm32f4xx.o(.text)
    CAN1_RX0_IRQHandler                      0x08012faf   Thumb Code     0  startup_stm32f4xx.o(.text)
    CAN1_RX1_IRQHandler                      0x08012faf   Thumb Code     0  startup_stm32f4xx.o(.text)
    CAN1_SCE_IRQHandler                      0x08012faf   Thumb Code     0  startup_stm32f4xx.o(.text)
    CAN1_TX_IRQHandler                       0x08012faf   Thumb Code     0  startup_stm32f4xx.o(.text)
    CAN2_RX0_IRQHandler                      0x08012faf   Thumb Code     0  startup_stm32f4xx.o(.text)
    CAN2_RX1_IRQHandler                      0x08012faf   Thumb Code     0  startup_stm32f4xx.o(.text)
    CAN2_SCE_IRQHandler                      0x08012faf   Thumb Code     0  startup_stm32f4xx.o(.text)
    CAN2_TX_IRQHandler                       0x08012faf   Thumb Code     0  startup_stm32f4xx.o(.text)
    CRYP_IRQHandler                          0x08012faf   Thumb Code     0  startup_stm32f4xx.o(.text)
    DCMI_IRQHandler                          0x08012faf   Thumb Code     0  startup_stm32f4xx.o(.text)
    DMA1_Stream0_IRQHandler                  0x08012faf   Thumb Code     0  startup_stm32f4xx.o(.text)
    DMA1_Stream1_IRQHandler                  0x08012faf   Thumb Code     0  startup_stm32f4xx.o(.text)
    DMA1_Stream2_IRQHandler                  0x08012faf   Thumb Code     0  startup_stm32f4xx.o(.text)
    DMA1_Stream3_IRQHandler                  0x08012faf   Thumb Code     0  startup_stm32f4xx.o(.text)
    DMA1_Stream4_IRQHandler                  0x08012faf   Thumb Code     0  startup_stm32f4xx.o(.text)
    DMA1_Stream5_IRQHandler                  0x08012faf   Thumb Code     0  startup_stm32f4xx.o(.text)
    DMA1_Stream6_IRQHandler                  0x08012faf   Thumb Code     0  startup_stm32f4xx.o(.text)
    DMA1_Stream7_IRQHandler                  0x08012faf   Thumb Code     0  startup_stm32f4xx.o(.text)
    DMA2_Stream0_IRQHandler                  0x08012faf   Thumb Code     0  startup_stm32f4xx.o(.text)
    DMA2_Stream1_IRQHandler                  0x08012faf   Thumb Code     0  startup_stm32f4xx.o(.text)
    DMA2_Stream2_IRQHandler                  0x08012faf   Thumb Code     0  startup_stm32f4xx.o(.text)
    DMA2_Stream3_IRQHandler                  0x08012faf   Thumb Code     0  startup_stm32f4xx.o(.text)
    DMA2_Stream4_IRQHandler                  0x08012faf   Thumb Code     0  startup_stm32f4xx.o(.text)
    DMA2_Stream5_IRQHandler                  0x08012faf   Thumb Code     0  startup_stm32f4xx.o(.text)
    DMA2_Stream6_IRQHandler                  0x08012faf   Thumb Code     0  startup_stm32f4xx.o(.text)
    DMA2_Stream7_IRQHandler                  0x08012faf   Thumb Code     0  startup_stm32f4xx.o(.text)
    ETH_WKUP_IRQHandler                      0x08012faf   Thumb Code     0  startup_stm32f4xx.o(.text)
    EXTI0_IRQHandler                         0x08012faf   Thumb Code     0  startup_stm32f4xx.o(.text)
    EXTI15_10_IRQHandler                     0x08012faf   Thumb Code     0  startup_stm32f4xx.o(.text)
    EXTI1_IRQHandler                         0x08012faf   Thumb Code     0  startup_stm32f4xx.o(.text)
    EXTI2_IRQHandler                         0x08012faf   Thumb Code     0  startup_stm32f4xx.o(.text)
    EXTI3_IRQHandler                         0x08012faf   Thumb Code     0  startup_stm32f4xx.o(.text)
    EXTI4_IRQHandler                         0x08012faf   Thumb Code     0  startup_stm32f4xx.o(.text)
    EXTI9_5_IRQHandler                       0x08012faf   Thumb Code     0  startup_stm32f4xx.o(.text)
    FLASH_IRQHandler                         0x08012faf   Thumb Code     0  startup_stm32f4xx.o(.text)
    FPU_IRQHandler                           0x08012faf   Thumb Code     0  startup_stm32f4xx.o(.text)
    FSMC_IRQHandler                          0x08012faf   Thumb Code     0  startup_stm32f4xx.o(.text)
    HASH_RNG_IRQHandler                      0x08012faf   Thumb Code     0  startup_stm32f4xx.o(.text)
    I2C1_ER_IRQHandler                       0x08012faf   Thumb Code     0  startup_stm32f4xx.o(.text)
    I2C1_EV_IRQHandler                       0x08012faf   Thumb Code     0  startup_stm32f4xx.o(.text)
    I2C2_ER_IRQHandler                       0x08012faf   Thumb Code     0  startup_stm32f4xx.o(.text)
    I2C2_EV_IRQHandler                       0x08012faf   Thumb Code     0  startup_stm32f4xx.o(.text)
    I2C3_ER_IRQHandler                       0x08012faf   Thumb Code     0  startup_stm32f4xx.o(.text)
    I2C3_EV_IRQHandler                       0x08012faf   Thumb Code     0  startup_stm32f4xx.o(.text)
    OTG_FS_IRQHandler                        0x08012faf   Thumb Code     0  startup_stm32f4xx.o(.text)
    OTG_FS_WKUP_IRQHandler                   0x08012faf   Thumb Code     0  startup_stm32f4xx.o(.text)
    OTG_HS_EP1_IN_IRQHandler                 0x08012faf   Thumb Code     0  startup_stm32f4xx.o(.text)
    OTG_HS_EP1_OUT_IRQHandler                0x08012faf   Thumb Code     0  startup_stm32f4xx.o(.text)
    OTG_HS_IRQHandler                        0x08012faf   Thumb Code     0  startup_stm32f4xx.o(.text)
    OTG_HS_WKUP_IRQHandler                   0x08012faf   Thumb Code     0  startup_stm32f4xx.o(.text)
    PVD_IRQHandler                           0x08012faf   Thumb Code     0  startup_stm32f4xx.o(.text)
    RCC_IRQHandler                           0x08012faf   Thumb Code     0  startup_stm32f4xx.o(.text)
    RTC_Alarm_IRQHandler                     0x08012faf   Thumb Code     0  startup_stm32f4xx.o(.text)
    RTC_WKUP_IRQHandler                      0x08012faf   Thumb Code     0  startup_stm32f4xx.o(.text)
    SDIO_IRQHandler                          0x08012faf   Thumb Code     0  startup_stm32f4xx.o(.text)
    SPI1_IRQHandler                          0x08012faf   Thumb Code     0  startup_stm32f4xx.o(.text)
    SPI2_IRQHandler                          0x08012faf   Thumb Code     0  startup_stm32f4xx.o(.text)
    SPI3_IRQHandler                          0x08012faf   Thumb Code     0  startup_stm32f4xx.o(.text)
    TAMP_STAMP_IRQHandler                    0x08012faf   Thumb Code     0  startup_stm32f4xx.o(.text)
    TIM1_BRK_TIM9_IRQHandler                 0x08012faf   Thumb Code     0  startup_stm32f4xx.o(.text)
    TIM1_CC_IRQHandler                       0x08012faf   Thumb Code     0  startup_stm32f4xx.o(.text)
    TIM1_TRG_COM_TIM11_IRQHandler            0x08012faf   Thumb Code     0  startup_stm32f4xx.o(.text)
    TIM1_UP_TIM10_IRQHandler                 0x08012faf   Thumb Code     0  startup_stm32f4xx.o(.text)
    TIM4_IRQHandler                          0x08012faf   Thumb Code     0  startup_stm32f4xx.o(.text)
    TIM5_IRQHandler                          0x08012faf   Thumb Code     0  startup_stm32f4xx.o(.text)
    TIM6_DAC_IRQHandler                      0x08012faf   Thumb Code     0  startup_stm32f4xx.o(.text)
    TIM7_IRQHandler                          0x08012faf   Thumb Code     0  startup_stm32f4xx.o(.text)
    TIM8_BRK_TIM12_IRQHandler                0x08012faf   Thumb Code     0  startup_stm32f4xx.o(.text)
    TIM8_CC_IRQHandler                       0x08012faf   Thumb Code     0  startup_stm32f4xx.o(.text)
    TIM8_TRG_COM_TIM14_IRQHandler            0x08012faf   Thumb Code     0  startup_stm32f4xx.o(.text)
    TIM8_UP_TIM13_IRQHandler                 0x08012faf   Thumb Code     0  startup_stm32f4xx.o(.text)
    UART5_IRQHandler                         0x08012faf   Thumb Code     0  startup_stm32f4xx.o(.text)
    USART1_IRQHandler                        0x08012faf   Thumb Code     0  startup_stm32f4xx.o(.text)
    WWDG_IRQHandler                          0x08012faf   Thumb Code     0  startup_stm32f4xx.o(.text)
    eMBInit                                  0x08012fb9   Thumb Code    14  tcp_mb.o(.text)
    eMBTCPInit                               0x08012fc7   Thumb Code    60  tcp_mb.o(.text)
    eMBRegisterCB                            0x08013003   Thumb Code   106  tcp_mb.o(.text)
    eMBClose                                 0x0801306d   Thumb Code    28  tcp_mb.o(.text)
    eMBEnable                                0x08013089   Thumb Code    28  tcp_mb.o(.text)
    eMBDisable                               0x080130a5   Thumb Code    28  tcp_mb.o(.text)
    eMBPoll                                  0x080130c1   Thumb Code   172  tcp_mb.o(.text)
    eMBTCPDoInit                             0x08013185   Thumb Code    16  mbtcp.o(.text)
    eMBTCPStart                              0x08013195   Thumb Code     2  mbtcp.o(.text)
    eMBTCPStop                               0x08013197   Thumb Code     4  mbtcp.o(.text)
    eMBTCPReceive                            0x0801319b   Thumb Code    58  mbtcp.o(.text)
    eMBTCPSend                               0x080131d5   Thumb Code    30  mbtcp.o(.text)
    prvvMBPortReleaseClient                  0x080131f5   Thumb Code   104  port_tcp.o(.text)
    xMBTCPPortInit                           0x08013377   Thumb Code    76  port_tcp.o(.text)
    vMBTCPPortClose                          0x080133c3   Thumb Code    18  port_tcp.o(.text)
    vMBTCPPortDisable                        0x080133d5   Thumb Code     6  port_tcp.o(.text)
    xMBTCPPortGetRequest                     0x080133db   Thumb Code    18  port_tcp.o(.text)
    xMBTCPPortSendResponse                   0x080133ed   Thumb Code    54  port_tcp.o(.text)
    xMBPortEventInit                         0x08013561   Thumb Code    10  portevent_tcp.o(.text)
    xMBPortEventPost                         0x0801356b   Thumb Code    12  portevent_tcp.o(.text)
    xMBPortEventGet                          0x08013577   Thumb Code    24  portevent_tcp.o(.text)
    vMBPortLog                               0x08013595   Thumb Code    32  portother_tcp.o(.text)
    prvvMBTCPLogFrame                        0x080135b5   Thumb Code   158  portother_tcp.o(.text)
    eMBSetSlaveID                            0x080136c5   Thumb Code    64  mbfuncother.o(.text)
    eMBFuncReportSlaveID                     0x08013705   Thumb Code    26  mbfuncother.o(.text)
    xMBUtilSetBits                           0x08013729   Thumb Code    50  mbutils.o(.text)
    xMBUtilGetBits                           0x0801375b   Thumb Code    34  mbutils.o(.text)
    prveMBError2Exception                    0x0801377d   Thumb Code    24  mbutils.o(.text)
    __aeabi_memcpy                           0x08013795   Thumb Code    36  memcpya.o(.text)
    __aeabi_memcpy4                          0x08013795   Thumb Code     0  memcpya.o(.text)
    __aeabi_memcpy8                          0x08013795   Thumb Code     0  memcpya.o(.text)
    __aeabi_memset                           0x080137b9   Thumb Code    14  memseta.o(.text)
    __aeabi_memset4                          0x080137b9   Thumb Code     0  memseta.o(.text)
    __aeabi_memset8                          0x080137b9   Thumb Code     0  memseta.o(.text)
    __aeabi_memclr                           0x080137c7   Thumb Code     4  memseta.o(.text)
    __aeabi_memclr4                          0x080137c7   Thumb Code     0  memseta.o(.text)
    __aeabi_memclr8                          0x080137c7   Thumb Code     0  memseta.o(.text)
    memset                                   0x080137cb   Thumb Code    18  memseta.o(.text)
    strcat                                   0x080137dd   Thumb Code    24  strcat.o(.text)
    strstr                                   0x080137f5   Thumb Code    36  strstr.o(.text)
    strlen                                   0x08013819   Thumb Code    14  strlen.o(.text)
    strcmp                                   0x08013827   Thumb Code    28  strcmp.o(.text)
    memcmp                                   0x08013843   Thumb Code    26  memcmp.o(.text)
    strncat                                  0x0801385d   Thumb Code    40  strncat.o(.text)
    strcpy                                   0x08013885   Thumb Code    18  strcpy.o(.text)
    strncmp                                  0x08013897   Thumb Code    30  strncmp.o(.text)
    strpbrk                                  0x080138b5   Thumb Code    32  strpbrk.o(.text)
    atoi                                     0x080138d5   Thumb Code    26  atoi.o(.text)
    __aeabi_cdrcmple                         0x080138f1   Thumb Code    48  cdrcmple.o(.text)
    __aeabi_uidiv                            0x08013921   Thumb Code     0  uidiv.o(.text)
    __aeabi_uidivmod                         0x08013921   Thumb Code    44  uidiv.o(.text)
    __aeabi_uldivmod                         0x0801394d   Thumb Code    98  uldiv.o(.text)
    strtol                                   0x080139af   Thumb Code   112  strtol.o(.text)
    __I$use$fp                               0x08013a1f   Thumb Code     0  iusefp.o(.text)
    _double_round                            0x08013a1f   Thumb Code    30  depilogue.o(.text)
    _double_epilogue                         0x08013a3d   Thumb Code   156  depilogue.o(.text)
    __aeabi_dadd                             0x08013ad9   Thumb Code   322  dadd.o(.text)
    __aeabi_dsub                             0x08013c1b   Thumb Code     6  dadd.o(.text)
    __aeabi_drsub                            0x08013c21   Thumb Code     6  dadd.o(.text)
    __aeabi_dmul                             0x08013c27   Thumb Code   228  dmul.o(.text)
    __aeabi_ddiv                             0x08013d0b   Thumb Code   222  ddiv.o(.text)
    __aeabi_d2ulz                            0x08013de9   Thumb Code    48  dfixul.o(.text)
    __scatterload                            0x08013e19   Thumb Code    28  init.o(.text)
    __scatterload_rt2                        0x08013e19   Thumb Code     0  init.o(.text)
    __aeabi_llsl                             0x08013e3d   Thumb Code    30  llshl.o(.text)
    _ll_shift_l                              0x08013e3d   Thumb Code     0  llshl.o(.text)
    __aeabi_llsr                             0x08013e5b   Thumb Code    32  llushr.o(.text)
    _ll_ushift_r                             0x08013e5b   Thumb Code     0  llushr.o(.text)
    __aeabi_lasr                             0x08013e7b   Thumb Code    36  llsshr.o(.text)
    _ll_sshift_r                             0x08013e7b   Thumb Code     0  llsshr.o(.text)
    __rt_ctype_table                         0x08013ea1   Thumb Code     4  ctype_o.o(.text)
    _strtoul                                 0x08013ea9   Thumb Code   158  _strtoul.o(.text)
    _chval                                   0x08013f47   Thumb Code    28  _chval.o(.text)
    __decompress                             0x08013f63   Thumb Code     0  __dczerorl2.o(.text)
    __decompress1                            0x08013f63   Thumb Code    86  __dczerorl2.o(.text)
    __0printf$8                              0x08013fb9   Thumb Code    22  printf8.o(i.__0printf$8)
    __1printf$8                              0x08013fb9   Thumb Code     0  printf8.o(i.__0printf$8)
    __2printf                                0x08013fb9   Thumb Code     0  printf8.o(i.__0printf$8)
    __0snprintf$8                            0x08013fd9   Thumb Code    44  printf8.o(i.__0snprintf$8)
    __1snprintf$8                            0x08013fd9   Thumb Code     0  printf8.o(i.__0snprintf$8)
    __2snprintf                              0x08013fd9   Thumb Code     0  printf8.o(i.__0snprintf$8)
    __0sprintf$8                             0x08014009   Thumb Code    34  printf8.o(i.__0sprintf$8)
    __1sprintf$8                             0x08014009   Thumb Code     0  printf8.o(i.__0sprintf$8)
    __2sprintf                               0x08014009   Thumb Code     0  printf8.o(i.__0sprintf$8)
    __0vprintf                               0x08014031   Thumb Code     8  printfa.o(i.__0vprintf)
    __1vprintf                               0x08014031   Thumb Code     0  printfa.o(i.__0vprintf)
    __2vprintf                               0x08014031   Thumb Code     0  printfa.o(i.__0vprintf)
    __c89vprintf                             0x08014031   Thumb Code     0  printfa.o(i.__0vprintf)
    vprintf                                  0x08014031   Thumb Code     0  printfa.o(i.__0vprintf)
    __aeabi_errno_addr                       0x08014041   Thumb Code     4  errno.o(i.__aeabi_errno_addr)
    __rt_errno_addr                          0x08014041   Thumb Code     0  errno.o(i.__aeabi_errno_addr)
    __scatterload_copy                       0x08014049   Thumb Code    14  handlers.o(i.__scatterload_copy)
    __scatterload_null                       0x08014057   Thumb Code     2  handlers.o(i.__scatterload_null)
    __scatterload_zeroinit                   0x08014059   Thumb Code    14  handlers.o(i.__scatterload_zeroinit)
    file__common_js                          0x0801d1a0   Data          20  fs.o(.constdata)
    file__style_css                          0x0801d1b4   Data          20  fs.o(.constdata)
    file__404_html                           0x0801d1c8   Data          20  fs.o(.constdata)
    file__reboot_html                        0x0801d1dc   Data          20  fs.o(.constdata)
    file__maintain_html                      0x0801d1f0   Data          20  fs.o(.constdata)
    file__hostconfig_html                    0x0801d204   Data          20  fs.o(.constdata)
    file__lanconfig_html                     0x0801d218   Data          20  fs.o(.constdata)
    file__portconfig_html                    0x0801d22c   Data          20  fs.o(.constdata)
    file__index_html                         0x0801d240   Data          20  fs.o(.constdata)
    file__login_html                         0x0801d254   Data          20  fs.o(.constdata)
    tcp_persist_backoff                      0x0801d5b8   Data           7  tcp.o(.constdata)
    tcp_backoff                              0x0801d5bf   Data          13  tcp.o(.constdata)
    ip_addr_any                              0x0801d5cc   Data           4  ip_addr.o(.constdata)
    ip_addr_broadcast                        0x0801d5d0   Data           4  ip_addr.o(.constdata)
    ethbroadcast                             0x0801d5d4   Data           6  etharp.o(.constdata)
    ethzero                                  0x0801d5da   Data           6  etharp.o(.constdata)
    BUTTON_PORT_SOURCE                       0x0801d5e4   Data           1  stm32f4_discovery.o(.constdata)
    BUTTON_PIN_SOURCE                        0x0801d5e5   Data           1  stm32f4_discovery.o(.constdata)
    BUTTON_IRQn                              0x0801d5e6   Data           1  stm32f4_discovery.o(.constdata)
    BUTTON_PIN                               0x0801d5e8   Data           2  stm32f4_discovery.o(.constdata)
    BUTTON_EXTI_LINE                         0x0801d5ea   Data           2  stm32f4_discovery.o(.constdata)
    BUTTON_CLK                               0x0801d5ec   Data           4  stm32f4_discovery.o(.constdata)
    COM_TX_PIN                               0x0801d5f0   Data           4  stm32f4_discovery.o(.constdata)
    COM_RX_PIN                               0x0801d5f4   Data           4  stm32f4_discovery.o(.constdata)
    COM_TX_PIN_SOURCE                        0x0801d5f8   Data           4  stm32f4_discovery.o(.constdata)
    COM_RX_PIN_SOURCE                        0x0801d5fc   Data           4  stm32f4_discovery.o(.constdata)
    COM_TX_AF                                0x0801d600   Data           4  stm32f4_discovery.o(.constdata)
    COM_RX_AF                                0x0801d604   Data           4  stm32f4_discovery.o(.constdata)
    COM_USART_CLK                            0x0801d608   Data           8  stm32f4_discovery.o(.constdata)
    COM_TX_PORT_CLK                          0x0801d610   Data           8  stm32f4_discovery.o(.constdata)
    COM_RX_PORT_CLK                          0x0801d618   Data           8  stm32f4_discovery.o(.constdata)
    GPIO_PIN                                 0x0801d620   Data          10  stm32f4_discovery.o(.constdata)
    GPIO_CLK                                 0x0801d62c   Data          20  stm32f4_discovery.o(.constdata)
    __ctype_table                            0x0801d640   Data         129  ctype_o.o(.constdata)
    Region$$Table$$Base                      0x0801d7bc   Number         0  anon$$obj.o(Region$$Table)
    Region$$Table$$Limit                     0x0801d7dc   Number         0  anon$$obj.o(Region$$Table)
    ucFlashUpdate                            0x20000000   Data           1  main.o(.data)
    xQueuemessage                            0x20000004   Data           4  main.o(.data)
    xQueueState                              0x20000008   Data           4  main.o(.data)
    SystemCoreClock                          0x2000000c   Data           4  system_stm32f4xx.o(.data)
    AHBPrescTable                            0x20000010   Data          16  system_stm32f4xx.o(.data)
    ucIP                                     0x20000020   Data           4  netconf.o(.data)
    ucGW                                     0x20000024   Data           4  netconf.o(.data)
    ucNM                                     0x20000028   Data           4  netconf.o(.data)
    EthInitStatus                            0x20000030   Data           4  stm32f4x7_eth_bsp.o(.data)
    EthEnable                                0x20000034   Data           4  stm32f4x7_eth_bsp.o(.data)
    ucReadProgram                            0x20000048   Data           1  api_server.o(.data)
    ucWriteProgram                           0x20000049   Data           1  api_server.o(.data)
    ucSystemReboot                           0x2000004a   Data           1  api_server.o(.data)
    pxMasterFrameCBByteReceived              0x2000008c   Data           4  rs485bus_m.o(.data)
    pxMasterFrameCBTransmitterEmpty          0x20000090   Data           4  rs485bus_m.o(.data)
    pxMasterPortCBTimerExpired               0x20000094   Data           4  rs485bus_m.o(.data)
    netif_list                               0x20000128   Data           4  netif.o(.data)
    netif_default                            0x2000012c   Data           4  netif.o(.data)
    tcp_ticks                                0x2000013c   Data           4  tcp.o(.data)
    tcp_bound_pcbs                           0x20000140   Data           4  tcp.o(.data)
    tcp_listen_pcbs                          0x20000144   Data           4  tcp.o(.data)
    tcp_active_pcbs                          0x20000148   Data           4  tcp.o(.data)
    tcp_tw_pcbs                              0x2000014c   Data           4  tcp.o(.data)
    tcp_tmp_pcb                              0x20000150   Data           4  tcp.o(.data)
    tcp_state_str                            0x20000154   Data          44  tcp.o(.data)
    tcp_input_pcb                            0x20000198   Data           4  tcp_in.o(.data)
    udp_pcbs                                 0x2000019c   Data           4  udp.o(.data)
    current_netif                            0x200001a4   Data           4  ip.o(.data)
    current_header                           0x200001a8   Data           4  ip.o(.data)
    s_xSemaphore                             0x200001b4   Data           4  ethernetif.o(.data)
    __stdout                                 0x200001c8   Data           4  stm32f4xx_uartstdio.o(.data)
    BUTTON_PORT                              0x200001cc   Data           4  stm32f4_discovery.o(.data)
    COM_USART                                0x200001d0   Data           8  stm32f4_discovery.o(.data)
    COM_TX_PORT                              0x200001d8   Data           8  stm32f4_discovery.o(.data)
    COM_RX_PORT                              0x200001e0   Data           8  stm32f4_discovery.o(.data)
    GPIO_PORT                                0x200001e8   Data          20  stm32f4_discovery.o(.data)
    DMATxDescToSet                           0x200001fc   Data           4  stm32f4x7_eth.o(.data)
    DMARxDescToGet                           0x20000200   Data           4  stm32f4x7_eth.o(.data)
    DMA_RX_FRAME_infos                       0x20000204   Data           4  stm32f4x7_eth.o(.data)
    pxCurrentTCB                             0x20000218   Data           4  tasks.o(.data)
    ip_lan                                   0x200002c0   Data          16  main.o(.bss)
    user                                     0x200002d0   Data          24  main.o(.bss)
    host                                     0x200002e8   Data         104  main.o(.bss)
    CTport                                   0x20000350   Data         124  main.o(.bss)
    xnetif                                   0x200003cc   Data          60  netconf.o(.bss)
    fs_memory                                0x20000408   Data         240  fs.o(.bss)
    numberpackage                            0x20000518   Data          12  mqttclienttask.o(.bss)
    DMARxDscrTab                             0x20005dd8   Data         160  stm32f4x7_eth.o(.bss)
    DMATxDscrTab                             0x20005e78   Data         160  stm32f4x7_eth.o(.bss)
    Rx_Buff                                  0x20005f18   Data        7620  stm32f4x7_eth.o(.bss)
    Tx_Buff                                  0x20007cdc   Data        7620  stm32f4x7_eth.o(.bss)
    RX_Frame_Descriptor                      0x20009aa0   Data          12  stm32f4x7_eth.o(.bss)
    xQueueRegistry                           0x20009aac   Data          64  queue.o(.bss)
    __initial_sp                             0x2001e228   Data           0  startup_stm32f4xx.o(STACK)



==============================================================================

Memory Map of the image

  Image Entry point : 0x08000189

  Load Region LR_IROM1 (Base: 0x08000000, Size: 0x0001da9c, Max: 0x00020000, ABSOLUTE, COMPRESSED[0x0001d87c])

    Execution Region ER_IROM1 (Exec base: 0x08000000, Load base: 0x08000000, Size: 0x0001d7dc, Max: 0x00020000, ABSOLUTE)

    Exec Addr    Load Addr    Size         Type   Attr      Idx    E Section Name        Object

    0x08000000   0x08000000   0x00000188   Data   RO         2462    RESET               startup_stm32f4xx.o
    0x08000188   0x08000188   0x00000000   Code   RO         2665  * .ARM.Collect$$$$00000000  mc_w.l(entry.o)
    0x08000188   0x08000188   0x00000004   Code   RO         2967    .ARM.Collect$$$$00000001  mc_w.l(entry2.o)
    0x0800018c   0x0800018c   0x00000004   Code   RO         2970    .ARM.Collect$$$$00000004  mc_w.l(entry5.o)
    0x08000190   0x08000190   0x00000000   Code   RO         2972    .ARM.Collect$$$$00000008  mc_w.l(entry7b.o)
    0x08000190   0x08000190   0x00000000   Code   RO         2974    .ARM.Collect$$$$0000000A  mc_w.l(entry8b.o)
    0x08000190   0x08000190   0x00000008   Code   RO         2975    .ARM.Collect$$$$0000000B  mc_w.l(entry9a.o)
    0x08000198   0x08000198   0x00000000   Code   RO         2977    .ARM.Collect$$$$0000000D  mc_w.l(entry10a.o)
    0x08000198   0x08000198   0x00000000   Code   RO         2979    .ARM.Collect$$$$0000000F  mc_w.l(entry11a.o)
    0x08000198   0x08000198   0x00000004   Code   RO         2968    .ARM.Collect$$$$00002712  mc_w.l(entry2.o)
    0x0800019c   0x0800019c   0x000000be   Code   RO         2374    .emb_text           port.o
    0x0800025a   0x0800025a   0x00000002   PAD
    0x0800025c   0x0800025c   0x00000a68   Code   RO            2    .text               main.o
    0x08000cc4   0x08000cc4   0x00000180   Code   RO          335    .text               system_stm32f4xx.o
    0x08000e44   0x08000e44   0x00000078   Code   RO          361    .text               stm32f4xx_it.o
    0x08000ebc   0x08000ebc   0x000001a4   Code   RO          405    .text               netconf.o
    0x08001060   0x08001060   0x000002f0   Code   RO          485    .text               stm32f4x7_eth_bsp.o
    0x08001350   0x08001350   0x000000d8   Code   RO          507    .text               fs.o
    0x08001428   0x08001428   0x00000f74   Code   RO          552    .text               httpserver-socket.o
    0x0800239c   0x0800239c   0x00000150   Code   RO          600    .text               miscellaneous.o
    0x080024ec   0x080024ec   0x00000c84   Code   RO          634    .text               api_server.o
    0x08003170   0x08003170   0x00000a08   Code   RO          662    .text               mqttclienttask.o
    0x08003b78   0x08003b78   0x000000dc   Code   RO          720    .text               key_scan.o
    0x08003c54   0x08003c54   0x000000c8   Code   RO          737    .text               keyscan_task.o
    0x08003d1c   0x08003d1c   0x000000a0   Code   RO          754    .text               rs485bus_task_m.o
    0x08003dbc   0x08003dbc   0x000000c0   Code   RO          803    .text               tcpmbbus_task.o
    0x08003e7c   0x08003e7c   0x0000078c   Code   RO          835    .text               mqttclient.o
    0x08004608   0x08004608   0x000001b0   Code   RO          852    .text               mqttfreertos.o
    0x080047b8   0x080047b8   0x00000224   Code   RO          865    .text               mqttconnectclient.o
    0x080049dc   0x080049dc   0x000000d4   Code   RO          889    .text               mqttdeserializepublish.o
    0x08004ab0   0x08004ab0   0x000002fc   Code   RO          917    .text               mqttpacket.o
    0x08004dac   0x08004dac   0x00000116   Code   RO          932    .text               mqttserializepublish.o
    0x08004ec2   0x08004ec2   0x00000134   Code   RO          945    .text               mqttsubscribeclient.o
    0x08004ff6   0x08004ff6   0x000000ce   Code   RO          970    .text               mqttunsubscribeclient.o
    0x080050c4   0x080050c4   0x0000002c   Code   RO          995    .text               rs485crc.o
    0x080050f0   0x080050f0   0x000002a8   Code   RO         1037    .text               rs485bus_m.o
    0x08005398   0x08005398   0x00000348   Code   RO         1066    .text               rs485rtu_m.o
    0x080056e0   0x080056e0   0x0000006c   Code   RO         1087    .text               rs485funcperiodicping_m.o
    0x0800574c   0x0800574c   0x0000038c   Code   RO         1122    .text               portserial_m.o
    0x08005ad8   0x08005ad8   0x0000020c   Code   RO         1150    .text               porttimer_m.o
    0x08005ce4   0x08005ce4   0x000000a4   Code   RO         1177    .text               user_rs485_app_m.o
    0x08005d88   0x08005d88   0x00000140   Code   RO         1194    .text               portevent_m.o
    0x08005ec8   0x08005ec8   0x000001f0   Code   RO         1299    .text               mbfuncholding_m.o
    0x080060b8   0x080060b8   0x00000300   Code   RO         1311    .text               api_lib.o
    0x080063b8   0x080063b8   0x000008bc   Code   RO         1347    .text               api_msg.o
    0x08006c74   0x08006c74   0x0000012e   Code   RO         1377    .text               netbuf.o
    0x08006da2   0x08006da2   0x00000002   PAD
    0x08006da4   0x08006da4   0x00000d3c   Code   RO         1404    .text               sockets.o
    0x08007ae0   0x08007ae0   0x000002f0   Code   RO         1420    .text               tcpip.o
    0x08007dd0   0x08007dd0   0x00000e1c   Code   RO         1467    .text               dhcp.o
    0x08008bec   0x08008bec   0x0000001a   Code   RO         1489    .text               init.o
    0x08008c06   0x08008c06   0x00000002   PAD
    0x08008c08   0x08008c08   0x00000278   Code   RO         1518    .text               mem.o
    0x08008e80   0x08008e80   0x00000088   Code   RO         1533    .text               memp.o
    0x08008f08   0x08008f08   0x00000190   Code   RO         1562    .text               netif.o
    0x08009098   0x08009098   0x000003e8   Code   RO         1585    .text               pbuf.o
    0x08009480   0x08009480   0x00000160   Code   RO         1601    .text               raw.o
    0x080095e0   0x080095e0   0x000001d8   Code   RO         1621    .text               sys.o
    0x080097b8   0x080097b8   0x0000091c   Code   RO         1642    .text               tcp.o
    0x0800a0d4   0x0800a0d4   0x00000c54   Code   RO         1664    .text               tcp_in.o
    0x0800ad28   0x0800ad28   0x000008f4   Code   RO         1687    .text               tcp_out.o
    0x0800b61c   0x0800b61c   0x0000033c   Code   RO         1699    .text               udp.o
    0x0800b958   0x0800b958   0x000002ec   Code   RO         1729    .text               autoip.o
    0x0800bc44   0x0800bc44   0x0000017a   Code   RO         1741    .text               icmp.o
    0x0800bdbe   0x0800bdbe   0x00000002   PAD
    0x0800bdc0   0x0800bdc0   0x0000016c   Code   RO         1759    .text               inet.o
    0x0800bf2c   0x0800bf2c   0x00000118   Code   RO         1773    .text               inet_chksum.o
    0x0800c044   0x0800c044   0x000002b0   Code   RO         1785    .text               ip.o
    0x0800c2f4   0x0800c2f4   0x00000030   Code   RO         1803    .text               ip_addr.o
    0x0800c324   0x0800c324   0x00000580   Code   RO         1832    .text               etharp.o
    0x0800c8a4   0x0800c8a4   0x00000240   Code   RO         1869    .text               ethernetif.o
    0x0800cae4   0x0800cae4   0x000001c4   Code   RO         1888    .text               sys_arch.o
    0x0800cca8   0x0800cca8   0x00000574   Code   RO         1907    .text               stm32f4xx_uartstdio.o
    0x0800d21c   0x0800d21c   0x000004cc   Code   RO         1969    .text               stm32f4_discovery.o
    0x0800d6e8   0x0800d6e8   0x00000ae4   Code   RO         2016    .text               stm32f4x7_eth.o
    0x0800e1cc   0x0800e1cc   0x00000338   Code   RO         2042    .text               stm32f4xx_usart.o
    0x0800e504   0x0800e504   0x000000b0   Code   RO         2058    .text               misc.o
    0x0800e5b4   0x0800e5b4   0x00000354   Code   RO         2074    .text               stm32f4xx_adc.o
    0x0800e908   0x0800e908   0x00000320   Code   RO         2090    .text               stm32f4xx_dma.o
    0x0800ec28   0x0800ec28   0x000000e8   Code   RO         2106    .text               stm32f4xx_exti.o
    0x0800ed10   0x0800ed10   0x000001ec   Code   RO         2138    .text               stm32f4xx_gpio.o
    0x0800eefc   0x0800eefc   0x000003dc   Code   RO         2154    .text               stm32f4xx_rcc.o
    0x0800f2d8   0x0800f2d8   0x00000078   Code   RO         2172    .text               stm32f4xx_syscfg.o
    0x0800f350   0x0800f350   0x000001b8   Code   RO         2188    .text               stm32f4xx_sdio.o
    0x0800f508   0x0800f508   0x000009dc   Code   RO         2204    .text               stm32f4xx_tim.o
    0x0800fee4   0x0800fee4   0x00000390   Code   RO         2237    .text               stm32f4xx_flash.o
    0x08010274   0x08010274   0x00000a4c   Code   RO         2270    .text               stm32f4xx_rtc.o
    0x08010cc0   0x08010cc0   0x000000d0   Code   RO         2287    .text               stm32f4xx_pwr.o
    0x08010d90   0x08010d90   0x0000008a   Code   RO         2311    .text               list.o
    0x08010e1a   0x08010e1a   0x00000002   PAD
    0x08010e1c   0x08010e1c   0x00000b40   Code   RO         2323    .text               queue.o
    0x0801195c   0x0801195c   0x000012ec   Code   RO         2351    .text               tasks.o
    0x08012c48   0x08012c48   0x00000254   Code   RO         2375    .text               port.o
    0x08012e9c   0x08012e9c   0x000000f8   Code   RO         2405    .text               heap_2.o
    0x08012f94   0x08012f94   0x00000024   Code   RO         2463    .text               startup_stm32f4xx.o
    0x08012fb8   0x08012fb8   0x000001cc   Code   RO         2467    .text               tcp_mb.o
    0x08013184   0x08013184   0x0000006e   Code   RO         2506    .text               mbtcp.o
    0x080131f2   0x080131f2   0x00000002   PAD
    0x080131f4   0x080131f4   0x0000036c   Code   RO         2522    .text               port_tcp.o
    0x08013560   0x08013560   0x00000034   Code   RO         2547    .text               portevent_tcp.o
    0x08013594   0x08013594   0x00000130   Code   RO         2561    .text               portother_tcp.o
    0x080136c4   0x080136c4   0x00000064   Code   RO         2638    .text               mbfuncother.o
    0x08013728   0x08013728   0x0000006c   Code   RO         2653    .text               mbutils.o
    0x08013794   0x08013794   0x00000024   Code   RO         2670    .text               mc_w.l(memcpya.o)
    0x080137b8   0x080137b8   0x00000024   Code   RO         2674    .text               mc_w.l(memseta.o)
    0x080137dc   0x080137dc   0x00000018   Code   RO         2676    .text               mc_w.l(strcat.o)
    0x080137f4   0x080137f4   0x00000024   Code   RO         2678    .text               mc_w.l(strstr.o)
    0x08013818   0x08013818   0x0000000e   Code   RO         2680    .text               mc_w.l(strlen.o)
    0x08013826   0x08013826   0x0000001c   Code   RO         2682    .text               mc_w.l(strcmp.o)
    0x08013842   0x08013842   0x0000001a   Code   RO         2684    .text               mc_w.l(memcmp.o)
    0x0801385c   0x0801385c   0x00000028   Code   RO         2686    .text               mc_w.l(strncat.o)
    0x08013884   0x08013884   0x00000012   Code   RO         2688    .text               mc_w.l(strcpy.o)
    0x08013896   0x08013896   0x0000001e   Code   RO         2690    .text               mc_w.l(strncmp.o)
    0x080138b4   0x080138b4   0x00000020   Code   RO         2692    .text               mc_w.l(strpbrk.o)
    0x080138d4   0x080138d4   0x0000001a   Code   RO         2957    .text               mc_w.l(atoi.o)
    0x080138ee   0x080138ee   0x00000002   PAD
    0x080138f0   0x080138f0   0x00000030   Code   RO         2965    .text               mf_w.l(cdrcmple.o)
    0x08013920   0x08013920   0x0000002c   Code   RO         2981    .text               mc_w.l(uidiv.o)
    0x0801394c   0x0801394c   0x00000062   Code   RO         2983    .text               mc_w.l(uldiv.o)
    0x080139ae   0x080139ae   0x00000070   Code   RO         2992    .text               mc_w.l(strtol.o)
    0x08013a1e   0x08013a1e   0x00000000   Code   RO         2994    .text               mc_w.l(iusefp.o)
    0x08013a1e   0x08013a1e   0x000000ba   Code   RO         2995    .text               mf_w.l(depilogue.o)
    0x08013ad8   0x08013ad8   0x0000014e   Code   RO         2997    .text               mf_w.l(dadd.o)
    0x08013c26   0x08013c26   0x000000e4   Code   RO         2999    .text               mf_w.l(dmul.o)
    0x08013d0a   0x08013d0a   0x000000de   Code   RO         3001    .text               mf_w.l(ddiv.o)
    0x08013de8   0x08013de8   0x00000030   Code   RO         3003    .text               mf_w.l(dfixul.o)
    0x08013e18   0x08013e18   0x00000024   Code   RO         3005    .text               mc_w.l(init.o)
    0x08013e3c   0x08013e3c   0x0000001e   Code   RO         3007    .text               mc_w.l(llshl.o)
    0x08013e5a   0x08013e5a   0x00000020   Code   RO         3009    .text               mc_w.l(llushr.o)
    0x08013e7a   0x08013e7a   0x00000024   Code   RO         3011    .text               mc_w.l(llsshr.o)
    0x08013e9e   0x08013e9e   0x00000002   PAD
    0x08013ea0   0x08013ea0   0x00000008   Code   RO         3013    .text               mc_w.l(ctype_o.o)
    0x08013ea8   0x08013ea8   0x0000009e   Code   RO         3041    .text               mc_w.l(_strtoul.o)
    0x08013f46   0x08013f46   0x0000001c   Code   RO         3043    .text               mc_w.l(_chval.o)
    0x08013f62   0x08013f62   0x00000056   Code   RO         3053    .text               mc_w.l(__dczerorl2.o)
    0x08013fb8   0x08013fb8   0x00000020   Code   RO         2903    i.__0printf$8       mc_w.l(printf8.o)
    0x08013fd8   0x08013fd8   0x00000030   Code   RO         2904    i.__0snprintf$8     mc_w.l(printf8.o)
    0x08014008   0x08014008   0x00000028   Code   RO         2905    i.__0sprintf$8      mc_w.l(printf8.o)
    0x08014030   0x08014030   0x00000010   Code   RO         2933    i.__0vprintf        mc_w.l(printfa.o)
    0x08014040   0x08014040   0x00000008   Code   RO         2985    i.__aeabi_errno_addr  mc_w.l(errno.o)
    0x08014048   0x08014048   0x0000000e   Code   RO         3047    i.__scatterload_copy  mc_w.l(handlers.o)
    0x08014056   0x08014056   0x00000002   Code   RO         3048    i.__scatterload_null  mc_w.l(handlers.o)
    0x08014058   0x08014058   0x0000000e   Code   RO         3049    i.__scatterload_zeroinit  mc_w.l(handlers.o)
    0x08014066   0x08014066   0x00000002   PAD
    0x08014068   0x08014068   0x00000184   Code   RO         2936    i._fp_digits        mc_w.l(printfa.o)
    0x080141ec   0x080141ec   0x00000410   Code   RO         2910    i._printf_core      mc_w.l(printf8.o)
    0x080145fc   0x080145fc   0x000006dc   Code   RO         2937    i._printf_core      mc_w.l(printfa.o)
    0x08014cd8   0x08014cd8   0x00000024   Code   RO         2911    i._printf_post_padding  mc_w.l(printf8.o)
    0x08014cfc   0x08014cfc   0x00000024   Code   RO         2938    i._printf_post_padding  mc_w.l(printfa.o)
    0x08014d20   0x08014d20   0x0000002e   Code   RO         2912    i._printf_pre_padding  mc_w.l(printf8.o)
    0x08014d4e   0x08014d4e   0x0000002e   Code   RO         2939    i._printf_pre_padding  mc_w.l(printfa.o)
    0x08014d7c   0x08014d7c   0x00000016   Code   RO         2913    i._snputc           mc_w.l(printf8.o)
    0x08014d92   0x08014d92   0x0000000a   Code   RO         2914    i._sputc            mc_w.l(printf8.o)
    0x08014d9c   0x08014d9c   0x000004db   Data   RO          509    .constdata          fs.o
    0x08015277   0x08015277   0x00001108   Data   RO          510    .constdata          fs.o
    0x0801637f   0x0801637f   0x00000ea4   Data   RO          511    .constdata          fs.o
    0x08017223   0x08017223   0x0000110a   Data   RO          512    .constdata          fs.o
    0x0801832d   0x0801832d   0x00001019   Data   RO          513    .constdata          fs.o
    0x08019346   0x08019346   0x000010f3   Data   RO          514    .constdata          fs.o
    0x0801a439   0x0801a439   0x0000024a   Data   RO          515    .constdata          fs.o
    0x0801a683   0x0801a683   0x00000cc3   Data   RO          516    .constdata          fs.o
    0x0801b346   0x0801b346   0x000000c0   Data   RO          517    .constdata          fs.o
    0x0801b406   0x0801b406   0x00001d9a   Data   RO          518    .constdata          fs.o
    0x0801d1a0   0x0801d1a0   0x00000014   Data   RO          519    .constdata          fs.o
    0x0801d1b4   0x0801d1b4   0x00000014   Data   RO          520    .constdata          fs.o
    0x0801d1c8   0x0801d1c8   0x00000014   Data   RO          521    .constdata          fs.o
    0x0801d1dc   0x0801d1dc   0x00000014   Data   RO          522    .constdata          fs.o
    0x0801d1f0   0x0801d1f0   0x00000014   Data   RO          523    .constdata          fs.o
    0x0801d204   0x0801d204   0x00000014   Data   RO          524    .constdata          fs.o
    0x0801d218   0x0801d218   0x00000014   Data   RO          525    .constdata          fs.o
    0x0801d22c   0x0801d22c   0x00000014   Data   RO          526    .constdata          fs.o
    0x0801d240   0x0801d240   0x00000014   Data   RO          527    .constdata          fs.o
    0x0801d254   0x0801d254   0x00000014   Data   RO          528    .constdata          fs.o
    0x0801d268   0x0801d268   0x00000032   Data   RO          554    .constdata          httpserver-socket.o
    0x0801d29a   0x0801d29a   0x00000002   PAD
    0x0801d29c   0x0801d29c   0x00000058   Data   RO          664    .constdata          mqttclienttask.o
    0x0801d2f4   0x0801d2f4   0x00000058   Data   RO          836    .constdata          mqttclient.o
    0x0801d34c   0x0801d34c   0x00000200   Data   RO          996    .constdata          rs485crc.o
    0x0801d54c   0x0801d54c   0x0000003c   Data   RO         1406    .constdata          sockets.o
    0x0801d588   0x0801d588   0x00000030   Data   RO         1535    .constdata          memp.o
    0x0801d5b8   0x0801d5b8   0x00000014   Data   RO         1643    .constdata          tcp.o
    0x0801d5cc   0x0801d5cc   0x00000004   Data   RO         1804    .constdata          ip_addr.o
    0x0801d5d0   0x0801d5d0   0x00000004   Data   RO         1805    .constdata          ip_addr.o
    0x0801d5d4   0x0801d5d4   0x0000000c   Data   RO         1834    .constdata          etharp.o
    0x0801d5e0   0x0801d5e0   0x00000004   Data   RO         1908    .constdata          stm32f4xx_uartstdio.o
    0x0801d5e4   0x0801d5e4   0x0000005c   Data   RO         1970    .constdata          stm32f4_discovery.o
    0x0801d640   0x0801d640   0x00000081   Data   RO         3014    .constdata          mc_w.l(ctype_o.o)
    0x0801d6c1   0x0801d6c1   0x00000003   PAD
    0x0801d6c4   0x0801d6c4   0x00000004   Data   RO         3015    .constdata          mc_w.l(ctype_o.o)
    0x0801d6c8   0x0801d6c8   0x00000046   Data   RO            5    .conststring        main.o
    0x0801d70e   0x0801d70e   0x00000002   PAD
    0x0801d710   0x0801d710   0x00000075   Data   RO         1644    .conststring        tcp.o
    0x0801d785   0x0801d785   0x00000003   PAD
    0x0801d788   0x0801d788   0x00000011   Data   RO         1909    .conststring        stm32f4xx_uartstdio.o
    0x0801d799   0x0801d799   0x00000003   PAD
    0x0801d79c   0x0801d79c   0x0000001e   Data   RO         2563    .conststring        portother_tcp.o
    0x0801d7ba   0x0801d7ba   0x00000002   PAD
    0x0801d7bc   0x0801d7bc   0x00000020   Data   RO         3045    Region$$Table       anon$$obj.o


    Execution Region RW_IRAM1 (Exec base: 0x20000000, Load base: 0x0801d7dc, Size: 0x0001e228, Max: 0x00020000, ABSOLUTE, COMPRESSED[0x000000a0])

    Exec Addr    Load Addr    Size         Type   Attr      Idx    E Section Name        Object

    0x20000000   COMPRESSED   0x0000000c   Data   RW            6    .data               main.o
    0x2000000c   COMPRESSED   0x00000014   Data   RW          336    .data               system_stm32f4xx.o
    0x20000020   COMPRESSED   0x0000000c   Data   RW          407    .data               netconf.o
    0x2000002c   COMPRESSED   0x0000000c   Data   RW          486    .data               stm32f4x7_eth_bsp.o
    0x20000038   COMPRESSED   0x00000010   Data   RW          556    .data               httpserver-socket.o
    0x20000048   COMPRESSED   0x00000003   Data   RW          635    .data               api_server.o
    0x2000004b   COMPRESSED   0x0000000e   Data   RW          804    .data               tcpmbbus_task.o
    0x20000059   COMPRESSED   0x00000003   PAD
    0x2000005c   COMPRESSED   0x00000004   Data   RW          918    .data               mqttpacket.o
    0x20000060   COMPRESSED   0x00000060   Data   RW         1038    .data               rs485bus_m.o
    0x200000c0   COMPRESSED   0x00000028   Data   RW         1068    .data               rs485rtu_m.o
    0x200000e8   COMPRESSED   0x00000004   Data   RW         1123    .data               portserial_m.o
    0x200000ec   COMPRESSED   0x00000004   Data   RW         1152    .data               porttimer_m.o
    0x200000f0   COMPRESSED   0x00000004   Data   RW         1196    .data               portevent_m.o
    0x200000f4   COMPRESSED   0x0000000c   Data   RW         1407    .data               sockets.o
    0x20000100   COMPRESSED   0x00000010   Data   RW         1421    .data               tcpip.o
    0x20000110   COMPRESSED   0x00000004   Data   RW         1468    .data               dhcp.o
    0x20000114   COMPRESSED   0x00000010   Data   RW         1520    .data               mem.o
    0x20000124   COMPRESSED   0x0000000c   Data   RW         1563    .data               netif.o
    0x20000130   COMPRESSED   0x00000004   Data   RW         1602    .data               raw.o
    0x20000134   COMPRESSED   0x0000004c   Data   RW         1645    .data               tcp.o
    0x20000180   COMPRESSED   0x0000001c   Data   RW         1666    .data               tcp_in.o
    0x2000019c   COMPRESSED   0x00000004   Data   RW         1700    .data               udp.o
    0x200001a0   COMPRESSED   0x0000000c   Data   RW         1786    .data               ip.o
    0x200001ac   COMPRESSED   0x00000001   Data   RW         1835    .data               etharp.o
    0x200001ad   COMPRESSED   0x00000003   PAD
    0x200001b0   COMPRESSED   0x0000000c   Data   RW         1870    .data               ethernetif.o
    0x200001bc   COMPRESSED   0x00000002   Data   RW         1890    .data               sys_arch.o
    0x200001be   COMPRESSED   0x00000002   PAD
    0x200001c0   COMPRESSED   0x00000008   Data   RW         1910    .data               stm32f4xx_uartstdio.o
    0x200001c8   COMPRESSED   0x00000004   Data   RW         1911    .data               stm32f4xx_uartstdio.o
    0x200001cc   COMPRESSED   0x00000030   Data   RW         1971    .data               stm32f4_discovery.o
    0x200001fc   COMPRESSED   0x0000000c   Data   RW         2022    .data               stm32f4x7_eth.o
    0x20000208   COMPRESSED   0x00000010   Data   RW         2155    .data               stm32f4xx_rcc.o
    0x20000218   COMPRESSED   0x0000003c   Data   RW         2353    .data               tasks.o
    0x20000254   COMPRESSED   0x0000000c   Data   RW         2376    .data               port.o
    0x20000260   COMPRESSED   0x00000018   Data   RW         2407    .data               heap_2.o
    0x20000278   COMPRESSED   0x00000020   Data   RW         2469    .data               tcp_mb.o
    0x20000298   COMPRESSED   0x0000000c   Data   RW         2524    .data               port_tcp.o
    0x200002a4   COMPRESSED   0x00000002   Data   RW         2548    .data               portevent_tcp.o
    0x200002a6   COMPRESSED   0x00000002   PAD
    0x200002a8   COMPRESSED   0x00000010   Data   RW         2564    .data               portother_tcp.o
    0x200002b8   COMPRESSED   0x00000002   Data   RW         2640    .data               mbfuncother.o
    0x200002ba   COMPRESSED   0x00000002   PAD
    0x200002bc   COMPRESSED   0x00000004   Data   RW         2988    .data               mc_w.l(errno.o)
    0x200002c0        -       0x0000010c   Zero   RW            3    .bss                main.o
    0x200003cc        -       0x0000003c   Zero   RW          406    .bss                netconf.o
    0x20000408        -       0x000000f0   Zero   RW          508    .bss                fs.o
    0x200004f8        -       0x00000020   Zero   RW          601    .bss                miscellaneous.o
    0x20000518        -       0x0000000c   Zero   RW          663    .bss                mqttclienttask.o
    0x20000524        -       0x00000804   Zero   RW         1067    .bss                rs485rtu_m.o
    0x20000d28        -       0x00000010   Zero   RW         1151    .bss                porttimer_m.o
    0x20000d38        -       0x00000010   Zero   RW         1195    .bss                portevent_m.o
    0x20000d48        -       0x00000050   Zero   RW         1405    .bss                sockets.o
    0x20000d98        -       0x00001414   Zero   RW         1519    .bss                mem.o
    0x200021ac        -       0x00003b37   Zero   RW         1534    .bss                memp.o
    0x20005ce3   COMPRESSED   0x00000001   PAD
    0x20005ce4        -       0x00000014   Zero   RW         1665    .bss                tcp_in.o
    0x20005cf8        -       0x00000010   Zero   RW         1760    .bss                inet.o
    0x20005d08        -       0x000000a0   Zero   RW         1833    .bss                etharp.o
    0x20005da8        -       0x00000030   Zero   RW         1889    .bss                sys_arch.o
    0x20005dd8        -       0x000000a0   Zero   RW         2017    .bss                stm32f4x7_eth.o
    0x20005e78        -       0x000000a0   Zero   RW         2018    .bss                stm32f4x7_eth.o
    0x20005f18        -       0x00001dc4   Zero   RW         2019    .bss                stm32f4x7_eth.o
    0x20007cdc        -       0x00001dc4   Zero   RW         2020    .bss                stm32f4x7_eth.o
    0x20009aa0        -       0x0000000c   Zero   RW         2021    .bss                stm32f4x7_eth.o
    0x20009aac        -       0x00000040   Zero   RW         2324    .bss                queue.o
    0x20009aec        -       0x00000190   Zero   RW         2352    .bss                tasks.o
    0x20009c7c        -       0x00014000   Zero   RW         2406    .bss                heap_2.o
    0x2001dc7c        -       0x00000080   Zero   RW         2468    .bss                tcp_mb.o
    0x2001dcfc        -       0x00000107   Zero   RW         2523    .bss                port_tcp.o
    0x2001de03        -       0x00000200   Zero   RW         2562    .bss                portother_tcp.o
    0x2001e003        -       0x00000020   Zero   RW         2639    .bss                mbfuncother.o
    0x2001e023   COMPRESSED   0x00000005   PAD
    0x2001e028        -       0x00000200   Zero   RW         2460    STACK               startup_stm32f4xx.o


==============================================================================

Image component sizes


      Code (inc. data)   RO Data    RW Data    ZI Data      Debug   Object Name

       768         46          0          0          0      20408   api_lib.o
      2236         36          0          0          0       9167   api_msg.o
      3204        488          0          3          0       8237   api_server.o
       748         32          0          0          0       4450   autoip.o
      3612         46          0          4          0      12809   dhcp.o
      1408         20         12          1        160       9672   etharp.o
       576         68          0         12          0       4194   ethernetif.o
       216         10      33996          0        240       5625   fs.o
       248         14          0         24      81920       3560   heap_2.o
      3956       1392         50         16          0      13094   httpserver-socket.o
       378          0          0          0          0       2335   icmp.o
       364         12          0          0         16       3494   inet.o
       280          0          0          0          0       2882   inet_chksum.o
        26          0          0          0          0       1911   init.o
       688         12          0         12          0       6314   ip.o
        48          0          8          0          0       5849   ip_addr.o
       220         12          0          0          0       2142   key_scan.o
       200         58          0          0          0       1013   keyscan_task.o
       138          0          0          0          0       2134   list.o
      2664        744         70         12        268     419323   main.o
       496        144          0          0          0       5173   mbfuncholding_m.o
       100         10          0          2         32       2113   mbfuncother.o
       110          0          0          0          0       3300   mbtcp.o
       108          0          0          0          0       2282   mbutils.o
       632          8          0         16       5140       4046   mem.o
       136          8         48          0      15159       2738   memp.o
       176         12          0          0          0       2249   misc.o
       336         50          0          0         32       3377   miscellaneous.o
      1932         20         88          0          0      14885   mqttclient.o
      2568        688         88          0         12      10434   mqttclienttask.o
       548         18          0          0          0       3558   mqttconnectclient.o
       212          0          0          0          0       2174   mqttdeserializepublish.o
       432         12          0          0          0       4537   mqttfreertos.o
       764          8          0          4          0       6866   mqttpacket.o
       278          0          0          0          0       3476   mqttserializepublish.o
       308          0          0          0          0       2917   mqttsubscribeclient.o
       206          0          0          0          0       2547   mqttunsubscribeclient.o
       302          0          0          0          0       3473   netbuf.o
       420         38          0         12         60      13357   netconf.o
       400         14          0         12          0       6026   netif.o
      1000          0          0          0          0       6622   pbuf.o
       786         46          0         12          0       9493   port.o
       876        318          0         12        263       5199   port_tcp.o
       320         16          0          4         16       4044   portevent_m.o
        52          6          0          2          0       1888   portevent_tcp.o
       304        124         30         16        512       3341   portother_tcp.o
       908         52          0          4          0       5950   portserial_m.o
       524         20          0          4         16       3566   porttimer_m.o
      2880         12          0          0         64      27191   queue.o
       352          6          0          4          0       3881   raw.o
       680         70          0         96          0       8302   rs485bus_m.o
       160         26          0          0          0       1872   rs485bus_task_m.o
        44          6        512          0          0       1523   rs485crc.o
       108         22          0          0          0       2067   rs485funcperiodicping_m.o
       840         22          0         40       2052       6373   rs485rtu_m.o
         0          0          0          0          0       1452   rs485utils.o
      3388         50         60         12         80      15807   sockets.o
        36          8        392          0        512        856   startup_stm32f4xx.o
      1228         68         92         48          0       6237   stm32f4_discovery.o
      2788         84          0         12      15572      21567   stm32f4x7_eth.o
       752         60          0         12          0       3314   stm32f4x7_eth_bsp.o
       852         20          0          0          0      11218   stm32f4xx_adc.o
       800         32          0          0          0       7269   stm32f4xx_dma.o
       232          8          0          0          0       2755   stm32f4xx_exti.o
       912         20          0          0          0       7707   stm32f4xx_flash.o
       492         36          0          0          0       4749   stm32f4xx_gpio.o
       120         12          0          0          0      10725   stm32f4xx_it.o
       208         12          0          0          0       2784   stm32f4xx_pwr.o
       988         42          0         16          0      11811   stm32f4xx_rcc.o
      2636         48          0          0          0      16546   stm32f4xx_rtc.o
       440         14          0          0          0       7836   stm32f4xx_sdio.o
       120         18          0          0          0       1863   stm32f4xx_syscfg.o
      2524         52          0          0          0      24302   stm32f4xx_tim.o
      1396         72         21         12          0       7468   stm32f4xx_uartstdio.o
       824         24          0          0          0       8564   stm32f4xx_usart.o
       472          4          0          0          0       3616   sys.o
       452          8          0          2         48       5482   sys_arch.o
       384         40          0         20          0       2099   system_stm32f4xx.o
      4844        104          0         60        400      27721   tasks.o
      2332         46        137         76          0      19126   tcp.o
      3156         64          0         28         20      13720   tcp_in.o
       460         24          0         32        128       7013   tcp_mb.o
      2292         12          0          0          0       7634   tcp_out.o
       752         60          0         16          0      15461   tcpip.o
       192         70          0         14          0       2751   tcpmbbus_task.o
       828          8          0          4          0      14385   udp.o
       164          4          0          0          0       3150   user_rs485_app_m.o

    ----------------------------------------------------------------------
     79352       5890      35648        700     122728    1026441   Object Totals
         0          0         32          0          0          0   (incl. Generated)
        12          0         12         12          6          0   (incl. Padding)

    ----------------------------------------------------------------------

      Code (inc. data)   RO Data    RW Data    ZI Data      Debug   Library Member Name

        86          0          0          0          0          0   __dczerorl2.o
        28          0          0          0          0         68   _chval.o
       158          0          0          0          0         92   _strtoul.o
        26          0          0          0          0         80   atoi.o
         8          4        133          0          0         68   ctype_o.o
         0          0          0          0          0          0   entry.o
         0          0          0          0          0          0   entry10a.o
         0          0          0          0          0          0   entry11a.o
         8          4          0          0          0          0   entry2.o
         4          0          0          0          0          0   entry5.o
         0          0          0          0          0          0   entry7b.o
         0          0          0          0          0          0   entry8b.o
         8          4          0          0          0          0   entry9a.o
         8          4          0          4          0         68   errno.o
        30          0          0          0          0          0   handlers.o
        36          8          0          0          0         68   init.o
         0          0          0          0          0          0   iusefp.o
        30          0          0          0          0         68   llshl.o
        36          0          0          0          0         68   llsshr.o
        32          0          0          0          0         68   llushr.o
        26          0          0          0          0         80   memcmp.o
        36          0          0          0          0         68   memcpya.o
        36          0          0          0          0        108   memseta.o
      1274         64          0          0          0        656   printf8.o
      2242         88          0          0          0        436   printfa.o
        24          0          0          0          0         68   strcat.o
        28          0          0          0          0         76   strcmp.o
        18          0          0          0          0         68   strcpy.o
        14          0          0          0          0         68   strlen.o
        40          0          0          0          0         76   strncat.o
        30          0          0          0          0         80   strncmp.o
        32          0          0          0          0         76   strpbrk.o
        36          0          0          0          0         80   strstr.o
       112          0          0          0          0         88   strtol.o
        44          0          0          0          0         80   uidiv.o
        98          0          0          0          0         92   uldiv.o
        48          0          0          0          0         68   cdrcmple.o
       334          0          0          0          0        148   dadd.o
       222          0          0          0          0        100   ddiv.o
       186          0          0          0          0        176   depilogue.o
        48          0          0          0          0         68   dfixul.o
       228          0          0          0          0         96   dmul.o

    ----------------------------------------------------------------------
      5660        176        136          4          0       3504   Library Totals
         6          0          3          0          0          0   (incl. Padding)

    ----------------------------------------------------------------------

      Code (inc. data)   RO Data    RW Data    ZI Data      Debug   Library Name

      4588        176        133          4          0       2848   mc_w.l
      1066          0          0          0          0        656   mf_w.l

    ----------------------------------------------------------------------
      5660        176        136          4          0       3504   Library Totals

    ----------------------------------------------------------------------

==============================================================================


      Code (inc. data)   RO Data    RW Data    ZI Data      Debug   

     85012       6066      35784        704     122728    1008253   Grand Totals
     85012       6066      35784        160     122728    1008253   ELF Image Totals (compressed)
     85012       6066      35784        160          0          0   ROM Totals

==============================================================================

    Total RO  Size (Code + RO Data)               120796 ( 117.96kB)
    Total RW  Size (RW Data + ZI Data)            123432 ( 120.54kB)
    Total ROM Size (Code + RO Data + RW Data)     120956 ( 118.12kB)

==============================================================================

