Component: ARM Compiler 5.06 update 6 (build 750) Tool: armlink [4d35ed]

==============================================================================

Section Cross References

    mdtask.o(i.ModbusRTUTask) refers to mb.o(i.eMBInit) for eMBInit
    mdtask.o(i.ModbusRTUTask) refers to mb.o(i.eMBEnable) for eMBEnable
    mdtask.o(i.ModbusRTUTask) refers to mb.o(i.eMBPoll) for eMBPoll
    mdtask.o(i.ModbusRTUTask) refers to mdtask.o(.bss) for .bss
    mdtask.o(i.eMBRegInputCB) refers to mdtask.o(.data) for .data
    mdtask.o(i.eMBRegInputCB) refers to mdtask.o(.bss) for .bss
    main.o(i.HAL_TIM_PeriodElapsedCallback) refers to stm32f4xx_hal.o(i.HAL_IncTick) for HAL_IncTick
    main.o(i.MX_GPIO_Init) refers to memseta.o(.text) for __aeabi_memclr4
    main.o(i.MX_GPIO_Init) refers to stm32f4xx_hal_gpio.o(i.HAL_GPIO_WritePin) for HAL_GPIO_WritePin
    main.o(i.MX_GPIO_Init) refers to stm32f4xx_hal_gpio.o(i.HAL_GPIO_Init) for HAL_GPIO_Init
    main.o(i.StartDefaultTask) refers to memcpya.o(.text) for __aeabi_memcpy4
    main.o(i.StartDefaultTask) refers to cmsis_os.o(i.osThreadCreate) for osThreadCreate
    main.o(i.StartDefaultTask) refers to cmsis_os.o(i.osDelay) for osDelay
    main.o(i.StartDefaultTask) refers to main.o(.constdata) for .constdata
    main.o(i.SystemClock_Config) refers to memseta.o(.text) for __aeabi_memclr4
    main.o(i.SystemClock_Config) refers to stm32f4xx_hal_rcc.o(i.HAL_RCC_OscConfig) for HAL_RCC_OscConfig
    main.o(i.SystemClock_Config) refers to stm32f4xx_hal_rcc.o(i.HAL_RCC_ClockConfig) for HAL_RCC_ClockConfig
    main.o(i.main) refers to stm32f4xx_hal.o(i.HAL_Init) for HAL_Init
    main.o(i.main) refers to main.o(i.SystemClock_Config) for SystemClock_Config
    main.o(i.main) refers to main.o(i.MX_GPIO_Init) for MX_GPIO_Init
    main.o(i.main) refers to stm32f4xx_hal_uart.o(i.HAL_UART_Init) for HAL_UART_Init
    main.o(i.main) refers to stm32f4xx_hal_tim.o(i.HAL_TIM_Base_Init) for HAL_TIM_Base_Init
    main.o(i.main) refers to stm32f4xx_hal_tim_ex.o(i.HAL_TIMEx_MasterConfigSynchronization) for HAL_TIMEx_MasterConfigSynchronization
    main.o(i.main) refers to stm32f4xx_hal_usart.o(i.HAL_USART_Init) for HAL_USART_Init
    main.o(i.main) refers to memcpya.o(.text) for __aeabi_memcpy4
    main.o(i.main) refers to cmsis_os.o(i.osThreadCreate) for osThreadCreate
    main.o(i.main) refers to cmsis_os.o(i.osKernelStart) for osKernelStart
    main.o(i.main) refers to main.o(.bss) for .bss
    main.o(i.main) refers to main.o(.constdata) for .constdata
    main.o(i.main) refers to main.o(.data) for .data
    main.o(.constdata) refers to main.o(.conststring) for .conststring
    main.o(.constdata) refers to main.o(i.StartDefaultTask) for StartDefaultTask
    main.o(.constdata) refers to mdtask.o(i.ModbusRTUTask) for ModbusRTUTask
    freertos.o(i.vApplicationGetIdleTaskMemory) refers to freertos.o(.bss) for .bss
    stm32f4xx_it.o(i.TIM6_DAC_IRQHandler) refers to stm32f4xx_hal_tim.o(i.HAL_TIM_IRQHandler) for HAL_TIM_IRQHandler
    stm32f4xx_it.o(i.TIM6_DAC_IRQHandler) refers to stm32f4xx_hal_timebase_tim.o(.bss) for htim6
    stm32f4xx_it.o(i.TIM7_IRQHandler) refers to stm32f4xx_hal_tim.o(i.HAL_TIM_IRQHandler) for HAL_TIM_IRQHandler
    stm32f4xx_it.o(i.TIM7_IRQHandler) refers to main.o(.bss) for htim7
    stm32f4xx_it.o(i.TIM7_IRQHandler) refers to porttimer.o(.data) for downcounter
    stm32f4xx_it.o(i.TIM7_IRQHandler) refers to mb.o(.data) for pxMBPortCBTimerExpired
    stm32f4xx_it.o(i.USART2_IRQHandler) refers to stm32f4xx_hal_uart.o(i.HAL_UART_IRQHandler) for HAL_UART_IRQHandler
    stm32f4xx_it.o(i.USART2_IRQHandler) refers to main.o(.bss) for huart2
    stm32f4xx_it.o(i.USART2_IRQHandler) refers to mb.o(.data) for pxMBFrameCBByteReceived
    stm32f4xx_it.o(i.USART3_IRQHandler) refers to stm32f4xx_hal_uart.o(i.HAL_UART_IRQHandler) for HAL_UART_IRQHandler
    stm32f4xx_it.o(i.USART3_IRQHandler) refers to main.o(.bss) for huart3
    stm32f4xx_it.o(i.USART3_IRQHandler) refers to mb.o(.data) for pxMBFrameCBByteReceived
    stm32f4xx_hal_msp.o(i.HAL_MspInit) refers to stm32f4xx_hal_cortex.o(i.HAL_NVIC_SetPriority) for HAL_NVIC_SetPriority
    stm32f4xx_hal_msp.o(i.HAL_TIM_Base_MspDeInit) refers to stm32f4xx_hal_cortex.o(i.HAL_NVIC_DisableIRQ) for HAL_NVIC_DisableIRQ
    stm32f4xx_hal_msp.o(i.HAL_TIM_Base_MspInit) refers to stm32f4xx_hal_cortex.o(i.HAL_NVIC_SetPriority) for HAL_NVIC_SetPriority
    stm32f4xx_hal_msp.o(i.HAL_TIM_Base_MspInit) refers to stm32f4xx_hal_cortex.o(i.HAL_NVIC_EnableIRQ) for HAL_NVIC_EnableIRQ
    stm32f4xx_hal_msp.o(i.HAL_UART_MspDeInit) refers to stm32f4xx_hal_gpio.o(i.HAL_GPIO_DeInit) for HAL_GPIO_DeInit
    stm32f4xx_hal_msp.o(i.HAL_UART_MspDeInit) refers to stm32f4xx_hal_cortex.o(i.HAL_NVIC_DisableIRQ) for HAL_NVIC_DisableIRQ
    stm32f4xx_hal_msp.o(i.HAL_UART_MspInit) refers to memseta.o(.text) for __aeabi_memclr4
    stm32f4xx_hal_msp.o(i.HAL_UART_MspInit) refers to stm32f4xx_hal_gpio.o(i.HAL_GPIO_Init) for HAL_GPIO_Init
[...]
    Removing portserial.o(.rev16_text), (4 bytes).
    Removing portserial.o(.revsh_text), (4 bytes).
    Removing portserial.o(.rrx_text), (6 bytes).
    Removing porttimer.o(.rev16_text), (4 bytes).
    Removing porttimer.o(.revsh_text), (4 bytes).
    Removing porttimer.o(.rrx_text), (6 bytes).
    Removing mbcrc.o(.rev16_text), (4 bytes).
    Removing mbcrc.o(.revsh_text), (4 bytes).
    Removing mbcrc.o(.rrx_text), (6 bytes).
    Removing mbrtu.o(.rev16_text), (4 bytes).
    Removing mbrtu.o(.revsh_text), (4 bytes).
    Removing mbrtu.o(.rrx_text), (6 bytes).
    Removing mb.o(.rev16_text), (4 bytes).
    Removing mb.o(.revsh_text), (4 bytes).
    Removing mb.o(.rrx_text), (6 bytes).
    Removing mb.o(i.eMBClose), (32 bytes).
    Removing mb.o(i.eMBDisable), (32 bytes).
    Removing mb.o(i.eMBRegisterCB), (100 bytes).
    Removing mb.o(.data), (4 bytes).
    Removing mb.o(.data), (4 bytes).

636 unused section(s) (total 39232 bytes) removed from the image.

==============================================================================

Image Symbol Table

    Local Symbols

    Symbol Name                              Value     Ov Type        Size  Object(Section)

    ../Drivers/STM32F4xx_HAL_Driver/Src/stm32f4xx_hal.c 0x00000000   Number         0  stm32f4xx_hal.o ABSOLUTE
    ../Drivers/STM32F4xx_HAL_Driver/Src/stm32f4xx_hal_cortex.c 0x00000000   Number         0  stm32f4xx_hal_cortex.o ABSOLUTE
    ../Drivers/STM32F4xx_HAL_Driver/Src/stm32f4xx_hal_dma.c 0x00000000   Number         0  stm32f4xx_hal_dma.o ABSOLUTE
    ../Drivers/STM32F4xx_HAL_Driver/Src/stm32f4xx_hal_dma_ex.c 0x00000000   Number         0  stm32f4xx_hal_dma_ex.o ABSOLUTE
    ../Drivers/STM32F4xx_HAL_Driver/Src/stm32f4xx_hal_exti.c 0x00000000   Number         0  stm32f4xx_hal_exti.o ABSOLUTE
    ../Drivers/STM32F4xx_HAL_Driver/Src/stm32f4xx_hal_flash.c 0x00000000   Number         0  stm32f4xx_hal_flash.o ABSOLUTE
    ../Drivers/STM32F4xx_HAL_Driver/Src/stm32f4xx_hal_flash_ex.c 0x00000000   Number         0  stm32f4xx_hal_flash_ex.o ABSOLUTE
    ../Drivers/STM32F4xx_HAL_Driver/Src/stm32f4xx_hal_flash_ramfunc.c 0x00000000   Number         0  stm32f4xx_hal_flash_ramfunc.o ABSOLUTE
    ../Drivers/STM32F4xx_HAL_Driver/Src/stm32f4xx_hal_gpio.c 0x00000000   Number         0  stm32f4xx_hal_gpio.o ABSOLUTE
    ../Drivers/STM32F4xx_HAL_Driver/Src/stm32f4xx_hal_pwr.c 0x00000000   Number         0  stm32f4xx_hal_pwr.o ABSOLUTE
    ../Drivers/STM32F4xx_HAL_Driver/Src/stm32f4xx_hal_pwr_ex.c 0x00000000   Number         0  stm32f4xx_hal_pwr_ex.o ABSOLUTE
    ../Drivers/STM32F4xx_HAL_Driver/Src/stm32f4xx_hal_rcc.c 0x00000000   Number         0  stm32f4xx_hal_rcc.o ABSOLUTE
    ../Drivers/STM32F4xx_HAL_Driver/Src/stm32f4xx_hal_rcc_ex.c 0x00000000   Number         0  stm32f4xx_hal_rcc_ex.o ABSOLUTE
    ../Drivers/STM32F4xx_HAL_Driver/Src/stm32f4xx_hal_tim.c 0x00000000   Number         0  stm32f4xx_hal_tim.o ABSOLUTE
    ../Drivers/STM32F4xx_HAL_Driver/Src/stm32f4xx_hal_tim_ex.c 0x00000000   Number         0  stm32f4xx_hal_tim_ex.o ABSOLUTE
    ../Drivers/STM32F4xx_HAL_Driver/Src/stm32f4xx_hal_uart.c 0x00000000   Number         0  stm32f4xx_hal_uart.o ABSOLUTE
    ../Drivers/STM32F4xx_HAL_Driver/Src/stm32f4xx_hal_usart.c 0x00000000   Number         0  stm32f4xx_hal_usart.o ABSOLUTE
    ../Middlewares/Third_Party/FreeRTOS/Source/CMSIS_RTOS/cmsis_os.c 0x00000000   Number         0  cmsis_os.o ABSOLUTE
    ../Middlewares/Third_Party/FreeRTOS/Source/croutine.c 0x00000000   Number         0  croutine.o ABSOLUTE
    ../Middlewares/Third_Party/FreeRTOS/Source/event_groups.c 0x00000000   Number         0  event_groups.o ABSOLUTE
    ../Middlewares/Third_Party/FreeRTOS/Source/list.c 0x00000000   Number         0  list.o ABSOLUTE
    ../Middlewares/Third_Party/FreeRTOS/Source/portable/MemMang/heap_4.c 0x00000000   Number         0  heap_4.o ABSOLUTE
    ../Middlewares/Third_Party/FreeRTOS/Source/portable/RVDS/ARM_CM4F/port.c 0x00000000   Number         0  port.o ABSOLUTE
    ../Middlewares/Third_Party/FreeRTOS/Source/queue.c 0x00000000   Number         0  queue.o ABSOLUTE
    ../Middlewares/Third_Party/FreeRTOS/Source/stream_buffer.c 0x00000000   Number         0  stream_buffer.o ABSOLUTE
    ../Middlewares/Third_Party/FreeRTOS/Source/tasks.c 0x00000000   Number         0  tasks.o ABSOLUTE
    ../Middlewares/Third_Party/FreeRTOS/Source/timers.c 0x00000000   Number         0  timers.o ABSOLUTE
    ../Src/freertos.c                        0x00000000   Number         0  freertos.o ABSOLUTE
    ../Src/main.c                            0x00000000   Number         0  main.o ABSOLUTE
    ../Src/stm32f4xx_hal_msp.c               0x00000000   Number         0  stm32f4xx_hal_msp.o ABSOLUTE
    ../Src/stm32f4xx_hal_timebase_tim.c      0x00000000   Number         0  stm32f4xx_hal_timebase_tim.o ABSOLUTE
    ../Src/stm32f4xx_it.c                    0x00000000   Number         0  stm32f4xx_it.o ABSOLUTE
    ../Src/system_stm32f4xx.c                0x00000000   Number         0  system_stm32f4xx.o ABSOLUTE
    ../clib/../cmprslib/zerorunl2.c          0x00000000   Number         0  __dczerorl2.o ABSOLUTE
    ../clib/microlib/division.c              0x00000000   Number         0  uldiv.o ABSOLUTE
    ../clib/microlib/init/entry.s            0x00000000   Number         0  entry11b.o ABSOLUTE
    ../clib/microlib/init/entry.s            0x00000000   Number         0  entry11a.o ABSOLUTE
    ../clib/microlib/init/entry.s            0x00000000   Number         0  entry10a.o ABSOLUTE
    ../clib/microlib/init/entry.s            0x00000000   Number         0  entry8a.o ABSOLUTE
    ../clib/microlib/init/entry.s            0x00000000   Number         0  entry10b.o ABSOLUTE
    ../clib/microlib/init/entry.s            0x00000000   Number         0  entry2.o ABSOLUTE
    ../clib/microlib/init/entry.s            0x00000000   Number         0  entry5.o ABSOLUTE
    ../clib/microlib/init/entry.s            0x00000000   Number         0  entry7a.o ABSOLUTE
    ../clib/microlib/init/entry.s            0x00000000   Number         0  entry7b.o ABSOLUTE
    ../clib/microlib/init/entry.s            0x00000000   Number         0  entry8b.o ABSOLUTE
    ../clib/microlib/init/entry.s            0x00000000   Number         0  entry9a.o ABSOLUTE
    ../clib/microlib/init/entry.s            0x00000000   Number         0  entry9b.o ABSOLUTE
    ../clib/microlib/init/entry.s            0x00000000   Number         0  entry.o ABSOLUTE
    ../clib/microlib/longlong.c              0x00000000   Number         0  llushr.o ABSOLUTE
    ../clib/microlib/longlong.c              0x00000000   Number         0  llshl.o ABSOLUTE
    ../clib/microlib/stdlib/abort.c          0x00000000   Number         0  abort.o ABSOLUTE
    ../clib/microlib/string/memcpy.c         0x00000000   Number         0  memcpyb.o ABSOLUTE
    ../clib/microlib/string/memcpy.c         0x00000000   Number         0  memcpya.o ABSOLUTE
    ../clib/microlib/string/memset.c         0x00000000   Number         0  memset.o ABSOLUTE
    ../clib/microlib/string/memset.c         0x00000000   Number         0  memseta.o ABSOLUTE
    ..\Drivers\STM32F4xx_HAL_Driver\Src\stm32f4xx_hal.c 0x00000000   Number         0  stm32f4xx_hal.o ABSOLUTE
    ..\Drivers\STM32F4xx_HAL_Driver\Src\stm32f4xx_hal_cortex.c 0x00000000   Number         0  stm32f4xx_hal_cortex.o ABSOLUTE
    ..\Drivers\STM32F4xx_HAL_Driver\Src\stm32f4xx_hal_dma.c 0x00000000   Number         0  stm32f4xx_hal_dma.o ABSOLUTE
    ..\Drivers\STM32F4xx_HAL_Driver\Src\stm32f4xx_hal_dma_ex.c 0x00000000   Number         0  stm32f4xx_hal_dma_ex.o ABSOLUTE
    ..\Drivers\STM32F4xx_HAL_Driver\Src\stm32f4xx_hal_exti.c 0x00000000   Number         0  stm32f4xx_hal_exti.o ABSOLUTE
    ..\Drivers\STM32F4xx_HAL_Driver\Src\stm32f4xx_hal_flash.c 0x00000000   Number         0  stm32f4xx_hal_flash.o ABSOLUTE
    ..\Drivers\STM32F4xx_HAL_Driver\Src\stm32f4xx_hal_flash_ex.c 0x00000000   Number         0  stm32f4xx_hal_flash_ex.o ABSOLUTE
    ..\Drivers\STM32F4xx_HAL_Driver\Src\stm32f4xx_hal_flash_ramfunc.c 0x00000000   Number         0  stm32f4xx_hal_flash_ramfunc.o ABSOLUTE
    ..\Drivers\STM32F4xx_HAL_Driver\Src\stm32f4xx_hal_gpio.c 0x00000000   Number         0  stm32f4xx_hal_gpio.o ABSOLUTE
    ..\Drivers\STM32F4xx_HAL_Driver\Src\stm32f4xx_hal_pwr.c 0x00000000   Number         0  stm32f4xx_hal_pwr.o ABSOLUTE
    ..\Drivers\STM32F4xx_HAL_Driver\Src\stm32f4xx_hal_pwr_ex.c 0x00000000   Number         0  stm32f4xx_hal_pwr_ex.o ABSOLUTE
    ..\Drivers\STM32F4xx_HAL_Driver\Src\stm32f4xx_hal_rcc.c 0x00000000   Number         0  stm32f4xx_hal_rcc.o ABSOLUTE
    ..\Drivers\STM32F4xx_HAL_Driver\Src\stm32f4xx_hal_rcc_ex.c 0x00000000   Number         0  stm32f4xx_hal_rcc_ex.o ABSOLUTE
    ..\Drivers\STM32F4xx_HAL_Driver\Src\stm32f4xx_hal_tim.c 0x00000000   Number         0  stm32f4xx_hal_tim.o ABSOLUTE
    ..\Drivers\STM32F4xx_HAL_Driver\Src\stm32f4xx_hal_tim_ex.c 0x00000000   Number         0  stm32f4xx_hal_tim_ex.o ABSOLUTE
    ..\Drivers\STM32F4xx_HAL_Driver\Src\stm32f4xx_hal_uart.c 0x00000000   Number         0  stm32f4xx_hal_uart.o ABSOLUTE
    ..\Drivers\STM32F4xx_HAL_Driver\Src\stm32f4xx_hal_usart.c 0x00000000   Number         0  stm32f4xx_hal_usart.o ABSOLUTE
    ..\Middlewares\Third_Party\FreeRTOS\Source\CMSIS_RTOS\cmsis_os.c 0x00000000   Number         0  cmsis_os.o ABSOLUTE
    ..\Middlewares\Third_Party\FreeRTOS\Source\portable\RVDS\ARM_CM4F\port.c 0x00000000   Number         0  port.o ABSOLUTE
    ..\Middlewares\Third_Party\modbus\functions\mbfunccoils.c 0x00000000   Number         0  mbfunccoils.o ABSOLUTE
    ..\Middlewares\Third_Party\modbus\functions\mbfuncdiag.c 0x00000000   Number         0  mbfuncdiag.o ABSOLUTE
    ..\Middlewares\Third_Party\modbus\functions\mbfuncdisc.c 0x00000000   Number         0  mbfuncdisc.o ABSOLUTE
    ..\Middlewares\Third_Party\modbus\functions\mbfuncholding.c 0x00000000   Number         0  mbfuncholding.o ABSOLUTE
    ..\Middlewares\Third_Party\modbus\functions\mbfuncinput.c 0x00000000   Number         0  mbfuncinput.o ABSOLUTE
    ..\Middlewares\Third_Party\modbus\functions\mbfuncother.c 0x00000000   Number         0  mbfuncother.o ABSOLUTE
    ..\Middlewares\Third_Party\modbus\functions\mbutils.c 0x00000000   Number         0  mbutils.o ABSOLUTE
    ..\Middlewares\Third_Party\modbus\mb.c   0x00000000   Number         0  mb.o ABSOLUTE
    ..\Middlewares\Third_Party\modbus\port\portevent.c 0x00000000   Number         0  portevent.o ABSOLUTE
    ..\Middlewares\Third_Party\modbus\port\portserial.c 0x00000000   Number         0  portserial.o ABSOLUTE
    ..\Middlewares\Third_Party\modbus\port\porttimer.c 0x00000000   Number         0  porttimer.o ABSOLUTE
    ..\Middlewares\Third_Party\modbus\rtu\mbcrc.c 0x00000000   Number         0  mbcrc.o ABSOLUTE
    ..\Middlewares\Third_Party\modbus\rtu\mbrtu.c 0x00000000   Number         0  mbrtu.o ABSOLUTE
    ..\Src\freertos.c                        0x00000000   Number         0  freertos.o ABSOLUTE
    ..\Src\main.c                            0x00000000   Number         0  main.o ABSOLUTE
    ..\Src\mdtask.c                          0x00000000   Number         0  mdtask.o ABSOLUTE
    ..\Src\stm32f4xx_hal_msp.c               0x00000000   Number         0  stm32f4xx_hal_msp.o ABSOLUTE
    ..\Src\stm32f4xx_hal_timebase_tim.c      0x00000000   Number         0  stm32f4xx_hal_timebase_tim.o ABSOLUTE
    ..\Src\stm32f4xx_it.c                    0x00000000   Number         0  stm32f4xx_it.o ABSOLUTE
    ..\Src\system_stm32f4xx.c                0x00000000   Number         0  system_stm32f4xx.o ABSOLUTE
    ..\\Middlewares\\Third_Party\\modbus\\functions\\mbfunccoils.c 0x00000000   Number         0  mbfunccoils.o ABSOLUTE
    ..\\Middlewares\\Third_Party\\modbus\\functions\\mbfuncdisc.c 0x00000000   Number         0  mbfuncdisc.o ABSOLUTE
    ..\\Middlewares\\Third_Party\\modbus\\functions\\mbfuncholding.c 0x00000000   Number         0  mbfuncholding.o ABSOLUTE
    ..\\Middlewares\\Third_Party\\modbus\\functions\\mbfuncinput.c 0x00000000   Number         0  mbfuncinput.o ABSOLUTE
    ..\\Middlewares\\Third_Party\\modbus\\functions\\mbfuncother.c 0x00000000   Number         0  mbfuncother.o ABSOLUTE
    ..\\Middlewares\\Third_Party\\modbus\\functions\\mbutils.c 0x00000000   Number         0  mbutils.o ABSOLUTE
    ..\\Middlewares\\Third_Party\\modbus\\mb.c 0x00000000   Number         0  mb.o ABSOLUTE
    ..\\Middlewares\\Third_Party\\modbus\\port\\portevent.c 0x00000000   Number         0  portevent.o ABSOLUTE
    ..\\Middlewares\\Third_Party\\modbus\\port\\portserial.c 0x00000000   Number         0  portserial.o ABSOLUTE
    ..\\Middlewares\\Third_Party\\modbus\\port\\porttimer.c 0x00000000   Number         0  porttimer.o ABSOLUTE
    ..\\Middlewares\\Third_Party\\modbus\\rtu\\mbcrc.c 0x00000000   Number         0  mbcrc.o ABSOLUTE
    ..\\Middlewares\\Third_Party\\modbus\\rtu\\mbrtu.c 0x00000000   Number         0  mbrtu.o ABSOLUTE
    ..\\Src\\mdtask.c                        0x00000000   Number         0  mdtask.o ABSOLUTE
    dc.s                                     0x00000000   Number         0  dc.o ABSOLUTE
    handlers.s                               0x00000000   Number         0  handlers.o ABSOLUTE
    init.s                                   0x00000000   Number         0  init.o ABSOLUTE
    startup_stm32f407xx.s                    0x00000000   Number         0  startup_stm32f407xx.o ABSOLUTE
    RESET                                    0x08000000   Section      392  startup_stm32f407xx.o(RESET)
    .ARM.Collect$$$$00000000                 0x08000188   Section        0  entry.o(.ARM.Collect$$$$00000000)
    .ARM.Collect$$$$00000001                 0x08000188   Section        4  entry2.o(.ARM.Collect$$$$00000001)
    .ARM.Collect$$$$00000004                 0x0800018c   Section        4  entry5.o(.ARM.Collect$$$$00000004)
    .ARM.Collect$$$$00000008                 0x08000190   Section        0  entry7b.o(.ARM.Collect$$$$00000008)
    .ARM.Collect$$$$0000000A                 0x08000190   Section        0  entry8b.o(.ARM.Collect$$$$0000000A)
    .ARM.Collect$$$$0000000B                 0x08000190   Section        8  entry9a.o(.ARM.Collect$$$$0000000B)
    .ARM.Collect$$$$0000000D                 0x08000198   Section        0  entry10a.o(.ARM.Collect$$$$0000000D)
    .ARM.Collect$$$$0000000F                 0x08000198   Section        0  entry11a.o(.ARM.Collect$$$$0000000F)
    .ARM.Collect$$$$00002712                 0x08000198   Section        4  entry2.o(.ARM.Collect$$$$00002712)
    __lit__00000000                          0x08000198   Data           4  entry2.o(.ARM.Collect$$$$00002712)
    .emb_text                                0x0800019c   Section      190  port.o(.emb_text)
    $v0                                      0x0800019c   Number         0  port.o(.emb_text)
    .text                                    0x0800025c   Section       36  startup_stm32f407xx.o(.text)
    $v0                                      0x0800025c   Number         0  startup_stm32f407xx.o(.text)
    .text                                    0x08000280   Section        0  uldiv.o(.text)
    .text                                    0x080002e2   Section        0  memcpya.o(.text)
    .text                                    0x08000306   Section        0  memseta.o(.text)
    .text                                    0x0800032a   Section        0  llshl.o(.text)
    .text                                    0x08000348   Section        0  llushr.o(.text)
    .text                                    0x08000368   Section       36  init.o(.text)
    .text                                    0x0800038c   Section        0  __dczerorl2.o(.text)
    i.HAL_DMA_Abort_IT                       0x080003e2   Section        0  stm32f4xx_hal_dma.o(i.HAL_DMA_Abort_IT)
    i.HAL_GPIO_Init                          0x08000408   Section        0  stm32f4xx_hal_gpio.o(i.HAL_GPIO_Init)
    i.HAL_GPIO_WritePin                      0x080005bc   Section        0  stm32f4xx_hal_gpio.o(i.HAL_GPIO_WritePin)
    i.HAL_GetTick                            0x080005c8   Section        0  stm32f4xx_hal.o(i.HAL_GetTick)
    i.HAL_IncTick                            0x080005d4   Section        0  stm32f4xx_hal.o(i.HAL_IncTick)
    i.HAL_Init                               0x080005e4   Section        0  stm32f4xx_hal.o(i.HAL_Init)
    i.HAL_InitTick                           0x08000618   Section        0  stm32f4xx_hal_timebase_tim.o(i.HAL_InitTick)
    i.HAL_MspInit                            0x0800068c   Section        0  stm32f4xx_hal_msp.o(i.HAL_MspInit)
    i.HAL_NVIC_EnableIRQ                     0x080006c4   Section        0  stm32f4xx_hal_cortex.o(i.HAL_NVIC_EnableIRQ)
    i.HAL_NVIC_SetPriority                   0x080006e0   Section        0  stm32f4xx_hal_cortex.o(i.HAL_NVIC_SetPriority)
    i.HAL_NVIC_SetPriorityGrouping           0x08000720   Section        0  stm32f4xx_hal_cortex.o(i.HAL_NVIC_SetPriorityGrouping)
    i.HAL_RCC_ClockConfig                    0x08000744   Section        0  stm32f4xx_hal_rcc.o(i.HAL_RCC_ClockConfig)
    i.HAL_RCC_GetClockConfig                 0x08000878   Section        0  stm32f4xx_hal_rcc.o(i.HAL_RCC_GetClockConfig)
    i.HAL_RCC_GetPCLK1Freq                   0x080008b8   Section        0  stm32f4xx_hal_rcc.o(i.HAL_RCC_GetPCLK1Freq)
    i.HAL_RCC_GetPCLK2Freq                   0x080008d8   Section        0  stm32f4xx_hal_rcc.o(i.HAL_RCC_GetPCLK2Freq)
    i.HAL_RCC_GetSysClockFreq                0x080008f8   Section        0  stm32f4xx_hal_rcc.o(i.HAL_RCC_GetSysClockFreq)
    i.HAL_RCC_OscConfig                      0x0800095c   Section        0  stm32f4xx_hal_rcc.o(i.HAL_RCC_OscConfig)
    i.HAL_TIMEx_BreakCallback                0x08000ca8   Section        0  stm32f4xx_hal_tim_ex.o(i.HAL_TIMEx_BreakCallback)
    i.HAL_TIMEx_CommutCallback               0x08000caa   Section        0  stm32f4xx_hal_tim_ex.o(i.HAL_TIMEx_CommutCallback)
    i.HAL_TIMEx_MasterConfigSynchronization  0x08000cac   Section        0  stm32f4xx_hal_tim_ex.o(i.HAL_TIMEx_MasterConfigSynchronization)
    i.HAL_TIM_Base_Init                      0x08000d3c   Section        0  stm32f4xx_hal_tim.o(i.HAL_TIM_Base_Init)
    i.HAL_TIM_Base_MspInit                   0x08000d74   Section        0  stm32f4xx_hal_msp.o(i.HAL_TIM_Base_MspInit)
    i.HAL_TIM_Base_Start_IT                  0x08000db0   Section        0  stm32f4xx_hal_tim.o(i.HAL_TIM_Base_Start_IT)
    i.HAL_TIM_Base_Stop_IT                   0x08000dd2   Section        0  stm32f4xx_hal_tim.o(i.HAL_TIM_Base_Stop_IT)
    i.HAL_TIM_IC_CaptureCallback             0x08000dfc   Section        0  stm32f4xx_hal_tim.o(i.HAL_TIM_IC_CaptureCallback)
    i.HAL_TIM_IRQHandler                     0x08000dfe   Section        0  stm32f4xx_hal_tim.o(i.HAL_TIM_IRQHandler)
    i.HAL_TIM_OC_DelayElapsedCallback        0x08000f64   Section        0  stm32f4xx_hal_tim.o(i.HAL_TIM_OC_DelayElapsedCallback)
    i.HAL_TIM_PWM_PulseFinishedCallback      0x08000f66   Section        0  stm32f4xx_hal_tim.o(i.HAL_TIM_PWM_PulseFinishedCallback)
    i.HAL_TIM_PeriodElapsedCallback          0x08000f68   Section        0  main.o(i.HAL_TIM_PeriodElapsedCallback)
    i.HAL_TIM_TriggerCallback                0x08000f7c   Section        0  stm32f4xx_hal_tim.o(i.HAL_TIM_TriggerCallback)
    i.HAL_UART_ErrorCallback                 0x08000f7e   Section        0  stm32f4xx_hal_uart.o(i.HAL_UART_ErrorCallback)
    i.HAL_UART_IRQHandler                    0x08000f80   Section        0  stm32f4xx_hal_uart.o(i.HAL_UART_IRQHandler)
    i.HAL_UART_Init                          0x08001094   Section        0  stm32f4xx_hal_uart.o(i.HAL_UART_Init)
    i.HAL_UART_MspInit                       0x080010f8   Section        0  stm32f4xx_hal_msp.o(i.HAL_UART_MspInit)
    i.HAL_UART_RxCpltCallback                0x080011b8   Section        0  stm32f4xx_hal_uart.o(i.HAL_UART_RxCpltCallback)
    i.HAL_UART_Transmit                      0x080011ba   Section        0  stm32f4xx_hal_uart.o(i.HAL_UART_Transmit)
    i.HAL_UART_TxCpltCallback                0x08001274   Section        0  stm32f4xx_hal_uart.o(i.HAL_UART_TxCpltCallback)
    i.HAL_USART_Init                         0x08001276   Section        0  stm32f4xx_hal_usart.o(i.HAL_USART_Init)
    i.HAL_USART_MspInit                      0x080012cc   Section        0  stm32f4xx_hal_msp.o(i.HAL_USART_MspInit)
    i.MX_GPIO_Init                           0x08001338   Section        0  main.o(i.MX_GPIO_Init)
    MX_GPIO_Init                             0x08001339   Thumb Code   134  main.o(i.MX_GPIO_Init)
    i.ModbusRTUTask                          0x080013c8   Section        0  mdtask.o(i.ModbusRTUTask)
    i.StartDefaultTask                       0x0800140c   Section        0  main.o(i.StartDefaultTask)
    i.SysTick_Handler                        0x0800142c   Section        0  port.o(i.SysTick_Handler)
    i.SystemClock_Config                     0x08001458   Section        0  main.o(i.SystemClock_Config)
    i.SystemInit                             0x080014e0   Section        0  system_stm32f4xx.o(i.SystemInit)
    i.TIM6_DAC_IRQHandler                    0x08001534   Section        0  stm32f4xx_it.o(i.TIM6_DAC_IRQHandler)
    i.TIM7_IRQHandler                        0x08001540   Section        0  stm32f4xx_it.o(i.TIM7_IRQHandler)
    i.TIM_Base_SetConfig                     0x08001584   Section        0  stm32f4xx_hal_tim.o(i.TIM_Base_SetConfig)
    i.UART_DMAAbortOnError                   0x0800164c   Section        0  stm32f4xx_hal_uart.o(i.UART_DMAAbortOnError)
    UART_DMAAbortOnError                     0x0800164d   Thumb Code    16  stm32f4xx_hal_uart.o(i.UART_DMAAbortOnError)
    i.UART_EndRxTransfer                     0x0800165c   Section        0  stm32f4xx_hal_uart.o(i.UART_EndRxTransfer)
    UART_EndRxTransfer                       0x0800165d   Thumb Code    28  stm32f4xx_hal_uart.o(i.UART_EndRxTransfer)
    i.UART_Receive_IT                        0x08001678   Section        0  stm32f4xx_hal_uart.o(i.UART_Receive_IT)
    UART_Receive_IT                          0x08001679   Thumb Code   150  stm32f4xx_hal_uart.o(i.UART_Receive_IT)
    i.UART_SetConfig                         0x08001710   Section        0  stm32f4xx_hal_uart.o(i.UART_SetConfig)
    UART_SetConfig                           0x08001711   Thumb Code   288  stm32f4xx_hal_uart.o(i.UART_SetConfig)
    i.UART_Transmit_IT                       0x08001838   Section        0  stm32f4xx_hal_uart.o(i.UART_Transmit_IT)
    UART_Transmit_IT                         0x08001839   Thumb Code    98  stm32f4xx_hal_uart.o(i.UART_Transmit_IT)
    i.UART_WaitOnFlagUntilTimeout            0x0800189a   Section        0  stm32f4xx_hal_uart.o(i.UART_WaitOnFlagUntilTimeout)
    UART_WaitOnFlagUntilTimeout              0x0800189b   Thumb Code    98  stm32f4xx_hal_uart.o(i.UART_WaitOnFlagUntilTimeout)
    i.USART2_IRQHandler                      0x080018fc   Section        0  stm32f4xx_it.o(i.USART2_IRQHandler)
    i.USART3_IRQHandler                      0x08001954   Section        0  stm32f4xx_it.o(i.USART3_IRQHandler)
    i.USART_SetConfig                        0x080019b4   Section        0  stm32f4xx_hal_usart.o(i.USART_SetConfig)
    USART_SetConfig                          0x080019b5   Thumb Code   206  stm32f4xx_hal_usart.o(i.USART_SetConfig)
    i.__NVIC_SetPriority                     0x08001a8c   Section        0  stm32f4xx_hal_cortex.o(i.__NVIC_SetPriority)
    __NVIC_SetPriority                       0x08001a8d   Thumb Code    32  stm32f4xx_hal_cortex.o(i.__NVIC_SetPriority)
    i.__scatterload_copy                     0x08001aac   Section       14  handlers.o(i.__scatterload_copy)
    i.__scatterload_null                     0x08001aba   Section        2  handlers.o(i.__scatterload_null)
    i.__scatterload_zeroinit                 0x08001abc   Section       14  handlers.o(i.__scatterload_zeroinit)
    i.eMBEnable                              0x08001acc   Section        0  mb.o(i.eMBEnable)
    i.eMBFuncReadCoils                       0x08001aec   Section        0  mbfunccoils.o(i.eMBFuncReadCoils)
    i.eMBFuncReadDiscreteInputs              0x08001b5e   Section        0  mbfuncdisc.o(i.eMBFuncReadDiscreteInputs)
    i.eMBFuncReadHoldingRegister             0x08001bd0   Section        0  mbfuncholding.o(i.eMBFuncReadHoldingRegister)
    i.eMBFuncReadInputRegister               0x08001c2e   Section        0  mbfuncinput.o(i.eMBFuncReadInputRegister)
    i.eMBFuncReadWriteMultipleHoldingRegister 0x08001c90   Section        0  mbfuncholding.o(i.eMBFuncReadWriteMultipleHoldingRegister)
    i.eMBFuncReportSlaveID                   0x08001d2c   Section        0  mbfuncother.o(i.eMBFuncReportSlaveID)
    i.eMBFuncWriteCoil                       0x08001d50   Section        0  mbfunccoils.o(i.eMBFuncWriteCoil)
    i.eMBFuncWriteHoldingRegister            0x08001da6   Section        0  mbfuncholding.o(i.eMBFuncWriteHoldingRegister)
    i.eMBFuncWriteMultipleCoils              0x08001dd8   Section        0  mbfunccoils.o(i.eMBFuncWriteMultipleCoils)
    i.eMBFuncWriteMultipleHoldingRegister    0x08001e3c   Section        0  mbfuncholding.o(i.eMBFuncWriteMultipleHoldingRegister)
    i.eMBInit                                0x08001e8c   Section        0  mb.o(i.eMBInit)
    i.eMBPoll                                0x08001f0c   Section        0  mb.o(i.eMBPoll)
    i.eMBRTUInit                             0x08001fc0   Section        0  mbrtu.o(i.eMBRTUInit)
    i.eMBRTUReceive                          0x08002000   Section        0  mbrtu.o(i.eMBRTUReceive)
    i.eMBRTUSend                             0x08002054   Section        0  mbrtu.o(i.eMBRTUSend)
    i.eMBRTUStart                            0x080020b4   Section        0  mbrtu.o(i.eMBRTUStart)
    i.eMBRTUStop                             0x080020d4   Section        0  mbrtu.o(i.eMBRTUStop)
    i.eMBRegCoilsCB                          0x080020e8   Section        0  mdtask.o(i.eMBRegCoilsCB)
    i.eMBRegDiscreteCB                       0x080020ec   Section        0  mdtask.o(i.eMBRegDiscreteCB)
    i.eMBRegHoldingCB                        0x080020f0   Section        0  mdtask.o(i.eMBRegHoldingCB)
    i.eMBRegInputCB                          0x080020f4   Section        0  mdtask.o(i.eMBRegInputCB)
    i.main                                   0x0800213c   Section        0  main.o(i.main)
    i.makeFreeRtosPriority                   0x08002208   Section        0  cmsis_os.o(i.makeFreeRtosPriority)
    makeFreeRtosPriority                     0x08002209   Thumb Code    12  cmsis_os.o(i.makeFreeRtosPriority)
    i.osDelay                                0x08002214   Section        0  cmsis_os.o(i.osDelay)
    i.osKernelStart                          0x08002222   Section        0  cmsis_os.o(i.osKernelStart)
    i.osThreadCreate                         0x0800222c   Section        0  cmsis_os.o(i.osThreadCreate)
    i.prvAddCurrentTaskToDelayedList         0x08002280   Section        0  tasks.o(i.prvAddCurrentTaskToDelayedList)
    prvAddCurrentTaskToDelayedList           0x08002281   Thumb Code   102  tasks.o(i.prvAddCurrentTaskToDelayedList)
    i.prvAddNewTaskToReadyList               0x080022f0   Section        0  tasks.o(i.prvAddNewTaskToReadyList)
    prvAddNewTaskToReadyList                 0x080022f1   Thumb Code   194  tasks.o(i.prvAddNewTaskToReadyList)
    i.prvDeleteTCB                           0x080023c0   Section        0  tasks.o(i.prvDeleteTCB)
    prvDeleteTCB                             0x080023c1   Thumb Code    52  tasks.o(i.prvDeleteTCB)
    i.prvHeapInit                            0x080023f4   Section        0  heap_4.o(i.prvHeapInit)
    prvHeapInit                              0x080023f5   Thumb Code    66  heap_4.o(i.prvHeapInit)
    i.prvIdleTask                            0x08002440   Section        0  tasks.o(i.prvIdleTask)
    prvIdleTask                              0x08002441   Thumb Code    80  tasks.o(i.prvIdleTask)
    i.prvInitialiseNewTask                   0x0800249c   Section        0  tasks.o(i.prvInitialiseNewTask)
    prvInitialiseNewTask                     0x0800249d   Thumb Code   142  tasks.o(i.prvInitialiseNewTask)
    i.prvInsertBlockIntoFreeList             0x0800252c   Section        0  heap_4.o(i.prvInsertBlockIntoFreeList)
    prvInsertBlockIntoFreeList               0x0800252d   Thumb Code    72  heap_4.o(i.prvInsertBlockIntoFreeList)
    i.prvResetNextTaskUnblockTime            0x08002578   Section        0  tasks.o(i.prvResetNextTaskUnblockTime)
    prvResetNextTaskUnblockTime              0x08002579   Thumb Code    26  tasks.o(i.prvResetNextTaskUnblockTime)
    i.prvTaskExitError                       0x08002598   Section        0  port.o(i.prvTaskExitError)
    prvTaskExitError                         0x08002599   Thumb Code    36  port.o(i.prvTaskExitError)
    i.prveMBError2Exception                  0x080025c0   Section        0  mbutils.o(i.prveMBError2Exception)
    i.pvPortMalloc                           0x080025d8   Section        0  heap_4.o(i.pvPortMalloc)
    i.pxPortInitialiseStack                  0x080026b0   Section        0  port.o(i.pxPortInitialiseStack)
    i.usMBCRC16                              0x080026dc   Section        0  mbcrc.o(i.usMBCRC16)
    i.uxListRemove                           0x08002708   Section        0  list.o(i.uxListRemove)
    i.vApplicationGetIdleTaskMemory          0x08002730   Section        0  freertos.o(i.vApplicationGetIdleTaskMemory)
    i.vListInitialise                        0x08002744   Section        0  list.o(i.vListInitialise)
    i.vListInitialiseItem                    0x0800275a   Section        0  list.o(i.vListInitialiseItem)
    i.vListInsert                            0x08002760   Section        0  list.o(i.vListInsert)
    i.vListInsertEnd                         0x08002790   Section        0  list.o(i.vListInsertEnd)
    i.vMBPortSerialEnable                    0x080027a8   Section        0  portserial.o(i.vMBPortSerialEnable)
    i.vMBPortTimersDisable                   0x08002804   Section        0  porttimer.o(i.vMBPortTimersDisable)
    i.vMBPortTimersEnable                    0x08002810   Section        0  porttimer.o(i.vMBPortTimersEnable)
    i.vPortEnterCritical                     0x08002824   Section        0  port.o(i.vPortEnterCritical)
    i.vPortExitCritical                      0x08002864   Section        0  port.o(i.vPortExitCritical)
    i.vPortFree                              0x0800288c   Section        0  heap_4.o(i.vPortFree)
    i.vPortSetupTimerInterrupt               0x080028e8   Section        0  port.o(i.vPortSetupTimerInterrupt)
    i.vTaskDelay                             0x0800290c   Section        0  tasks.o(i.vTaskDelay)
    i.vTaskStartScheduler                    0x08002958   Section        0  tasks.o(i.vTaskStartScheduler)
    i.vTaskSuspendAll                        0x080029c4   Section        0  tasks.o(i.vTaskSuspendAll)
    i.vTaskSwitchContext                     0x080029d4   Section        0  tasks.o(i.vTaskSwitchContext)
    i.xMBPortEventGet                        0x08002a30   Section        0  portevent.o(i.xMBPortEventGet)
    i.xMBPortEventInit                       0x08002a4c   Section        0  portevent.o(i.xMBPortEventInit)
    i.xMBPortEventPost                       0x08002a5c   Section        0  portevent.o(i.xMBPortEventPost)
    i.xMBPortSerialGetByte                   0x08002a6c   Section        0  portserial.o(i.xMBPortSerialGetByte)
    i.xMBPortSerialInit                      0x08002a7c   Section        0  portserial.o(i.xMBPortSerialInit)
    i.xMBPortSerialPutByte                   0x08002a80   Section        0  portserial.o(i.xMBPortSerialPutByte)
    i.xMBPortTimersInit                      0x08002a9c   Section        0  porttimer.o(i.xMBPortTimersInit)
    i.xMBRTUReceiveFSM                       0x08002af0   Section        0  mbrtu.o(i.xMBRTUReceiveFSM)
    i.xMBRTUTimerT35Expired                  0x08002b58   Section        0  mbrtu.o(i.xMBRTUTimerT35Expired)
    i.xMBRTUTransmitFSM                      0x08002b98   Section        0  mbrtu.o(i.xMBRTUTransmitFSM)
    i.xPortStartScheduler                    0x08002bf4   Section        0  port.o(i.xPortStartScheduler)
    i.xTaskCreate                            0x08002ce8   Section        0  tasks.o(i.xTaskCreate)
    i.xTaskCreateStatic                      0x08002d42   Section        0  tasks.o(i.xTaskCreateStatic)
    i.xTaskIncrementTick                     0x08002d9c   Section        0  tasks.o(i.xTaskIncrementTick)
    i.xTaskResumeAll                         0x08002e64   Section        0  tasks.o(i.xTaskResumeAll)
    .constdata                               0x08002f28   Section       56  main.o(.constdata)
    .constdata                               0x08002f60   Section       16  system_stm32f4xx.o(.constdata)
    .constdata                               0x08002f70   Section        8  system_stm32f4xx.o(.constdata)
    .constdata                               0x08002f78   Section      512  mbcrc.o(.constdata)
    aucCRCHi                                 0x08002f78   Data         256  mbcrc.o(.constdata)
    aucCRCLo                                 0x08003078   Data         256  mbcrc.o(.constdata)
    .conststring                             0x08003178   Section       28  main.o(.conststring)
    .data                                    0x20000000   Section        2  mdtask.o(.data)
    usRegInputStart                          0x20000000   Data           2  mdtask.o(.data)
    .data                                    0x20000004   Section        4  main.o(.data)
    .data                                    0x20000008   Section       60  tasks.o(.data)
    pxDelayedTaskList                        0x2000000c   Data           4  tasks.o(.data)
    pxOverflowDelayedTaskList                0x20000010   Data           4  tasks.o(.data)
    uxDeletedTasksWaitingCleanUp             0x20000014   Data           4  tasks.o(.data)
    uxCurrentNumberOfTasks                   0x20000018   Data           4  tasks.o(.data)
    xTickCount                               0x2000001c   Data           4  tasks.o(.data)
    uxTopReadyPriority                       0x20000020   Data           4  tasks.o(.data)
    xSchedulerRunning                        0x20000024   Data           4  tasks.o(.data)
    uxPendedTicks                            0x20000028   Data           4  tasks.o(.data)
    xYieldPending                            0x2000002c   Data           4  tasks.o(.data)
    xNumOfOverflows                          0x20000030   Data           4  tasks.o(.data)
    uxTaskNumber                             0x20000034   Data           4  tasks.o(.data)
    xNextTaskUnblockTime                     0x20000038   Data           4  tasks.o(.data)
    xIdleTaskHandle                          0x2000003c   Data           4  tasks.o(.data)
    uxSchedulerSuspended                     0x20000040   Data           4  tasks.o(.data)
    .data                                    0x20000044   Section       24  heap_4.o(.data)
    pxEnd                                    0x20000044   Data           4  heap_4.o(.data)
    xFreeBytesRemaining                      0x20000048   Data           4  heap_4.o(.data)
    xMinimumEverFreeBytesRemaining           0x2000004c   Data           4  heap_4.o(.data)
    xBlockAllocatedBit                       0x20000050   Data           4  heap_4.o(.data)
    xStart                                   0x20000054   Data           8  heap_4.o(.data)
    .data                                    0x2000005c   Section       12  port.o(.data)
    ucMaxSysCallPriority                     0x2000005c   Data           1  port.o(.data)
    uxCriticalNesting                        0x20000060   Data           4  port.o(.data)
    ulMaxPRIGROUPValue                       0x20000064   Data           4  port.o(.data)
    .data                                    0x20000068   Section        4  system_stm32f4xx.o(.data)
    .data                                    0x2000006c   Section       12  stm32f4xx_hal.o(.data)
    .data                                    0x20000078   Section        2  mbfuncother.o(.data)
    usMBSlaveIDLen                           0x20000078   Data           2  mbfuncother.o(.data)
    .data                                    0x2000007a   Section        2  portevent.o(.data)
    eQueuedEvent                             0x2000007a   Data           1  portevent.o(.data)
    xEventInQueue                            0x2000007b   Data           1  portevent.o(.data)
    .data                                    0x2000007c   Section        4  porttimer.o(.data)
    .data                                    0x20000080   Section       12  mbrtu.o(.data)
    eSndState                                0x20000080   Data           1  mbrtu.o(.data)
    eRcvState                                0x20000081   Data           1  mbrtu.o(.data)
    usSndBufferCount                         0x20000082   Data           2  mbrtu.o(.data)
    usRcvBufferPos                           0x20000084   Data           2  mbrtu.o(.data)
    pucSndBufferCur                          0x20000088   Data           4  mbrtu.o(.data)
    .data                                    0x2000008c   Section      172  mb.o(.data)
    eMBState                                 0x2000008c   Data           1  mb.o(.data)
    ucRcvAddress                             0x2000008d   Data           1  mb.o(.data)
    ucFunctionCode                           0x2000008e   Data           1  mb.o(.data)
    eException                               0x2000008f   Data           1  mb.o(.data)
    ucMBAddress                              0x20000090   Data           1  mb.o(.data)
    eMBCurrentMode                           0x20000091   Data           1  mb.o(.data)
    usLength                                 0x20000092   Data           2  mb.o(.data)
    ucMBFrame                                0x20000094   Data           4  mb.o(.data)
    peMBFrameSendCur                         0x20000098   Data           4  mb.o(.data)
    pvMBFrameStartCur                        0x2000009c   Data           4  mb.o(.data)
    pvMBFrameStopCur                         0x200000a0   Data           4  mb.o(.data)
    peMBFrameReceiveCur                      0x200000a4   Data           4  mb.o(.data)
    pvMBFrameCloseCur                        0x200000a8   Data           4  mb.o(.data)
    xFuncHandlers                            0x200000b8   Data         128  mb.o(.data)
    .bss                                     0x20000138   Section       16  mdtask.o(.bss)
    usRegInputBuf                            0x20000138   Data          16  mdtask.o(.bss)
    .bss                                     0x20000148   Section      260  main.o(.bss)
    .bss                                     0x2000024c   Section      596  freertos.o(.bss)
    xIdleTaskTCBBuffer                       0x2000024c   Data          84  freertos.o(.bss)
    xIdleStack                               0x200002a0   Data         512  freertos.o(.bss)
    .bss                                     0x200004a0   Section       64  stm32f4xx_hal_timebase_tim.o(.bss)
    .bss                                     0x200004e0   Section      240  tasks.o(.bss)
    pxReadyTasksLists                        0x200004e0   Data         140  tasks.o(.bss)
    xDelayedTaskList1                        0x2000056c   Data          20  tasks.o(.bss)
    xDelayedTaskList2                        0x20000580   Data          20  tasks.o(.bss)
    xPendingReadyList                        0x20000594   Data          20  tasks.o(.bss)
    xTasksWaitingTermination                 0x200005a8   Data          20  tasks.o(.bss)
    xSuspendedTaskList                       0x200005bc   Data          20  tasks.o(.bss)
    .bss                                     0x200005d0   Section    15360  heap_4.o(.bss)
    ucHeap                                   0x200005d0   Data       15360  heap_4.o(.bss)
    .bss                                     0x200041d0   Section       32  mbfuncother.o(.bss)
    ucMBSlaveID                              0x200041d0   Data          32  mbfuncother.o(.bss)
    .bss                                     0x200041f0   Section      256  mbrtu.o(.bss)
    STACK                                    0x200042f0   Section     1024  startup_stm32f407xx.o(STACK)

    Global Symbols

    Symbol Name                              Value     Ov Type        Size  Object(Section)

    BuildAttributes$$THM_ISAv4$E$P$D$K$B$S$7EM$VFPi3$EXTD16$VFPS$VFMA$PE$A:L22UL41UL21$X:L11$S22US41US21$IEEE1$IW$USESV6$~STKCKD$USESV7$~SHL$OSPACE$EBA8$MICROLIB$REQ8$PRES8$EABIv2 0x00000000   Number         0  anon$$obj.o ABSOLUTE
    __ARM_use_no_argv                        0x00000000   Number         0  main.o ABSOLUTE
    __cpp_initialize__aeabi_                  - Undefined Weak Reference
    __cxa_finalize                            - Undefined Weak Reference
    _clock_init                               - Undefined Weak Reference
    _microlib_exit                            - Undefined Weak Reference
    __Vectors_Size                           0x00000188   Number         0  startup_stm32f407xx.o ABSOLUTE
    __Vectors                                0x08000000   Data           4  startup_stm32f407xx.o(RESET)
    __Vectors_End                            0x08000188   Data           0  startup_stm32f407xx.o(RESET)
    __main                                   0x08000189   Thumb Code     0  entry.o(.ARM.Collect$$$$00000000)
    _main_stk                                0x08000189   Thumb Code     0  entry2.o(.ARM.Collect$$$$00000001)
    _main_scatterload                        0x0800018d   Thumb Code     0  entry5.o(.ARM.Collect$$$$00000004)
    __main_after_scatterload                 0x08000191   Thumb Code     0  entry5.o(.ARM.Collect$$$$00000004)
    _main_clock                              0x08000191   Thumb Code     0  entry7b.o(.ARM.Collect$$$$00000008)
    _main_cpp_init                           0x08000191   Thumb Code     0  entry8b.o(.ARM.Collect$$$$0000000A)
    _main_init                               0x08000191   Thumb Code     0  entry9a.o(.ARM.Collect$$$$0000000B)
    __rt_final_cpp                           0x08000199   Thumb Code     0  entry10a.o(.ARM.Collect$$$$0000000D)
    __rt_final_exit                          0x08000199   Thumb Code     0  entry11a.o(.ARM.Collect$$$$0000000F)
    SVC_Handler                              0x0800019d   Thumb Code    28  port.o(.emb_text)
    __asm___6_port_c_39a90d8d__prvStartFirstTask 0x080001bd   Thumb Code    36  port.o(.emb_text)
    __asm___6_port_c_39a90d8d__prvEnableVFP  0x080001e5   Thumb Code    16  port.o(.emb_text)
    PendSV_Handler                           0x080001f9   Thumb Code    88  port.o(.emb_text)
    vPortGetIPSR                             0x08000255   Thumb Code     6  port.o(.emb_text)
    Reset_Handler                            0x0800025d   Thumb Code     8  startup_stm32f407xx.o(.text)
    NMI_Handler                              0x08000265   Thumb Code     2  startup_stm32f407xx.o(.text)
    HardFault_Handler                        0x08000267   Thumb Code     2  startup_stm32f407xx.o(.text)
    MemManage_Handler                        0x08000269   Thumb Code     2  startup_stm32f407xx.o(.text)
    BusFault_Handler                         0x0800026b   Thumb Code     2  startup_stm32f407xx.o(.text)
    UsageFault_Handler                       0x0800026d   Thumb Code     2  startup_stm32f407xx.o(.text)
    DebugMon_Handler                         0x08000271   Thumb Code     2  startup_stm32f407xx.o(.text)
    ADC_IRQHandler                           0x08000277   Thumb Code     0  startup_stm32f407xx.o(.text)
    CAN1_RX0_IRQHandler                      0x08000277   Thumb Code     0  startup_stm32f407xx.o(.text)
    CAN1_RX1_IRQHandler                      0x08000277   Thumb Code     0  startup_stm32f407xx.o(.text)
    CAN1_SCE_IRQHandler                      0x08000277   Thumb Code     0  startup_stm32f407xx.o(.text)
    CAN1_TX_IRQHandler                       0x08000277   Thumb Code     0  startup_stm32f407xx.o(.text)
    CAN2_RX0_IRQHandler                      0x08000277   Thumb Code     0  startup_stm32f407xx.o(.text)
    CAN2_RX1_IRQHandler                      0x08000277   Thumb Code     0  startup_stm32f407xx.o(.text)
    CAN2_SCE_IRQHandler                      0x08000277   Thumb Code     0  startup_stm32f407xx.o(.text)
    CAN2_TX_IRQHandler                       0x08000277   Thumb Code     0  startup_stm32f407xx.o(.text)
    DCMI_IRQHandler                          0x08000277   Thumb Code     0  startup_stm32f407xx.o(.text)
    DMA1_Stream0_IRQHandler                  0x08000277   Thumb Code     0  startup_stm32f407xx.o(.text)
    DMA1_Stream1_IRQHandler                  0x08000277   Thumb Code     0  startup_stm32f407xx.o(.text)
    DMA1_Stream2_IRQHandler                  0x08000277   Thumb Code     0  startup_stm32f407xx.o(.text)
    DMA1_Stream3_IRQHandler                  0x08000277   Thumb Code     0  startup_stm32f407xx.o(.text)
    DMA1_Stream4_IRQHandler                  0x08000277   Thumb Code     0  startup_stm32f407xx.o(.text)
    DMA1_Stream5_IRQHandler                  0x08000277   Thumb Code     0  startup_stm32f407xx.o(.text)
    DMA1_Stream6_IRQHandler                  0x08000277   Thumb Code     0  startup_stm32f407xx.o(.text)
    DMA1_Stream7_IRQHandler                  0x08000277   Thumb Code     0  startup_stm32f407xx.o(.text)
    DMA2_Stream0_IRQHandler                  0x08000277   Thumb Code     0  startup_stm32f407xx.o(.text)
    DMA2_Stream1_IRQHandler                  0x08000277   Thumb Code     0  startup_stm32f407xx.o(.text)
    DMA2_Stream2_IRQHandler                  0x08000277   Thumb Code     0  startup_stm32f407xx.o(.text)
    DMA2_Stream3_IRQHandler                  0x08000277   Thumb Code     0  startup_stm32f407xx.o(.text)
    DMA2_Stream4_IRQHandler                  0x08000277   Thumb Code     0  startup_stm32f407xx.o(.text)
    DMA2_Stream5_IRQHandler                  0x08000277   Thumb Code     0  startup_stm32f407xx.o(.text)
    DMA2_Stream6_IRQHandler                  0x08000277   Thumb Code     0  startup_stm32f407xx.o(.text)
    DMA2_Stream7_IRQHandler                  0x08000277   Thumb Code     0  startup_stm32f407xx.o(.text)
    ETH_IRQHandler                           0x08000277   Thumb Code     0  startup_stm32f407xx.o(.text)
    ETH_WKUP_IRQHandler                      0x08000277   Thumb Code     0  startup_stm32f407xx.o(.text)
    EXTI0_IRQHandler                         0x08000277   Thumb Code     0  startup_stm32f407xx.o(.text)
    EXTI15_10_IRQHandler                     0x08000277   Thumb Code     0  startup_stm32f407xx.o(.text)
    EXTI1_IRQHandler                         0x08000277   Thumb Code     0  startup_stm32f407xx.o(.text)
    EXTI2_IRQHandler                         0x08000277   Thumb Code     0  startup_stm32f407xx.o(.text)
    EXTI3_IRQHandler                         0x08000277   Thumb Code     0  startup_stm32f407xx.o(.text)
    EXTI4_IRQHandler                         0x08000277   Thumb Code     0  startup_stm32f407xx.o(.text)
    EXTI9_5_IRQHandler                       0x08000277   Thumb Code     0  startup_stm32f407xx.o(.text)
    FLASH_IRQHandler                         0x08000277   Thumb Code     0  startup_stm32f407xx.o(.text)
    FMC_IRQHandler                           0x08000277   Thumb Code     0  startup_stm32f407xx.o(.text)
    FPU_IRQHandler                           0x08000277   Thumb Code     0  startup_stm32f407xx.o(.text)
    HASH_RNG_IRQHandler                      0x08000277   Thumb Code     0  startup_stm32f407xx.o(.text)
    I2C1_ER_IRQHandler                       0x08000277   Thumb Code     0  startup_stm32f407xx.o(.text)
    I2C1_EV_IRQHandler                       0x08000277   Thumb Code     0  startup_stm32f407xx.o(.text)
    I2C2_ER_IRQHandler                       0x08000277   Thumb Code     0  startup_stm32f407xx.o(.text)
    I2C2_EV_IRQHandler                       0x08000277   Thumb Code     0  startup_stm32f407xx.o(.text)
    I2C3_ER_IRQHandler                       0x08000277   Thumb Code     0  startup_stm32f407xx.o(.text)
    I2C3_EV_IRQHandler                       0x08000277   Thumb Code     0  startup_stm32f407xx.o(.text)
    OTG_FS_IRQHandler                        0x08000277   Thumb Code     0  startup_stm32f407xx.o(.text)
    OTG_FS_WKUP_IRQHandler                   0x08000277   Thumb Code     0  startup_stm32f407xx.o(.text)
    OTG_HS_EP1_IN_IRQHandler                 0x08000277   Thumb Code     0  startup_stm32f407xx.o(.text)
    OTG_HS_EP1_OUT_IRQHandler                0x08000277   Thumb Code     0  startup_stm32f407xx.o(.text)
    OTG_HS_IRQHandler                        0x08000277   Thumb Code     0  startup_stm32f407xx.o(.text)
    OTG_HS_WKUP_IRQHandler                   0x08000277   Thumb Code     0  startup_stm32f407xx.o(.text)
    PVD_IRQHandler                           0x08000277   Thumb Code     0  startup_stm32f407xx.o(.text)
    RCC_IRQHandler                           0x08000277   Thumb Code     0  startup_stm32f407xx.o(.text)
    RTC_Alarm_IRQHandler                     0x08000277   Thumb Code     0  startup_stm32f407xx.o(.text)
    RTC_WKUP_IRQHandler                      0x08000277   Thumb Code     0  startup_stm32f407xx.o(.text)
    SDIO_IRQHandler                          0x08000277   Thumb Code     0  startup_stm32f407xx.o(.text)
    SPI1_IRQHandler                          0x08000277   Thumb Code     0  startup_stm32f407xx.o(.text)
    SPI2_IRQHandler                          0x08000277   Thumb Code     0  startup_stm32f407xx.o(.text)
    SPI3_IRQHandler                          0x08000277   Thumb Code     0  startup_stm32f407xx.o(.text)
    TAMP_STAMP_IRQHandler                    0x08000277   Thumb Code     0  startup_stm32f407xx.o(.text)
    TIM1_BRK_TIM9_IRQHandler                 0x08000277   Thumb Code     0  startup_stm32f407xx.o(.text)
    TIM1_CC_IRQHandler                       0x08000277   Thumb Code     0  startup_stm32f407xx.o(.text)
    TIM1_TRG_COM_TIM11_IRQHandler            0x08000277   Thumb Code     0  startup_stm32f407xx.o(.text)
    TIM1_UP_TIM10_IRQHandler                 0x08000277   Thumb Code     0  startup_stm32f407xx.o(.text)
    TIM2_IRQHandler                          0x08000277   Thumb Code     0  startup_stm32f407xx.o(.text)
    TIM3_IRQHandler                          0x08000277   Thumb Code     0  startup_stm32f407xx.o(.text)
    TIM4_IRQHandler                          0x08000277   Thumb Code     0  startup_stm32f407xx.o(.text)
    TIM5_IRQHandler                          0x08000277   Thumb Code     0  startup_stm32f407xx.o(.text)
    TIM8_BRK_TIM12_IRQHandler                0x08000277   Thumb Code     0  startup_stm32f407xx.o(.text)
    TIM8_CC_IRQHandler                       0x08000277   Thumb Code     0  startup_stm32f407xx.o(.text)
    TIM8_TRG_COM_TIM14_IRQHandler            0x08000277   Thumb Code     0  startup_stm32f407xx.o(.text)
    TIM8_UP_TIM13_IRQHandler                 0x08000277   Thumb Code     0  startup_stm32f407xx.o(.text)
    UART4_IRQHandler                         0x08000277   Thumb Code     0  startup_stm32f407xx.o(.text)
    UART5_IRQHandler                         0x08000277   Thumb Code     0  startup_stm32f407xx.o(.text)
    USART1_IRQHandler                        0x08000277   Thumb Code     0  startup_stm32f407xx.o(.text)
    USART6_IRQHandler                        0x08000277   Thumb Code     0  startup_stm32f407xx.o(.text)
    WWDG_IRQHandler                          0x08000277   Thumb Code     0  startup_stm32f407xx.o(.text)
    __aeabi_uldivmod                         0x08000281   Thumb Code    98  uldiv.o(.text)
    __aeabi_memcpy                           0x080002e3   Thumb Code    36  memcpya.o(.text)
    __aeabi_memcpy4                          0x080002e3   Thumb Code     0  memcpya.o(.text)
    __aeabi_memcpy8                          0x080002e3   Thumb Code     0  memcpya.o(.text)
    __aeabi_memset                           0x08000307   Thumb Code    14  memseta.o(.text)
    __aeabi_memset4                          0x08000307   Thumb Code     0  memseta.o(.text)
    __aeabi_memset8                          0x08000307   Thumb Code     0  memseta.o(.text)
    __aeabi_memclr                           0x08000315   Thumb Code     4  memseta.o(.text)
    __aeabi_memclr4                          0x08000315   Thumb Code     0  memseta.o(.text)
    __aeabi_memclr8                          0x08000315   Thumb Code     0  memseta.o(.text)
    memset                                   0x08000319   Thumb Code    18  memseta.o(.text)
    __aeabi_llsl                             0x0800032b   Thumb Code    30  llshl.o(.text)
    _ll_shift_l                              0x0800032b   Thumb Code     0  llshl.o(.text)
    __aeabi_llsr                             0x08000349   Thumb Code    32  llushr.o(.text)
    _ll_ushift_r                             0x08000349   Thumb Code     0  llushr.o(.text)
    __scatterload                            0x08000369   Thumb Code    28  init.o(.text)
    __scatterload_rt2                        0x08000369   Thumb Code     0  init.o(.text)
    __decompress                             0x0800038d   Thumb Code     0  __dczerorl2.o(.text)
    __decompress1                            0x0800038d   Thumb Code    86  __dczerorl2.o(.text)
    HAL_DMA_Abort_IT                         0x080003e3   Thumb Code    36  stm32f4xx_hal_dma.o(i.HAL_DMA_Abort_IT)
    HAL_GPIO_Init                            0x08000409   Thumb Code   390  stm32f4xx_hal_gpio.o(i.HAL_GPIO_Init)
    HAL_GPIO_WritePin                        0x080005bd   Thumb Code    10  stm32f4xx_hal_gpio.o(i.HAL_GPIO_WritePin)
    HAL_GetTick                              0x080005c9   Thumb Code     6  stm32f4xx_hal.o(i.HAL_GetTick)
    HAL_IncTick                              0x080005d5   Thumb Code    12  stm32f4xx_hal.o(i.HAL_IncTick)
    HAL_Init                                 0x080005e5   Thumb Code    48  stm32f4xx_hal.o(i.HAL_Init)
    HAL_InitTick                             0x08000619   Thumb Code   100  stm32f4xx_hal_timebase_tim.o(i.HAL_InitTick)
    HAL_MspInit                              0x0800068d   Thumb Code    52  stm32f4xx_hal_msp.o(i.HAL_MspInit)
    HAL_NVIC_EnableIRQ                       0x080006c5   Thumb Code    26  stm32f4xx_hal_cortex.o(i.HAL_NVIC_EnableIRQ)
    HAL_NVIC_SetPriority                     0x080006e1   Thumb Code    60  stm32f4xx_hal_cortex.o(i.HAL_NVIC_SetPriority)
    HAL_NVIC_SetPriorityGrouping             0x08000721   Thumb Code    26  stm32f4xx_hal_cortex.o(i.HAL_NVIC_SetPriorityGrouping)
    HAL_RCC_ClockConfig                      0x08000745   Thumb Code   288  stm32f4xx_hal_rcc.o(i.HAL_RCC_ClockConfig)
    HAL_RCC_GetClockConfig                   0x08000879   Thumb Code    54  stm32f4xx_hal_rcc.o(i.HAL_RCC_GetClockConfig)
    HAL_RCC_GetPCLK1Freq                     0x080008b9   Thumb Code    20  stm32f4xx_hal_rcc.o(i.HAL_RCC_GetPCLK1Freq)
    HAL_RCC_GetPCLK2Freq                     0x080008d9   Thumb Code    20  stm32f4xx_hal_rcc.o(i.HAL_RCC_GetPCLK2Freq)
    HAL_RCC_GetSysClockFreq                  0x080008f9   Thumb Code    88  stm32f4xx_hal_rcc.o(i.HAL_RCC_GetSysClockFreq)
    HAL_RCC_OscConfig                        0x0800095d   Thumb Code   820  stm32f4xx_hal_rcc.o(i.HAL_RCC_OscConfig)
    HAL_TIMEx_BreakCallback                  0x08000ca9   Thumb Code     2  stm32f4xx_hal_tim_ex.o(i.HAL_TIMEx_BreakCallback)
    HAL_TIMEx_CommutCallback                 0x08000cab   Thumb Code     2  stm32f4xx_hal_tim_ex.o(i.HAL_TIMEx_CommutCallback)
    HAL_TIMEx_MasterConfigSynchronization    0x08000cad   Thumb Code   116  stm32f4xx_hal_tim_ex.o(i.HAL_TIMEx_MasterConfigSynchronization)
    HAL_TIM_Base_Init                        0x08000d3d   Thumb Code    54  stm32f4xx_hal_tim.o(i.HAL_TIM_Base_Init)
    HAL_TIM_Base_MspInit                     0x08000d75   Thumb Code    50  stm32f4xx_hal_msp.o(i.HAL_TIM_Base_MspInit)
    HAL_TIM_Base_Start_IT                    0x08000db1   Thumb Code    34  stm32f4xx_hal_tim.o(i.HAL_TIM_Base_Start_IT)
    HAL_TIM_Base_Stop_IT                     0x08000dd3   Thumb Code    42  stm32f4xx_hal_tim.o(i.HAL_TIM_Base_Stop_IT)
    HAL_TIM_IC_CaptureCallback               0x08000dfd   Thumb Code     2  stm32f4xx_hal_tim.o(i.HAL_TIM_IC_CaptureCallback)
    HAL_TIM_IRQHandler                       0x08000dff   Thumb Code   358  stm32f4xx_hal_tim.o(i.HAL_TIM_IRQHandler)
    HAL_TIM_OC_DelayElapsedCallback          0x08000f65   Thumb Code     2  stm32f4xx_hal_tim.o(i.HAL_TIM_OC_DelayElapsedCallback)
    HAL_TIM_PWM_PulseFinishedCallback        0x08000f67   Thumb Code     2  stm32f4xx_hal_tim.o(i.HAL_TIM_PWM_PulseFinishedCallback)
    HAL_TIM_PeriodElapsedCallback            0x08000f69   Thumb Code    14  main.o(i.HAL_TIM_PeriodElapsedCallback)
    HAL_TIM_TriggerCallback                  0x08000f7d   Thumb Code     2  stm32f4xx_hal_tim.o(i.HAL_TIM_TriggerCallback)
    HAL_UART_ErrorCallback                   0x08000f7f   Thumb Code     2  stm32f4xx_hal_uart.o(i.HAL_UART_ErrorCallback)
    HAL_UART_IRQHandler                      0x08000f81   Thumb Code   270  stm32f4xx_hal_uart.o(i.HAL_UART_IRQHandler)
    HAL_UART_Init                            0x08001095   Thumb Code    98  stm32f4xx_hal_uart.o(i.HAL_UART_Init)
    HAL_UART_MspInit                         0x080010f9   Thumb Code   170  stm32f4xx_hal_msp.o(i.HAL_UART_MspInit)
    HAL_UART_RxCpltCallback                  0x080011b9   Thumb Code     2  stm32f4xx_hal_uart.o(i.HAL_UART_RxCpltCallback)
    HAL_UART_Transmit                        0x080011bb   Thumb Code   186  stm32f4xx_hal_uart.o(i.HAL_UART_Transmit)
    HAL_UART_TxCpltCallback                  0x08001275   Thumb Code     2  stm32f4xx_hal_uart.o(i.HAL_UART_TxCpltCallback)
    HAL_USART_Init                           0x08001277   Thumb Code    84  stm32f4xx_hal_usart.o(i.HAL_USART_Init)
    HAL_USART_MspInit                        0x080012cd   Thumb Code    94  stm32f4xx_hal_msp.o(i.HAL_USART_MspInit)
    ModbusRTUTask                            0x080013c9   Thumb Code    62  mdtask.o(i.ModbusRTUTask)
    StartDefaultTask                         0x0800140d   Thumb Code    28  main.o(i.StartDefaultTask)
    SysTick_Handler                          0x0800142d   Thumb Code    38  port.o(i.SysTick_Handler)
    SystemClock_Config                       0x08001459   Thumb Code   126  main.o(i.SystemClock_Config)
    SystemInit                               0x080014e1   Thumb Code    66  system_stm32f4xx.o(i.SystemInit)
    TIM6_DAC_IRQHandler                      0x08001535   Thumb Code     6  stm32f4xx_it.o(i.TIM6_DAC_IRQHandler)
    TIM7_IRQHandler                          0x08001541   Thumb Code    56  stm32f4xx_it.o(i.TIM7_IRQHandler)
    TIM_Base_SetConfig                       0x08001585   Thumb Code   156  stm32f4xx_hal_tim.o(i.TIM_Base_SetConfig)
    USART2_IRQHandler                        0x080018fd   Thumb Code    74  stm32f4xx_it.o(i.USART2_IRQHandler)
    USART3_IRQHandler                        0x08001955   Thumb Code    80  stm32f4xx_it.o(i.USART3_IRQHandler)
    __scatterload_copy                       0x08001aad   Thumb Code    14  handlers.o(i.__scatterload_copy)
    __scatterload_null                       0x08001abb   Thumb Code     2  handlers.o(i.__scatterload_null)
    __scatterload_zeroinit                   0x08001abd   Thumb Code    14  handlers.o(i.__scatterload_zeroinit)
    eMBEnable                                0x08001acd   Thumb Code    28  mb.o(i.eMBEnable)
    eMBFuncReadCoils                         0x08001aed   Thumb Code   114  mbfunccoils.o(i.eMBFuncReadCoils)
    eMBFuncReadDiscreteInputs                0x08001b5f   Thumb Code   114  mbfuncdisc.o(i.eMBFuncReadDiscreteInputs)
    eMBFuncReadHoldingRegister               0x08001bd1   Thumb Code    94  mbfuncholding.o(i.eMBFuncReadHoldingRegister)
    eMBFuncReadInputRegister                 0x08001c2f   Thumb Code    98  mbfuncinput.o(i.eMBFuncReadInputRegister)
    eMBFuncReadWriteMultipleHoldingRegister  0x08001c91   Thumb Code   156  mbfuncholding.o(i.eMBFuncReadWriteMultipleHoldingRegister)
    eMBFuncReportSlaveID                     0x08001d2d   Thumb Code    26  mbfuncother.o(i.eMBFuncReportSlaveID)
    eMBFuncWriteCoil                         0x08001d51   Thumb Code    86  mbfunccoils.o(i.eMBFuncWriteCoil)
    eMBFuncWriteHoldingRegister              0x08001da7   Thumb Code    50  mbfuncholding.o(i.eMBFuncWriteHoldingRegister)
    eMBFuncWriteMultipleCoils                0x08001dd9   Thumb Code   100  mbfunccoils.o(i.eMBFuncWriteMultipleCoils)
    eMBFuncWriteMultipleHoldingRegister      0x08001e3d   Thumb Code    78  mbfuncholding.o(i.eMBFuncWriteMultipleHoldingRegister)
    eMBInit                                  0x08001e8d   Thumb Code    96  mb.o(i.eMBInit)
    eMBPoll                                  0x08001f0d   Thumb Code   174  mb.o(i.eMBPoll)
    eMBRTUInit                               0x08001fc1   Thumb Code    58  mbrtu.o(i.eMBRTUInit)
    eMBRTUReceive                            0x08002001   Thumb Code    74  mbrtu.o(i.eMBRTUReceive)
    eMBRTUSend                               0x08002055   Thumb Code    86  mbrtu.o(i.eMBRTUSend)
    eMBRTUStart                              0x080020b5   Thumb Code    26  mbrtu.o(i.eMBRTUStart)
    eMBRTUStop                               0x080020d5   Thumb Code    20  mbrtu.o(i.eMBRTUStop)
    eMBRegCoilsCB                            0x080020e9   Thumb Code     4  mdtask.o(i.eMBRegCoilsCB)
    eMBRegDiscreteCB                         0x080020ed   Thumb Code     4  mdtask.o(i.eMBRegDiscreteCB)
    eMBRegHoldingCB                          0x080020f1   Thumb Code     4  mdtask.o(i.eMBRegHoldingCB)
    eMBRegInputCB                            0x080020f5   Thumb Code    64  mdtask.o(i.eMBRegInputCB)
    main                                     0x0800213d   Thumb Code   176  main.o(i.main)
    osDelay                                  0x08002215   Thumb Code    14  cmsis_os.o(i.osDelay)
    osKernelStart                            0x08002223   Thumb Code    10  cmsis_os.o(i.osKernelStart)
    osThreadCreate                           0x0800222d   Thumb Code    84  cmsis_os.o(i.osThreadCreate)
    prveMBError2Exception                    0x080025c1   Thumb Code    24  mbutils.o(i.prveMBError2Exception)
    pvPortMalloc                             0x080025d9   Thumb Code   210  heap_4.o(i.pvPortMalloc)
    pxPortInitialiseStack                    0x080026b1   Thumb Code    40  port.o(i.pxPortInitialiseStack)
    usMBCRC16                                0x080026dd   Thumb Code    38  mbcrc.o(i.usMBCRC16)
    uxListRemove                             0x08002709   Thumb Code    38  list.o(i.uxListRemove)
    vApplicationGetIdleTaskMemory            0x08002731   Thumb Code    16  freertos.o(i.vApplicationGetIdleTaskMemory)
    vListInitialise                          0x08002745   Thumb Code    22  list.o(i.vListInitialise)
    vListInitialiseItem                      0x0800275b   Thumb Code     6  list.o(i.vListInitialiseItem)
    vListInsert                              0x08002761   Thumb Code    48  list.o(i.vListInsert)
    vListInsertEnd                           0x08002791   Thumb Code    24  list.o(i.vListInsertEnd)
    vMBPortSerialEnable                      0x080027a9   Thumb Code    82  portserial.o(i.vMBPortSerialEnable)
    vMBPortTimersDisable                     0x08002805   Thumb Code     6  porttimer.o(i.vMBPortTimersDisable)
    vMBPortTimersEnable                      0x08002811   Thumb Code    12  porttimer.o(i.vMBPortTimersEnable)
    vPortEnterCritical                       0x08002825   Thumb Code    54  port.o(i.vPortEnterCritical)
    vPortExitCritical                        0x08002865   Thumb Code    34  port.o(i.vPortExitCritical)
    vPortFree                                0x0800288d   Thumb Code    88  heap_4.o(i.vPortFree)
    vPortSetupTimerInterrupt                 0x080028e9   Thumb Code    32  port.o(i.vPortSetupTimerInterrupt)
    vTaskDelay                               0x0800290d   Thumb Code    66  tasks.o(i.vTaskDelay)
    vTaskStartScheduler                      0x08002959   Thumb Code    90  tasks.o(i.vTaskStartScheduler)
    vTaskSuspendAll                          0x080029c5   Thumb Code    10  tasks.o(i.vTaskSuspendAll)
    vTaskSwitchContext                       0x080029d5   Thumb Code    82  tasks.o(i.vTaskSwitchContext)
    xMBPortEventGet                          0x08002a31   Thumb Code    24  portevent.o(i.xMBPortEventGet)
    xMBPortEventInit                         0x08002a4d   Thumb Code    10  portevent.o(i.xMBPortEventInit)
    xMBPortEventPost                         0x08002a5d   Thumb Code    12  portevent.o(i.xMBPortEventPost)
    xMBPortSerialGetByte                     0x08002a6d   Thumb Code    12  portserial.o(i.xMBPortSerialGetByte)
    xMBPortSerialInit                        0x08002a7d   Thumb Code     4  portserial.o(i.xMBPortSerialInit)
    xMBPortSerialPutByte                     0x08002a81   Thumb Code    24  portserial.o(i.xMBPortSerialPutByte)
    xMBPortTimersInit                        0x08002a9d   Thumb Code    68  porttimer.o(i.xMBPortTimersInit)
    xMBRTUReceiveFSM                         0x08002af1   Thumb Code    96  mbrtu.o(i.xMBRTUReceiveFSM)
    xMBRTUTimerT35Expired                    0x08002b59   Thumb Code    58  mbrtu.o(i.xMBRTUTimerT35Expired)
    xMBRTUTransmitFSM                        0x08002b99   Thumb Code    86  mbrtu.o(i.xMBRTUTransmitFSM)
    xPortStartScheduler                      0x08002bf5   Thumb Code   224  port.o(i.xPortStartScheduler)
    xTaskCreate                              0x08002ce9   Thumb Code    90  tasks.o(i.xTaskCreate)
    xTaskCreateStatic                        0x08002d43   Thumb Code    90  tasks.o(i.xTaskCreateStatic)
    xTaskIncrementTick                       0x08002d9d   Thumb Code   192  tasks.o(i.xTaskIncrementTick)
    xTaskResumeAll                           0x08002e65   Thumb Code   182  tasks.o(i.xTaskResumeAll)
    AHBPrescTable                            0x08002f60   Data          16  system_stm32f4xx.o(.constdata)
    APBPrescTable                            0x08002f70   Data           8  system_stm32f4xx.o(.constdata)
    Region$$Table$$Base                      0x08003194   Number         0  anon$$obj.o(Region$$Table)
    Region$$Table$$Limit                     0x080031b4   Number         0  anon$$obj.o(Region$$Table)
    defaultTaskHandle                        0x20000004   Data           4  main.o(.data)
    pxCurrentTCB                             0x20000008   Data           4  tasks.o(.data)
    SystemCoreClock                          0x20000068   Data           4  system_stm32f4xx.o(.data)
    uwTickFreq                               0x2000006c   Data           1  stm32f4xx_hal.o(.data)
    uwTickPrio                               0x20000070   Data           4  stm32f4xx_hal.o(.data)
    uwTick                                   0x20000074   Data           4  stm32f4xx_hal.o(.data)
    timeout                                  0x2000007c   Data           2  porttimer.o(.data)
    downcounter                              0x2000007e   Data           2  porttimer.o(.data)
    pxMBFrameCBByteReceived                  0x200000ac   Data           4  mb.o(.data)
    pxMBFrameCBTransmitterEmpty              0x200000b0   Data           4  mb.o(.data)
    pxMBPortCBTimerExpired                   0x200000b4   Data           4  mb.o(.data)
    htim7                                    0x20000148   Data          64  main.o(.bss)
    husart1                                  0x20000188   Data          68  main.o(.bss)
    huart2                                   0x200001cc   Data          64  main.o(.bss)
    huart3                                   0x2000020c   Data          64  main.o(.bss)
    htim6                                    0x200004a0   Data          64  stm32f4xx_hal_timebase_tim.o(.bss)
    ucRTUBuf                                 0x200041f0   Data         256  mbrtu.o(.bss)
    __initial_sp                             0x200046f0   Data           0  startup_stm32f407xx.o(STACK)



==============================================================================

Memory Map of the image

  Image Entry point : 0x08000189

  Load Region LR_IROM1 (Base: 0x08000000, Size: 0x000032ec, Max: 0x00100000, ABSOLUTE, COMPRESSED[0x00003200])

    Execution Region ER_IROM1 (Exec base: 0x08000000, Load base: 0x08000000, Size: 0x000031b4, Max: 0x00100000, ABSOLUTE)

    Exec Addr    Load Addr    Size         Type   Attr      Idx    E Section Name        Object

    0x08000000   0x08000000   0x00000188   Data   RO         4404    RESET               startup_stm32f407xx.o
    0x08000188   0x08000188   0x00000000   Code   RO         4914  * .ARM.Collect$$$$00000000  mc_w.l(entry.o)
    0x08000188   0x08000188   0x00000004   Code   RO         4929    .ARM.Collect$$$$00000001  mc_w.l(entry2.o)
    0x0800018c   0x0800018c   0x00000004   Code   RO         4932    .ARM.Collect$$$$00000004  mc_w.l(entry5.o)
    0x08000190   0x08000190   0x00000000   Code   RO         4934    .ARM.Collect$$$$00000008  mc_w.l(entry7b.o)
    0x08000190   0x08000190   0x00000000   Code   RO         4936    .ARM.Collect$$$$0000000A  mc_w.l(entry8b.o)
    0x08000190   0x08000190   0x00000008   Code   RO         4937    .ARM.Collect$$$$0000000B  mc_w.l(entry9a.o)
    0x08000198   0x08000198   0x00000000   Code   RO         4939    .ARM.Collect$$$$0000000D  mc_w.l(entry10a.o)
    0x08000198   0x08000198   0x00000000   Code   RO         4941    .ARM.Collect$$$$0000000F  mc_w.l(entry11a.o)
    0x08000198   0x08000198   0x00000004   Code   RO         4930    .ARM.Collect$$$$00002712  mc_w.l(entry2.o)
    0x0800019c   0x0800019c   0x000000be   Code   RO         1640    .emb_text           port.o
    0x0800025a   0x0800025a   0x00000002   PAD
    0x0800025c   0x0800025c   0x00000024   Code   RO         4405    .text               startup_stm32f407xx.o
    0x08000280   0x08000280   0x00000062   Code   RO         4917    .text               mc_w.l(uldiv.o)
    0x080002e2   0x080002e2   0x00000024   Code   RO         4921    .text               mc_w.l(memcpya.o)
    0x08000306   0x08000306   0x00000024   Code   RO         4925    .text               mc_w.l(memseta.o)
    0x0800032a   0x0800032a   0x0000001e   Code   RO         4943    .text               mc_w.l(llshl.o)
    0x08000348   0x08000348   0x00000020   Code   RO         4945    .text               mc_w.l(llushr.o)
    0x08000368   0x08000368   0x00000024   Code   RO         4947    .text               mc_w.l(init.o)
    0x0800038c   0x0800038c   0x00000056   Code   RO         4957    .text               mc_w.l(__dczerorl2.o)
    0x080003e2   0x080003e2   0x00000024   Code   RO         3736    i.HAL_DMA_Abort_IT  stm32f4xx_hal_dma.o
    0x08000406   0x08000406   0x00000002   PAD
    0x08000408   0x08000408   0x000001b4   Code   RO         3628    i.HAL_GPIO_Init     stm32f4xx_hal_gpio.o
    0x080005bc   0x080005bc   0x0000000a   Code   RO         3632    i.HAL_GPIO_WritePin  stm32f4xx_hal_gpio.o
    0x080005c6   0x080005c6   0x00000002   PAD
    0x080005c8   0x080005c8   0x0000000c   Code   RO         4160    i.HAL_GetTick       stm32f4xx_hal.o
    0x080005d4   0x080005d4   0x00000010   Code   RO         4166    i.HAL_IncTick       stm32f4xx_hal.o
    0x080005e4   0x080005e4   0x00000034   Code   RO         4167    i.HAL_Init          stm32f4xx_hal.o
    0x08000618   0x08000618   0x00000074   Code   RO          414    i.HAL_InitTick      stm32f4xx_hal_timebase_tim.o
    0x0800068c   0x0800068c   0x00000038   Code   RO          354    i.HAL_MspInit       stm32f4xx_hal_msp.o
    0x080006c4   0x080006c4   0x0000001a   Code   RO         4017    i.HAL_NVIC_EnableIRQ  stm32f4xx_hal_cortex.o
    0x080006de   0x080006de   0x00000002   PAD
    0x080006e0   0x080006e0   0x00000040   Code   RO         4023    i.HAL_NVIC_SetPriority  stm32f4xx_hal_cortex.o
    0x08000720   0x08000720   0x00000024   Code   RO         4024    i.HAL_NVIC_SetPriorityGrouping  stm32f4xx_hal_cortex.o
    0x08000744   0x08000744   0x00000134   Code   RO         3274    i.HAL_RCC_ClockConfig  stm32f4xx_hal_rcc.o
    0x08000878   0x08000878   0x00000040   Code   RO         3278    i.HAL_RCC_GetClockConfig  stm32f4xx_hal_rcc.o
    0x080008b8   0x080008b8   0x00000020   Code   RO         3281    i.HAL_RCC_GetPCLK1Freq  stm32f4xx_hal_rcc.o
    0x080008d8   0x080008d8   0x00000020   Code   RO         3282    i.HAL_RCC_GetPCLK2Freq  stm32f4xx_hal_rcc.o
    0x080008f8   0x080008f8   0x00000064   Code   RO         3283    i.HAL_RCC_GetSysClockFreq  stm32f4xx_hal_rcc.o
    0x0800095c   0x0800095c   0x0000034c   Code   RO         3286    i.HAL_RCC_OscConfig  stm32f4xx_hal_rcc.o
    0x08000ca8   0x08000ca8   0x00000002   Code   RO         2435    i.HAL_TIMEx_BreakCallback  stm32f4xx_hal_tim_ex.o
    0x08000caa   0x08000caa   0x00000002   Code   RO         2436    i.HAL_TIMEx_CommutCallback  stm32f4xx_hal_tim_ex.o
    0x08000cac   0x08000cac   0x00000090   Code   RO         2453    i.HAL_TIMEx_MasterConfigSynchronization  stm32f4xx_hal_tim_ex.o
    0x08000d3c   0x08000d3c   0x00000036   Code   RO         1760    i.HAL_TIM_Base_Init  stm32f4xx_hal_tim.o
    0x08000d72   0x08000d72   0x00000002   PAD
    0x08000d74   0x08000d74   0x0000003c   Code   RO          356    i.HAL_TIM_Base_MspInit  stm32f4xx_hal_msp.o
    0x08000db0   0x08000db0   0x00000022   Code   RO         1765    i.HAL_TIM_Base_Start_IT  stm32f4xx_hal_tim.o
    0x08000dd2   0x08000dd2   0x0000002a   Code   RO         1768    i.HAL_TIM_Base_Stop_IT  stm32f4xx_hal_tim.o
    0x08000dfc   0x08000dfc   0x00000002   Code   RO         1789    i.HAL_TIM_IC_CaptureCallback  stm32f4xx_hal_tim.o
    0x08000dfe   0x08000dfe   0x00000166   Code   RO         1803    i.HAL_TIM_IRQHandler  stm32f4xx_hal_tim.o
    0x08000f64   0x08000f64   0x00000002   Code   RO         1806    i.HAL_TIM_OC_DelayElapsedCallback  stm32f4xx_hal_tim.o
    0x08000f66   0x08000f66   0x00000002   Code   RO         1833    i.HAL_TIM_PWM_PulseFinishedCallback  stm32f4xx_hal_tim.o
    0x08000f68   0x08000f68   0x00000014   Code   RO          213    i.HAL_TIM_PeriodElapsedCallback  main.o
    0x08000f7c   0x08000f7c   0x00000002   Code   RO         1846    i.HAL_TIM_TriggerCallback  stm32f4xx_hal_tim.o
    0x08000f7e   0x08000f7e   0x00000002   Code   RO         2968    i.HAL_UART_ErrorCallback  stm32f4xx_hal_uart.o
    0x08000f80   0x08000f80   0x00000114   Code   RO         2971    i.HAL_UART_IRQHandler  stm32f4xx_hal_uart.o
    0x08001094   0x08001094   0x00000062   Code   RO         2972    i.HAL_UART_Init     stm32f4xx_hal_uart.o
    0x080010f6   0x080010f6   0x00000002   PAD
    0x080010f8   0x080010f8   0x000000c0   Code   RO          358    i.HAL_UART_MspInit  stm32f4xx_hal_msp.o
    0x080011b8   0x080011b8   0x00000002   Code   RO         2978    i.HAL_UART_RxCpltCallback  stm32f4xx_hal_uart.o
    0x080011ba   0x080011ba   0x000000ba   Code   RO         2980    i.HAL_UART_Transmit  stm32f4xx_hal_uart.o
    0x08001274   0x08001274   0x00000002   Code   RO         2983    i.HAL_UART_TxCpltCallback  stm32f4xx_hal_uart.o
    0x08001276   0x08001276   0x00000054   Code   RO         2697    i.HAL_USART_Init    stm32f4xx_hal_usart.o
    0x080012ca   0x080012ca   0x00000002   PAD
    0x080012cc   0x080012cc   0x0000006c   Code   RO          360    i.HAL_USART_MspInit  stm32f4xx_hal_msp.o
    0x08001338   0x08001338   0x00000090   Code   RO          214    i.MX_GPIO_Init      main.o
    0x080013c8   0x080013c8   0x00000044   Code   RO            4    i.ModbusRTUTask     mdtask.o
    0x0800140c   0x0800140c   0x00000020   Code   RO          215    i.StartDefaultTask  main.o
    0x0800142c   0x0800142c   0x0000002c   Code   RO         1641    i.SysTick_Handler   port.o
    0x08001458   0x08001458   0x00000088   Code   RO          216    i.SystemClock_Config  main.o
    0x080014e0   0x080014e0   0x00000054   Code   RO         1721    i.SystemInit        system_stm32f4xx.o
    0x08001534   0x08001534   0x0000000c   Code   RO          308    i.TIM6_DAC_IRQHandler  stm32f4xx_it.o
    0x08001540   0x08001540   0x00000044   Code   RO          309    i.TIM7_IRQHandler   stm32f4xx_it.o
    0x08001584   0x08001584   0x000000c8   Code   RO         1848    i.TIM_Base_SetConfig  stm32f4xx_hal_tim.o
    0x0800164c   0x0800164c   0x00000010   Code   RO         2985    i.UART_DMAAbortOnError  stm32f4xx_hal_uart.o
    0x0800165c   0x0800165c   0x0000001c   Code   RO         2995    i.UART_EndRxTransfer  stm32f4xx_hal_uart.o
    0x08001678   0x08001678   0x00000096   Code   RO         2997    i.UART_Receive_IT   stm32f4xx_hal_uart.o
    0x0800170e   0x0800170e   0x00000002   PAD
    0x08001710   0x08001710   0x00000128   Code   RO         2998    i.UART_SetConfig    stm32f4xx_hal_uart.o
    0x08001838   0x08001838   0x00000062   Code   RO         2999    i.UART_Transmit_IT  stm32f4xx_hal_uart.o
    0x0800189a   0x0800189a   0x00000062   Code   RO         3000    i.UART_WaitOnFlagUntilTimeout  stm32f4xx_hal_uart.o
    0x080018fc   0x080018fc   0x00000058   Code   RO          310    i.USART2_IRQHandler  stm32f4xx_it.o
    0x08001954   0x08001954   0x00000060   Code   RO          311    i.USART3_IRQHandler  stm32f4xx_it.o
    0x080019b4   0x080019b4   0x000000d8   Code   RO         2725    i.USART_SetConfig   stm32f4xx_hal_usart.o
    0x08001a8c   0x08001a8c   0x00000020   Code   RO         4030    i.__NVIC_SetPriority  stm32f4xx_hal_cortex.o
    0x08001aac   0x08001aac   0x0000000e   Code   RO         4951    i.__scatterload_copy  mc_w.l(handlers.o)
    0x08001aba   0x08001aba   0x00000002   Code   RO         4952    i.__scatterload_null  mc_w.l(handlers.o)
    0x08001abc   0x08001abc   0x0000000e   Code   RO         4953    i.__scatterload_zeroinit  mc_w.l(handlers.o)
    0x08001aca   0x08001aca   0x00000002   PAD
    0x08001acc   0x08001acc   0x00000020   Code   RO         4851    i.eMBEnable         mb.o
    0x08001aec   0x08001aec   0x00000072   Code   RO         4412    i.eMBFuncReadCoils  mbfunccoils.o
    0x08001b5e   0x08001b5e   0x00000072   Code   RO         4457    i.eMBFuncReadDiscreteInputs  mbfuncdisc.o
    0x08001bd0   0x08001bd0   0x0000005e   Code   RO         4481    i.eMBFuncReadHoldingRegister  mbfuncholding.o
    0x08001c2e   0x08001c2e   0x00000062   Code   RO         4523    i.eMBFuncReadInputRegister  mbfuncinput.o
    0x08001c90   0x08001c90   0x0000009c   Code   RO         4482    i.eMBFuncReadWriteMultipleHoldingRegister  mbfuncholding.o
    0x08001d2c   0x08001d2c   0x00000024   Code   RO         4547    i.eMBFuncReportSlaveID  mbfuncother.o
    0x08001d50   0x08001d50   0x00000056   Code   RO         4413    i.eMBFuncWriteCoil  mbfunccoils.o
    0x08001da6   0x08001da6   0x00000032   Code   RO         4483    i.eMBFuncWriteHoldingRegister  mbfuncholding.o
    0x08001dd8   0x08001dd8   0x00000064   Code   RO         4414    i.eMBFuncWriteMultipleCoils  mbfunccoils.o
    0x08001e3c   0x08001e3c   0x0000004e   Code   RO         4484    i.eMBFuncWriteMultipleHoldingRegister  mbfuncholding.o
    0x08001e8a   0x08001e8a   0x00000002   PAD
    0x08001e8c   0x08001e8c   0x00000080   Code   RO         4852    i.eMBInit           mb.o
    0x08001f0c   0x08001f0c   0x000000b4   Code   RO         4853    i.eMBPoll           mb.o
    0x08001fc0   0x08001fc0   0x00000040   Code   RO         4773    i.eMBRTUInit        mbrtu.o
    0x08002000   0x08002000   0x00000054   Code   RO         4774    i.eMBRTUReceive     mbrtu.o
    0x08002054   0x08002054   0x00000060   Code   RO         4775    i.eMBRTUSend        mbrtu.o
    0x080020b4   0x080020b4   0x00000020   Code   RO         4776    i.eMBRTUStart       mbrtu.o
    0x080020d4   0x080020d4   0x00000014   Code   RO         4777    i.eMBRTUStop        mbrtu.o
    0x080020e8   0x080020e8   0x00000004   Code   RO            5    i.eMBRegCoilsCB     mdtask.o
    0x080020ec   0x080020ec   0x00000004   Code   RO            6    i.eMBRegDiscreteCB  mdtask.o
    0x080020f0   0x080020f0   0x00000004   Code   RO            7    i.eMBRegHoldingCB   mdtask.o
    0x080020f4   0x080020f4   0x00000048   Code   RO            8    i.eMBRegInputCB     mdtask.o
    0x0800213c   0x0800213c   0x000000cc   Code   RO          217    i.main              main.o
    0x08002208   0x08002208   0x0000000c   Code   RO         1212    i.makeFreeRtosPriority  cmsis_os.o
    0x08002214   0x08002214   0x0000000e   Code   RO         1214    i.osDelay           cmsis_os.o
    0x08002222   0x08002222   0x0000000a   Code   RO         1217    i.osKernelStart     cmsis_os.o
    0x0800222c   0x0800222c   0x00000054   Code   RO         1251    i.osThreadCreate    cmsis_os.o
    0x08002280   0x08002280   0x00000070   Code   RO          909    i.prvAddCurrentTaskToDelayedList  tasks.o
    0x080022f0   0x080022f0   0x000000d0   Code   RO          910    i.prvAddNewTaskToReadyList  tasks.o
    0x080023c0   0x080023c0   0x00000034   Code   RO          911    i.prvDeleteTCB      tasks.o
    0x080023f4   0x080023f4   0x0000004c   Code   RO         1579    i.prvHeapInit       heap_4.o
    0x08002440   0x08002440   0x0000005c   Code   RO          912    i.prvIdleTask       tasks.o
    0x0800249c   0x0800249c   0x0000008e   Code   RO          913    i.prvInitialiseNewTask  tasks.o
    0x0800252a   0x0800252a   0x00000002   PAD
    0x0800252c   0x0800252c   0x0000004c   Code   RO         1580    i.prvInsertBlockIntoFreeList  heap_4.o
    0x08002578   0x08002578   0x00000020   Code   RO          914    i.prvResetNextTaskUnblockTime  tasks.o
    0x08002598   0x08002598   0x00000028   Code   RO         1642    i.prvTaskExitError  port.o
    0x080025c0   0x080025c0   0x00000018   Code   RO         4580    i.prveMBError2Exception  mbutils.o
    0x080025d8   0x080025d8   0x000000d8   Code   RO         1581    i.pvPortMalloc      heap_4.o
    0x080026b0   0x080026b0   0x0000002c   Code   RO         1643    i.pxPortInitialiseStack  port.o
    0x080026dc   0x080026dc   0x0000002c   Code   RO         4747    i.usMBCRC16         mbcrc.o
    0x08002708   0x08002708   0x00000026   Code   RO          554    i.uxListRemove      list.o
    0x0800272e   0x0800272e   0x00000002   PAD
    0x08002730   0x08002730   0x00000014   Code   RO          274    i.vApplicationGetIdleTaskMemory  freertos.o
    0x08002744   0x08002744   0x00000016   Code   RO          555    i.vListInitialise   list.o
    0x0800275a   0x0800275a   0x00000006   Code   RO          556    i.vListInitialiseItem  list.o
    0x08002760   0x08002760   0x00000030   Code   RO          557    i.vListInsert       list.o
    0x08002790   0x08002790   0x00000018   Code   RO          558    i.vListInsertEnd    list.o
    0x080027a8   0x080027a8   0x0000005c   Code   RO         4654    i.vMBPortSerialEnable  portserial.o
    0x08002804   0x08002804   0x0000000c   Code   RO         4707    i.vMBPortTimersDisable  porttimer.o
    0x08002810   0x08002810   0x00000014   Code   RO         4708    i.vMBPortTimersEnable  porttimer.o
    0x08002824   0x08002824   0x00000040   Code   RO         1645    i.vPortEnterCritical  port.o
    0x08002864   0x08002864   0x00000028   Code   RO         1646    i.vPortExitCritical  port.o
    0x0800288c   0x0800288c   0x0000005c   Code   RO         1582    i.vPortFree         heap_4.o
    0x080028e8   0x080028e8   0x00000024   Code   RO         1647    i.vPortSetupTimerInterrupt  port.o
    0x0800290c   0x0800290c   0x0000004c   Code   RO          922    i.vTaskDelay        tasks.o
    0x08002958   0x08002958   0x0000006c   Code   RO          935    i.vTaskStartScheduler  tasks.o
    0x080029c4   0x080029c4   0x00000010   Code   RO          937    i.vTaskSuspendAll   tasks.o
    0x080029d4   0x080029d4   0x0000005c   Code   RO          938    i.vTaskSwitchContext  tasks.o
    0x08002a30   0x08002a30   0x0000001c   Code   RO         4616    i.xMBPortEventGet   portevent.o
    0x08002a4c   0x08002a4c   0x00000010   Code   RO         4617    i.xMBPortEventInit  portevent.o
    0x08002a5c   0x08002a5c   0x00000010   Code   RO         4618    i.xMBPortEventPost  portevent.o
    0x08002a6c   0x08002a6c   0x00000010   Code   RO         4655    i.xMBPortSerialGetByte  portserial.o
    0x08002a7c   0x08002a7c   0x00000004   Code   RO         4656    i.xMBPortSerialInit  portserial.o
    0x08002a80   0x08002a80   0x0000001c   Code   RO         4657    i.xMBPortSerialPutByte  portserial.o
    0x08002a9c   0x08002a9c   0x00000054   Code   RO         4709    i.xMBPortTimersInit  porttimer.o
    0x08002af0   0x08002af0   0x00000068   Code   RO         4778    i.xMBRTUReceiveFSM  mbrtu.o
    0x08002b58   0x08002b58   0x00000040   Code   RO         4779    i.xMBRTUTimerT35Expired  mbrtu.o
    0x08002b98   0x08002b98   0x0000005c   Code   RO         4780    i.xMBRTUTransmitFSM  mbrtu.o
    0x08002bf4   0x08002bf4   0x000000f4   Code   RO         1649    i.xPortStartScheduler  port.o
    0x08002ce8   0x08002ce8   0x0000005a   Code   RO          940    i.xTaskCreate       tasks.o
    0x08002d42   0x08002d42   0x0000005a   Code   RO          941    i.xTaskCreateStatic  tasks.o
    0x08002d9c   0x08002d9c   0x000000c8   Code   RO          948    i.xTaskIncrementTick  tasks.o
    0x08002e64   0x08002e64   0x000000c4   Code   RO          954    i.xTaskResumeAll    tasks.o
    0x08002f28   0x08002f28   0x00000038   Data   RO          219    .constdata          main.o
    0x08002f60   0x08002f60   0x00000010   Data   RO         1722    .constdata          system_stm32f4xx.o
    0x08002f70   0x08002f70   0x00000008   Data   RO         1723    .constdata          system_stm32f4xx.o
    0x08002f78   0x08002f78   0x00000200   Data   RO         4748    .constdata          mbcrc.o
    0x08003178   0x08003178   0x0000001c   Data   RO          220    .conststring        main.o
    0x08003194   0x08003194   0x00000020   Data   RO         4949    Region$$Table       anon$$obj.o


    Execution Region RW_IRAM1 (Exec base: 0x20000000, Load base: 0x080031b4, Size: 0x000046f0, Max: 0x00020000, ABSOLUTE, COMPRESSED[0x0000004c])

    Exec Addr    Load Addr    Size         Type   Attr      Idx    E Section Name        Object

    0x20000000   COMPRESSED   0x00000002   Data   RW           10    .data               mdtask.o
    0x20000002   COMPRESSED   0x00000002   PAD
    0x20000004   COMPRESSED   0x00000004   Data   RW          221    .data               main.o
    0x20000008   COMPRESSED   0x0000003c   Data   RW          957    .data               tasks.o
    0x20000044   COMPRESSED   0x00000018   Data   RW         1587    .data               heap_4.o
    0x2000005c   COMPRESSED   0x0000000c   Data   RW         1650    .data               port.o
    0x20000068   COMPRESSED   0x00000004   Data   RW         1724    .data               system_stm32f4xx.o
    0x2000006c   COMPRESSED   0x0000000c   Data   RW         4174    .data               stm32f4xx_hal.o
    0x20000078   COMPRESSED   0x00000002   Data   RW         4550    .data               mbfuncother.o
    0x2000007a   COMPRESSED   0x00000002   Data   RW         4619    .data               portevent.o
    0x2000007c   COMPRESSED   0x00000004   Data   RW         4710    .data               porttimer.o
    0x20000080   COMPRESSED   0x0000000c   Data   RW         4782    .data               mbrtu.o
    0x2000008c   COMPRESSED   0x000000ac   Data   RW         4855    .data               mb.o
    0x20000138        -       0x00000010   Zero   RW            9    .bss                mdtask.o
    0x20000148        -       0x00000104   Zero   RW          218    .bss                main.o
    0x2000024c        -       0x00000254   Zero   RW          275    .bss                freertos.o
    0x200004a0        -       0x00000040   Zero   RW          417    .bss                stm32f4xx_hal_timebase_tim.o
    0x200004e0        -       0x000000f0   Zero   RW          956    .bss                tasks.o
    0x200005d0        -       0x00003c00   Zero   RW         1586    .bss                heap_4.o
    0x200041d0        -       0x00000020   Zero   RW         4549    .bss                mbfuncother.o
    0x200041f0        -       0x00000100   Zero   RW         4781    .bss                mbrtu.o
    0x200042f0        -       0x00000400   Zero   RW         4402    STACK               startup_stm32f407xx.o


==============================================================================

Image component sizes


      Code (inc. data)   RO Data    RW Data    ZI Data      Debug   Object Name

       120          0          0          0          0      22837   cmsis_os.o
         0          0          0          0          0      18312   event_groups.o
        20          4          0          0        596       1348   freertos.o
       460         24          0         24      15360       7723   heap_4.o
       138          0          0          0          0       3822   list.o
       536         58         84          4        260       4459   main.o
       340         42          0        172          0       4684   mb.o
        44          6        512          0          0       1476   mbcrc.o
       300          0          0          0          0       5034   mbfunccoils.o
       114          0          0          0          0       1880   mbfuncdisc.o
       378          0          0          0          0       6043   mbfuncholding.o
        98          0          0          0          0       1839   mbfuncinput.o
        36         10          0          2         32       1639   mbfuncother.o
       556         52          0         12        256       7279   mbrtu.o
        24          0          0          0          0        732   mbutils.o
       152         14          0          2         16     731294   mdtask.o
       702         70          0         12          0      11580   port.o
        60         14          0          2          0       2616   portevent.o
       140         18          0          0          0       4838   portserial.o
       116         30          0          4          0       2235   porttimer.o
        36          8        392          0       1024        848   startup_stm32f407xx.o
        80         14          0         12          0       8346   stm32f4xx_hal.o
       158         14          0          0          0      33350   stm32f4xx_hal_cortex.o
        36          0          0          0          0       1303   stm32f4xx_hal_dma.o
       446         46          0          0          0       2652   stm32f4xx_hal_gpio.o
       416         50          0          0          0       3268   stm32f4xx_hal_msp.o
      1380         90          0          0          0       6345   stm32f4xx_hal_rcc.o
       696         44          0          0          0       7932   stm32f4xx_hal_tim.o
       148         28          0          0          0       2725   stm32f4xx_hal_tim_ex.o
       116         16          0          0         64       1531   stm32f4xx_hal_timebase_tim.o
      1252         14          0          0          0      10179   stm32f4xx_hal_uart.o
       300         10          0          0          0       2213   stm32f4xx_hal_usart.o
       264         48          0          0          0       3256   stm32f4xx_it.o
         0          0          0          0          0        392   stream_buffer.o
        84         18         24          4          0       1291   system_stm32f4xx.o
      1506        108          0         60        240      17318   tasks.o

    ----------------------------------------------------------------------
     11274        850       1044        312      17848     944619   Object Totals
         0          0         32          0          0          0   (incl. Generated)
        22          0          0          2          0          0   (incl. Padding)

    ----------------------------------------------------------------------

      Code (inc. data)   RO Data    RW Data    ZI Data      Debug   Library Member Name

        86          0          0          0          0          0   __dczerorl2.o
         0          0          0          0          0          0   entry.o
         0          0          0          0          0          0   entry10a.o
         0          0          0          0          0          0   entry11a.o
         8          4          0          0          0          0   entry2.o
         4          0          0          0          0          0   entry5.o
         0          0          0          0          0          0   entry7b.o
         0          0          0          0          0          0   entry8b.o
         8          4          0          0          0          0   entry9a.o
        30          0          0          0          0          0   handlers.o
        36          8          0          0          0         68   init.o
        30          0          0          0          0         68   llshl.o
        32          0          0          0          0         68   llushr.o
        36          0          0          0          0         68   memcpya.o
        36          0          0          0          0        108   memseta.o
        98          0          0          0          0         92   uldiv.o

    ----------------------------------------------------------------------
       406         16          0          0          0        472   Library Totals
         2          0          0          0          0          0   (incl. Padding)

    ----------------------------------------------------------------------

      Code (inc. data)   RO Data    RW Data    ZI Data      Debug   Library Name

       404         16          0          0          0        472   mc_w.l

    ----------------------------------------------------------------------
       406         16          0          0          0        472   Library Totals

    ----------------------------------------------------------------------

==============================================================================


      Code (inc. data)   RO Data    RW Data    ZI Data      Debug   

     11680        866       1044        312      17848     932719   Grand Totals
     11680        866       1044         76      17848     932719   ELF Image Totals (compressed)
     11680        866       1044         76          0          0   ROM Totals

==============================================================================

    Total RO  Size (Code + RO Data)                12724 (  12.43kB)
    Total RW  Size (RW Data + ZI Data)             18160 (  17.73kB)
    Total ROM Size (Code + RO Data + RW Data)      12800 (  12.50kB)

==============================================================================

