Component: ARM Compiler 5.06 update 6 (build 750) Tool: armlink [4d35ed]

==============================================================================

Section Cross References

    main.o(.text) refers to tasks.o(.text) for vTaskDelay
    main.o(.text) refers to mbfuncholding_m.o(.text) for eMBMasterReqWriteHoldingRegister
    main.o(.text) refers to printf8.o(i.__0printf$8) for __2printf
    main.o(.text) refers to strcpy.o(.text) for strcpy
    main.o(.text) refers to api_server.o(.text) for Flash_Write_Information
    main.o(.text) refers to stm32f4_discovery.o(.text) for STM_EVAL_LEDOn
    main.o(.text) refers to stm32f4x7_eth_bsp.o(.text) for ETH_Disable
    main.o(.text) refers to queue.o(.text) for xQueueReceive
    main.o(.text) refers to mqttclienttask.o(.text) for vStartMQTTTasks
    main.o(.text) refers to main.o(.bss) for .bss
    main.o(.text) refers to main.o(.data) for .data
    main.o(.text) refers to main.o(.conststring) for .conststring
    main.o(.text) refers to stm32f4xx_rtc.o(.text) for RTC_WriteProtectionCmd
    main.o(.text) refers to stm32f4xx_rcc.o(.text) for RCC_APB1PeriphClockCmd
    main.o(.text) refers to stm32f4xx_pwr.o(.text) for PWR_BackupAccessCmd
    main.o(.text) refers to stm32f4xx_gpio.o(.text) for GPIO_Init
    main.o(.text) refers to stm32f4xx_uartstdio.o(.text) for UARTstdio_Configuration
    main.o(.text) refers to netconf.o(.text) for LwIP_Init
    main.o(.text) refers to keyscan_task.o(.text) for vStartKeyScanTasks
    main.o(.text) refers to httpserver-socket.o(.text) for http_server_socket_init
    main.o(.text) refers to tcpmbbus_task.o(.text) for vStartTCPMBTasks
    main.o(.text) refers to rs485bus_task_m.o(.text) for vStartRS485busMasterTasks
    main.o(.text) refers to heap_2.o(.text) for xPortGetFreeHeapSize
    system_stm32f4xx.o(.text) refers to system_stm32f4xx.o(.data) for .data
    stm32f4xx_it.o(.text) refers to port.o(.text) for xPortSysTickHandler
    stm32f4xx_it.o(.text) refers to stm32f4x7_eth.o(.text) for ETH_GetDMAFlagStatus
    stm32f4xx_it.o(.text) refers to queue.o(.text) for xQueueGiveFromISR
    stm32f4xx_it.o(.text) refers to stm32f4xx_tim.o(.text) for TIM_ClearITPendingBit
    stm32f4xx_it.o(.text) refers to ethernetif.o(.data) for s_xSemaphore
    netconf.o(.text) refers to tcpip.o(.text) for tcpip_init
    netconf.o(.text) refers to inet.o(.text) for htonl
    netconf.o(.text) refers to netif.o(.text) for netif_add
    netconf.o(.text) refers to tasks.o(.text) for xTaskGetHandle
    netconf.o(.text) refers to queue.o(.text) for xQueuePeek
    netconf.o(.text) refers to dhcp.o(.text) for dhcp_start
    netconf.o(.text) refers to netconf.o(.data) for .data
    netconf.o(.text) refers to ethernetif.o(.text) for ethernetif_init
    netconf.o(.text) refers to netconf.o(.bss) for .bss
    netconf.o(.text) refers to main.o(.data) for xQueueState
    stm32f4x7_eth_bsp.o(.text) refers to stm32f4x7_eth.o(.text) for ETH_StructInit
    stm32f4x7_eth_bsp.o(.text) refers to stm32f4xx_rcc.o(.text) for RCC_AHB1PeriphClockCmd
    stm32f4x7_eth_bsp.o(.text) refers to stm32f4xx_syscfg.o(.text) for SYSCFG_ETH_MediaInterfaceConfig
    stm32f4x7_eth_bsp.o(.text) refers to stm32f4xx_gpio.o(.text) for GPIO_Init
    stm32f4x7_eth_bsp.o(.text) refers to misc.o(.text) for NVIC_PriorityGroupConfig
    stm32f4x7_eth_bsp.o(.text) refers to queue.o(.text) for xQueuePeek
    stm32f4x7_eth_bsp.o(.text) refers to tasks.o(.text) for xTaskGetHandle
    stm32f4x7_eth_bsp.o(.text) refers to stm32f4x7_eth_bsp.o(.data) for .data
    stm32f4x7_eth_bsp.o(.text) refers to main.o(.data) for xQueueState
    stm32f4x7_eth_bsp.o(.text) refers to main.o(.bss) for ip_lan
    stm32f4x7_eth_bsp.o(.text) refers to netconf.o(.text) for LwIP_DHCP_task
    fs.o(.text) refers to strcmp.o(.text) for strcmp
    fs.o(.text) refers to memcpya.o(.text) for __aeabi_memcpy
    fs.o(.text) refers to fs.o(.bss) for .bss
    fs.o(.text) refers to fs.o(.constdata) for .constdata
    fs.o(.constdata) refers to fs.o(.constdata) for data__script_common_js
    fs.o(.constdata) refers to fs.o(.constdata) for file__common_js
    fs.o(.constdata) refers to fs.o(.constdata) for data__style_css
    fs.o(.constdata) refers to fs.o(.constdata) for file__style_css
    fs.o(.constdata) refers to fs.o(.constdata) for data__404_html
    fs.o(.constdata) refers to fs.o(.constdata) for file__404_html
    fs.o(.constdata) refers to fs.o(.constdata) for data__reboot_html
    fs.o(.constdata) refers to fs.o(.constdata) for file__reboot_html
    fs.o(.constdata) refers to fs.o(.constdata) for data__maintain_html
    fs.o(.constdata) refers to fs.o(.constdata) for file__maintain_html
    fs.o(.constdata) refers to fs.o(.constdata) for data__hostconfig_html
    fs.o(.constdata) refers to fs.o(.constdata) for file__hostconfig_html
    fs.o(.constdata) refers to fs.o(.constdata) for data__lanconfig_html
    fs.o(.constdata) refers to fs.o(.constdata) for file__lanconfig_html
[...]
    SYSCFG_DeInit                            0x0800f155   Thumb Code    24  stm32f4xx_syscfg.o(.text)
    SYSCFG_MemoryRemapConfig                 0x0800f16d   Thumb Code     6  stm32f4xx_syscfg.o(.text)
    SYSCFG_EXTILineConfig                    0x0800f173   Thumb Code    42  stm32f4xx_syscfg.o(.text)
    SYSCFG_ETH_MediaInterfaceConfig          0x0800f19d   Thumb Code     8  stm32f4xx_syscfg.o(.text)
    SYSCFG_CompensationCellCmd               0x0800f1a5   Thumb Code     6  stm32f4xx_syscfg.o(.text)
    SYSCFG_GetCompensationCellStatus         0x0800f1ab   Thumb Code    16  stm32f4xx_syscfg.o(.text)
    SDIO_DeInit                              0x0800f1cd   Thumb Code    24  stm32f4xx_sdio.o(.text)
    SDIO_Init                                0x0800f1e5   Thumb Code    40  stm32f4xx_sdio.o(.text)
    SDIO_StructInit                          0x0800f20d   Thumb Code    16  stm32f4xx_sdio.o(.text)
    SDIO_ClockCmd                            0x0800f21d   Thumb Code     8  stm32f4xx_sdio.o(.text)
    SDIO_SetPowerState                       0x0800f225   Thumb Code     8  stm32f4xx_sdio.o(.text)
    SDIO_GetPowerState                       0x0800f22d   Thumb Code    12  stm32f4xx_sdio.o(.text)
    SDIO_SendCommand                         0x0800f239   Thumb Code    38  stm32f4xx_sdio.o(.text)
    SDIO_CmdStructInit                       0x0800f25f   Thumb Code    14  stm32f4xx_sdio.o(.text)
    SDIO_GetCommandResponse                  0x0800f26d   Thumb Code    10  stm32f4xx_sdio.o(.text)
    SDIO_GetResponse                         0x0800f277   Thumb Code    14  stm32f4xx_sdio.o(.text)
    SDIO_DataConfig                          0x0800f285   Thumb Code    44  stm32f4xx_sdio.o(.text)
    SDIO_DataStructInit                      0x0800f2b1   Thumb Code    20  stm32f4xx_sdio.o(.text)
    SDIO_GetDataCounter                      0x0800f2c5   Thumb Code     8  stm32f4xx_sdio.o(.text)
    SDIO_ReadData                            0x0800f2cd   Thumb Code     8  stm32f4xx_sdio.o(.text)
    SDIO_WriteData                           0x0800f2d5   Thumb Code     8  stm32f4xx_sdio.o(.text)
    SDIO_GetFIFOCount                        0x0800f2dd   Thumb Code     8  stm32f4xx_sdio.o(.text)
    SDIO_StartSDIOReadWait                   0x0800f2e5   Thumb Code     6  stm32f4xx_sdio.o(.text)
    SDIO_StopSDIOReadWait                    0x0800f2eb   Thumb Code     8  stm32f4xx_sdio.o(.text)
    SDIO_SetSDIOReadWaitMode                 0x0800f2f3   Thumb Code     8  stm32f4xx_sdio.o(.text)
    SDIO_SetSDIOOperation                    0x0800f2fb   Thumb Code     8  stm32f4xx_sdio.o(.text)
    SDIO_SendSDIOSuspendCmd                  0x0800f303   Thumb Code     8  stm32f4xx_sdio.o(.text)
    SDIO_CommandCompletionCmd                0x0800f30b   Thumb Code     8  stm32f4xx_sdio.o(.text)
    SDIO_CEATAITCmd                          0x0800f313   Thumb Code    12  stm32f4xx_sdio.o(.text)
    SDIO_SendCEATACmd                        0x0800f31f   Thumb Code     8  stm32f4xx_sdio.o(.text)
    SDIO_DMACmd                              0x0800f327   Thumb Code     8  stm32f4xx_sdio.o(.text)
    SDIO_ITConfig                            0x0800f32f   Thumb Code    20  stm32f4xx_sdio.o(.text)
    SDIO_GetFlagStatus                       0x0800f343   Thumb Code    18  stm32f4xx_sdio.o(.text)
    SDIO_ClearFlag                           0x0800f355   Thumb Code     8  stm32f4xx_sdio.o(.text)
    SDIO_GetITStatus                         0x0800f35d   Thumb Code    18  stm32f4xx_sdio.o(.text)
    SDIO_ClearITPendingBit                   0x0800f36f   Thumb Code     8  stm32f4xx_sdio.o(.text)
    TIM_DeInit                               0x0800f385   Thumb Code   284  stm32f4xx_tim.o(.text)
    TIM_TimeBaseInit                         0x0800f4a1   Thumb Code    96  stm32f4xx_tim.o(.text)
    TIM_TimeBaseStructInit                   0x0800f501   Thumb Code    18  stm32f4xx_tim.o(.text)
    TIM_PrescalerConfig                      0x0800f513   Thumb Code     6  stm32f4xx_tim.o(.text)
    TIM_CounterModeConfig                    0x0800f519   Thumb Code    12  stm32f4xx_tim.o(.text)
    TIM_SetCounter                           0x0800f525   Thumb Code     4  stm32f4xx_tim.o(.text)
    TIM_SetAutoreload                        0x0800f529   Thumb Code     4  stm32f4xx_tim.o(.text)
    TIM_GetCounter                           0x0800f52d   Thumb Code     4  stm32f4xx_tim.o(.text)
    TIM_GetPrescaler                         0x0800f531   Thumb Code     4  stm32f4xx_tim.o(.text)
    TIM_UpdateDisableConfig                  0x0800f535   Thumb Code    20  stm32f4xx_tim.o(.text)
    TIM_UpdateRequestConfig                  0x0800f549   Thumb Code    20  stm32f4xx_tim.o(.text)
    TIM_ARRPreloadConfig                     0x0800f55d   Thumb Code    20  stm32f4xx_tim.o(.text)
    TIM_SelectOnePulseMode                   0x0800f571   Thumb Code    16  stm32f4xx_tim.o(.text)
    TIM_SetClockDivision                     0x0800f581   Thumb Code    16  stm32f4xx_tim.o(.text)
    TIM_Cmd                                  0x0800f591   Thumb Code    20  stm32f4xx_tim.o(.text)
    TIM_OC1Init                              0x0800f5a5   Thumb Code    88  stm32f4xx_tim.o(.text)
    TIM_OC2Init                              0x0800f5fd   Thumb Code   120  stm32f4xx_tim.o(.text)
    TIM_OC3Init                              0x0800f675   Thumb Code   116  stm32f4xx_tim.o(.text)
    TIM_OC4Init                              0x0800f6e9   Thumb Code    88  stm32f4xx_tim.o(.text)
    TIM_OCStructInit                         0x0800f741   Thumb Code    20  stm32f4xx_tim.o(.text)
    TIM_SelectOCxM                           0x0800f755   Thumb Code   130  stm32f4xx_tim.o(.text)
    TIM_SetCompare1                          0x0800f7d7   Thumb Code     4  stm32f4xx_tim.o(.text)
    TIM_SetCompare2                          0x0800f7db   Thumb Code     4  stm32f4xx_tim.o(.text)
    TIM_SetCompare3                          0x0800f7df   Thumb Code     4  stm32f4xx_tim.o(.text)
    TIM_SetCompare4                          0x0800f7e3   Thumb Code     4  stm32f4xx_tim.o(.text)
    TIM_ForcedOC1Config                      0x0800f7e7   Thumb Code    12  stm32f4xx_tim.o(.text)
    TIM_ForcedOC2Config                      0x0800f7f3   Thumb Code    20  stm32f4xx_tim.o(.text)
    TIM_ForcedOC3Config                      0x0800f807   Thumb Code    12  stm32f4xx_tim.o(.text)
    TIM_ForcedOC4Config                      0x0800f813   Thumb Code    20  stm32f4xx_tim.o(.text)
    TIM_OC1PreloadConfig                     0x0800f827   Thumb Code    12  stm32f4xx_tim.o(.text)
    TIM_OC2PreloadConfig                     0x0800f833   Thumb Code    20  stm32f4xx_tim.o(.text)
    TIM_OC3PreloadConfig                     0x0800f847   Thumb Code    12  stm32f4xx_tim.o(.text)
    TIM_OC4PreloadConfig                     0x0800f853   Thumb Code    20  stm32f4xx_tim.o(.text)
    TIM_OC1FastConfig                        0x0800f867   Thumb Code    12  stm32f4xx_tim.o(.text)
    TIM_OC2FastConfig                        0x0800f873   Thumb Code    20  stm32f4xx_tim.o(.text)
    TIM_OC3FastConfig                        0x0800f887   Thumb Code    12  stm32f4xx_tim.o(.text)
    TIM_OC4FastConfig                        0x0800f893   Thumb Code    20  stm32f4xx_tim.o(.text)
    TIM_ClearOC1Ref                          0x0800f8a7   Thumb Code    12  stm32f4xx_tim.o(.text)
    TIM_ClearOC2Ref                          0x0800f8b3   Thumb Code    20  stm32f4xx_tim.o(.text)
    TIM_ClearOC3Ref                          0x0800f8c7   Thumb Code    12  stm32f4xx_tim.o(.text)
    TIM_ClearOC4Ref                          0x0800f8d3   Thumb Code    20  stm32f4xx_tim.o(.text)
    TIM_OC1PolarityConfig                    0x0800f8e7   Thumb Code    12  stm32f4xx_tim.o(.text)
    TIM_OC1NPolarityConfig                   0x0800f8f3   Thumb Code    12  stm32f4xx_tim.o(.text)
    TIM_OC2PolarityConfig                    0x0800f8ff   Thumb Code    20  stm32f4xx_tim.o(.text)
    TIM_OC2NPolarityConfig                   0x0800f913   Thumb Code    20  stm32f4xx_tim.o(.text)
    TIM_OC3PolarityConfig                    0x0800f927   Thumb Code    20  stm32f4xx_tim.o(.text)
    TIM_OC3NPolarityConfig                   0x0800f93b   Thumb Code    20  stm32f4xx_tim.o(.text)
    TIM_OC4PolarityConfig                    0x0800f94f   Thumb Code    20  stm32f4xx_tim.o(.text)
    TIM_CCxCmd                               0x0800f963   Thumb Code    22  stm32f4xx_tim.o(.text)
    TIM_CCxNCmd                              0x0800f979   Thumb Code    22  stm32f4xx_tim.o(.text)
    TIM_SetIC4Prescaler                      0x0800f98f   Thumb Code    24  stm32f4xx_tim.o(.text)
    TIM_SetIC3Prescaler                      0x0800f9a7   Thumb Code    16  stm32f4xx_tim.o(.text)
    TIM_SetIC2Prescaler                      0x0800f9b7   Thumb Code    24  stm32f4xx_tim.o(.text)
    TIM_SetIC1Prescaler                      0x0800fa05   Thumb Code    16  stm32f4xx_tim.o(.text)
    TIM_ICInit                               0x0800fa15   Thumb Code   164  stm32f4xx_tim.o(.text)
    TIM_ICStructInit                         0x0800fab9   Thumb Code    16  stm32f4xx_tim.o(.text)
    TIM_PWMIConfig                           0x0800fac9   Thumb Code   104  stm32f4xx_tim.o(.text)
    TIM_GetCapture1                          0x0800fb31   Thumb Code     4  stm32f4xx_tim.o(.text)
    TIM_GetCapture2                          0x0800fb35   Thumb Code     4  stm32f4xx_tim.o(.text)
    TIM_GetCapture3                          0x0800fb39   Thumb Code     4  stm32f4xx_tim.o(.text)
    TIM_GetCapture4                          0x0800fb3d   Thumb Code     4  stm32f4xx_tim.o(.text)
    TIM_BDTRConfig                           0x0800fb41   Thumb Code    34  stm32f4xx_tim.o(.text)
    TIM_BDTRStructInit                       0x0800fb63   Thumb Code    18  stm32f4xx_tim.o(.text)
    TIM_CtrlPWMOutputs                       0x0800fb75   Thumb Code    22  stm32f4xx_tim.o(.text)
    TIM_SelectCOM                            0x0800fb8b   Thumb Code    20  stm32f4xx_tim.o(.text)
    TIM_CCPreloadControl                     0x0800fb9f   Thumb Code    20  stm32f4xx_tim.o(.text)
    TIM_ITConfig                             0x0800fbb3   Thumb Code    16  stm32f4xx_tim.o(.text)
    TIM_GenerateEvent                        0x0800fbc3   Thumb Code     4  stm32f4xx_tim.o(.text)
    TIM_GetFlagStatus                        0x0800fbc7   Thumb Code    14  stm32f4xx_tim.o(.text)
    TIM_ClearFlag                            0x0800fbd5   Thumb Code     6  stm32f4xx_tim.o(.text)
    TIM_GetITStatus                          0x0800fbdb   Thumb Code    24  stm32f4xx_tim.o(.text)
    TIM_ClearITPendingBit                    0x0800fbf3   Thumb Code     6  stm32f4xx_tim.o(.text)
    TIM_DMAConfig                            0x0800fbf9   Thumb Code     8  stm32f4xx_tim.o(.text)
    TIM_DMACmd                               0x0800fc01   Thumb Code    16  stm32f4xx_tim.o(.text)
    TIM_SelectCCDMA                          0x0800fc11   Thumb Code    20  stm32f4xx_tim.o(.text)
    TIM_InternalClockConfig                  0x0800fc25   Thumb Code    10  stm32f4xx_tim.o(.text)
    TIM_SelectInputTrigger                   0x0800fc2f   Thumb Code    12  stm32f4xx_tim.o(.text)
    TIM_ITRxExternalClockConfig              0x0800fc3b   Thumb Code    18  stm32f4xx_tim.o(.text)
    TIM_TIxExternalClockConfig               0x0800fc4d   Thumb Code    46  stm32f4xx_tim.o(.text)
    TIM_ETRConfig                            0x0800fc7b   Thumb Code    24  stm32f4xx_tim.o(.text)
    TIM_ETRClockMode1Config                  0x0800fc93   Thumb Code    18  stm32f4xx_tim.o(.text)
    TIM_ETRClockMode2Config                  0x0800fca5   Thumb Code    18  stm32f4xx_tim.o(.text)
    TIM_SelectOutputTrigger                  0x0800fcb7   Thumb Code    16  stm32f4xx_tim.o(.text)
    TIM_SelectSlaveMode                      0x0800fcc7   Thumb Code    16  stm32f4xx_tim.o(.text)
    TIM_SelectMasterSlaveMode                0x0800fcd7   Thumb Code    16  stm32f4xx_tim.o(.text)
    TIM_EncoderInterfaceConfig               0x0800fce7   Thumb Code    50  stm32f4xx_tim.o(.text)
    TIM_SelectHallSensor                     0x0800fd19   Thumb Code    20  stm32f4xx_tim.o(.text)
    TIM_RemapConfig                          0x0800fd2d   Thumb Code     6  stm32f4xx_tim.o(.text)
    FLASH_SetLatency                         0x0800fd61   Thumb Code     6  stm32f4xx_flash.o(.text)
    FLASH_PrefetchBufferCmd                  0x0800fd67   Thumb Code    22  stm32f4xx_flash.o(.text)
    FLASH_InstructionCacheCmd                0x0800fd7d   Thumb Code    22  stm32f4xx_flash.o(.text)
    FLASH_DataCacheCmd                       0x0800fd93   Thumb Code    22  stm32f4xx_flash.o(.text)
    FLASH_InstructionCacheReset              0x0800fda9   Thumb Code    12  stm32f4xx_flash.o(.text)
    FLASH_DataCacheReset                     0x0800fdb5   Thumb Code    12  stm32f4xx_flash.o(.text)
    FLASH_Unlock                             0x0800fdc1   Thumb Code    24  stm32f4xx_flash.o(.text)
    FLASH_Lock                               0x0800fdd9   Thumb Code    14  stm32f4xx_flash.o(.text)
    FLASH_GetStatus                          0x0800fde7   Thumb Code    48  stm32f4xx_flash.o(.text)
    FLASH_WaitForLastOperation               0x0800fe17   Thumb Code    30  stm32f4xx_flash.o(.text)
    FLASH_EraseSector                        0x0800fe35   Thumb Code   106  stm32f4xx_flash.o(.text)
    FLASH_EraseAllSectors                    0x0800fe9f   Thumb Code    88  stm32f4xx_flash.o(.text)
    FLASH_ProgramDoubleWord                  0x0800fef7   Thumb Code    62  stm32f4xx_flash.o(.text)
    FLASH_ProgramWord                        0x0800ff35   Thumb Code    58  stm32f4xx_flash.o(.text)
    FLASH_ProgramHalfWord                    0x0800ff6f   Thumb Code    58  stm32f4xx_flash.o(.text)
    FLASH_ProgramByte                        0x0800ffa9   Thumb Code    54  stm32f4xx_flash.o(.text)
    FLASH_OB_Unlock                          0x0800ffdf   Thumb Code    24  stm32f4xx_flash.o(.text)
    FLASH_OB_Lock                            0x0800fff7   Thumb Code    14  stm32f4xx_flash.o(.text)
    FLASH_OB_WRPConfig                       0x08010005   Thumb Code    32  stm32f4xx_flash.o(.text)
    FLASH_OB_RDPConfig                       0x08010025   Thumb Code    20  stm32f4xx_flash.o(.text)
    FLASH_OB_UserConfig                      0x08010039   Thumb Code    36  stm32f4xx_flash.o(.text)
    FLASH_OB_BORConfig                       0x0801005d   Thumb Code    20  stm32f4xx_flash.o(.text)
    FLASH_OB_Launch                          0x08010071   Thumb Code    14  stm32f4xx_flash.o(.text)
    FLASH_OB_GetUser                         0x0801007f   Thumb Code    12  stm32f4xx_flash.o(.text)
    FLASH_OB_GetWRP                          0x0801008b   Thumb Code     8  stm32f4xx_flash.o(.text)
    FLASH_OB_GetRDP                          0x08010093   Thumb Code    16  stm32f4xx_flash.o(.text)
    FLASH_OB_GetBOR                          0x080100a3   Thumb Code    12  stm32f4xx_flash.o(.text)
    FLASH_ITConfig                           0x080100af   Thumb Code    20  stm32f4xx_flash.o(.text)
    FLASH_GetFlagStatus                      0x080100c3   Thumb Code    18  stm32f4xx_flash.o(.text)
    FLASH_ClearFlag                          0x080100d5   Thumb Code     8  stm32f4xx_flash.o(.text)
    RTC_WaitForSynchro                       0x080100f1   Thumb Code    70  stm32f4xx_rtc.o(.text)
    RTC_EnterInitMode                        0x08010137   Thumb Code    58  stm32f4xx_rtc.o(.text)
    RTC_DeInit                               0x08010171   Thumb Code   168  stm32f4xx_rtc.o(.text)
    RTC_ExitInitMode                         0x08010219   Thumb Code    14  stm32f4xx_rtc.o(.text)
    RTC_Init                                 0x08010227   Thumb Code    74  stm32f4xx_rtc.o(.text)
    RTC_StructInit                           0x08010271   Thumb Code    14  stm32f4xx_rtc.o(.text)
    RTC_WriteProtectionCmd                   0x0801027f   Thumb Code    18  stm32f4xx_rtc.o(.text)
    RTC_RefClockCmd                          0x08010291   Thumb Code    56  stm32f4xx_rtc.o(.text)
    RTC_BypassShadowCmd                      0x080102c9   Thumb Code    38  stm32f4xx_rtc.o(.text)
    RTC_SetTime                              0x080102ef   Thumb Code   148  stm32f4xx_rtc.o(.text)
    RTC_TimeStructInit                       0x08010383   Thumb Code    12  stm32f4xx_rtc.o(.text)
    RTC_GetTime                              0x0801038f   Thumb Code    70  stm32f4xx_rtc.o(.text)
    RTC_GetSubSecond                         0x080103d5   Thumb Code    14  stm32f4xx_rtc.o(.text)
    RTC_SetDate                              0x080103e3   Thumb Code   142  stm32f4xx_rtc.o(.text)
    RTC_DateStructInit                       0x08010471   Thumb Code    14  stm32f4xx_rtc.o(.text)
    RTC_GetDate                              0x0801047f   Thumb Code    66  stm32f4xx_rtc.o(.text)
    RTC_SetAlarm                             0x080104c1   Thumb Code   184  stm32f4xx_rtc.o(.text)
    RTC_AlarmStructInit                      0x08010579   Thumb Code    20  stm32f4xx_rtc.o(.text)
    RTC_GetAlarm                             0x0801058d   Thumb Code   104  stm32f4xx_rtc.o(.text)
    RTC_AlarmCmd                             0x080105f5   Thumb Code    78  stm32f4xx_rtc.o(.text)
    RTC_AlarmSubSecondConfig                 0x08010643   Thumb Code    38  stm32f4xx_rtc.o(.text)
    RTC_GetAlarmSubSecond                    0x08010669   Thumb Code    24  stm32f4xx_rtc.o(.text)
    RTC_WakeUpClockConfig                    0x08010681   Thumb Code    34  stm32f4xx_rtc.o(.text)
    RTC_SetWakeUpCounter                     0x080106a3   Thumb Code    22  stm32f4xx_rtc.o(.text)
    RTC_GetWakeUpCounter                     0x080106b9   Thumb Code    10  stm32f4xx_rtc.o(.text)
    RTC_WakeUpCmd                            0x080106c3   Thumb Code    84  stm32f4xx_rtc.o(.text)
    RTC_DayLightSavingConfig                 0x08010717   Thumb Code    38  stm32f4xx_rtc.o(.text)
    RTC_GetStoreOperation                    0x0801073d   Thumb Code    12  stm32f4xx_rtc.o(.text)
    RTC_OutputConfig                         0x08010749   Thumb Code    38  stm32f4xx_rtc.o(.text)
    RTC_CoarseCalibConfig                    0x0801076f   Thumb Code    46  stm32f4xx_rtc.o(.text)
    RTC_CoarseCalibCmd                       0x0801079d   Thumb Code    56  stm32f4xx_rtc.o(.text)
    RTC_CalibOutputCmd                       0x080107d5   Thumb Code    38  stm32f4xx_rtc.o(.text)
    RTC_CalibOutputConfig                    0x080107fb   Thumb Code    34  stm32f4xx_rtc.o(.text)
    RTC_SmoothCalibConfig                    0x0801081d   Thumb Code    70  stm32f4xx_rtc.o(.text)
    RTC_TimeStampCmd                         0x08010863   Thumb Code    42  stm32f4xx_rtc.o(.text)
    RTC_GetTimeStamp                         0x0801088d   Thumb Code   130  stm32f4xx_rtc.o(.text)
    RTC_GetTimeStampSubSecond                0x0801090f   Thumb Code     8  stm32f4xx_rtc.o(.text)
    RTC_TamperTriggerConfig                  0x08010917   Thumb Code    24  stm32f4xx_rtc.o(.text)
    RTC_TamperCmd                            0x0801092f   Thumb Code    28  stm32f4xx_rtc.o(.text)
    RTC_TamperFilterConfig                   0x0801094b   Thumb Code    18  stm32f4xx_rtc.o(.text)
    RTC_TamperSamplingFreqConfig             0x0801095d   Thumb Code    18  stm32f4xx_rtc.o(.text)
    RTC_TamperPinsPrechargeDuration          0x0801096f   Thumb Code    18  stm32f4xx_rtc.o(.text)
    RTC_TimeStampOnTamperDetectionCmd        0x08010981   Thumb Code    22  stm32f4xx_rtc.o(.text)
    RTC_TamperPullUpCmd                      0x08010997   Thumb Code    22  stm32f4xx_rtc.o(.text)
    RTC_WriteBackupRegister                  0x080109ad   Thumb Code    16  stm32f4xx_rtc.o(.text)
    RTC_ReadBackupRegister                   0x080109bd   Thumb Code    16  stm32f4xx_rtc.o(.text)
    RTC_TamperPinSelection                   0x080109cd   Thumb Code    18  stm32f4xx_rtc.o(.text)
    RTC_TimeStampPinSelection                0x080109df   Thumb Code    18  stm32f4xx_rtc.o(.text)
    RTC_OutputTypeConfig                     0x080109f1   Thumb Code    18  stm32f4xx_rtc.o(.text)
    RTC_SynchroShiftConfig                   0x08010a03   Thumb Code    84  stm32f4xx_rtc.o(.text)
    RTC_ITConfig                             0x08010a57   Thumb Code    60  stm32f4xx_rtc.o(.text)
    RTC_GetFlagStatus                        0x08010a93   Thumb Code    22  stm32f4xx_rtc.o(.text)
    RTC_ClearFlag                            0x08010aa9   Thumb Code    24  stm32f4xx_rtc.o(.text)
    RTC_GetITStatus                          0x08010ac1   Thumb Code    46  stm32f4xx_rtc.o(.text)
    RTC_ClearITPendingBit                    0x08010aef   Thumb Code    24  stm32f4xx_rtc.o(.text)
    PWR_DeInit                               0x08010b3d   Thumb Code    24  stm32f4xx_pwr.o(.text)
    PWR_BackupAccessCmd                      0x08010b55   Thumb Code     6  stm32f4xx_pwr.o(.text)
    PWR_PVDLevelConfig                       0x08010b5b   Thumb Code    14  stm32f4xx_pwr.o(.text)
    PWR_PVDCmd                               0x08010b69   Thumb Code     6  stm32f4xx_pwr.o(.text)
    PWR_WakeUpPinCmd                         0x08010b6f   Thumb Code     8  stm32f4xx_pwr.o(.text)
    PWR_BackupRegulatorCmd                   0x08010b77   Thumb Code     8  stm32f4xx_pwr.o(.text)
    PWR_MainRegulatorModeConfig              0x08010b7f   Thumb Code    22  stm32f4xx_pwr.o(.text)
    PWR_FlashPowerDownCmd                    0x08010b95   Thumb Code     6  stm32f4xx_pwr.o(.text)
    PWR_EnterSTOPMode                        0x08010b9b   Thumb Code    42  stm32f4xx_pwr.o(.text)
    PWR_EnterSTANDBYMode                     0x08010bc5   Thumb Code    32  stm32f4xx_pwr.o(.text)
    PWR_GetFlagStatus                        0x08010be5   Thumb Code    16  stm32f4xx_pwr.o(.text)
    PWR_ClearFlag                            0x08010bf5   Thumb Code    12  stm32f4xx_pwr.o(.text)
    vListInitialise                          0x08010c0d   Thumb Code    22  list.o(.text)
    vListInitialiseItem                      0x08010c23   Thumb Code     6  list.o(.text)
    vListInsertEnd                           0x08010c29   Thumb Code    24  list.o(.text)
    vListInsert                              0x08010c41   Thumb Code    48  list.o(.text)
    uxListRemove                             0x08010c71   Thumb Code    38  list.o(.text)
    xQueueGenericReset                       0x08010c99   Thumb Code   132  queue.o(.text)
    xQueueGenericCreate                      0x08010d1d   Thumb Code    82  queue.o(.text)
    xQueueGenericSend                        0x08010e43   Thumb Code   324  queue.o(.text)
    xQueueCreateMutex                        0x08010f87   Thumb Code    36  queue.o(.text)
    xQueueGiveMutexRecursive                 0x08010fab   Thumb Code    62  queue.o(.text)
    xQueueSemaphoreTake                      0x08010fe9   Thumb Code   354  queue.o(.text)
    xQueueTakeMutexRecursive                 0x0801114b   Thumb Code    64  queue.o(.text)
    xQueueCreateCountingSemaphore            0x0801118b   Thumb Code    58  queue.o(.text)
    xQueueGenericSendFromISR                 0x080111c5   Thumb Code   188  queue.o(.text)
    xQueueGiveFromISR                        0x08011281   Thumb Code   156  queue.o(.text)
    xQueueReceive                            0x08011343   Thumb Code   280  queue.o(.text)
    xQueuePeek                               0x0801145b   Thumb Code   278  queue.o(.text)
    xQueueReceiveFromISR                     0x08011571   Thumb Code   152  queue.o(.text)
    xQueuePeekFromISR                        0x08011609   Thumb Code   116  queue.o(.text)
    uxQueueMessagesWaiting                   0x0801167d   Thumb Code    36  queue.o(.text)
    uxQueueSpacesAvailable                   0x080116a1   Thumb Code    40  queue.o(.text)
    uxQueueMessagesWaitingFromISR            0x080116c9   Thumb Code    22  queue.o(.text)
    vQueueUnregisterQueue                    0x080116df   Thumb Code    36  queue.o(.text)
    vQueueDelete                             0x08011703   Thumb Code    36  queue.o(.text)
    uxQueueGetQueueNumber                    0x08011727   Thumb Code     4  queue.o(.text)
    vQueueSetQueueNumber                     0x0801172b   Thumb Code     4  queue.o(.text)
    ucQueueGetQueueType                      0x0801172f   Thumb Code     6  queue.o(.text)
    xQueueIsQueueEmptyFromISR                0x08011735   Thumb Code    30  queue.o(.text)
    xQueueIsQueueFullFromISR                 0x08011753   Thumb Code    34  queue.o(.text)
    vQueueAddToRegistry                      0x08011775   Thumb Code    32  queue.o(.text)
    pcQueueGetName                           0x08011795   Thumb Code    34  queue.o(.text)
    xTaskCreate                              0x08011899   Thumb Code    86  tasks.o(.text)
    vTaskDelete                              0x080118ef   Thumb Code   158  tasks.o(.text)
    xTaskIncrementTick                       0x0801198d   Thumb Code   190  tasks.o(.text)
    xTaskResumeAll                           0x08011a4b   Thumb Code   184  tasks.o(.text)
    vTaskSuspendAll                          0x08011b69   Thumb Code    10  tasks.o(.text)
    vTaskDelay                               0x08011b73   Thumb Code    66  tasks.o(.text)
    eTaskGetState                            0x08011bb5   Thumb Code   112  tasks.o(.text)
    uxTaskPriorityGet                        0x08011c25   Thumb Code    24  tasks.o(.text)
    uxTaskPriorityGetFromISR                 0x08011c3d   Thumb Code    40  tasks.o(.text)
    vTaskPrioritySet                         0x08011c65   Thumb Code   182  tasks.o(.text)
    vTaskSwitchContext                       0x08011d1b   Thumb Code   106  tasks.o(.text)
    vTaskSuspend                             0x08011d85   Thumb Code   168  tasks.o(.text)
    vTaskResume                              0x08011e5d   Thumb Code   112  tasks.o(.text)
    xTaskResumeFromISR                       0x08011ecd   Thumb Code   126  tasks.o(.text)
    vTaskStartScheduler                      0x08011f9b   Thumb Code   114  tasks.o(.text)
    vTaskEndScheduler                        0x0801200d   Thumb Code    24  tasks.o(.text)
    xTaskGetTickCount                        0x08012025   Thumb Code     6  tasks.o(.text)
    xTaskGetTickCountFromISR                 0x0801202b   Thumb Code    12  tasks.o(.text)
    uxTaskGetNumberOfTasks                   0x08012037   Thumb Code     6  tasks.o(.text)
    pcTaskGetName                            0x0801203d   Thumb Code    28  tasks.o(.text)
    xTaskGetHandle                           0x080120b1   Thumb Code   120  tasks.o(.text)
    vTaskGetInfo                             0x08012129   Thumb Code   120  tasks.o(.text)
    uxTaskGetSystemState                     0x080121f5   Thumb Code   156  tasks.o(.text)
    vTaskPlaceOnEventList                    0x08012291   Thumb Code    42  tasks.o(.text)
    vTaskPlaceOnUnorderedEventList           0x080122bb   Thumb Code    70  tasks.o(.text)
    xTaskRemoveFromEventList                 0x08012301   Thumb Code   106  tasks.o(.text)
    vTaskRemoveFromUnorderedEventList        0x0801236b   Thumb Code   104  tasks.o(.text)
    vTaskSetTimeOutState                     0x080123d3   Thumb Code    58  tasks.o(.text)
    vTaskInternalSetTimeOutState             0x0801240d   Thumb Code    12  tasks.o(.text)
    xTaskCheckForTimeOut                     0x08012419   Thumb Code   110  tasks.o(.text)
    vTaskMissedYield                         0x08012487   Thumb Code     8  tasks.o(.text)
    uxTaskGetTaskNumber                      0x0801248f   Thumb Code     8  tasks.o(.text)
    vTaskSetTaskNumber                       0x08012497   Thumb Code     8  tasks.o(.text)
    xTaskGetCurrentTaskHandle                0x0801249f   Thumb Code     6  tasks.o(.text)
    xTaskPriorityInherit                     0x080124a5   Thumb Code   140  tasks.o(.text)
    xTaskPriorityDisinherit                  0x08012531   Thumb Code   144  tasks.o(.text)
    vTaskPriorityDisinheritAfterTimeout      0x080125c1   Thumb Code   162  tasks.o(.text)
    uxTaskResetEventItemValue                0x08012663   Thumb Code    20  tasks.o(.text)
    pvTaskIncrementMutexHeldCount            0x08012677   Thumb Code    18  tasks.o(.text)
    ulTaskNotifyTake                         0x08012689   Thumb Code    96  tasks.o(.text)
    xTaskNotifyWait                          0x080126e9   Thumb Code   128  tasks.o(.text)
    xTaskGenericNotify                       0x08012769   Thumb Code   202  tasks.o(.text)
    xTaskGenericNotifyFromISR                0x08012833   Thumb Code   226  tasks.o(.text)
    vTaskNotifyGiveFromISR                   0x08012915   Thumb Code   170  tasks.o(.text)
    xTaskNotifyStateClear                    0x080129bf   Thumb Code    44  tasks.o(.text)
    pxPortInitialiseStack                    0x08012ae9   Thumb Code    40  port.o(.text)
    vPortSetupTimerInterrupt                 0x08012b11   Thumb Code    32  port.o(.text)
    xPortStartScheduler                      0x08012b31   Thumb Code   224  port.o(.text)
    vPortEndScheduler                        0x08012c11   Thumb Code    28  port.o(.text)
    vPortEnterCritical                       0x08012c2d   Thumb Code    56  port.o(.text)
    vPortExitCritical                        0x08012c65   Thumb Code    34  port.o(.text)
    xPortSysTickHandler                      0x08012c87   Thumb Code    40  port.o(.text)
    vPortValidateInterruptPriority           0x08012caf   Thumb Code    76  port.o(.text)
    pvPortMalloc                             0x08012d19   Thumb Code   170  heap_2.o(.text)
    vPortFree                                0x08012dc3   Thumb Code    56  heap_2.o(.text)
    xPortGetFreeHeapSize                     0x08012dfb   Thumb Code     6  heap_2.o(.text)
    vPortInitialiseBlocks                    0x08012e01   Thumb Code     2  heap_2.o(.text)
    Reset_Handler                            0x08012e11   Thumb Code     8  startup_stm32f4xx.o(.text)
    ADC_IRQHandler                           0x08012e2b   Thumb Code     0  startup_stm32f4xx.o(.text)
    CAN1_RX0_IRQHandler                      0x08012e2b   Thumb Code     0  startup_stm32f4xx.o(.text)
    CAN1_RX1_IRQHandler                      0x08012e2b   Thumb Code     0  startup_stm32f4xx.o(.text)
    CAN1_SCE_IRQHandler                      0x08012e2b   Thumb Code     0  startup_stm32f4xx.o(.text)
    CAN1_TX_IRQHandler                       0x08012e2b   Thumb Code     0  startup_stm32f4xx.o(.text)
    CAN2_RX0_IRQHandler                      0x08012e2b   Thumb Code     0  startup_stm32f4xx.o(.text)
    CAN2_RX1_IRQHandler                      0x08012e2b   Thumb Code     0  startup_stm32f4xx.o(.text)
    CAN2_SCE_IRQHandler                      0x08012e2b   Thumb Code     0  startup_stm32f4xx.o(.text)
    CAN2_TX_IRQHandler                       0x08012e2b   Thumb Code     0  startup_stm32f4xx.o(.text)
    CRYP_IRQHandler                          0x08012e2b   Thumb Code     0  startup_stm32f4xx.o(.text)
    DCMI_IRQHandler                          0x08012e2b   Thumb Code     0  startup_stm32f4xx.o(.text)
    DMA1_Stream0_IRQHandler                  0x08012e2b   Thumb Code     0  startup_stm32f4xx.o(.text)
    DMA1_Stream1_IRQHandler                  0x08012e2b   Thumb Code     0  startup_stm32f4xx.o(.text)
    DMA1_Stream2_IRQHandler                  0x08012e2b   Thumb Code     0  startup_stm32f4xx.o(.text)
    DMA1_Stream3_IRQHandler                  0x08012e2b   Thumb Code     0  startup_stm32f4xx.o(.text)
    DMA1_Stream4_IRQHandler                  0x08012e2b   Thumb Code     0  startup_stm32f4xx.o(.text)
    DMA1_Stream5_IRQHandler                  0x08012e2b   Thumb Code     0  startup_stm32f4xx.o(.text)
    DMA1_Stream6_IRQHandler                  0x08012e2b   Thumb Code     0  startup_stm32f4xx.o(.text)
    DMA1_Stream7_IRQHandler                  0x08012e2b   Thumb Code     0  startup_stm32f4xx.o(.text)
    DMA2_Stream0_IRQHandler                  0x08012e2b   Thumb Code     0  startup_stm32f4xx.o(.text)
    DMA2_Stream1_IRQHandler                  0x08012e2b   Thumb Code     0  startup_stm32f4xx.o(.text)
    DMA2_Stream2_IRQHandler                  0x08012e2b   Thumb Code     0  startup_stm32f4xx.o(.text)
    DMA2_Stream3_IRQHandler                  0x08012e2b   Thumb Code     0  startup_stm32f4xx.o(.text)
    DMA2_Stream4_IRQHandler                  0x08012e2b   Thumb Code     0  startup_stm32f4xx.o(.text)
    DMA2_Stream5_IRQHandler                  0x08012e2b   Thumb Code     0  startup_stm32f4xx.o(.text)
    DMA2_Stream6_IRQHandler                  0x08012e2b   Thumb Code     0  startup_stm32f4xx.o(.text)
    DMA2_Stream7_IRQHandler                  0x08012e2b   Thumb Code     0  startup_stm32f4xx.o(.text)
    ETH_WKUP_IRQHandler                      0x08012e2b   Thumb Code     0  startup_stm32f4xx.o(.text)
    EXTI0_IRQHandler                         0x08012e2b   Thumb Code     0  startup_stm32f4xx.o(.text)
    EXTI15_10_IRQHandler                     0x08012e2b   Thumb Code     0  startup_stm32f4xx.o(.text)
    EXTI1_IRQHandler                         0x08012e2b   Thumb Code     0  startup_stm32f4xx.o(.text)
    EXTI2_IRQHandler                         0x08012e2b   Thumb Code     0  startup_stm32f4xx.o(.text)
    EXTI3_IRQHandler                         0x08012e2b   Thumb Code     0  startup_stm32f4xx.o(.text)
    EXTI4_IRQHandler                         0x08012e2b   Thumb Code     0  startup_stm32f4xx.o(.text)
    EXTI9_5_IRQHandler                       0x08012e2b   Thumb Code     0  startup_stm32f4xx.o(.text)
    FLASH_IRQHandler                         0x08012e2b   Thumb Code     0  startup_stm32f4xx.o(.text)
    FPU_IRQHandler                           0x08012e2b   Thumb Code     0  startup_stm32f4xx.o(.text)
    FSMC_IRQHandler                          0x08012e2b   Thumb Code     0  startup_stm32f4xx.o(.text)
    HASH_RNG_IRQHandler                      0x08012e2b   Thumb Code     0  startup_stm32f4xx.o(.text)
    I2C1_ER_IRQHandler                       0x08012e2b   Thumb Code     0  startup_stm32f4xx.o(.text)
    I2C1_EV_IRQHandler                       0x08012e2b   Thumb Code     0  startup_stm32f4xx.o(.text)
    I2C2_ER_IRQHandler                       0x08012e2b   Thumb Code     0  startup_stm32f4xx.o(.text)
    I2C2_EV_IRQHandler                       0x08012e2b   Thumb Code     0  startup_stm32f4xx.o(.text)
    I2C3_ER_IRQHandler                       0x08012e2b   Thumb Code     0  startup_stm32f4xx.o(.text)
    I2C3_EV_IRQHandler                       0x08012e2b   Thumb Code     0  startup_stm32f4xx.o(.text)
    OTG_FS_IRQHandler                        0x08012e2b   Thumb Code     0  startup_stm32f4xx.o(.text)
    OTG_FS_WKUP_IRQHandler                   0x08012e2b   Thumb Code     0  startup_stm32f4xx.o(.text)
    OTG_HS_EP1_IN_IRQHandler                 0x08012e2b   Thumb Code     0  startup_stm32f4xx.o(.text)
    OTG_HS_EP1_OUT_IRQHandler                0x08012e2b   Thumb Code     0  startup_stm32f4xx.o(.text)
    OTG_HS_IRQHandler                        0x08012e2b   Thumb Code     0  startup_stm32f4xx.o(.text)
    OTG_HS_WKUP_IRQHandler                   0x08012e2b   Thumb Code     0  startup_stm32f4xx.o(.text)
    PVD_IRQHandler                           0x08012e2b   Thumb Code     0  startup_stm32f4xx.o(.text)
    RCC_IRQHandler                           0x08012e2b   Thumb Code     0  startup_stm32f4xx.o(.text)
    RTC_Alarm_IRQHandler                     0x08012e2b   Thumb Code     0  startup_stm32f4xx.o(.text)
    RTC_WKUP_IRQHandler                      0x08012e2b   Thumb Code     0  startup_stm32f4xx.o(.text)
    SDIO_IRQHandler                          0x08012e2b   Thumb Code     0  startup_stm32f4xx.o(.text)
    SPI1_IRQHandler                          0x08012e2b   Thumb Code     0  startup_stm32f4xx.o(.text)
    SPI2_IRQHandler                          0x08012e2b   Thumb Code     0  startup_stm32f4xx.o(.text)
    SPI3_IRQHandler                          0x08012e2b   Thumb Code     0  startup_stm32f4xx.o(.text)
    TAMP_STAMP_IRQHandler                    0x08012e2b   Thumb Code     0  startup_stm32f4xx.o(.text)
    TIM1_BRK_TIM9_IRQHandler                 0x08012e2b   Thumb Code     0  startup_stm32f4xx.o(.text)
    TIM1_CC_IRQHandler                       0x08012e2b   Thumb Code     0  startup_stm32f4xx.o(.text)
    TIM1_TRG_COM_TIM11_IRQHandler            0x08012e2b   Thumb Code     0  startup_stm32f4xx.o(.text)
    TIM1_UP_TIM10_IRQHandler                 0x08012e2b   Thumb Code     0  startup_stm32f4xx.o(.text)
    TIM4_IRQHandler                          0x08012e2b   Thumb Code     0  startup_stm32f4xx.o(.text)
    TIM5_IRQHandler                          0x08012e2b   Thumb Code     0  startup_stm32f4xx.o(.text)
    TIM6_DAC_IRQHandler                      0x08012e2b   Thumb Code     0  startup_stm32f4xx.o(.text)
    TIM7_IRQHandler                          0x08012e2b   Thumb Code     0  startup_stm32f4xx.o(.text)
    TIM8_BRK_TIM12_IRQHandler                0x08012e2b   Thumb Code     0  startup_stm32f4xx.o(.text)
    TIM8_CC_IRQHandler                       0x08012e2b   Thumb Code     0  startup_stm32f4xx.o(.text)
    TIM8_TRG_COM_TIM14_IRQHandler            0x08012e2b   Thumb Code     0  startup_stm32f4xx.o(.text)
    TIM8_UP_TIM13_IRQHandler                 0x08012e2b   Thumb Code     0  startup_stm32f4xx.o(.text)
    UART5_IRQHandler                         0x08012e2b   Thumb Code     0  startup_stm32f4xx.o(.text)
    USART1_IRQHandler                        0x08012e2b   Thumb Code     0  startup_stm32f4xx.o(.text)
    WWDG_IRQHandler                          0x08012e2b   Thumb Code     0  startup_stm32f4xx.o(.text)
    eMBInit                                  0x08012e35   Thumb Code    14  tcp_mb.o(.text)
    eMBTCPInit                               0x08012e43   Thumb Code    60  tcp_mb.o(.text)
    eMBRegisterCB                            0x08012e7f   Thumb Code   106  tcp_mb.o(.text)
    eMBClose                                 0x08012ee9   Thumb Code    28  tcp_mb.o(.text)
    eMBEnable                                0x08012f05   Thumb Code    28  tcp_mb.o(.text)
    eMBDisable                               0x08012f21   Thumb Code    28  tcp_mb.o(.text)
    eMBPoll                                  0x08012f3d   Thumb Code   172  tcp_mb.o(.text)
    eMBTCPDoInit                             0x08013001   Thumb Code    16  mbtcp.o(.text)
    eMBTCPStart                              0x08013011   Thumb Code     2  mbtcp.o(.text)
    eMBTCPStop                               0x08013013   Thumb Code     4  mbtcp.o(.text)
    eMBTCPReceive                            0x08013017   Thumb Code    58  mbtcp.o(.text)
    eMBTCPSend                               0x08013051   Thumb Code    30  mbtcp.o(.text)
    prvvMBPortReleaseClient                  0x08013071   Thumb Code   104  port_tcp.o(.text)
    xMBTCPPortInit                           0x080131f3   Thumb Code    76  port_tcp.o(.text)
    vMBTCPPortClose                          0x0801323f   Thumb Code    18  port_tcp.o(.text)
    vMBTCPPortDisable                        0x08013251   Thumb Code     6  port_tcp.o(.text)
    xMBTCPPortGetRequest                     0x08013257   Thumb Code    18  port_tcp.o(.text)
    xMBTCPPortSendResponse                   0x08013269   Thumb Code    54  port_tcp.o(.text)
    xMBPortEventInit                         0x080133dd   Thumb Code    10  portevent_tcp.o(.text)
    xMBPortEventPost                         0x080133e7   Thumb Code    12  portevent_tcp.o(.text)
    xMBPortEventGet                          0x080133f3   Thumb Code    24  portevent_tcp.o(.text)
    vMBPortLog                               0x08013411   Thumb Code    32  portother_tcp.o(.text)
    prvvMBTCPLogFrame                        0x08013431   Thumb Code   158  portother_tcp.o(.text)
    __aeabi_memcpy                           0x08013541   Thumb Code    36  memcpya.o(.text)
    __aeabi_memcpy4                          0x08013541   Thumb Code     0  memcpya.o(.text)
    __aeabi_memcpy8                          0x08013541   Thumb Code     0  memcpya.o(.text)
    __aeabi_memset                           0x08013565   Thumb Code    14  memseta.o(.text)
    __aeabi_memset4                          0x08013565   Thumb Code     0  memseta.o(.text)
    __aeabi_memset8                          0x08013565   Thumb Code     0  memseta.o(.text)
    __aeabi_memclr                           0x08013573   Thumb Code     4  memseta.o(.text)
    __aeabi_memclr4                          0x08013573   Thumb Code     0  memseta.o(.text)
    __aeabi_memclr8                          0x08013573   Thumb Code     0  memseta.o(.text)
    memset                                   0x08013577   Thumb Code    18  memseta.o(.text)
    strcat                                   0x08013589   Thumb Code    24  strcat.o(.text)
    strstr                                   0x080135a1   Thumb Code    36  strstr.o(.text)
    strlen                                   0x080135c5   Thumb Code    14  strlen.o(.text)
    strcmp                                   0x080135d3   Thumb Code    28  strcmp.o(.text)
    memcmp                                   0x080135ef   Thumb Code    26  memcmp.o(.text)
    strncat                                  0x08013609   Thumb Code    40  strncat.o(.text)
    strcpy                                   0x08013631   Thumb Code    18  strcpy.o(.text)
    strncmp                                  0x08013643   Thumb Code    30  strncmp.o(.text)
    strpbrk                                  0x08013661   Thumb Code    32  strpbrk.o(.text)
    atoi                                     0x08013681   Thumb Code    26  atoi.o(.text)
    __aeabi_cdrcmple                         0x0801369d   Thumb Code    48  cdrcmple.o(.text)
    __aeabi_uidiv                            0x080136cd   Thumb Code     0  uidiv.o(.text)
    __aeabi_uidivmod                         0x080136cd   Thumb Code    44  uidiv.o(.text)
    __aeabi_uldivmod                         0x080136f9   Thumb Code    98  uldiv.o(.text)
    strtol                                   0x0801375b   Thumb Code   112  strtol.o(.text)
    __I$use$fp                               0x080137cb   Thumb Code     0  iusefp.o(.text)
    _double_round                            0x080137cb   Thumb Code    30  depilogue.o(.text)
    _double_epilogue                         0x080137e9   Thumb Code   156  depilogue.o(.text)
    __aeabi_dadd                             0x08013885   Thumb Code   322  dadd.o(.text)
    __aeabi_dsub                             0x080139c7   Thumb Code     6  dadd.o(.text)
    __aeabi_drsub                            0x080139cd   Thumb Code     6  dadd.o(.text)
    __aeabi_dmul                             0x080139d3   Thumb Code   228  dmul.o(.text)
    __aeabi_ddiv                             0x08013ab7   Thumb Code   222  ddiv.o(.text)
    __aeabi_d2ulz                            0x08013b95   Thumb Code    48  dfixul.o(.text)
    __scatterload                            0x08013bc5   Thumb Code    28  init.o(.text)
    __scatterload_rt2                        0x08013bc5   Thumb Code     0  init.o(.text)
    __aeabi_llsl                             0x08013be9   Thumb Code    30  llshl.o(.text)
    _ll_shift_l                              0x08013be9   Thumb Code     0  llshl.o(.text)
    __aeabi_llsr                             0x08013c07   Thumb Code    32  llushr.o(.text)
    _ll_ushift_r                             0x08013c07   Thumb Code     0  llushr.o(.text)
    __aeabi_lasr                             0x08013c27   Thumb Code    36  llsshr.o(.text)
    _ll_sshift_r                             0x08013c27   Thumb Code     0  llsshr.o(.text)
    __rt_ctype_table                         0x08013c4d   Thumb Code     4  ctype_o.o(.text)
    _strtoul                                 0x08013c55   Thumb Code   158  _strtoul.o(.text)
    _chval                                   0x08013cf3   Thumb Code    28  _chval.o(.text)
    __decompress                             0x08013d0f   Thumb Code     0  __dczerorl2.o(.text)
    __decompress1                            0x08013d0f   Thumb Code    86  __dczerorl2.o(.text)
    __0printf                                0x08013d65   Thumb Code    22  printfa.o(i.__0printf)
    __1printf                                0x08013d65   Thumb Code     0  printfa.o(i.__0printf)
    __2printf$full                           0x08013d65   Thumb Code     0  printfa.o(i.__0printf)
    __c89printf                              0x08013d65   Thumb Code     0  printfa.o(i.__0printf)
    printf                                   0x08013d65   Thumb Code     0  printfa.o(i.__0printf)
    __0printf$8                              0x08013d85   Thumb Code    22  printf8.o(i.__0printf$8)
    __1printf$8                              0x08013d85   Thumb Code     0  printf8.o(i.__0printf$8)
    __2printf                                0x08013d85   Thumb Code     0  printf8.o(i.__0printf$8)
    __0snprintf$8                            0x08013da5   Thumb Code    44  printf8.o(i.__0snprintf$8)
    __1snprintf$8                            0x08013da5   Thumb Code     0  printf8.o(i.__0snprintf$8)
    __2snprintf                              0x08013da5   Thumb Code     0  printf8.o(i.__0snprintf$8)
    __0sprintf$8                             0x08013dd5   Thumb Code    34  printf8.o(i.__0sprintf$8)
    __1sprintf$8                             0x08013dd5   Thumb Code     0  printf8.o(i.__0sprintf$8)
    __2sprintf                               0x08013dd5   Thumb Code     0  printf8.o(i.__0sprintf$8)
    __0vprintf                               0x08013dfd   Thumb Code     8  printfa.o(i.__0vprintf)
    __1vprintf                               0x08013dfd   Thumb Code     0  printfa.o(i.__0vprintf)
    __2vprintf                               0x08013dfd   Thumb Code     0  printfa.o(i.__0vprintf)
    __c89vprintf                             0x08013dfd   Thumb Code     0  printfa.o(i.__0vprintf)
    vprintf                                  0x08013dfd   Thumb Code     0  printfa.o(i.__0vprintf)
    __aeabi_errno_addr                       0x08013e0d   Thumb Code     4  errno.o(i.__aeabi_errno_addr)
    __rt_errno_addr                          0x08013e0d   Thumb Code     0  errno.o(i.__aeabi_errno_addr)
    __scatterload_copy                       0x08013e15   Thumb Code    14  handlers.o(i.__scatterload_copy)
    __scatterload_null                       0x08013e23   Thumb Code     2  handlers.o(i.__scatterload_null)
    __scatterload_zeroinit                   0x08013e25   Thumb Code    14  handlers.o(i.__scatterload_zeroinit)
    file__common_js                          0x0801cf6c   Data          20  fs.o(.constdata)
    file__style_css                          0x0801cf80   Data          20  fs.o(.constdata)
    file__404_html                           0x0801cf94   Data          20  fs.o(.constdata)
    file__reboot_html                        0x0801cfa8   Data          20  fs.o(.constdata)
    file__maintain_html                      0x0801cfbc   Data          20  fs.o(.constdata)
    file__hostconfig_html                    0x0801cfd0   Data          20  fs.o(.constdata)
    file__lanconfig_html                     0x0801cfe4   Data          20  fs.o(.constdata)
    file__portconfig_html                    0x0801cff8   Data          20  fs.o(.constdata)
    file__index_html                         0x0801d00c   Data          20  fs.o(.constdata)
    file__login_html                         0x0801d020   Data          20  fs.o(.constdata)
    tcp_persist_backoff                      0x0801d384   Data           7  tcp.o(.constdata)
    tcp_backoff                              0x0801d38b   Data          13  tcp.o(.constdata)
    ip_addr_any                              0x0801d398   Data           4  ip_addr.o(.constdata)
    ip_addr_broadcast                        0x0801d39c   Data           4  ip_addr.o(.constdata)
    ethbroadcast                             0x0801d3a0   Data           6  etharp.o(.constdata)
    ethzero                                  0x0801d3a6   Data           6  etharp.o(.constdata)
    BUTTON_PORT_SOURCE                       0x0801d3b0   Data           1  stm32f4_discovery.o(.constdata)
    BUTTON_PIN_SOURCE                        0x0801d3b1   Data           1  stm32f4_discovery.o(.constdata)
    BUTTON_IRQn                              0x0801d3b2   Data           1  stm32f4_discovery.o(.constdata)
    BUTTON_PIN                               0x0801d3b4   Data           2  stm32f4_discovery.o(.constdata)
    BUTTON_EXTI_LINE                         0x0801d3b6   Data           2  stm32f4_discovery.o(.constdata)
    BUTTON_CLK                               0x0801d3b8   Data           4  stm32f4_discovery.o(.constdata)
    COM_TX_PIN                               0x0801d3bc   Data           4  stm32f4_discovery.o(.constdata)
    COM_RX_PIN                               0x0801d3c0   Data           4  stm32f4_discovery.o(.constdata)
    COM_TX_PIN_SOURCE                        0x0801d3c4   Data           4  stm32f4_discovery.o(.constdata)
    COM_RX_PIN_SOURCE                        0x0801d3c8   Data           4  stm32f4_discovery.o(.constdata)
    COM_TX_AF                                0x0801d3cc   Data           4  stm32f4_discovery.o(.constdata)
    COM_RX_AF                                0x0801d3d0   Data           4  stm32f4_discovery.o(.constdata)
    COM_USART_CLK                            0x0801d3d4   Data           8  stm32f4_discovery.o(.constdata)
    COM_TX_PORT_CLK                          0x0801d3dc   Data           8  stm32f4_discovery.o(.constdata)
    COM_RX_PORT_CLK                          0x0801d3e4   Data           8  stm32f4_discovery.o(.constdata)
    GPIO_PIN                                 0x0801d3ec   Data          10  stm32f4_discovery.o(.constdata)
    GPIO_CLK                                 0x0801d3f8   Data          20  stm32f4_discovery.o(.constdata)
    __ctype_table                            0x0801d40c   Data         129  ctype_o.o(.constdata)
    Region$$Table$$Base                      0x0801d588   Number         0  anon$$obj.o(Region$$Table)
    Region$$Table$$Limit                     0x0801d5a8   Number         0  anon$$obj.o(Region$$Table)
    ucFlashUpdate                            0x20000000   Data           1  main.o(.data)
    xQueuemessage                            0x20000004   Data           4  main.o(.data)
    xQueueState                              0x20000008   Data           4  main.o(.data)
    SystemCoreClock                          0x2000000c   Data           4  system_stm32f4xx.o(.data)
    AHBPrescTable                            0x20000010   Data          16  system_stm32f4xx.o(.data)
    ucIP                                     0x20000020   Data           4  netconf.o(.data)
    ucGW                                     0x20000024   Data           4  netconf.o(.data)
    ucNM                                     0x20000028   Data           4  netconf.o(.data)
    EthInitStatus                            0x20000030   Data           4  stm32f4x7_eth_bsp.o(.data)
    EthEnable                                0x20000034   Data           4  stm32f4x7_eth_bsp.o(.data)
    ucReadProgram                            0x20000048   Data           1  api_server.o(.data)
    ucWriteProgram                           0x20000049   Data           1  api_server.o(.data)
    ucSystemReboot                           0x2000004a   Data           1  api_server.o(.data)
    pxMasterFrameCBByteReceived              0x2000007c   Data           4  rs485bus_m.o(.data)
    pxMasterFrameCBTransmitterEmpty          0x20000080   Data           4  rs485bus_m.o(.data)
    pxMasterPortCBTimerExpired               0x20000084   Data           4  rs485bus_m.o(.data)
    netif_list                               0x20000118   Data           4  netif.o(.data)
    netif_default                            0x2000011c   Data           4  netif.o(.data)
    tcp_ticks                                0x2000012c   Data           4  tcp.o(.data)
    tcp_bound_pcbs                           0x20000130   Data           4  tcp.o(.data)
    tcp_listen_pcbs                          0x20000134   Data           4  tcp.o(.data)
    tcp_active_pcbs                          0x20000138   Data           4  tcp.o(.data)
    tcp_tw_pcbs                              0x2000013c   Data           4  tcp.o(.data)
    tcp_tmp_pcb                              0x20000140   Data           4  tcp.o(.data)
    tcp_state_str                            0x20000144   Data          44  tcp.o(.data)
    tcp_input_pcb                            0x20000188   Data           4  tcp_in.o(.data)
    udp_pcbs                                 0x2000018c   Data           4  udp.o(.data)
    current_netif                            0x20000194   Data           4  ip.o(.data)
    current_header                           0x20000198   Data           4  ip.o(.data)
    s_xSemaphore                             0x200001a4   Data           4  ethernetif.o(.data)
    __stdout                                 0x200001b8   Data           4  stm32f4xx_uartstdio.o(.data)
    BUTTON_PORT                              0x200001bc   Data           4  stm32f4_discovery.o(.data)
    COM_USART                                0x200001c0   Data           8  stm32f4_discovery.o(.data)
    COM_TX_PORT                              0x200001c8   Data           8  stm32f4_discovery.o(.data)
    COM_RX_PORT                              0x200001d0   Data           8  stm32f4_discovery.o(.data)
    GPIO_PORT                                0x200001d8   Data          20  stm32f4_discovery.o(.data)
    DMATxDescToSet                           0x200001ec   Data           4  stm32f4x7_eth.o(.data)
    DMARxDescToGet                           0x200001f0   Data           4  stm32f4x7_eth.o(.data)
    DMA_RX_FRAME_infos                       0x200001f4   Data           4  stm32f4x7_eth.o(.data)
    pxCurrentTCB                             0x20000208   Data           4  tasks.o(.data)
    ip_lan                                   0x200002ac   Data          16  main.o(.bss)
    user                                     0x200002bc   Data          24  main.o(.bss)
    host                                     0x200002d4   Data         104  main.o(.bss)
    CTport                                   0x2000033c   Data         124  main.o(.bss)
    xnetif                                   0x200003b8   Data          60  netconf.o(.bss)
    fs_memory                                0x200003f4   Data         240  fs.o(.bss)
    numberpackage                            0x20000504   Data          12  mqttclienttask.o(.bss)
    DMARxDscrTab                             0x20005dc4   Data         160  stm32f4x7_eth.o(.bss)
    DMATxDscrTab                             0x20005e64   Data         160  stm32f4x7_eth.o(.bss)
    Rx_Buff                                  0x20005f04   Data        7620  stm32f4x7_eth.o(.bss)
    Tx_Buff                                  0x20007cc8   Data        7620  stm32f4x7_eth.o(.bss)
    RX_Frame_Descriptor                      0x20009a8c   Data          12  stm32f4x7_eth.o(.bss)
    xQueueRegistry                           0x20009a98   Data          64  queue.o(.bss)
    __initial_sp                             0x2001e1f0   Data           0  startup_stm32f4xx.o(STACK)



==============================================================================

Memory Map of the image

  Image Entry point : 0x08000189

  Load Region LR_IROM1 (Base: 0x08000000, Size: 0x0001d854, Max: 0x00020000, ABSOLUTE, COMPRESSED[0x0001d638])

    Execution Region ER_IROM1 (Exec base: 0x08000000, Load base: 0x08000000, Size: 0x0001d5a8, Max: 0x00020000, ABSOLUTE)

    Exec Addr    Load Addr    Size         Type   Attr      Idx    E Section Name        Object

    0x08000000   0x08000000   0x00000188   Data   RO         2461    RESET               startup_stm32f4xx.o
    0x08000188   0x08000188   0x00000000   Code   RO         2586  * .ARM.Collect$$$$00000000  mc_w.l(entry.o)
    0x08000188   0x08000188   0x00000004   Code   RO         2886    .ARM.Collect$$$$00000001  mc_w.l(entry2.o)
    0x0800018c   0x0800018c   0x00000004   Code   RO         2889    .ARM.Collect$$$$00000004  mc_w.l(entry5.o)
    0x08000190   0x08000190   0x00000000   Code   RO         2891    .ARM.Collect$$$$00000008  mc_w.l(entry7b.o)
    0x08000190   0x08000190   0x00000000   Code   RO         2893    .ARM.Collect$$$$0000000A  mc_w.l(entry8b.o)
    0x08000190   0x08000190   0x00000008   Code   RO         2894    .ARM.Collect$$$$0000000B  mc_w.l(entry9a.o)
    0x08000198   0x08000198   0x00000000   Code   RO         2896    .ARM.Collect$$$$0000000D  mc_w.l(entry10a.o)
    0x08000198   0x08000198   0x00000000   Code   RO         2898    .ARM.Collect$$$$0000000F  mc_w.l(entry11a.o)
    0x08000198   0x08000198   0x00000004   Code   RO         2887    .ARM.Collect$$$$00002712  mc_w.l(entry2.o)
    0x0800019c   0x0800019c   0x000000be   Code   RO         2373    .emb_text           port.o
    0x0800025a   0x0800025a   0x00000002   PAD
    0x0800025c   0x0800025c   0x00000a38   Code   RO            2    .text               main.o
    0x08000c94   0x08000c94   0x00000180   Code   RO          335    .text               system_stm32f4xx.o
    0x08000e14   0x08000e14   0x00000078   Code   RO          361    .text               stm32f4xx_it.o
    0x08000e8c   0x08000e8c   0x000001a4   Code   RO          405    .text               netconf.o
    0x08001030   0x08001030   0x000002f0   Code   RO          485    .text               stm32f4x7_eth_bsp.o
    0x08001320   0x08001320   0x000000d8   Code   RO          507    .text               fs.o
    0x080013f8   0x080013f8   0x00000f34   Code   RO          552    .text               httpserver-socket.o
    0x0800232c   0x0800232c   0x00000150   Code   RO          600    .text               miscellaneous.o
    0x0800247c   0x0800247c   0x00000c84   Code   RO          634    .text               api_server.o
    0x08003100   0x08003100   0x00000a08   Code   RO          662    .text               mqttclienttask.o
    0x08003b08   0x08003b08   0x000000dc   Code   RO          720    .text               key_scan.o
    0x08003be4   0x08003be4   0x000000c8   Code   RO          737    .text               keyscan_task.o
    0x08003cac   0x08003cac   0x00000098   Code   RO          754    .text               rs485bus_task_m.o
    0x08003d44   0x08003d44   0x000000bc   Code   RO          803    .text               tcpmbbus_task.o
    0x08003e00   0x08003e00   0x0000078c   Code   RO          833    .text               mqttclient.o
    0x0800458c   0x0800458c   0x000001b0   Code   RO          850    .text               mqttfreertos.o
    0x0800473c   0x0800473c   0x00000224   Code   RO          863    .text               mqttconnectclient.o
    0x08004960   0x08004960   0x000000d4   Code   RO          887    .text               mqttdeserializepublish.o
    0x08004a34   0x08004a34   0x000002fc   Code   RO          915    .text               mqttpacket.o
    0x08004d30   0x08004d30   0x00000116   Code   RO          930    .text               mqttserializepublish.o
    0x08004e46   0x08004e46   0x00000134   Code   RO          943    .text               mqttsubscribeclient.o
    0x08004f7a   0x08004f7a   0x000000ce   Code   RO          968    .text               mqttunsubscribeclient.o
    0x08005048   0x08005048   0x0000002c   Code   RO          993    .text               rs485crc.o
    0x08005074   0x08005074   0x00000280   Code   RO         1035    .text               rs485bus_m.o
    0x080052f4   0x080052f4   0x00000348   Code   RO         1064    .text               rs485rtu_m.o
    0x0800563c   0x0800563c   0x0000006c   Code   RO         1085    .text               rs485funcperiodicping_m.o
    0x080056a8   0x080056a8   0x0000038c   Code   RO         1120    .text               portserial_m.o
    0x08005a34   0x08005a34   0x0000020c   Code   RO         1148    .text               porttimer_m.o
    0x08005c40   0x08005c40   0x000000a4   Code   RO         1175    .text               user_rs485_app_m.o
    0x08005ce4   0x08005ce4   0x00000140   Code   RO         1192    .text               portevent_m.o
    0x08005e24   0x08005e24   0x00000110   Code   RO         1297    .text               mbfuncholding_m.o
    0x08005f34   0x08005f34   0x00000300   Code   RO         1310    .text               api_lib.o
    0x08006234   0x08006234   0x000008bc   Code   RO         1346    .text               api_msg.o
    0x08006af0   0x08006af0   0x0000012e   Code   RO         1376    .text               netbuf.o
    0x08006c1e   0x08006c1e   0x00000002   PAD
    0x08006c20   0x08006c20   0x00000d3c   Code   RO         1403    .text               sockets.o
    0x0800795c   0x0800795c   0x000002f0   Code   RO         1419    .text               tcpip.o
    0x08007c4c   0x08007c4c   0x00000e1c   Code   RO         1466    .text               dhcp.o
    0x08008a68   0x08008a68   0x0000001a   Code   RO         1488    .text               init.o
    0x08008a82   0x08008a82   0x00000002   PAD
    0x08008a84   0x08008a84   0x00000278   Code   RO         1517    .text               mem.o
    0x08008cfc   0x08008cfc   0x00000088   Code   RO         1532    .text               memp.o
    0x08008d84   0x08008d84   0x00000190   Code   RO         1561    .text               netif.o
    0x08008f14   0x08008f14   0x000003e8   Code   RO         1584    .text               pbuf.o
    0x080092fc   0x080092fc   0x00000160   Code   RO         1600    .text               raw.o
    0x0800945c   0x0800945c   0x000001d8   Code   RO         1620    .text               sys.o
    0x08009634   0x08009634   0x0000091c   Code   RO         1641    .text               tcp.o
    0x08009f50   0x08009f50   0x00000c54   Code   RO         1663    .text               tcp_in.o
    0x0800aba4   0x0800aba4   0x000008f4   Code   RO         1686    .text               tcp_out.o
    0x0800b498   0x0800b498   0x0000033c   Code   RO         1698    .text               udp.o
    0x0800b7d4   0x0800b7d4   0x000002ec   Code   RO         1728    .text               autoip.o
    0x0800bac0   0x0800bac0   0x0000017a   Code   RO         1740    .text               icmp.o
    0x0800bc3a   0x0800bc3a   0x00000002   PAD
    0x0800bc3c   0x0800bc3c   0x0000016c   Code   RO         1758    .text               inet.o
    0x0800bda8   0x0800bda8   0x00000118   Code   RO         1772    .text               inet_chksum.o
    0x0800bec0   0x0800bec0   0x000002b0   Code   RO         1784    .text               ip.o
    0x0800c170   0x0800c170   0x00000030   Code   RO         1802    .text               ip_addr.o
    0x0800c1a0   0x0800c1a0   0x00000580   Code   RO         1831    .text               etharp.o
    0x0800c720   0x0800c720   0x00000240   Code   RO         1868    .text               ethernetif.o
    0x0800c960   0x0800c960   0x000001c4   Code   RO         1887    .text               sys_arch.o
    0x0800cb24   0x0800cb24   0x00000574   Code   RO         1906    .text               stm32f4xx_uartstdio.o
    0x0800d098   0x0800d098   0x000004cc   Code   RO         1968    .text               stm32f4_discovery.o
    0x0800d564   0x0800d564   0x00000ae4   Code   RO         2015    .text               stm32f4x7_eth.o
    0x0800e048   0x0800e048   0x00000338   Code   RO         2041    .text               stm32f4xx_usart.o
    0x0800e380   0x0800e380   0x000000b0   Code   RO         2057    .text               misc.o
    0x0800e430   0x0800e430   0x00000354   Code   RO         2073    .text               stm32f4xx_adc.o
    0x0800e784   0x0800e784   0x00000320   Code   RO         2089    .text               stm32f4xx_dma.o
    0x0800eaa4   0x0800eaa4   0x000000e8   Code   RO         2105    .text               stm32f4xx_exti.o
    0x0800eb8c   0x0800eb8c   0x000001ec   Code   RO         2137    .text               stm32f4xx_gpio.o
    0x0800ed78   0x0800ed78   0x000003dc   Code   RO         2153    .text               stm32f4xx_rcc.o
    0x0800f154   0x0800f154   0x00000078   Code   RO         2171    .text               stm32f4xx_syscfg.o
    0x0800f1cc   0x0800f1cc   0x000001b8   Code   RO         2187    .text               stm32f4xx_sdio.o
    0x0800f384   0x0800f384   0x000009dc   Code   RO         2203    .text               stm32f4xx_tim.o
    0x0800fd60   0x0800fd60   0x00000390   Code   RO         2236    .text               stm32f4xx_flash.o
    0x080100f0   0x080100f0   0x00000a4c   Code   RO         2269    .text               stm32f4xx_rtc.o
    0x08010b3c   0x08010b3c   0x000000d0   Code   RO         2286    .text               stm32f4xx_pwr.o
    0x08010c0c   0x08010c0c   0x0000008a   Code   RO         2310    .text               list.o
    0x08010c96   0x08010c96   0x00000002   PAD
    0x08010c98   0x08010c98   0x00000b40   Code   RO         2322    .text               queue.o
    0x080117d8   0x080117d8   0x000012ec   Code   RO         2350    .text               tasks.o
    0x08012ac4   0x08012ac4   0x00000254   Code   RO         2374    .text               port.o
    0x08012d18   0x08012d18   0x000000f8   Code   RO         2404    .text               heap_2.o
    0x08012e10   0x08012e10   0x00000024   Code   RO         2462    .text               startup_stm32f4xx.o
    0x08012e34   0x08012e34   0x000001cc   Code   RO         2466    .text               tcp_mb.o
    0x08013000   0x08013000   0x0000006e   Code   RO         2505    .text               mbtcp.o
    0x0801306e   0x0801306e   0x00000002   PAD
    0x08013070   0x08013070   0x0000036c   Code   RO         2521    .text               port_tcp.o
    0x080133dc   0x080133dc   0x00000034   Code   RO         2546    .text               portevent_tcp.o
    0x08013410   0x08013410   0x00000130   Code   RO         2560    .text               portother_tcp.o
    0x08013540   0x08013540   0x00000024   Code   RO         2589    .text               mc_w.l(memcpya.o)
    0x08013564   0x08013564   0x00000024   Code   RO         2593    .text               mc_w.l(memseta.o)
    0x08013588   0x08013588   0x00000018   Code   RO         2595    .text               mc_w.l(strcat.o)
    0x080135a0   0x080135a0   0x00000024   Code   RO         2597    .text               mc_w.l(strstr.o)
    0x080135c4   0x080135c4   0x0000000e   Code   RO         2599    .text               mc_w.l(strlen.o)
    0x080135d2   0x080135d2   0x0000001c   Code   RO         2601    .text               mc_w.l(strcmp.o)
    0x080135ee   0x080135ee   0x0000001a   Code   RO         2603    .text               mc_w.l(memcmp.o)
    0x08013608   0x08013608   0x00000028   Code   RO         2605    .text               mc_w.l(strncat.o)
    0x08013630   0x08013630   0x00000012   Code   RO         2607    .text               mc_w.l(strcpy.o)
    0x08013642   0x08013642   0x0000001e   Code   RO         2609    .text               mc_w.l(strncmp.o)
    0x08013660   0x08013660   0x00000020   Code   RO         2611    .text               mc_w.l(strpbrk.o)
    0x08013680   0x08013680   0x0000001a   Code   RO         2876    .text               mc_w.l(atoi.o)
    0x0801369a   0x0801369a   0x00000002   PAD
    0x0801369c   0x0801369c   0x00000030   Code   RO         2884    .text               mf_w.l(cdrcmple.o)
    0x080136cc   0x080136cc   0x0000002c   Code   RO         2900    .text               mc_w.l(uidiv.o)
    0x080136f8   0x080136f8   0x00000062   Code   RO         2902    .text               mc_w.l(uldiv.o)
    0x0801375a   0x0801375a   0x00000070   Code   RO         2911    .text               mc_w.l(strtol.o)
    0x080137ca   0x080137ca   0x00000000   Code   RO         2913    .text               mc_w.l(iusefp.o)
    0x080137ca   0x080137ca   0x000000ba   Code   RO         2914    .text               mf_w.l(depilogue.o)
    0x08013884   0x08013884   0x0000014e   Code   RO         2916    .text               mf_w.l(dadd.o)
    0x080139d2   0x080139d2   0x000000e4   Code   RO         2918    .text               mf_w.l(dmul.o)
    0x08013ab6   0x08013ab6   0x000000de   Code   RO         2920    .text               mf_w.l(ddiv.o)
    0x08013b94   0x08013b94   0x00000030   Code   RO         2922    .text               mf_w.l(dfixul.o)
    0x08013bc4   0x08013bc4   0x00000024   Code   RO         2924    .text               mc_w.l(init.o)
    0x08013be8   0x08013be8   0x0000001e   Code   RO         2926    .text               mc_w.l(llshl.o)
    0x08013c06   0x08013c06   0x00000020   Code   RO         2928    .text               mc_w.l(llushr.o)
    0x08013c26   0x08013c26   0x00000024   Code   RO         2930    .text               mc_w.l(llsshr.o)
    0x08013c4a   0x08013c4a   0x00000002   PAD
    0x08013c4c   0x08013c4c   0x00000008   Code   RO         2932    .text               mc_w.l(ctype_o.o)
    0x08013c54   0x08013c54   0x0000009e   Code   RO         2960    .text               mc_w.l(_strtoul.o)
    0x08013cf2   0x08013cf2   0x0000001c   Code   RO         2962    .text               mc_w.l(_chval.o)
    0x08013d0e   0x08013d0e   0x00000056   Code   RO         2972    .text               mc_w.l(__dczerorl2.o)
    0x08013d64   0x08013d64   0x00000020   Code   RO         2848    i.__0printf         mc_w.l(printfa.o)
    0x08013d84   0x08013d84   0x00000020   Code   RO         2822    i.__0printf$8       mc_w.l(printf8.o)
    0x08013da4   0x08013da4   0x00000030   Code   RO         2823    i.__0snprintf$8     mc_w.l(printf8.o)
    0x08013dd4   0x08013dd4   0x00000028   Code   RO         2824    i.__0sprintf$8      mc_w.l(printf8.o)
    0x08013dfc   0x08013dfc   0x00000010   Code   RO         2852    i.__0vprintf        mc_w.l(printfa.o)
    0x08013e0c   0x08013e0c   0x00000008   Code   RO         2904    i.__aeabi_errno_addr  mc_w.l(errno.o)
    0x08013e14   0x08013e14   0x0000000e   Code   RO         2966    i.__scatterload_copy  mc_w.l(handlers.o)
    0x08013e22   0x08013e22   0x00000002   Code   RO         2967    i.__scatterload_null  mc_w.l(handlers.o)
    0x08013e24   0x08013e24   0x0000000e   Code   RO         2968    i.__scatterload_zeroinit  mc_w.l(handlers.o)
    0x08013e32   0x08013e32   0x00000002   PAD
    0x08013e34   0x08013e34   0x00000184   Code   RO         2855    i._fp_digits        mc_w.l(printfa.o)
    0x08013fb8   0x08013fb8   0x00000410   Code   RO         2829    i._printf_core      mc_w.l(printf8.o)
    0x080143c8   0x080143c8   0x000006dc   Code   RO         2856    i._printf_core      mc_w.l(printfa.o)
    0x08014aa4   0x08014aa4   0x00000024   Code   RO         2830    i._printf_post_padding  mc_w.l(printf8.o)
    0x08014ac8   0x08014ac8   0x00000024   Code   RO         2857    i._printf_post_padding  mc_w.l(printfa.o)
    0x08014aec   0x08014aec   0x0000002e   Code   RO         2831    i._printf_pre_padding  mc_w.l(printf8.o)
    0x08014b1a   0x08014b1a   0x0000002e   Code   RO         2858    i._printf_pre_padding  mc_w.l(printfa.o)
    0x08014b48   0x08014b48   0x00000016   Code   RO         2832    i._snputc           mc_w.l(printf8.o)
    0x08014b5e   0x08014b5e   0x0000000a   Code   RO         2833    i._sputc            mc_w.l(printf8.o)
    0x08014b68   0x08014b68   0x000004db   Data   RO          509    .constdata          fs.o
    0x08015043   0x08015043   0x00001108   Data   RO          510    .constdata          fs.o
    0x0801614b   0x0801614b   0x00000ea4   Data   RO          511    .constdata          fs.o
    0x08016fef   0x08016fef   0x0000110a   Data   RO          512    .constdata          fs.o
    0x080180f9   0x080180f9   0x00001019   Data   RO          513    .constdata          fs.o
    0x08019112   0x08019112   0x000010f3   Data   RO          514    .constdata          fs.o
    0x0801a205   0x0801a205   0x0000024a   Data   RO          515    .constdata          fs.o
    0x0801a44f   0x0801a44f   0x00000cc3   Data   RO          516    .constdata          fs.o
    0x0801b112   0x0801b112   0x000000c0   Data   RO          517    .constdata          fs.o
    0x0801b1d2   0x0801b1d2   0x00001d9a   Data   RO          518    .constdata          fs.o
    0x0801cf6c   0x0801cf6c   0x00000014   Data   RO          519    .constdata          fs.o
    0x0801cf80   0x0801cf80   0x00000014   Data   RO          520    .constdata          fs.o
    0x0801cf94   0x0801cf94   0x00000014   Data   RO          521    .constdata          fs.o
    0x0801cfa8   0x0801cfa8   0x00000014   Data   RO          522    .constdata          fs.o
    0x0801cfbc   0x0801cfbc   0x00000014   Data   RO          523    .constdata          fs.o
    0x0801cfd0   0x0801cfd0   0x00000014   Data   RO          524    .constdata          fs.o
    0x0801cfe4   0x0801cfe4   0x00000014   Data   RO          525    .constdata          fs.o
    0x0801cff8   0x0801cff8   0x00000014   Data   RO          526    .constdata          fs.o
    0x0801d00c   0x0801d00c   0x00000014   Data   RO          527    .constdata          fs.o
    0x0801d020   0x0801d020   0x00000014   Data   RO          528    .constdata          fs.o
    0x0801d034   0x0801d034   0x00000032   Data   RO          554    .constdata          httpserver-socket.o
    0x0801d066   0x0801d066   0x00000002   PAD
    0x0801d068   0x0801d068   0x00000058   Data   RO          664    .constdata          mqttclienttask.o
    0x0801d0c0   0x0801d0c0   0x00000058   Data   RO          834    .constdata          mqttclient.o
    0x0801d118   0x0801d118   0x00000200   Data   RO          994    .constdata          rs485crc.o
    0x0801d318   0x0801d318   0x0000003c   Data   RO         1405    .constdata          sockets.o
    0x0801d354   0x0801d354   0x00000030   Data   RO         1534    .constdata          memp.o
    0x0801d384   0x0801d384   0x00000014   Data   RO         1642    .constdata          tcp.o
    0x0801d398   0x0801d398   0x00000004   Data   RO         1803    .constdata          ip_addr.o
    0x0801d39c   0x0801d39c   0x00000004   Data   RO         1804    .constdata          ip_addr.o
    0x0801d3a0   0x0801d3a0   0x0000000c   Data   RO         1833    .constdata          etharp.o
    0x0801d3ac   0x0801d3ac   0x00000004   Data   RO         1907    .constdata          stm32f4xx_uartstdio.o
    0x0801d3b0   0x0801d3b0   0x0000005c   Data   RO         1969    .constdata          stm32f4_discovery.o
    0x0801d40c   0x0801d40c   0x00000081   Data   RO         2933    .constdata          mc_w.l(ctype_o.o)
    0x0801d48d   0x0801d48d   0x00000003   PAD
    0x0801d490   0x0801d490   0x00000004   Data   RO         2934    .constdata          mc_w.l(ctype_o.o)
    0x0801d494   0x0801d494   0x00000046   Data   RO            5    .conststring        main.o
    0x0801d4da   0x0801d4da   0x00000002   PAD
    0x0801d4dc   0x0801d4dc   0x00000075   Data   RO         1643    .conststring        tcp.o
    0x0801d551   0x0801d551   0x00000003   PAD
    0x0801d554   0x0801d554   0x00000011   Data   RO         1908    .conststring        stm32f4xx_uartstdio.o
    0x0801d565   0x0801d565   0x00000003   PAD
    0x0801d568   0x0801d568   0x0000001e   Data   RO         2562    .conststring        portother_tcp.o
    0x0801d586   0x0801d586   0x00000002   PAD
    0x0801d588   0x0801d588   0x00000020   Data   RO         2964    Region$$Table       anon$$obj.o


    Execution Region RW_IRAM1 (Exec base: 0x20000000, Load base: 0x0801d5a8, Size: 0x0001e1f0, Max: 0x00020000, ABSOLUTE, COMPRESSED[0x00000090])

    Exec Addr    Load Addr    Size         Type   Attr      Idx    E Section Name        Object

    0x20000000   COMPRESSED   0x0000000c   Data   RW            6    .data               main.o
    0x2000000c   COMPRESSED   0x00000014   Data   RW          336    .data               system_stm32f4xx.o
    0x20000020   COMPRESSED   0x0000000c   Data   RW          407    .data               netconf.o
    0x2000002c   COMPRESSED   0x0000000c   Data   RW          486    .data               stm32f4x7_eth_bsp.o
    0x20000038   COMPRESSED   0x00000010   Data   RW          556    .data               httpserver-socket.o
    0x20000048   COMPRESSED   0x00000003   Data   RW          635    .data               api_server.o
    0x2000004b   COMPRESSED   0x00000001   PAD
    0x2000004c   COMPRESSED   0x00000004   Data   RW          916    .data               mqttpacket.o
    0x20000050   COMPRESSED   0x00000060   Data   RW         1036    .data               rs485bus_m.o
    0x200000b0   COMPRESSED   0x00000028   Data   RW         1066    .data               rs485rtu_m.o
    0x200000d8   COMPRESSED   0x00000004   Data   RW         1121    .data               portserial_m.o
    0x200000dc   COMPRESSED   0x00000004   Data   RW         1150    .data               porttimer_m.o
    0x200000e0   COMPRESSED   0x00000004   Data   RW         1194    .data               portevent_m.o
    0x200000e4   COMPRESSED   0x0000000c   Data   RW         1406    .data               sockets.o
    0x200000f0   COMPRESSED   0x00000010   Data   RW         1420    .data               tcpip.o
    0x20000100   COMPRESSED   0x00000004   Data   RW         1467    .data               dhcp.o
    0x20000104   COMPRESSED   0x00000010   Data   RW         1519    .data               mem.o
    0x20000114   COMPRESSED   0x0000000c   Data   RW         1562    .data               netif.o
    0x20000120   COMPRESSED   0x00000004   Data   RW         1601    .data               raw.o
    0x20000124   COMPRESSED   0x0000004c   Data   RW         1644    .data               tcp.o
    0x20000170   COMPRESSED   0x0000001c   Data   RW         1665    .data               tcp_in.o
    0x2000018c   COMPRESSED   0x00000004   Data   RW         1699    .data               udp.o
    0x20000190   COMPRESSED   0x0000000c   Data   RW         1785    .data               ip.o
    0x2000019c   COMPRESSED   0x00000001   Data   RW         1834    .data               etharp.o
    0x2000019d   COMPRESSED   0x00000003   PAD
    0x200001a0   COMPRESSED   0x0000000c   Data   RW         1869    .data               ethernetif.o
    0x200001ac   COMPRESSED   0x00000002   Data   RW         1889    .data               sys_arch.o
    0x200001ae   COMPRESSED   0x00000002   PAD
    0x200001b0   COMPRESSED   0x00000008   Data   RW         1909    .data               stm32f4xx_uartstdio.o
    0x200001b8   COMPRESSED   0x00000004   Data   RW         1910    .data               stm32f4xx_uartstdio.o
    0x200001bc   COMPRESSED   0x00000030   Data   RW         1970    .data               stm32f4_discovery.o
    0x200001ec   COMPRESSED   0x0000000c   Data   RW         2021    .data               stm32f4x7_eth.o
    0x200001f8   COMPRESSED   0x00000010   Data   RW         2154    .data               stm32f4xx_rcc.o
    0x20000208   COMPRESSED   0x0000003c   Data   RW         2352    .data               tasks.o
    0x20000244   COMPRESSED   0x0000000c   Data   RW         2375    .data               port.o
    0x20000250   COMPRESSED   0x00000018   Data   RW         2406    .data               heap_2.o
    0x20000268   COMPRESSED   0x00000020   Data   RW         2468    .data               tcp_mb.o
    0x20000288   COMPRESSED   0x0000000c   Data   RW         2523    .data               port_tcp.o
    0x20000294   COMPRESSED   0x00000002   Data   RW         2547    .data               portevent_tcp.o
    0x20000296   COMPRESSED   0x00000002   PAD
    0x20000298   COMPRESSED   0x00000010   Data   RW         2563    .data               portother_tcp.o
    0x200002a8   COMPRESSED   0x00000004   Data   RW         2907    .data               mc_w.l(errno.o)
    0x200002ac        -       0x0000010c   Zero   RW            3    .bss                main.o
    0x200003b8        -       0x0000003c   Zero   RW          406    .bss                netconf.o
    0x200003f4        -       0x000000f0   Zero   RW          508    .bss                fs.o
    0x200004e4        -       0x00000020   Zero   RW          601    .bss                miscellaneous.o
    0x20000504        -       0x0000000c   Zero   RW          663    .bss                mqttclienttask.o
    0x20000510        -       0x00000804   Zero   RW         1065    .bss                rs485rtu_m.o
    0x20000d14        -       0x00000010   Zero   RW         1149    .bss                porttimer_m.o
    0x20000d24        -       0x00000010   Zero   RW         1193    .bss                portevent_m.o
    0x20000d34        -       0x00000050   Zero   RW         1404    .bss                sockets.o
    0x20000d84        -       0x00001414   Zero   RW         1518    .bss                mem.o
    0x20002198        -       0x00003b37   Zero   RW         1533    .bss                memp.o
    0x20005ccf   COMPRESSED   0x00000001   PAD
    0x20005cd0        -       0x00000014   Zero   RW         1664    .bss                tcp_in.o
    0x20005ce4        -       0x00000010   Zero   RW         1759    .bss                inet.o
    0x20005cf4        -       0x000000a0   Zero   RW         1832    .bss                etharp.o
    0x20005d94        -       0x00000030   Zero   RW         1888    .bss                sys_arch.o
    0x20005dc4        -       0x000000a0   Zero   RW         2016    .bss                stm32f4x7_eth.o
    0x20005e64        -       0x000000a0   Zero   RW         2017    .bss                stm32f4x7_eth.o
    0x20005f04        -       0x00001dc4   Zero   RW         2018    .bss                stm32f4x7_eth.o
    0x20007cc8        -       0x00001dc4   Zero   RW         2019    .bss                stm32f4x7_eth.o
    0x20009a8c        -       0x0000000c   Zero   RW         2020    .bss                stm32f4x7_eth.o
    0x20009a98        -       0x00000040   Zero   RW         2323    .bss                queue.o
    0x20009ad8        -       0x00000190   Zero   RW         2351    .bss                tasks.o
    0x20009c68        -       0x00014000   Zero   RW         2405    .bss                heap_2.o
    0x2001dc68        -       0x00000080   Zero   RW         2467    .bss                tcp_mb.o
    0x2001dce8        -       0x00000107   Zero   RW         2522    .bss                port_tcp.o
    0x2001ddef        -       0x00000200   Zero   RW         2561    .bss                portother_tcp.o
    0x2001dfef   COMPRESSED   0x00000001   PAD
    0x2001dff0        -       0x00000200   Zero   RW         2459    STACK               startup_stm32f4xx.o


==============================================================================

Image component sizes


      Code (inc. data)   RO Data    RW Data    ZI Data      Debug   Object Name

       768         46          0          0          0      20388   api_lib.o
      2236         36          0          0          0       9167   api_msg.o
      3204        488          0          3          0       8233   api_server.o
       748         32          0          0          0       4450   autoip.o
      3612         46          0          4          0      12809   dhcp.o
      1408         20         12          1        160       9664   etharp.o
       576         68          0         12          0       4194   ethernetif.o
       216         10      33996          0        240       5617   fs.o
       248         14          0         24      81920       3556   heap_2.o
      3892       1358         50         16          0      13098   httpserver-socket.o
       378          0          0          0          0       2335   icmp.o
       364         12          0          0         16       3490   inet.o
       280          0          0          0          0       2882   inet_chksum.o
        26          0          0          0          0       1911   init.o
       688         12          0         12          0       6310   ip.o
        48          0          8          0          0       5837   ip_addr.o
       220         12          0          0          0       2138   key_scan.o
       200         58          0          0          0       1009   keyscan_task.o
       138          0          0          0          0       2134   list.o
      2616        730         70         12        268     419203   main.o
       272        100          0          0          0       4168   mbfuncholding_m.o
       110          0          0          0          0       3296   mbtcp.o
       632          8          0         16       5140       4042   mem.o
       136          8         48          0      15159       2738   memp.o
       176         12          0          0          0       2245   misc.o
       336         50          0          0         32       3377   miscellaneous.o
      1932         20         88          0          0      14885   mqttclient.o
      2568        688         88          0         12      10418   mqttclienttask.o
       548         18          0          0          0       3554   mqttconnectclient.o
       212          0          0          0          0       2174   mqttdeserializepublish.o
       432         12          0          0          0       4537   mqttfreertos.o
       764          8          0          4          0       6866   mqttpacket.o
       278          0          0          0          0       3472   mqttserializepublish.o
       308          0          0          0          0       2913   mqttsubscribeclient.o
       206          0          0          0          0       2543   mqttunsubscribeclient.o
       302          0          0          0          0       3473   netbuf.o
       420         38          0         12         60      13357   netconf.o
       400         14          0         12          0       6018   netif.o
      1000          0          0          0          0       6622   pbuf.o
       786         46          0         12          0       9485   port.o
       876        318          0         12        263       5191   port_tcp.o
       320         10          0          4         16       4052   portevent_m.o
        52          6          0          2          0       1884   portevent_tcp.o
       304        124         30         16        512       3341   portother_tcp.o
       908         52          0          4          0       5946   portserial_m.o
       524         20          0          4         16       3566   porttimer_m.o
      2880         12          0          0         64      27183   queue.o
       352          6          0          4          0       3877   raw.o
       640         32          0         96          0       8242   rs485bus_m.o
       152         24          0          0          0       1864   rs485bus_task_m.o
        44          6        512          0          0       1523   rs485crc.o
       108         22          0          0          0       2063   rs485funcperiodicping_m.o
       840         22          0         40       2052       6369   rs485rtu_m.o
         0          0          0          0          0       1452   rs485utils.o
      3388         50         60         12         80      15807   sockets.o
        36          8        392          0        512        852   startup_stm32f4xx.o
      1228         68         92         48          0       6237   stm32f4_discovery.o
      2788         84          0         12      15572      21563   stm32f4x7_eth.o
       752         60          0         12          0       3314   stm32f4x7_eth_bsp.o
       852         20          0          0          0      11218   stm32f4xx_adc.o
       800         32          0          0          0       7265   stm32f4xx_dma.o
       232          8          0          0          0       2751   stm32f4xx_exti.o
       912         20          0          0          0       7703   stm32f4xx_flash.o
       492         36          0          0          0       4749   stm32f4xx_gpio.o
       120         12          0          0          0      10713   stm32f4xx_it.o
       208         12          0          0          0       2784   stm32f4xx_pwr.o
       988         42          0         16          0      11807   stm32f4xx_rcc.o
      2636         48          0          0          0      16542   stm32f4xx_rtc.o
       440         14          0          0          0       7832   stm32f4xx_sdio.o
       120         18          0          0          0       1863   stm32f4xx_syscfg.o
      2524         52          0          0          0      24298   stm32f4xx_tim.o
      1396         72         21         12          0       7468   stm32f4xx_uartstdio.o
       824         24          0          0          0       8564   stm32f4xx_usart.o
       472          4          0          0          0       3616   sys.o
       452          8          0          2         48       5482   sys_arch.o
       384         40          0         20          0       2099   system_stm32f4xx.o
      4844        104          0         60        400      27721   tasks.o
      2332         46        137         76          0      19118   tcp.o
      3156         64          0         28         20      13716   tcp_in.o
       460         24          0         32        128       7013   tcp_mb.o
      2292         12          0          0          0       7634   tcp_out.o
       752         60          0         16          0      15457   tcpip.o
       188         78          0          0          0       1615   tcpmbbus_task.o
       828          8          0          4          0      14377   udp.o
       164          4          0          0          0       3150   user_rs485_app_m.o

    ----------------------------------------------------------------------
     78756       5750      35648        680     122692    1019489   Object Totals
         0          0         32          0          0          0   (incl. Generated)
        12          0         12          8          2          0   (incl. Padding)

    ----------------------------------------------------------------------

      Code (inc. data)   RO Data    RW Data    ZI Data      Debug   Library Member Name

        86          0          0          0          0          0   __dczerorl2.o
        28          0          0          0          0         68   _chval.o
       158          0          0          0          0         92   _strtoul.o
        26          0          0          0          0         80   atoi.o
         8          4        133          0          0         68   ctype_o.o
         0          0          0          0          0          0   entry.o
         0          0          0          0          0          0   entry10a.o
         0          0          0          0          0          0   entry11a.o
         8          4          0          0          0          0   entry2.o
         4          0          0          0          0          0   entry5.o
         0          0          0          0          0          0   entry7b.o
         0          0          0          0          0          0   entry8b.o
         8          4          0          0          0          0   entry9a.o
         8          4          0          4          0         68   errno.o
        30          0          0          0          0          0   handlers.o
        36          8          0          0          0         68   init.o
         0          0          0          0          0          0   iusefp.o
        30          0          0          0          0         68   llshl.o
        36          0          0          0          0         68   llsshr.o
        32          0          0          0          0         68   llushr.o
        26          0          0          0          0         80   memcmp.o
        36          0          0          0          0         68   memcpya.o
        36          0          0          0          0        108   memseta.o
      1274         64          0          0          0        656   printf8.o
      2274         98          0          0          0        520   printfa.o
        24          0          0          0          0         68   strcat.o
        28          0          0          0          0         76   strcmp.o
        18          0          0          0          0         68   strcpy.o
        14          0          0          0          0         68   strlen.o
        40          0          0          0          0         76   strncat.o
        30          0          0          0          0         80   strncmp.o
        32          0          0          0          0         76   strpbrk.o
        36          0          0          0          0         80   strstr.o
       112          0          0          0          0         88   strtol.o
        44          0          0          0          0         80   uidiv.o
        98          0          0          0          0         92   uldiv.o
        48          0          0          0          0         68   cdrcmple.o
       334          0          0          0          0        148   dadd.o
       222          0          0          0          0        100   ddiv.o
       186          0          0          0          0        176   depilogue.o
        48          0          0          0          0         68   dfixul.o
       228          0          0          0          0         96   dmul.o

    ----------------------------------------------------------------------
      5692        186        136          4          0       3588   Library Totals
         6          0          3          0          0          0   (incl. Padding)

    ----------------------------------------------------------------------

      Code (inc. data)   RO Data    RW Data    ZI Data      Debug   Library Name

      4620        186        133          4          0       2932   mc_w.l
      1066          0          0          0          0        656   mf_w.l

    ----------------------------------------------------------------------
      5692        186        136          4          0       3588   Library Totals

    ----------------------------------------------------------------------

==============================================================================


      Code (inc. data)   RO Data    RW Data    ZI Data      Debug   

     84448       5936      35784        684     122692    1001733   Grand Totals
     84448       5936      35784        144     122692    1001733   ELF Image Totals (compressed)
     84448       5936      35784        144          0          0   ROM Totals

==============================================================================

    Total RO  Size (Code + RO Data)               120232 ( 117.41kB)
    Total RW  Size (RW Data + ZI Data)            123376 ( 120.48kB)
    Total ROM Size (Code + RO Data + RW Data)     120376 ( 117.55kB)

==============================================================================

