<html>
<body>
<pre>
<h1>µVision Build Log</h1>
<h2>Tool Versions:</h2>
IDE-Version: µVision V5.28.0.0
Copyright (C) 2019 ARM Ltd and ARM Germany GmbH. All rights reserved.
License Information: Nguyen Tam, BKU, LIC=EXJHL-03VNN-3M89Q-NRDEC-X3RT3-PKMMD
 
Tool Versions:
Toolchain:       MDK-ARM Plus  Version: 5.28.0.0
Toolchain Path:  C:\Keil_v5\ARM\ARMCC\Bin
C Compiler:      Armcc.exe V5.06 update 6 (build 750)
Assembler:       Armasm.exe V5.06 update 6 (build 750)
Linker/Locator:  ArmLink.exe V5.06 update 6 (build 750)
Library Manager: ArmAr.exe V5.06 update 6 (build 750)
Hex Converter:   FromElf.exe V5.06 update 6 (build 750)
CPU DLL:         SARMCM3.DLL V5.28.0.0
Dialog DLL:      DCM.DLL V1.17.3.0
Target DLL:      STLink\ST-LINKIII-KEIL_SWO.dll V3.0.6.0
Dialog DLL:      TCM.DLL V1.36.2.0
 
<h2>Project:</h2>
E:\LVTN\AccessControllerBoard\16_Controller\06_code\STM32F4xx_v2_mqtt_22_04_2019\Project\MDK-ARM\Project.uvprojx
Project File Date:  03/19/2020

<h2>Output:</h2>
*** Using Compiler 'V5.06 update 6 (build 750)', folder: 'C:\Keil_v5\ARM\ARMCC\Bin'
Build target 'Master'
compiling TCPMBbus_task.c...
..\..\Utilities\RS485_BUS\Interface\include\rs485port.h(105): warning:  #1295-D: Deprecated declaration xPortEventInit - give arg types
  BOOL xPortEventInit();
..\..\Utilities\RS485_BUS\Interface\include\rs485port.h(111): warning:  #1295-D: Deprecated declaration xMasterPortEventInit - give arg types
  BOOL xMasterPortEventInit();
..\..\Utilities\RS485_BUS\Interface\include\rs485frame.h(53): warning:  #9-D: nested comment is not allowed
  /*!
..\src\TCPMBbus_task.c(66): warning:  #550-D: variable "rc"  was set but never used
  	int rc = 0;
..\src\TCPMBbus_task.c: 4 warnings, 0 errors
linking...
Program Size: Code=84268 RO-data=35784 RW-data=684 ZI-data=122692  
FromELF: creating hex file...
".\Discover-More\Project.axf" - 0 Error(s), 4 Warning(s).

<h2>Software Packages used:</h2>

Package Vendor: Keil
                http://www.keil.com/pack/Keil.STM32F4xx_DFP.2.14.0.pack
                Keil.STM32F4xx_DFP.2.14.0
                STMicroelectronics STM32F4 Series Device Support, Drivers and Examples

<h2>Collection of Component include folders:</h2>
  .\RTE\_Master
  C:\Users\NguyenThanhTam\AppData\Local\Arm\Packs\Keil\STM32F4xx_DFP\2.14.0\Drivers\CMSIS\Device\ST\STM32F4xx\Include

<h2>Collection of Component Files used:</h2>
Build Time Elapsed:  00:00:02
</pre>
</body>
</html>
