Component: ARM Compiler 5.06 update 6 (build 750) Tool: armlink [4d35ed]

==============================================================================

Section Cross References

    main.o(.text) refers to tasks.o(.text) for vTaskDelay
    main.o(.text) refers to printf8.o(i.__0printf$8) for __2printf
    main.o(.text) refers to strcpy.o(.text) for strcpy
    main.o(.text) refers to api_server.o(.text) for Flash_Write_Information
    main.o(.text) refers to stm32f4_discovery.o(.text) for STM_EVAL_LEDOn
    main.o(.text) refers to stm32f4x7_eth_bsp.o(.text) for ETH_Disable
    main.o(.text) refers to queue.o(.text) for xQueueReceive
    main.o(.text) refers to mqttclienttask.o(.text) for vStartMQTTTasks
    main.o(.text) refers to main.o(.bss) for .bss
    main.o(.text) refers to main.o(.data) for .data
    main.o(.text) refers to main.o(.conststring) for .conststring
    main.o(.text) refers to stm32f4xx_rtc.o(.text) for RTC_WriteProtectionCmd
    main.o(.text) refers to stm32f4xx_rcc.o(.text) for RCC_APB1PeriphClockCmd
    main.o(.text) refers to stm32f4xx_pwr.o(.text) for PWR_BackupAccessCmd
    main.o(.text) refers to stm32f4xx_gpio.o(.text) for GPIO_Init
    main.o(.text) refers to stm32f4xx_uartstdio.o(.text) for UARTstdio_Configuration
    main.o(.text) refers to netconf.o(.text) for LwIP_Init
    main.o(.text) refers to keyscan_task.o(.text) for vStartKeyScanTasks
    main.o(.text) refers to httpserver-socket.o(.text) for http_server_socket_init
    main.o(.text) refers to tcpmbbus_task.o(.text) for vStartTCPMBTasks
    main.o(.text) refers to rs485bus_task_m.o(.text) for vStartRS485busMasterTasks
    main.o(.text) refers to heap_2.o(.text) for xPortGetFreeHeapSize
    system_stm32f4xx.o(.text) refers to system_stm32f4xx.o(.data) for .data
    stm32f4xx_it.o(.text) refers to port.o(.text) for xPortSysTickHandler
    stm32f4xx_it.o(.text) refers to stm32f4x7_eth.o(.text) for ETH_GetDMAFlagStatus
    stm32f4xx_it.o(.text) refers to queue.o(.text) for xQueueGiveFromISR
    stm32f4xx_it.o(.text) refers to stm32f4xx_tim.o(.text) for TIM_ClearITPendingBit
    stm32f4xx_it.o(.text) refers to ethernetif.o(.data) for s_xSemaphore
    netconf.o(.text) refers to tcpip.o(.text) for tcpip_init
    netconf.o(.text) refers to inet.o(.text) for htonl
    netconf.o(.text) refers to netif.o(.text) for netif_add
    netconf.o(.text) refers to tasks.o(.text) for xTaskGetHandle
    netconf.o(.text) refers to queue.o(.text) for xQueuePeek
    netconf.o(.text) refers to dhcp.o(.text) for dhcp_start
    netconf.o(.text) refers to netconf.o(.data) for .data
    netconf.o(.text) refers to ethernetif.o(.text) for ethernetif_init
    netconf.o(.text) refers to netconf.o(.bss) for .bss
    netconf.o(.text) refers to main.o(.data) for xQueueState
    stm32f4x7_eth_bsp.o(.text) refers to stm32f4x7_eth.o(.text) for ETH_StructInit
    stm32f4x7_eth_bsp.o(.text) refers to stm32f4xx_rcc.o(.text) for RCC_AHB1PeriphClockCmd
    stm32f4x7_eth_bsp.o(.text) refers to stm32f4xx_syscfg.o(.text) for SYSCFG_ETH_MediaInterfaceConfig
    stm32f4x7_eth_bsp.o(.text) refers to stm32f4xx_gpio.o(.text) for GPIO_Init
    stm32f4x7_eth_bsp.o(.text) refers to misc.o(.text) for NVIC_PriorityGroupConfig
    stm32f4x7_eth_bsp.o(.text) refers to queue.o(.text) for xQueuePeek
    stm32f4x7_eth_bsp.o(.text) refers to tasks.o(.text) for xTaskGetHandle
    stm32f4x7_eth_bsp.o(.text) refers to stm32f4x7_eth_bsp.o(.data) for .data
    stm32f4x7_eth_bsp.o(.text) refers to main.o(.data) for xQueueState
    stm32f4x7_eth_bsp.o(.text) refers to main.o(.bss) for ip_lan
    stm32f4x7_eth_bsp.o(.text) refers to netconf.o(.text) for LwIP_DHCP_task
    fs.o(.text) refers to strcmp.o(.text) for strcmp
    fs.o(.text) refers to memcpya.o(.text) for __aeabi_memcpy
    fs.o(.text) refers to fs.o(.bss) for .bss
    fs.o(.text) refers to fs.o(.constdata) for .constdata
    fs.o(.constdata) refers to fs.o(.constdata) for data__script_common_js
    fs.o(.constdata) refers to fs.o(.constdata) for file__common_js
    fs.o(.constdata) refers to fs.o(.constdata) for data__style_css
    fs.o(.constdata) refers to fs.o(.constdata) for file__style_css
    fs.o(.constdata) refers to fs.o(.constdata) for data__404_html
    fs.o(.constdata) refers to fs.o(.constdata) for file__404_html
    fs.o(.constdata) refers to fs.o(.constdata) for data__reboot_html
    fs.o(.constdata) refers to fs.o(.constdata) for file__reboot_html
    fs.o(.constdata) refers to fs.o(.constdata) for data__maintain_html
    fs.o(.constdata) refers to fs.o(.constdata) for file__maintain_html
    fs.o(.constdata) refers to fs.o(.constdata) for data__hostconfig_html
    fs.o(.constdata) refers to fs.o(.constdata) for file__hostconfig_html
    fs.o(.constdata) refers to fs.o(.constdata) for data__lanconfig_html
    fs.o(.constdata) refers to fs.o(.constdata) for file__lanconfig_html
    fs.o(.constdata) refers to fs.o(.constdata) for data__portconfig_html
[...]
    SDIO_DeInit                              0x0800f2ed   Thumb Code    24  stm32f4xx_sdio.o(.text)
    SDIO_Init                                0x0800f305   Thumb Code    40  stm32f4xx_sdio.o(.text)
    SDIO_StructInit                          0x0800f32d   Thumb Code    16  stm32f4xx_sdio.o(.text)
    SDIO_ClockCmd                            0x0800f33d   Thumb Code     8  stm32f4xx_sdio.o(.text)
    SDIO_SetPowerState                       0x0800f345   Thumb Code     8  stm32f4xx_sdio.o(.text)
    SDIO_GetPowerState                       0x0800f34d   Thumb Code    12  stm32f4xx_sdio.o(.text)
    SDIO_SendCommand                         0x0800f359   Thumb Code    38  stm32f4xx_sdio.o(.text)
    SDIO_CmdStructInit                       0x0800f37f   Thumb Code    14  stm32f4xx_sdio.o(.text)
    SDIO_GetCommandResponse                  0x0800f38d   Thumb Code    10  stm32f4xx_sdio.o(.text)
    SDIO_GetResponse                         0x0800f397   Thumb Code    14  stm32f4xx_sdio.o(.text)
    SDIO_DataConfig                          0x0800f3a5   Thumb Code    44  stm32f4xx_sdio.o(.text)
    SDIO_DataStructInit                      0x0800f3d1   Thumb Code    20  stm32f4xx_sdio.o(.text)
    SDIO_GetDataCounter                      0x0800f3e5   Thumb Code     8  stm32f4xx_sdio.o(.text)
    SDIO_ReadData                            0x0800f3ed   Thumb Code     8  stm32f4xx_sdio.o(.text)
    SDIO_WriteData                           0x0800f3f5   Thumb Code     8  stm32f4xx_sdio.o(.text)
    SDIO_GetFIFOCount                        0x0800f3fd   Thumb Code     8  stm32f4xx_sdio.o(.text)
    SDIO_StartSDIOReadWait                   0x0800f405   Thumb Code     6  stm32f4xx_sdio.o(.text)
    SDIO_StopSDIOReadWait                    0x0800f40b   Thumb Code     8  stm32f4xx_sdio.o(.text)
    SDIO_SetSDIOReadWaitMode                 0x0800f413   Thumb Code     8  stm32f4xx_sdio.o(.text)
    SDIO_SetSDIOOperation                    0x0800f41b   Thumb Code     8  stm32f4xx_sdio.o(.text)
    SDIO_SendSDIOSuspendCmd                  0x0800f423   Thumb Code     8  stm32f4xx_sdio.o(.text)
    SDIO_CommandCompletionCmd                0x0800f42b   Thumb Code     8  stm32f4xx_sdio.o(.text)
    SDIO_CEATAITCmd                          0x0800f433   Thumb Code    12  stm32f4xx_sdio.o(.text)
    SDIO_SendCEATACmd                        0x0800f43f   Thumb Code     8  stm32f4xx_sdio.o(.text)
    SDIO_DMACmd                              0x0800f447   Thumb Code     8  stm32f4xx_sdio.o(.text)
    SDIO_ITConfig                            0x0800f44f   Thumb Code    20  stm32f4xx_sdio.o(.text)
    SDIO_GetFlagStatus                       0x0800f463   Thumb Code    18  stm32f4xx_sdio.o(.text)
    SDIO_ClearFlag                           0x0800f475   Thumb Code     8  stm32f4xx_sdio.o(.text)
    SDIO_GetITStatus                         0x0800f47d   Thumb Code    18  stm32f4xx_sdio.o(.text)
    SDIO_ClearITPendingBit                   0x0800f48f   Thumb Code     8  stm32f4xx_sdio.o(.text)
    TIM_DeInit                               0x0800f4a5   Thumb Code   284  stm32f4xx_tim.o(.text)
    TIM_TimeBaseInit                         0x0800f5c1   Thumb Code    96  stm32f4xx_tim.o(.text)
    TIM_TimeBaseStructInit                   0x0800f621   Thumb Code    18  stm32f4xx_tim.o(.text)
    TIM_PrescalerConfig                      0x0800f633   Thumb Code     6  stm32f4xx_tim.o(.text)
    TIM_CounterModeConfig                    0x0800f639   Thumb Code    12  stm32f4xx_tim.o(.text)
    TIM_SetCounter                           0x0800f645   Thumb Code     4  stm32f4xx_tim.o(.text)
    TIM_SetAutoreload                        0x0800f649   Thumb Code     4  stm32f4xx_tim.o(.text)
    TIM_GetCounter                           0x0800f64d   Thumb Code     4  stm32f4xx_tim.o(.text)
    TIM_GetPrescaler                         0x0800f651   Thumb Code     4  stm32f4xx_tim.o(.text)
    TIM_UpdateDisableConfig                  0x0800f655   Thumb Code    20  stm32f4xx_tim.o(.text)
    TIM_UpdateRequestConfig                  0x0800f669   Thumb Code    20  stm32f4xx_tim.o(.text)
    TIM_ARRPreloadConfig                     0x0800f67d   Thumb Code    20  stm32f4xx_tim.o(.text)
    TIM_SelectOnePulseMode                   0x0800f691   Thumb Code    16  stm32f4xx_tim.o(.text)
    TIM_SetClockDivision                     0x0800f6a1   Thumb Code    16  stm32f4xx_tim.o(.text)
    TIM_Cmd                                  0x0800f6b1   Thumb Code    20  stm32f4xx_tim.o(.text)
    TIM_OC1Init                              0x0800f6c5   Thumb Code    88  stm32f4xx_tim.o(.text)
    TIM_OC2Init                              0x0800f71d   Thumb Code   120  stm32f4xx_tim.o(.text)
    TIM_OC3Init                              0x0800f795   Thumb Code   116  stm32f4xx_tim.o(.text)
    TIM_OC4Init                              0x0800f809   Thumb Code    88  stm32f4xx_tim.o(.text)
    TIM_OCStructInit                         0x0800f861   Thumb Code    20  stm32f4xx_tim.o(.text)
    TIM_SelectOCxM                           0x0800f875   Thumb Code   130  stm32f4xx_tim.o(.text)
    TIM_SetCompare1                          0x0800f8f7   Thumb Code     4  stm32f4xx_tim.o(.text)
    TIM_SetCompare2                          0x0800f8fb   Thumb Code     4  stm32f4xx_tim.o(.text)
    TIM_SetCompare3                          0x0800f8ff   Thumb Code     4  stm32f4xx_tim.o(.text)
    TIM_SetCompare4                          0x0800f903   Thumb Code     4  stm32f4xx_tim.o(.text)
    TIM_ForcedOC1Config                      0x0800f907   Thumb Code    12  stm32f4xx_tim.o(.text)
    TIM_ForcedOC2Config                      0x0800f913   Thumb Code    20  stm32f4xx_tim.o(.text)
    TIM_ForcedOC3Config                      0x0800f927   Thumb Code    12  stm32f4xx_tim.o(.text)
    TIM_ForcedOC4Config                      0x0800f933   Thumb Code    20  stm32f4xx_tim.o(.text)
    TIM_OC1PreloadConfig                     0x0800f947   Thumb Code    12  stm32f4xx_tim.o(.text)
    TIM_OC2PreloadConfig                     0x0800f953   Thumb Code    20  stm32f4xx_tim.o(.text)
    TIM_OC3PreloadConfig                     0x0800f967   Thumb Code    12  stm32f4xx_tim.o(.text)
    TIM_OC4PreloadConfig                     0x0800f973   Thumb Code    20  stm32f4xx_tim.o(.text)
    TIM_OC1FastConfig                        0x0800f987   Thumb Code    12  stm32f4xx_tim.o(.text)
    TIM_OC2FastConfig                        0x0800f993   Thumb Code    20  stm32f4xx_tim.o(.text)
    TIM_OC3FastConfig                        0x0800f9a7   Thumb Code    12  stm32f4xx_tim.o(.text)
    TIM_OC4FastConfig                        0x0800f9b3   Thumb Code    20  stm32f4xx_tim.o(.text)
    TIM_ClearOC1Ref                          0x0800f9c7   Thumb Code    12  stm32f4xx_tim.o(.text)
    TIM_ClearOC2Ref                          0x0800f9d3   Thumb Code    20  stm32f4xx_tim.o(.text)
    TIM_ClearOC3Ref                          0x0800f9e7   Thumb Code    12  stm32f4xx_tim.o(.text)
    TIM_ClearOC4Ref                          0x0800f9f3   Thumb Code    20  stm32f4xx_tim.o(.text)
    TIM_OC1PolarityConfig                    0x0800fa07   Thumb Code    12  stm32f4xx_tim.o(.text)
    TIM_OC1NPolarityConfig                   0x0800fa13   Thumb Code    12  stm32f4xx_tim.o(.text)
    TIM_OC2PolarityConfig                    0x0800fa1f   Thumb Code    20  stm32f4xx_tim.o(.text)
    TIM_OC2NPolarityConfig                   0x0800fa33   Thumb Code    20  stm32f4xx_tim.o(.text)
    TIM_OC3PolarityConfig                    0x0800fa47   Thumb Code    20  stm32f4xx_tim.o(.text)
    TIM_OC3NPolarityConfig                   0x0800fa5b   Thumb Code    20  stm32f4xx_tim.o(.text)
    TIM_OC4PolarityConfig                    0x0800fa6f   Thumb Code    20  stm32f4xx_tim.o(.text)
    TIM_CCxCmd                               0x0800fa83   Thumb Code    22  stm32f4xx_tim.o(.text)
    TIM_CCxNCmd                              0x0800fa99   Thumb Code    22  stm32f4xx_tim.o(.text)
    TIM_SetIC4Prescaler                      0x0800faaf   Thumb Code    24  stm32f4xx_tim.o(.text)
    TIM_SetIC3Prescaler                      0x0800fac7   Thumb Code    16  stm32f4xx_tim.o(.text)
    TIM_SetIC2Prescaler                      0x0800fad7   Thumb Code    24  stm32f4xx_tim.o(.text)
    TIM_SetIC1Prescaler                      0x0800fb25   Thumb Code    16  stm32f4xx_tim.o(.text)
    TIM_ICInit                               0x0800fb35   Thumb Code   164  stm32f4xx_tim.o(.text)
    TIM_ICStructInit                         0x0800fbd9   Thumb Code    16  stm32f4xx_tim.o(.text)
    TIM_PWMIConfig                           0x0800fbe9   Thumb Code   104  stm32f4xx_tim.o(.text)
    TIM_GetCapture1                          0x0800fc51   Thumb Code     4  stm32f4xx_tim.o(.text)
    TIM_GetCapture2                          0x0800fc55   Thumb Code     4  stm32f4xx_tim.o(.text)
    TIM_GetCapture3                          0x0800fc59   Thumb Code     4  stm32f4xx_tim.o(.text)
    TIM_GetCapture4                          0x0800fc5d   Thumb Code     4  stm32f4xx_tim.o(.text)
    TIM_BDTRConfig                           0x0800fc61   Thumb Code    34  stm32f4xx_tim.o(.text)
    TIM_BDTRStructInit                       0x0800fc83   Thumb Code    18  stm32f4xx_tim.o(.text)
    TIM_CtrlPWMOutputs                       0x0800fc95   Thumb Code    22  stm32f4xx_tim.o(.text)
    TIM_SelectCOM                            0x0800fcab   Thumb Code    20  stm32f4xx_tim.o(.text)
    TIM_CCPreloadControl                     0x0800fcbf   Thumb Code    20  stm32f4xx_tim.o(.text)
    TIM_ITConfig                             0x0800fcd3   Thumb Code    16  stm32f4xx_tim.o(.text)
    TIM_GenerateEvent                        0x0800fce3   Thumb Code     4  stm32f4xx_tim.o(.text)
    TIM_GetFlagStatus                        0x0800fce7   Thumb Code    14  stm32f4xx_tim.o(.text)
    TIM_ClearFlag                            0x0800fcf5   Thumb Code     6  stm32f4xx_tim.o(.text)
    TIM_GetITStatus                          0x0800fcfb   Thumb Code    24  stm32f4xx_tim.o(.text)
    TIM_ClearITPendingBit                    0x0800fd13   Thumb Code     6  stm32f4xx_tim.o(.text)
    TIM_DMAConfig                            0x0800fd19   Thumb Code     8  stm32f4xx_tim.o(.text)
    TIM_DMACmd                               0x0800fd21   Thumb Code    16  stm32f4xx_tim.o(.text)
    TIM_SelectCCDMA                          0x0800fd31   Thumb Code    20  stm32f4xx_tim.o(.text)
    TIM_InternalClockConfig                  0x0800fd45   Thumb Code    10  stm32f4xx_tim.o(.text)
    TIM_SelectInputTrigger                   0x0800fd4f   Thumb Code    12  stm32f4xx_tim.o(.text)
    TIM_ITRxExternalClockConfig              0x0800fd5b   Thumb Code    18  stm32f4xx_tim.o(.text)
    TIM_TIxExternalClockConfig               0x0800fd6d   Thumb Code    46  stm32f4xx_tim.o(.text)
    TIM_ETRConfig                            0x0800fd9b   Thumb Code    24  stm32f4xx_tim.o(.text)
    TIM_ETRClockMode1Config                  0x0800fdb3   Thumb Code    18  stm32f4xx_tim.o(.text)
    TIM_ETRClockMode2Config                  0x0800fdc5   Thumb Code    18  stm32f4xx_tim.o(.text)
    TIM_SelectOutputTrigger                  0x0800fdd7   Thumb Code    16  stm32f4xx_tim.o(.text)
    TIM_SelectSlaveMode                      0x0800fde7   Thumb Code    16  stm32f4xx_tim.o(.text)
    TIM_SelectMasterSlaveMode                0x0800fdf7   Thumb Code    16  stm32f4xx_tim.o(.text)
    TIM_EncoderInterfaceConfig               0x0800fe07   Thumb Code    50  stm32f4xx_tim.o(.text)
    TIM_SelectHallSensor                     0x0800fe39   Thumb Code    20  stm32f4xx_tim.o(.text)
    TIM_RemapConfig                          0x0800fe4d   Thumb Code     6  stm32f4xx_tim.o(.text)
    FLASH_SetLatency                         0x0800fe81   Thumb Code     6  stm32f4xx_flash.o(.text)
    FLASH_PrefetchBufferCmd                  0x0800fe87   Thumb Code    22  stm32f4xx_flash.o(.text)
    FLASH_InstructionCacheCmd                0x0800fe9d   Thumb Code    22  stm32f4xx_flash.o(.text)
    FLASH_DataCacheCmd                       0x0800feb3   Thumb Code    22  stm32f4xx_flash.o(.text)
    FLASH_InstructionCacheReset              0x0800fec9   Thumb Code    12  stm32f4xx_flash.o(.text)
    FLASH_DataCacheReset                     0x0800fed5   Thumb Code    12  stm32f4xx_flash.o(.text)
    FLASH_Unlock                             0x0800fee1   Thumb Code    24  stm32f4xx_flash.o(.text)
    FLASH_Lock                               0x0800fef9   Thumb Code    14  stm32f4xx_flash.o(.text)
    FLASH_GetStatus                          0x0800ff07   Thumb Code    48  stm32f4xx_flash.o(.text)
    FLASH_WaitForLastOperation               0x0800ff37   Thumb Code    30  stm32f4xx_flash.o(.text)
    FLASH_EraseSector                        0x0800ff55   Thumb Code   106  stm32f4xx_flash.o(.text)
    FLASH_EraseAllSectors                    0x0800ffbf   Thumb Code    88  stm32f4xx_flash.o(.text)
    FLASH_ProgramDoubleWord                  0x08010017   Thumb Code    62  stm32f4xx_flash.o(.text)
    FLASH_ProgramWord                        0x08010055   Thumb Code    58  stm32f4xx_flash.o(.text)
    FLASH_ProgramHalfWord                    0x0801008f   Thumb Code    58  stm32f4xx_flash.o(.text)
    FLASH_ProgramByte                        0x080100c9   Thumb Code    54  stm32f4xx_flash.o(.text)
    FLASH_OB_Unlock                          0x080100ff   Thumb Code    24  stm32f4xx_flash.o(.text)
    FLASH_OB_Lock                            0x08010117   Thumb Code    14  stm32f4xx_flash.o(.text)
    FLASH_OB_WRPConfig                       0x08010125   Thumb Code    32  stm32f4xx_flash.o(.text)
    FLASH_OB_RDPConfig                       0x08010145   Thumb Code    20  stm32f4xx_flash.o(.text)
    FLASH_OB_UserConfig                      0x08010159   Thumb Code    36  stm32f4xx_flash.o(.text)
    FLASH_OB_BORConfig                       0x0801017d   Thumb Code    20  stm32f4xx_flash.o(.text)
    FLASH_OB_Launch                          0x08010191   Thumb Code    14  stm32f4xx_flash.o(.text)
    FLASH_OB_GetUser                         0x0801019f   Thumb Code    12  stm32f4xx_flash.o(.text)
    FLASH_OB_GetWRP                          0x080101ab   Thumb Code     8  stm32f4xx_flash.o(.text)
    FLASH_OB_GetRDP                          0x080101b3   Thumb Code    16  stm32f4xx_flash.o(.text)
    FLASH_OB_GetBOR                          0x080101c3   Thumb Code    12  stm32f4xx_flash.o(.text)
    FLASH_ITConfig                           0x080101cf   Thumb Code    20  stm32f4xx_flash.o(.text)
    FLASH_GetFlagStatus                      0x080101e3   Thumb Code    18  stm32f4xx_flash.o(.text)
    FLASH_ClearFlag                          0x080101f5   Thumb Code     8  stm32f4xx_flash.o(.text)
    RTC_WaitForSynchro                       0x08010211   Thumb Code    70  stm32f4xx_rtc.o(.text)
    RTC_EnterInitMode                        0x08010257   Thumb Code    58  stm32f4xx_rtc.o(.text)
    RTC_DeInit                               0x08010291   Thumb Code   168  stm32f4xx_rtc.o(.text)
    RTC_ExitInitMode                         0x08010339   Thumb Code    14  stm32f4xx_rtc.o(.text)
    RTC_Init                                 0x08010347   Thumb Code    74  stm32f4xx_rtc.o(.text)
    RTC_StructInit                           0x08010391   Thumb Code    14  stm32f4xx_rtc.o(.text)
    RTC_WriteProtectionCmd                   0x0801039f   Thumb Code    18  stm32f4xx_rtc.o(.text)
    RTC_RefClockCmd                          0x080103b1   Thumb Code    56  stm32f4xx_rtc.o(.text)
    RTC_BypassShadowCmd                      0x080103e9   Thumb Code    38  stm32f4xx_rtc.o(.text)
    RTC_SetTime                              0x0801040f   Thumb Code   148  stm32f4xx_rtc.o(.text)
    RTC_TimeStructInit                       0x080104a3   Thumb Code    12  stm32f4xx_rtc.o(.text)
    RTC_GetTime                              0x080104af   Thumb Code    70  stm32f4xx_rtc.o(.text)
    RTC_GetSubSecond                         0x080104f5   Thumb Code    14  stm32f4xx_rtc.o(.text)
    RTC_SetDate                              0x08010503   Thumb Code   142  stm32f4xx_rtc.o(.text)
    RTC_DateStructInit                       0x08010591   Thumb Code    14  stm32f4xx_rtc.o(.text)
    RTC_GetDate                              0x0801059f   Thumb Code    66  stm32f4xx_rtc.o(.text)
    RTC_SetAlarm                             0x080105e1   Thumb Code   184  stm32f4xx_rtc.o(.text)
    RTC_AlarmStructInit                      0x08010699   Thumb Code    20  stm32f4xx_rtc.o(.text)
    RTC_GetAlarm                             0x080106ad   Thumb Code   104  stm32f4xx_rtc.o(.text)
    RTC_AlarmCmd                             0x08010715   Thumb Code    78  stm32f4xx_rtc.o(.text)
    RTC_AlarmSubSecondConfig                 0x08010763   Thumb Code    38  stm32f4xx_rtc.o(.text)
    RTC_GetAlarmSubSecond                    0x08010789   Thumb Code    24  stm32f4xx_rtc.o(.text)
    RTC_WakeUpClockConfig                    0x080107a1   Thumb Code    34  stm32f4xx_rtc.o(.text)
    RTC_SetWakeUpCounter                     0x080107c3   Thumb Code    22  stm32f4xx_rtc.o(.text)
    RTC_GetWakeUpCounter                     0x080107d9   Thumb Code    10  stm32f4xx_rtc.o(.text)
    RTC_WakeUpCmd                            0x080107e3   Thumb Code    84  stm32f4xx_rtc.o(.text)
    RTC_DayLightSavingConfig                 0x08010837   Thumb Code    38  stm32f4xx_rtc.o(.text)
    RTC_GetStoreOperation                    0x0801085d   Thumb Code    12  stm32f4xx_rtc.o(.text)
    RTC_OutputConfig                         0x08010869   Thumb Code    38  stm32f4xx_rtc.o(.text)
    RTC_CoarseCalibConfig                    0x0801088f   Thumb Code    46  stm32f4xx_rtc.o(.text)
    RTC_CoarseCalibCmd                       0x080108bd   Thumb Code    56  stm32f4xx_rtc.o(.text)
    RTC_CalibOutputCmd                       0x080108f5   Thumb Code    38  stm32f4xx_rtc.o(.text)
    RTC_CalibOutputConfig                    0x0801091b   Thumb Code    34  stm32f4xx_rtc.o(.text)
    RTC_SmoothCalibConfig                    0x0801093d   Thumb Code    70  stm32f4xx_rtc.o(.text)
    RTC_TimeStampCmd                         0x08010983   Thumb Code    42  stm32f4xx_rtc.o(.text)
    RTC_GetTimeStamp                         0x080109ad   Thumb Code   130  stm32f4xx_rtc.o(.text)
    RTC_GetTimeStampSubSecond                0x08010a2f   Thumb Code     8  stm32f4xx_rtc.o(.text)
    RTC_TamperTriggerConfig                  0x08010a37   Thumb Code    24  stm32f4xx_rtc.o(.text)
    RTC_TamperCmd                            0x08010a4f   Thumb Code    28  stm32f4xx_rtc.o(.text)
    RTC_TamperFilterConfig                   0x08010a6b   Thumb Code    18  stm32f4xx_rtc.o(.text)
    RTC_TamperSamplingFreqConfig             0x08010a7d   Thumb Code    18  stm32f4xx_rtc.o(.text)
    RTC_TamperPinsPrechargeDuration          0x08010a8f   Thumb Code    18  stm32f4xx_rtc.o(.text)
    RTC_TimeStampOnTamperDetectionCmd        0x08010aa1   Thumb Code    22  stm32f4xx_rtc.o(.text)
    RTC_TamperPullUpCmd                      0x08010ab7   Thumb Code    22  stm32f4xx_rtc.o(.text)
    RTC_WriteBackupRegister                  0x08010acd   Thumb Code    16  stm32f4xx_rtc.o(.text)
    RTC_ReadBackupRegister                   0x08010add   Thumb Code    16  stm32f4xx_rtc.o(.text)
    RTC_TamperPinSelection                   0x08010aed   Thumb Code    18  stm32f4xx_rtc.o(.text)
    RTC_TimeStampPinSelection                0x08010aff   Thumb Code    18  stm32f4xx_rtc.o(.text)
    RTC_OutputTypeConfig                     0x08010b11   Thumb Code    18  stm32f4xx_rtc.o(.text)
    RTC_SynchroShiftConfig                   0x08010b23   Thumb Code    84  stm32f4xx_rtc.o(.text)
    RTC_ITConfig                             0x08010b77   Thumb Code    60  stm32f4xx_rtc.o(.text)
    RTC_GetFlagStatus                        0x08010bb3   Thumb Code    22  stm32f4xx_rtc.o(.text)
    RTC_ClearFlag                            0x08010bc9   Thumb Code    24  stm32f4xx_rtc.o(.text)
    RTC_GetITStatus                          0x08010be1   Thumb Code    46  stm32f4xx_rtc.o(.text)
    RTC_ClearITPendingBit                    0x08010c0f   Thumb Code    24  stm32f4xx_rtc.o(.text)
    PWR_DeInit                               0x08010c5d   Thumb Code    24  stm32f4xx_pwr.o(.text)
    PWR_BackupAccessCmd                      0x08010c75   Thumb Code     6  stm32f4xx_pwr.o(.text)
    PWR_PVDLevelConfig                       0x08010c7b   Thumb Code    14  stm32f4xx_pwr.o(.text)
    PWR_PVDCmd                               0x08010c89   Thumb Code     6  stm32f4xx_pwr.o(.text)
    PWR_WakeUpPinCmd                         0x08010c8f   Thumb Code     8  stm32f4xx_pwr.o(.text)
    PWR_BackupRegulatorCmd                   0x08010c97   Thumb Code     8  stm32f4xx_pwr.o(.text)
    PWR_MainRegulatorModeConfig              0x08010c9f   Thumb Code    22  stm32f4xx_pwr.o(.text)
    PWR_FlashPowerDownCmd                    0x08010cb5   Thumb Code     6  stm32f4xx_pwr.o(.text)
    PWR_EnterSTOPMode                        0x08010cbb   Thumb Code    42  stm32f4xx_pwr.o(.text)
    PWR_EnterSTANDBYMode                     0x08010ce5   Thumb Code    32  stm32f4xx_pwr.o(.text)
    PWR_GetFlagStatus                        0x08010d05   Thumb Code    16  stm32f4xx_pwr.o(.text)
    PWR_ClearFlag                            0x08010d15   Thumb Code    12  stm32f4xx_pwr.o(.text)
    vListInitialise                          0x08010d2d   Thumb Code    22  list.o(.text)
    vListInitialiseItem                      0x08010d43   Thumb Code     6  list.o(.text)
    vListInsertEnd                           0x08010d49   Thumb Code    24  list.o(.text)
    vListInsert                              0x08010d61   Thumb Code    48  list.o(.text)
    uxListRemove                             0x08010d91   Thumb Code    38  list.o(.text)
    xQueueGenericReset                       0x08010db9   Thumb Code   132  queue.o(.text)
    xQueueGenericCreate                      0x08010e3d   Thumb Code    82  queue.o(.text)
    xQueueGenericSend                        0x08010f63   Thumb Code   324  queue.o(.text)
    xQueueCreateMutex                        0x080110a7   Thumb Code    36  queue.o(.text)
    xQueueGiveMutexRecursive                 0x080110cb   Thumb Code    62  queue.o(.text)
    xQueueSemaphoreTake                      0x08011109   Thumb Code   354  queue.o(.text)
    xQueueTakeMutexRecursive                 0x0801126b   Thumb Code    64  queue.o(.text)
    xQueueCreateCountingSemaphore            0x080112ab   Thumb Code    58  queue.o(.text)
    xQueueGenericSendFromISR                 0x080112e5   Thumb Code   188  queue.o(.text)
    xQueueGiveFromISR                        0x080113a1   Thumb Code   156  queue.o(.text)
    xQueueReceive                            0x08011463   Thumb Code   280  queue.o(.text)
    xQueuePeek                               0x0801157b   Thumb Code   278  queue.o(.text)
    xQueueReceiveFromISR                     0x08011691   Thumb Code   152  queue.o(.text)
    xQueuePeekFromISR                        0x08011729   Thumb Code   116  queue.o(.text)
    uxQueueMessagesWaiting                   0x0801179d   Thumb Code    36  queue.o(.text)
    uxQueueSpacesAvailable                   0x080117c1   Thumb Code    40  queue.o(.text)
    uxQueueMessagesWaitingFromISR            0x080117e9   Thumb Code    22  queue.o(.text)
    vQueueUnregisterQueue                    0x080117ff   Thumb Code    36  queue.o(.text)
    vQueueDelete                             0x08011823   Thumb Code    36  queue.o(.text)
    uxQueueGetQueueNumber                    0x08011847   Thumb Code     4  queue.o(.text)
    vQueueSetQueueNumber                     0x0801184b   Thumb Code     4  queue.o(.text)
    ucQueueGetQueueType                      0x0801184f   Thumb Code     6  queue.o(.text)
    xQueueIsQueueEmptyFromISR                0x08011855   Thumb Code    30  queue.o(.text)
    xQueueIsQueueFullFromISR                 0x08011873   Thumb Code    34  queue.o(.text)
    vQueueAddToRegistry                      0x08011895   Thumb Code    32  queue.o(.text)
    pcQueueGetName                           0x080118b5   Thumb Code    34  queue.o(.text)
    xTaskCreate                              0x080119b9   Thumb Code    86  tasks.o(.text)
    vTaskDelete                              0x08011a0f   Thumb Code   158  tasks.o(.text)
    xTaskIncrementTick                       0x08011aad   Thumb Code   190  tasks.o(.text)
    xTaskResumeAll                           0x08011b6b   Thumb Code   184  tasks.o(.text)
    vTaskSuspendAll                          0x08011c89   Thumb Code    10  tasks.o(.text)
    vTaskDelay                               0x08011c93   Thumb Code    66  tasks.o(.text)
    eTaskGetState                            0x08011cd5   Thumb Code   112  tasks.o(.text)
    uxTaskPriorityGet                        0x08011d45   Thumb Code    24  tasks.o(.text)
    uxTaskPriorityGetFromISR                 0x08011d5d   Thumb Code    40  tasks.o(.text)
    vTaskPrioritySet                         0x08011d85   Thumb Code   182  tasks.o(.text)
    vTaskSwitchContext                       0x08011e3b   Thumb Code   106  tasks.o(.text)
    vTaskSuspend                             0x08011ea5   Thumb Code   168  tasks.o(.text)
    vTaskResume                              0x08011f7d   Thumb Code   112  tasks.o(.text)
    xTaskResumeFromISR                       0x08011fed   Thumb Code   126  tasks.o(.text)
    vTaskStartScheduler                      0x080120bb   Thumb Code   114  tasks.o(.text)
    vTaskEndScheduler                        0x0801212d   Thumb Code    24  tasks.o(.text)
    xTaskGetTickCount                        0x08012145   Thumb Code     6  tasks.o(.text)
    xTaskGetTickCountFromISR                 0x0801214b   Thumb Code    12  tasks.o(.text)
    uxTaskGetNumberOfTasks                   0x08012157   Thumb Code     6  tasks.o(.text)
    pcTaskGetName                            0x0801215d   Thumb Code    28  tasks.o(.text)
    xTaskGetHandle                           0x080121d1   Thumb Code   120  tasks.o(.text)
    vTaskGetInfo                             0x08012249   Thumb Code   120  tasks.o(.text)
    uxTaskGetSystemState                     0x08012315   Thumb Code   156  tasks.o(.text)
    vTaskPlaceOnEventList                    0x080123b1   Thumb Code    42  tasks.o(.text)
    vTaskPlaceOnUnorderedEventList           0x080123db   Thumb Code    70  tasks.o(.text)
    xTaskRemoveFromEventList                 0x08012421   Thumb Code   106  tasks.o(.text)
    vTaskRemoveFromUnorderedEventList        0x0801248b   Thumb Code   104  tasks.o(.text)
    vTaskSetTimeOutState                     0x080124f3   Thumb Code    58  tasks.o(.text)
    vTaskInternalSetTimeOutState             0x0801252d   Thumb Code    12  tasks.o(.text)
    xTaskCheckForTimeOut                     0x08012539   Thumb Code   110  tasks.o(.text)
    vTaskMissedYield                         0x080125a7   Thumb Code     8  tasks.o(.text)
    uxTaskGetTaskNumber                      0x080125af   Thumb Code     8  tasks.o(.text)
    vTaskSetTaskNumber                       0x080125b7   Thumb Code     8  tasks.o(.text)
    xTaskGetCurrentTaskHandle                0x080125bf   Thumb Code     6  tasks.o(.text)
    xTaskPriorityInherit                     0x080125c5   Thumb Code   140  tasks.o(.text)
    xTaskPriorityDisinherit                  0x08012651   Thumb Code   144  tasks.o(.text)
    vTaskPriorityDisinheritAfterTimeout      0x080126e1   Thumb Code   162  tasks.o(.text)
    uxTaskResetEventItemValue                0x08012783   Thumb Code    20  tasks.o(.text)
    pvTaskIncrementMutexHeldCount            0x08012797   Thumb Code    18  tasks.o(.text)
    ulTaskNotifyTake                         0x080127a9   Thumb Code    96  tasks.o(.text)
    xTaskNotifyWait                          0x08012809   Thumb Code   128  tasks.o(.text)
    xTaskGenericNotify                       0x08012889   Thumb Code   202  tasks.o(.text)
    xTaskGenericNotifyFromISR                0x08012953   Thumb Code   226  tasks.o(.text)
    vTaskNotifyGiveFromISR                   0x08012a35   Thumb Code   170  tasks.o(.text)
    xTaskNotifyStateClear                    0x08012adf   Thumb Code    44  tasks.o(.text)
    pxPortInitialiseStack                    0x08012c09   Thumb Code    40  port.o(.text)
    vPortSetupTimerInterrupt                 0x08012c31   Thumb Code    32  port.o(.text)
    xPortStartScheduler                      0x08012c51   Thumb Code   224  port.o(.text)
    vPortEndScheduler                        0x08012d31   Thumb Code    28  port.o(.text)
    vPortEnterCritical                       0x08012d4d   Thumb Code    56  port.o(.text)
    vPortExitCritical                        0x08012d85   Thumb Code    34  port.o(.text)
    xPortSysTickHandler                      0x08012da7   Thumb Code    40  port.o(.text)
    vPortValidateInterruptPriority           0x08012dcf   Thumb Code    76  port.o(.text)
    pvPortMalloc                             0x08012e39   Thumb Code   170  heap_2.o(.text)
    vPortFree                                0x08012ee3   Thumb Code    56  heap_2.o(.text)
    xPortGetFreeHeapSize                     0x08012f1b   Thumb Code     6  heap_2.o(.text)
    vPortInitialiseBlocks                    0x08012f21   Thumb Code     2  heap_2.o(.text)
    Reset_Handler                            0x08012f31   Thumb Code     8  startup_stm32f4xx.o(.text)
    ADC_IRQHandler                           0x08012f4b   Thumb Code     0  startup_stm32f4xx.o(.text)
    CAN1_RX0_IRQHandler                      0x08012f4b   Thumb Code     0  startup_stm32f4xx.o(.text)
    CAN1_RX1_IRQHandler                      0x08012f4b   Thumb Code     0  startup_stm32f4xx.o(.text)
    CAN1_SCE_IRQHandler                      0x08012f4b   Thumb Code     0  startup_stm32f4xx.o(.text)
    CAN1_TX_IRQHandler                       0x08012f4b   Thumb Code     0  startup_stm32f4xx.o(.text)
    CAN2_RX0_IRQHandler                      0x08012f4b   Thumb Code     0  startup_stm32f4xx.o(.text)
    CAN2_RX1_IRQHandler                      0x08012f4b   Thumb Code     0  startup_stm32f4xx.o(.text)
    CAN2_SCE_IRQHandler                      0x08012f4b   Thumb Code     0  startup_stm32f4xx.o(.text)
    CAN2_TX_IRQHandler                       0x08012f4b   Thumb Code     0  startup_stm32f4xx.o(.text)
    CRYP_IRQHandler                          0x08012f4b   Thumb Code     0  startup_stm32f4xx.o(.text)
    DCMI_IRQHandler                          0x08012f4b   Thumb Code     0  startup_stm32f4xx.o(.text)
    DMA1_Stream0_IRQHandler                  0x08012f4b   Thumb Code     0  startup_stm32f4xx.o(.text)
    DMA1_Stream1_IRQHandler                  0x08012f4b   Thumb Code     0  startup_stm32f4xx.o(.text)
    DMA1_Stream2_IRQHandler                  0x08012f4b   Thumb Code     0  startup_stm32f4xx.o(.text)
    DMA1_Stream3_IRQHandler                  0x08012f4b   Thumb Code     0  startup_stm32f4xx.o(.text)
    DMA1_Stream4_IRQHandler                  0x08012f4b   Thumb Code     0  startup_stm32f4xx.o(.text)
    DMA1_Stream5_IRQHandler                  0x08012f4b   Thumb Code     0  startup_stm32f4xx.o(.text)
    DMA1_Stream6_IRQHandler                  0x08012f4b   Thumb Code     0  startup_stm32f4xx.o(.text)
    DMA1_Stream7_IRQHandler                  0x08012f4b   Thumb Code     0  startup_stm32f4xx.o(.text)
    DMA2_Stream0_IRQHandler                  0x08012f4b   Thumb Code     0  startup_stm32f4xx.o(.text)
    DMA2_Stream1_IRQHandler                  0x08012f4b   Thumb Code     0  startup_stm32f4xx.o(.text)
    DMA2_Stream2_IRQHandler                  0x08012f4b   Thumb Code     0  startup_stm32f4xx.o(.text)
    DMA2_Stream3_IRQHandler                  0x08012f4b   Thumb Code     0  startup_stm32f4xx.o(.text)
    DMA2_Stream4_IRQHandler                  0x08012f4b   Thumb Code     0  startup_stm32f4xx.o(.text)
    DMA2_Stream5_IRQHandler                  0x08012f4b   Thumb Code     0  startup_stm32f4xx.o(.text)
    DMA2_Stream6_IRQHandler                  0x08012f4b   Thumb Code     0  startup_stm32f4xx.o(.text)
    DMA2_Stream7_IRQHandler                  0x08012f4b   Thumb Code     0  startup_stm32f4xx.o(.text)
    ETH_WKUP_IRQHandler                      0x08012f4b   Thumb Code     0  startup_stm32f4xx.o(.text)
    EXTI0_IRQHandler                         0x08012f4b   Thumb Code     0  startup_stm32f4xx.o(.text)
    EXTI15_10_IRQHandler                     0x08012f4b   Thumb Code     0  startup_stm32f4xx.o(.text)
    EXTI1_IRQHandler                         0x08012f4b   Thumb Code     0  startup_stm32f4xx.o(.text)
    EXTI2_IRQHandler                         0x08012f4b   Thumb Code     0  startup_stm32f4xx.o(.text)
    EXTI3_IRQHandler                         0x08012f4b   Thumb Code     0  startup_stm32f4xx.o(.text)
    EXTI4_IRQHandler                         0x08012f4b   Thumb Code     0  startup_stm32f4xx.o(.text)
    EXTI9_5_IRQHandler                       0x08012f4b   Thumb Code     0  startup_stm32f4xx.o(.text)
    FLASH_IRQHandler                         0x08012f4b   Thumb Code     0  startup_stm32f4xx.o(.text)
    FPU_IRQHandler                           0x08012f4b   Thumb Code     0  startup_stm32f4xx.o(.text)
    FSMC_IRQHandler                          0x08012f4b   Thumb Code     0  startup_stm32f4xx.o(.text)
    HASH_RNG_IRQHandler                      0x08012f4b   Thumb Code     0  startup_stm32f4xx.o(.text)
    I2C1_ER_IRQHandler                       0x08012f4b   Thumb Code     0  startup_stm32f4xx.o(.text)
    I2C1_EV_IRQHandler                       0x08012f4b   Thumb Code     0  startup_stm32f4xx.o(.text)
    I2C2_ER_IRQHandler                       0x08012f4b   Thumb Code     0  startup_stm32f4xx.o(.text)
    I2C2_EV_IRQHandler                       0x08012f4b   Thumb Code     0  startup_stm32f4xx.o(.text)
    I2C3_ER_IRQHandler                       0x08012f4b   Thumb Code     0  startup_stm32f4xx.o(.text)
    I2C3_EV_IRQHandler                       0x08012f4b   Thumb Code     0  startup_stm32f4xx.o(.text)
    OTG_FS_IRQHandler                        0x08012f4b   Thumb Code     0  startup_stm32f4xx.o(.text)
    OTG_FS_WKUP_IRQHandler                   0x08012f4b   Thumb Code     0  startup_stm32f4xx.o(.text)
    OTG_HS_EP1_IN_IRQHandler                 0x08012f4b   Thumb Code     0  startup_stm32f4xx.o(.text)
    OTG_HS_EP1_OUT_IRQHandler                0x08012f4b   Thumb Code     0  startup_stm32f4xx.o(.text)
    OTG_HS_IRQHandler                        0x08012f4b   Thumb Code     0  startup_stm32f4xx.o(.text)
    OTG_HS_WKUP_IRQHandler                   0x08012f4b   Thumb Code     0  startup_stm32f4xx.o(.text)
    PVD_IRQHandler                           0x08012f4b   Thumb Code     0  startup_stm32f4xx.o(.text)
    RCC_IRQHandler                           0x08012f4b   Thumb Code     0  startup_stm32f4xx.o(.text)
    RTC_Alarm_IRQHandler                     0x08012f4b   Thumb Code     0  startup_stm32f4xx.o(.text)
    RTC_WKUP_IRQHandler                      0x08012f4b   Thumb Code     0  startup_stm32f4xx.o(.text)
    SDIO_IRQHandler                          0x08012f4b   Thumb Code     0  startup_stm32f4xx.o(.text)
    SPI1_IRQHandler                          0x08012f4b   Thumb Code     0  startup_stm32f4xx.o(.text)
    SPI2_IRQHandler                          0x08012f4b   Thumb Code     0  startup_stm32f4xx.o(.text)
    SPI3_IRQHandler                          0x08012f4b   Thumb Code     0  startup_stm32f4xx.o(.text)
    TAMP_STAMP_IRQHandler                    0x08012f4b   Thumb Code     0  startup_stm32f4xx.o(.text)
    TIM1_BRK_TIM9_IRQHandler                 0x08012f4b   Thumb Code     0  startup_stm32f4xx.o(.text)
    TIM1_CC_IRQHandler                       0x08012f4b   Thumb Code     0  startup_stm32f4xx.o(.text)
    TIM1_TRG_COM_TIM11_IRQHandler            0x08012f4b   Thumb Code     0  startup_stm32f4xx.o(.text)
    TIM1_UP_TIM10_IRQHandler                 0x08012f4b   Thumb Code     0  startup_stm32f4xx.o(.text)
    TIM4_IRQHandler                          0x08012f4b   Thumb Code     0  startup_stm32f4xx.o(.text)
    TIM5_IRQHandler                          0x08012f4b   Thumb Code     0  startup_stm32f4xx.o(.text)
    TIM6_DAC_IRQHandler                      0x08012f4b   Thumb Code     0  startup_stm32f4xx.o(.text)
    TIM7_IRQHandler                          0x08012f4b   Thumb Code     0  startup_stm32f4xx.o(.text)
    TIM8_BRK_TIM12_IRQHandler                0x08012f4b   Thumb Code     0  startup_stm32f4xx.o(.text)
    TIM8_CC_IRQHandler                       0x08012f4b   Thumb Code     0  startup_stm32f4xx.o(.text)
    TIM8_TRG_COM_TIM14_IRQHandler            0x08012f4b   Thumb Code     0  startup_stm32f4xx.o(.text)
    TIM8_UP_TIM13_IRQHandler                 0x08012f4b   Thumb Code     0  startup_stm32f4xx.o(.text)
    UART5_IRQHandler                         0x08012f4b   Thumb Code     0  startup_stm32f4xx.o(.text)
    USART1_IRQHandler                        0x08012f4b   Thumb Code     0  startup_stm32f4xx.o(.text)
    WWDG_IRQHandler                          0x08012f4b   Thumb Code     0  startup_stm32f4xx.o(.text)
    eMBInit                                  0x08012f55   Thumb Code    14  tcp_mb.o(.text)
    eMBTCPInit                               0x08012f63   Thumb Code    60  tcp_mb.o(.text)
    eMBRegisterCB                            0x08012f9f   Thumb Code   106  tcp_mb.o(.text)
    eMBClose                                 0x08013009   Thumb Code    28  tcp_mb.o(.text)
    eMBEnable                                0x08013025   Thumb Code    28  tcp_mb.o(.text)
    eMBDisable                               0x08013041   Thumb Code    28  tcp_mb.o(.text)
    eMBPoll                                  0x0801305d   Thumb Code   172  tcp_mb.o(.text)
    eMBTCPDoInit                             0x08013121   Thumb Code    16  mbtcp.o(.text)
    eMBTCPStart                              0x08013131   Thumb Code     2  mbtcp.o(.text)
    eMBTCPStop                               0x08013133   Thumb Code     4  mbtcp.o(.text)
    eMBTCPReceive                            0x08013137   Thumb Code    58  mbtcp.o(.text)
    eMBTCPSend                               0x08013171   Thumb Code    30  mbtcp.o(.text)
    prvvMBPortReleaseClient                  0x08013191   Thumb Code   104  port_tcp.o(.text)
    xMBTCPPortInit                           0x08013313   Thumb Code    76  port_tcp.o(.text)
    vMBTCPPortClose                          0x0801335f   Thumb Code    18  port_tcp.o(.text)
    vMBTCPPortDisable                        0x08013371   Thumb Code     6  port_tcp.o(.text)
    xMBTCPPortGetRequest                     0x08013377   Thumb Code    18  port_tcp.o(.text)
    xMBTCPPortSendResponse                   0x08013389   Thumb Code    54  port_tcp.o(.text)
    xMBPortEventInit                         0x080134fd   Thumb Code    10  portevent_tcp.o(.text)
    xMBPortEventPost                         0x08013507   Thumb Code    12  portevent_tcp.o(.text)
    xMBPortEventGet                          0x08013513   Thumb Code    24  portevent_tcp.o(.text)
    vMBPortLog                               0x08013531   Thumb Code    32  portother_tcp.o(.text)
    prvvMBTCPLogFrame                        0x08013551   Thumb Code   158  portother_tcp.o(.text)
    eMBSetSlaveID                            0x08013661   Thumb Code    64  mbfuncother.o(.text)
    eMBFuncReportSlaveID                     0x080136a1   Thumb Code    26  mbfuncother.o(.text)
    xMBUtilSetBits                           0x080136c5   Thumb Code    50  mbutils.o(.text)
    xMBUtilGetBits                           0x080136f7   Thumb Code    34  mbutils.o(.text)
    prveMBError2Exception                    0x08013719   Thumb Code    24  mbutils.o(.text)
    __aeabi_memcpy                           0x08013731   Thumb Code    36  memcpya.o(.text)
    __aeabi_memcpy4                          0x08013731   Thumb Code     0  memcpya.o(.text)
    __aeabi_memcpy8                          0x08013731   Thumb Code     0  memcpya.o(.text)
    __aeabi_memset                           0x08013755   Thumb Code    14  memseta.o(.text)
    __aeabi_memset4                          0x08013755   Thumb Code     0  memseta.o(.text)
    __aeabi_memset8                          0x08013755   Thumb Code     0  memseta.o(.text)
    __aeabi_memclr                           0x08013763   Thumb Code     4  memseta.o(.text)
    __aeabi_memclr4                          0x08013763   Thumb Code     0  memseta.o(.text)
    __aeabi_memclr8                          0x08013763   Thumb Code     0  memseta.o(.text)
    memset                                   0x08013767   Thumb Code    18  memseta.o(.text)
    strcat                                   0x08013779   Thumb Code    24  strcat.o(.text)
    strstr                                   0x08013791   Thumb Code    36  strstr.o(.text)
    strlen                                   0x080137b5   Thumb Code    14  strlen.o(.text)
    strcmp                                   0x080137c3   Thumb Code    28  strcmp.o(.text)
    memcmp                                   0x080137df   Thumb Code    26  memcmp.o(.text)
    strncat                                  0x080137f9   Thumb Code    40  strncat.o(.text)
    strcpy                                   0x08013821   Thumb Code    18  strcpy.o(.text)
    strncmp                                  0x08013833   Thumb Code    30  strncmp.o(.text)
    strpbrk                                  0x08013851   Thumb Code    32  strpbrk.o(.text)
    atoi                                     0x08013871   Thumb Code    26  atoi.o(.text)
    __aeabi_cdrcmple                         0x0801388d   Thumb Code    48  cdrcmple.o(.text)
    __aeabi_uidiv                            0x080138bd   Thumb Code     0  uidiv.o(.text)
    __aeabi_uidivmod                         0x080138bd   Thumb Code    44  uidiv.o(.text)
    __aeabi_uldivmod                         0x080138e9   Thumb Code    98  uldiv.o(.text)
    strtol                                   0x0801394b   Thumb Code   112  strtol.o(.text)
    __I$use$fp                               0x080139bb   Thumb Code     0  iusefp.o(.text)
    _double_round                            0x080139bb   Thumb Code    30  depilogue.o(.text)
    _double_epilogue                         0x080139d9   Thumb Code   156  depilogue.o(.text)
    __aeabi_dadd                             0x08013a75   Thumb Code   322  dadd.o(.text)
    __aeabi_dsub                             0x08013bb7   Thumb Code     6  dadd.o(.text)
    __aeabi_drsub                            0x08013bbd   Thumb Code     6  dadd.o(.text)
    __aeabi_dmul                             0x08013bc3   Thumb Code   228  dmul.o(.text)
    __aeabi_ddiv                             0x08013ca7   Thumb Code   222  ddiv.o(.text)
    __aeabi_d2ulz                            0x08013d85   Thumb Code    48  dfixul.o(.text)
    __scatterload                            0x08013db5   Thumb Code    28  init.o(.text)
    __scatterload_rt2                        0x08013db5   Thumb Code     0  init.o(.text)
    __aeabi_llsl                             0x08013dd9   Thumb Code    30  llshl.o(.text)
    _ll_shift_l                              0x08013dd9   Thumb Code     0  llshl.o(.text)
    __aeabi_llsr                             0x08013df7   Thumb Code    32  llushr.o(.text)
    _ll_ushift_r                             0x08013df7   Thumb Code     0  llushr.o(.text)
    __aeabi_lasr                             0x08013e17   Thumb Code    36  llsshr.o(.text)
    _ll_sshift_r                             0x08013e17   Thumb Code     0  llsshr.o(.text)
    __rt_ctype_table                         0x08013e3d   Thumb Code     4  ctype_o.o(.text)
    _strtoul                                 0x08013e45   Thumb Code   158  _strtoul.o(.text)
    _chval                                   0x08013ee3   Thumb Code    28  _chval.o(.text)
    __decompress                             0x08013eff   Thumb Code     0  __dczerorl2.o(.text)
    __decompress1                            0x08013eff   Thumb Code    86  __dczerorl2.o(.text)
    __0printf$8                              0x08013f55   Thumb Code    22  printf8.o(i.__0printf$8)
    __1printf$8                              0x08013f55   Thumb Code     0  printf8.o(i.__0printf$8)
    __2printf                                0x08013f55   Thumb Code     0  printf8.o(i.__0printf$8)
    __0snprintf$8                            0x08013f75   Thumb Code    44  printf8.o(i.__0snprintf$8)
    __1snprintf$8                            0x08013f75   Thumb Code     0  printf8.o(i.__0snprintf$8)
    __2snprintf                              0x08013f75   Thumb Code     0  printf8.o(i.__0snprintf$8)
    __0sprintf$8                             0x08013fa5   Thumb Code    34  printf8.o(i.__0sprintf$8)
    __1sprintf$8                             0x08013fa5   Thumb Code     0  printf8.o(i.__0sprintf$8)
    __2sprintf                               0x08013fa5   Thumb Code     0  printf8.o(i.__0sprintf$8)
    __0vprintf                               0x08013fcd   Thumb Code     8  printfa.o(i.__0vprintf)
    __1vprintf                               0x08013fcd   Thumb Code     0  printfa.o(i.__0vprintf)
    __2vprintf                               0x08013fcd   Thumb Code     0  printfa.o(i.__0vprintf)
    __c89vprintf                             0x08013fcd   Thumb Code     0  printfa.o(i.__0vprintf)
    vprintf                                  0x08013fcd   Thumb Code     0  printfa.o(i.__0vprintf)
    __aeabi_errno_addr                       0x08013fdd   Thumb Code     4  errno.o(i.__aeabi_errno_addr)
    __rt_errno_addr                          0x08013fdd   Thumb Code     0  errno.o(i.__aeabi_errno_addr)
    __scatterload_copy                       0x08013fe5   Thumb Code    14  handlers.o(i.__scatterload_copy)
    __scatterload_null                       0x08013ff3   Thumb Code     2  handlers.o(i.__scatterload_null)
    __scatterload_zeroinit                   0x08013ff5   Thumb Code    14  handlers.o(i.__scatterload_zeroinit)
    file__common_js                          0x0801d13c   Data          20  fs.o(.constdata)
    file__style_css                          0x0801d150   Data          20  fs.o(.constdata)
    file__404_html                           0x0801d164   Data          20  fs.o(.constdata)
    file__reboot_html                        0x0801d178   Data          20  fs.o(.constdata)
    file__maintain_html                      0x0801d18c   Data          20  fs.o(.constdata)
    file__hostconfig_html                    0x0801d1a0   Data          20  fs.o(.constdata)
    file__lanconfig_html                     0x0801d1b4   Data          20  fs.o(.constdata)
    file__portconfig_html                    0x0801d1c8   Data          20  fs.o(.constdata)
    file__index_html                         0x0801d1dc   Data          20  fs.o(.constdata)
    file__login_html                         0x0801d1f0   Data          20  fs.o(.constdata)
    tcp_persist_backoff                      0x0801d554   Data           7  tcp.o(.constdata)
    tcp_backoff                              0x0801d55b   Data          13  tcp.o(.constdata)
    ip_addr_any                              0x0801d568   Data           4  ip_addr.o(.constdata)
    ip_addr_broadcast                        0x0801d56c   Data           4  ip_addr.o(.constdata)
    ethbroadcast                             0x0801d570   Data           6  etharp.o(.constdata)
    ethzero                                  0x0801d576   Data           6  etharp.o(.constdata)
    BUTTON_PORT_SOURCE                       0x0801d580   Data           1  stm32f4_discovery.o(.constdata)
    BUTTON_PIN_SOURCE                        0x0801d581   Data           1  stm32f4_discovery.o(.constdata)
    BUTTON_IRQn                              0x0801d582   Data           1  stm32f4_discovery.o(.constdata)
    BUTTON_PIN                               0x0801d584   Data           2  stm32f4_discovery.o(.constdata)
    BUTTON_EXTI_LINE                         0x0801d586   Data           2  stm32f4_discovery.o(.constdata)
    BUTTON_CLK                               0x0801d588   Data           4  stm32f4_discovery.o(.constdata)
    COM_TX_PIN                               0x0801d58c   Data           4  stm32f4_discovery.o(.constdata)
    COM_RX_PIN                               0x0801d590   Data           4  stm32f4_discovery.o(.constdata)
    COM_TX_PIN_SOURCE                        0x0801d594   Data           4  stm32f4_discovery.o(.constdata)
    COM_RX_PIN_SOURCE                        0x0801d598   Data           4  stm32f4_discovery.o(.constdata)
    COM_TX_AF                                0x0801d59c   Data           4  stm32f4_discovery.o(.constdata)
    COM_RX_AF                                0x0801d5a0   Data           4  stm32f4_discovery.o(.constdata)
    COM_USART_CLK                            0x0801d5a4   Data           8  stm32f4_discovery.o(.constdata)
    COM_TX_PORT_CLK                          0x0801d5ac   Data           8  stm32f4_discovery.o(.constdata)
    COM_RX_PORT_CLK                          0x0801d5b4   Data           8  stm32f4_discovery.o(.constdata)
    GPIO_PIN                                 0x0801d5bc   Data          10  stm32f4_discovery.o(.constdata)
    GPIO_CLK                                 0x0801d5c8   Data          20  stm32f4_discovery.o(.constdata)
    __ctype_table                            0x0801d5dc   Data         129  ctype_o.o(.constdata)
    Region$$Table$$Base                      0x0801d758   Number         0  anon$$obj.o(Region$$Table)
    Region$$Table$$Limit                     0x0801d778   Number         0  anon$$obj.o(Region$$Table)
    ucFlashUpdate                            0x20000000   Data           1  main.o(.data)
    xQueuemessage                            0x20000004   Data           4  main.o(.data)
    xQueueState                              0x20000008   Data           4  main.o(.data)
    SystemCoreClock                          0x2000000c   Data           4  system_stm32f4xx.o(.data)
    AHBPrescTable                            0x20000010   Data          16  system_stm32f4xx.o(.data)
    ucIP                                     0x20000020   Data           4  netconf.o(.data)
    ucGW                                     0x20000024   Data           4  netconf.o(.data)
    ucNM                                     0x20000028   Data           4  netconf.o(.data)
    EthInitStatus                            0x20000030   Data           4  stm32f4x7_eth_bsp.o(.data)
    EthEnable                                0x20000034   Data           4  stm32f4x7_eth_bsp.o(.data)
    ucReadProgram                            0x20000048   Data           1  api_server.o(.data)
    ucWriteProgram                           0x20000049   Data           1  api_server.o(.data)
    ucSystemReboot                           0x2000004a   Data           1  api_server.o(.data)
    pxMasterFrameCBByteReceived              0x2000008c   Data           4  rs485bus_m.o(.data)
    pxMasterFrameCBTransmitterEmpty          0x20000090   Data           4  rs485bus_m.o(.data)
    pxMasterPortCBTimerExpired               0x20000094   Data           4  rs485bus_m.o(.data)
    netif_list                               0x20000128   Data           4  netif.o(.data)
    netif_default                            0x2000012c   Data           4  netif.o(.data)
    tcp_ticks                                0x2000013c   Data           4  tcp.o(.data)
    tcp_bound_pcbs                           0x20000140   Data           4  tcp.o(.data)
    tcp_listen_pcbs                          0x20000144   Data           4  tcp.o(.data)
    tcp_active_pcbs                          0x20000148   Data           4  tcp.o(.data)
    tcp_tw_pcbs                              0x2000014c   Data           4  tcp.o(.data)
    tcp_tmp_pcb                              0x20000150   Data           4  tcp.o(.data)
    tcp_state_str                            0x20000154   Data          44  tcp.o(.data)
    tcp_input_pcb                            0x20000198   Data           4  tcp_in.o(.data)
    udp_pcbs                                 0x2000019c   Data           4  udp.o(.data)
    current_netif                            0x200001a4   Data           4  ip.o(.data)
    current_header                           0x200001a8   Data           4  ip.o(.data)
    s_xSemaphore                             0x200001b4   Data           4  ethernetif.o(.data)
    __stdout                                 0x200001c8   Data           4  stm32f4xx_uartstdio.o(.data)
    BUTTON_PORT                              0x200001cc   Data           4  stm32f4_discovery.o(.data)
    COM_USART                                0x200001d0   Data           8  stm32f4_discovery.o(.data)
    COM_TX_PORT                              0x200001d8   Data           8  stm32f4_discovery.o(.data)
    COM_RX_PORT                              0x200001e0   Data           8  stm32f4_discovery.o(.data)
    GPIO_PORT                                0x200001e8   Data          20  stm32f4_discovery.o(.data)
    DMATxDescToSet                           0x200001fc   Data           4  stm32f4x7_eth.o(.data)
    DMARxDescToGet                           0x20000200   Data           4  stm32f4x7_eth.o(.data)
    DMA_RX_FRAME_infos                       0x20000204   Data           4  stm32f4x7_eth.o(.data)
    pxCurrentTCB                             0x20000218   Data           4  tasks.o(.data)
    ip_lan                                   0x200002c0   Data          16  main.o(.bss)
    user                                     0x200002d0   Data          24  main.o(.bss)
    host                                     0x200002e8   Data         104  main.o(.bss)
    CTport                                   0x20000350   Data         124  main.o(.bss)
    xnetif                                   0x200003cc   Data          60  netconf.o(.bss)
    fs_memory                                0x20000408   Data         240  fs.o(.bss)
    numberpackage                            0x20000518   Data          12  mqttclienttask.o(.bss)
    DMARxDscrTab                             0x20005dd8   Data         160  stm32f4x7_eth.o(.bss)
    DMATxDscrTab                             0x20005e78   Data         160  stm32f4x7_eth.o(.bss)
    Rx_Buff                                  0x20005f18   Data        7620  stm32f4x7_eth.o(.bss)
    Tx_Buff                                  0x20007cdc   Data        7620  stm32f4x7_eth.o(.bss)
    RX_Frame_Descriptor                      0x20009aa0   Data          12  stm32f4x7_eth.o(.bss)
    xQueueRegistry                           0x20009aac   Data          64  queue.o(.bss)
    __initial_sp                             0x2001e228   Data           0  startup_stm32f4xx.o(STACK)



==============================================================================

Memory Map of the image

  Image Entry point : 0x08000189

  Load Region LR_IROM1 (Base: 0x08000000, Size: 0x0001da38, Max: 0x00020000, ABSOLUTE, COMPRESSED[0x0001d818])

    Execution Region ER_IROM1 (Exec base: 0x08000000, Load base: 0x08000000, Size: 0x0001d778, Max: 0x00020000, ABSOLUTE)

    Exec Addr    Load Addr    Size         Type   Attr      Idx    E Section Name        Object

    0x08000000   0x08000000   0x00000188   Data   RO         2462    RESET               startup_stm32f4xx.o
    0x08000188   0x08000188   0x00000000   Code   RO         2665  * .ARM.Collect$$$$00000000  mc_w.l(entry.o)
    0x08000188   0x08000188   0x00000004   Code   RO         2967    .ARM.Collect$$$$00000001  mc_w.l(entry2.o)
    0x0800018c   0x0800018c   0x00000004   Code   RO         2970    .ARM.Collect$$$$00000004  mc_w.l(entry5.o)
    0x08000190   0x08000190   0x00000000   Code   RO         2972    .ARM.Collect$$$$00000008  mc_w.l(entry7b.o)
    0x08000190   0x08000190   0x00000000   Code   RO         2974    .ARM.Collect$$$$0000000A  mc_w.l(entry8b.o)
    0x08000190   0x08000190   0x00000008   Code   RO         2975    .ARM.Collect$$$$0000000B  mc_w.l(entry9a.o)
    0x08000198   0x08000198   0x00000000   Code   RO         2977    .ARM.Collect$$$$0000000D  mc_w.l(entry10a.o)
    0x08000198   0x08000198   0x00000000   Code   RO         2979    .ARM.Collect$$$$0000000F  mc_w.l(entry11a.o)
    0x08000198   0x08000198   0x00000004   Code   RO         2968    .ARM.Collect$$$$00002712  mc_w.l(entry2.o)
    0x0800019c   0x0800019c   0x000000be   Code   RO         2374    .emb_text           port.o
    0x0800025a   0x0800025a   0x00000002   PAD
    0x0800025c   0x0800025c   0x00000a40   Code   RO            2    .text               main.o
    0x08000c9c   0x08000c9c   0x00000180   Code   RO          335    .text               system_stm32f4xx.o
    0x08000e1c   0x08000e1c   0x00000078   Code   RO          361    .text               stm32f4xx_it.o
    0x08000e94   0x08000e94   0x000001a4   Code   RO          405    .text               netconf.o
    0x08001038   0x08001038   0x000002f0   Code   RO          485    .text               stm32f4x7_eth_bsp.o
    0x08001328   0x08001328   0x000000d8   Code   RO          507    .text               fs.o
    0x08001400   0x08001400   0x00000f38   Code   RO          552    .text               httpserver-socket.o
    0x08002338   0x08002338   0x00000150   Code   RO          600    .text               miscellaneous.o
    0x08002488   0x08002488   0x00000c84   Code   RO          634    .text               api_server.o
    0x0800310c   0x0800310c   0x00000a08   Code   RO          662    .text               mqttclienttask.o
    0x08003b14   0x08003b14   0x000000dc   Code   RO          720    .text               key_scan.o
    0x08003bf0   0x08003bf0   0x000000c8   Code   RO          737    .text               keyscan_task.o
    0x08003cb8   0x08003cb8   0x000000a0   Code   RO          754    .text               rs485bus_task_m.o
    0x08003d58   0x08003d58   0x000000c0   Code   RO          803    .text               tcpmbbus_task.o
    0x08003e18   0x08003e18   0x0000078c   Code   RO          835    .text               mqttclient.o
    0x080045a4   0x080045a4   0x000001b0   Code   RO          852    .text               mqttfreertos.o
    0x08004754   0x08004754   0x00000224   Code   RO          865    .text               mqttconnectclient.o
    0x08004978   0x08004978   0x000000d4   Code   RO          889    .text               mqttdeserializepublish.o
    0x08004a4c   0x08004a4c   0x000002fc   Code   RO          917    .text               mqttpacket.o
    0x08004d48   0x08004d48   0x00000116   Code   RO          932    .text               mqttserializepublish.o
    0x08004e5e   0x08004e5e   0x00000134   Code   RO          945    .text               mqttsubscribeclient.o
    0x08004f92   0x08004f92   0x000000ce   Code   RO          970    .text               mqttunsubscribeclient.o
    0x08005060   0x08005060   0x0000002c   Code   RO          995    .text               rs485crc.o
    0x0800508c   0x0800508c   0x000002a8   Code   RO         1037    .text               rs485bus_m.o
    0x08005334   0x08005334   0x00000348   Code   RO         1066    .text               rs485rtu_m.o
    0x0800567c   0x0800567c   0x0000006c   Code   RO         1087    .text               rs485funcperiodicping_m.o
    0x080056e8   0x080056e8   0x0000038c   Code   RO         1122    .text               portserial_m.o
    0x08005a74   0x08005a74   0x0000020c   Code   RO         1150    .text               porttimer_m.o
    0x08005c80   0x08005c80   0x000000a4   Code   RO         1177    .text               user_rs485_app_m.o
    0x08005d24   0x08005d24   0x00000140   Code   RO         1194    .text               portevent_m.o
    0x08005e64   0x08005e64   0x000001f0   Code   RO         1299    .text               mbfuncholding_m.o
    0x08006054   0x08006054   0x00000300   Code   RO         1311    .text               api_lib.o
    0x08006354   0x08006354   0x000008bc   Code   RO         1347    .text               api_msg.o
    0x08006c10   0x08006c10   0x0000012e   Code   RO         1377    .text               netbuf.o
    0x08006d3e   0x08006d3e   0x00000002   PAD
    0x08006d40   0x08006d40   0x00000d3c   Code   RO         1404    .text               sockets.o
    0x08007a7c   0x08007a7c   0x000002f0   Code   RO         1420    .text               tcpip.o
    0x08007d6c   0x08007d6c   0x00000e1c   Code   RO         1467    .text               dhcp.o
    0x08008b88   0x08008b88   0x0000001a   Code   RO         1489    .text               init.o
    0x08008ba2   0x08008ba2   0x00000002   PAD
    0x08008ba4   0x08008ba4   0x00000278   Code   RO         1518    .text               mem.o
    0x08008e1c   0x08008e1c   0x00000088   Code   RO         1533    .text               memp.o
    0x08008ea4   0x08008ea4   0x00000190   Code   RO         1562    .text               netif.o
    0x08009034   0x08009034   0x000003e8   Code   RO         1585    .text               pbuf.o
    0x0800941c   0x0800941c   0x00000160   Code   RO         1601    .text               raw.o
    0x0800957c   0x0800957c   0x000001d8   Code   RO         1621    .text               sys.o
    0x08009754   0x08009754   0x0000091c   Code   RO         1642    .text               tcp.o
    0x0800a070   0x0800a070   0x00000c54   Code   RO         1664    .text               tcp_in.o
    0x0800acc4   0x0800acc4   0x000008f4   Code   RO         1687    .text               tcp_out.o
    0x0800b5b8   0x0800b5b8   0x0000033c   Code   RO         1699    .text               udp.o
    0x0800b8f4   0x0800b8f4   0x000002ec   Code   RO         1729    .text               autoip.o
    0x0800bbe0   0x0800bbe0   0x0000017a   Code   RO         1741    .text               icmp.o
    0x0800bd5a   0x0800bd5a   0x00000002   PAD
    0x0800bd5c   0x0800bd5c   0x0000016c   Code   RO         1759    .text               inet.o
    0x0800bec8   0x0800bec8   0x00000118   Code   RO         1773    .text               inet_chksum.o
    0x0800bfe0   0x0800bfe0   0x000002b0   Code   RO         1785    .text               ip.o
    0x0800c290   0x0800c290   0x00000030   Code   RO         1803    .text               ip_addr.o
    0x0800c2c0   0x0800c2c0   0x00000580   Code   RO         1832    .text               etharp.o
    0x0800c840   0x0800c840   0x00000240   Code   RO         1869    .text               ethernetif.o
    0x0800ca80   0x0800ca80   0x000001c4   Code   RO         1888    .text               sys_arch.o
    0x0800cc44   0x0800cc44   0x00000574   Code   RO         1907    .text               stm32f4xx_uartstdio.o
    0x0800d1b8   0x0800d1b8   0x000004cc   Code   RO         1969    .text               stm32f4_discovery.o
    0x0800d684   0x0800d684   0x00000ae4   Code   RO         2016    .text               stm32f4x7_eth.o
    0x0800e168   0x0800e168   0x00000338   Code   RO         2042    .text               stm32f4xx_usart.o
    0x0800e4a0   0x0800e4a0   0x000000b0   Code   RO         2058    .text               misc.o
    0x0800e550   0x0800e550   0x00000354   Code   RO         2074    .text               stm32f4xx_adc.o
    0x0800e8a4   0x0800e8a4   0x00000320   Code   RO         2090    .text               stm32f4xx_dma.o
    0x0800ebc4   0x0800ebc4   0x000000e8   Code   RO         2106    .text               stm32f4xx_exti.o
    0x0800ecac   0x0800ecac   0x000001ec   Code   RO         2138    .text               stm32f4xx_gpio.o
    0x0800ee98   0x0800ee98   0x000003dc   Code   RO         2154    .text               stm32f4xx_rcc.o
    0x0800f274   0x0800f274   0x00000078   Code   RO         2172    .text               stm32f4xx_syscfg.o
    0x0800f2ec   0x0800f2ec   0x000001b8   Code   RO         2188    .text               stm32f4xx_sdio.o
    0x0800f4a4   0x0800f4a4   0x000009dc   Code   RO         2204    .text               stm32f4xx_tim.o
    0x0800fe80   0x0800fe80   0x00000390   Code   RO         2237    .text               stm32f4xx_flash.o
    0x08010210   0x08010210   0x00000a4c   Code   RO         2270    .text               stm32f4xx_rtc.o
    0x08010c5c   0x08010c5c   0x000000d0   Code   RO         2287    .text               stm32f4xx_pwr.o
    0x08010d2c   0x08010d2c   0x0000008a   Code   RO         2311    .text               list.o
    0x08010db6   0x08010db6   0x00000002   PAD
    0x08010db8   0x08010db8   0x00000b40   Code   RO         2323    .text               queue.o
    0x080118f8   0x080118f8   0x000012ec   Code   RO         2351    .text               tasks.o
    0x08012be4   0x08012be4   0x00000254   Code   RO         2375    .text               port.o
    0x08012e38   0x08012e38   0x000000f8   Code   RO         2405    .text               heap_2.o
    0x08012f30   0x08012f30   0x00000024   Code   RO         2463    .text               startup_stm32f4xx.o
    0x08012f54   0x08012f54   0x000001cc   Code   RO         2467    .text               tcp_mb.o
    0x08013120   0x08013120   0x0000006e   Code   RO         2506    .text               mbtcp.o
    0x0801318e   0x0801318e   0x00000002   PAD
    0x08013190   0x08013190   0x0000036c   Code   RO         2522    .text               port_tcp.o
    0x080134fc   0x080134fc   0x00000034   Code   RO         2547    .text               portevent_tcp.o
    0x08013530   0x08013530   0x00000130   Code   RO         2561    .text               portother_tcp.o
    0x08013660   0x08013660   0x00000064   Code   RO         2638    .text               mbfuncother.o
    0x080136c4   0x080136c4   0x0000006c   Code   RO         2653    .text               mbutils.o
    0x08013730   0x08013730   0x00000024   Code   RO         2670    .text               mc_w.l(memcpya.o)
    0x08013754   0x08013754   0x00000024   Code   RO         2674    .text               mc_w.l(memseta.o)
    0x08013778   0x08013778   0x00000018   Code   RO         2676    .text               mc_w.l(strcat.o)
    0x08013790   0x08013790   0x00000024   Code   RO         2678    .text               mc_w.l(strstr.o)
    0x080137b4   0x080137b4   0x0000000e   Code   RO         2680    .text               mc_w.l(strlen.o)
    0x080137c2   0x080137c2   0x0000001c   Code   RO         2682    .text               mc_w.l(strcmp.o)
    0x080137de   0x080137de   0x0000001a   Code   RO         2684    .text               mc_w.l(memcmp.o)
    0x080137f8   0x080137f8   0x00000028   Code   RO         2686    .text               mc_w.l(strncat.o)
    0x08013820   0x08013820   0x00000012   Code   RO         2688    .text               mc_w.l(strcpy.o)
    0x08013832   0x08013832   0x0000001e   Code   RO         2690    .text               mc_w.l(strncmp.o)
    0x08013850   0x08013850   0x00000020   Code   RO         2692    .text               mc_w.l(strpbrk.o)
    0x08013870   0x08013870   0x0000001a   Code   RO         2957    .text               mc_w.l(atoi.o)
    0x0801388a   0x0801388a   0x00000002   PAD
    0x0801388c   0x0801388c   0x00000030   Code   RO         2965    .text               mf_w.l(cdrcmple.o)
    0x080138bc   0x080138bc   0x0000002c   Code   RO         2981    .text               mc_w.l(uidiv.o)
    0x080138e8   0x080138e8   0x00000062   Code   RO         2983    .text               mc_w.l(uldiv.o)
    0x0801394a   0x0801394a   0x00000070   Code   RO         2992    .text               mc_w.l(strtol.o)
    0x080139ba   0x080139ba   0x00000000   Code   RO         2994    .text               mc_w.l(iusefp.o)
    0x080139ba   0x080139ba   0x000000ba   Code   RO         2995    .text               mf_w.l(depilogue.o)
    0x08013a74   0x08013a74   0x0000014e   Code   RO         2997    .text               mf_w.l(dadd.o)
    0x08013bc2   0x08013bc2   0x000000e4   Code   RO         2999    .text               mf_w.l(dmul.o)
    0x08013ca6   0x08013ca6   0x000000de   Code   RO         3001    .text               mf_w.l(ddiv.o)
    0x08013d84   0x08013d84   0x00000030   Code   RO         3003    .text               mf_w.l(dfixul.o)
    0x08013db4   0x08013db4   0x00000024   Code   RO         3005    .text               mc_w.l(init.o)
    0x08013dd8   0x08013dd8   0x0000001e   Code   RO         3007    .text               mc_w.l(llshl.o)
    0x08013df6   0x08013df6   0x00000020   Code   RO         3009    .text               mc_w.l(llushr.o)
    0x08013e16   0x08013e16   0x00000024   Code   RO         3011    .text               mc_w.l(llsshr.o)
    0x08013e3a   0x08013e3a   0x00000002   PAD
    0x08013e3c   0x08013e3c   0x00000008   Code   RO         3013    .text               mc_w.l(ctype_o.o)
    0x08013e44   0x08013e44   0x0000009e   Code   RO         3041    .text               mc_w.l(_strtoul.o)
    0x08013ee2   0x08013ee2   0x0000001c   Code   RO         3043    .text               mc_w.l(_chval.o)
    0x08013efe   0x08013efe   0x00000056   Code   RO         3053    .text               mc_w.l(__dczerorl2.o)
    0x08013f54   0x08013f54   0x00000020   Code   RO         2903    i.__0printf$8       mc_w.l(printf8.o)
    0x08013f74   0x08013f74   0x00000030   Code   RO         2904    i.__0snprintf$8     mc_w.l(printf8.o)
    0x08013fa4   0x08013fa4   0x00000028   Code   RO         2905    i.__0sprintf$8      mc_w.l(printf8.o)
    0x08013fcc   0x08013fcc   0x00000010   Code   RO         2933    i.__0vprintf        mc_w.l(printfa.o)
    0x08013fdc   0x08013fdc   0x00000008   Code   RO         2985    i.__aeabi_errno_addr  mc_w.l(errno.o)
    0x08013fe4   0x08013fe4   0x0000000e   Code   RO         3047    i.__scatterload_copy  mc_w.l(handlers.o)
    0x08013ff2   0x08013ff2   0x00000002   Code   RO         3048    i.__scatterload_null  mc_w.l(handlers.o)
    0x08013ff4   0x08013ff4   0x0000000e   Code   RO         3049    i.__scatterload_zeroinit  mc_w.l(handlers.o)
    0x08014002   0x08014002   0x00000002   PAD
    0x08014004   0x08014004   0x00000184   Code   RO         2936    i._fp_digits        mc_w.l(printfa.o)
    0x08014188   0x08014188   0x00000410   Code   RO         2910    i._printf_core      mc_w.l(printf8.o)
    0x08014598   0x08014598   0x000006dc   Code   RO         2937    i._printf_core      mc_w.l(printfa.o)
    0x08014c74   0x08014c74   0x00000024   Code   RO         2911    i._printf_post_padding  mc_w.l(printf8.o)
    0x08014c98   0x08014c98   0x00000024   Code   RO         2938    i._printf_post_padding  mc_w.l(printfa.o)
    0x08014cbc   0x08014cbc   0x0000002e   Code   RO         2912    i._printf_pre_padding  mc_w.l(printf8.o)
    0x08014cea   0x08014cea   0x0000002e   Code   RO         2939    i._printf_pre_padding  mc_w.l(printfa.o)
    0x08014d18   0x08014d18   0x00000016   Code   RO         2913    i._snputc           mc_w.l(printf8.o)
    0x08014d2e   0x08014d2e   0x0000000a   Code   RO         2914    i._sputc            mc_w.l(printf8.o)
    0x08014d38   0x08014d38   0x000004db   Data   RO          509    .constdata          fs.o
    0x08015213   0x08015213   0x00001108   Data   RO          510    .constdata          fs.o
    0x0801631b   0x0801631b   0x00000ea4   Data   RO          511    .constdata          fs.o
    0x080171bf   0x080171bf   0x0000110a   Data   RO          512    .constdata          fs.o
    0x080182c9   0x080182c9   0x00001019   Data   RO          513    .constdata          fs.o
    0x080192e2   0x080192e2   0x000010f3   Data   RO          514    .constdata          fs.o
    0x0801a3d5   0x0801a3d5   0x0000024a   Data   RO          515    .constdata          fs.o
    0x0801a61f   0x0801a61f   0x00000cc3   Data   RO          516    .constdata          fs.o
    0x0801b2e2   0x0801b2e2   0x000000c0   Data   RO          517    .constdata          fs.o
    0x0801b3a2   0x0801b3a2   0x00001d9a   Data   RO          518    .constdata          fs.o
    0x0801d13c   0x0801d13c   0x00000014   Data   RO          519    .constdata          fs.o
    0x0801d150   0x0801d150   0x00000014   Data   RO          520    .constdata          fs.o
    0x0801d164   0x0801d164   0x00000014   Data   RO          521    .constdata          fs.o
    0x0801d178   0x0801d178   0x00000014   Data   RO          522    .constdata          fs.o
    0x0801d18c   0x0801d18c   0x00000014   Data   RO          523    .constdata          fs.o
    0x0801d1a0   0x0801d1a0   0x00000014   Data   RO          524    .constdata          fs.o
    0x0801d1b4   0x0801d1b4   0x00000014   Data   RO          525    .constdata          fs.o
    0x0801d1c8   0x0801d1c8   0x00000014   Data   RO          526    .constdata          fs.o
    0x0801d1dc   0x0801d1dc   0x00000014   Data   RO          527    .constdata          fs.o
    0x0801d1f0   0x0801d1f0   0x00000014   Data   RO          528    .constdata          fs.o
    0x0801d204   0x0801d204   0x00000032   Data   RO          554    .constdata          httpserver-socket.o
    0x0801d236   0x0801d236   0x00000002   PAD
    0x0801d238   0x0801d238   0x00000058   Data   RO          664    .constdata          mqttclienttask.o
    0x0801d290   0x0801d290   0x00000058   Data   RO          836    .constdata          mqttclient.o
    0x0801d2e8   0x0801d2e8   0x00000200   Data   RO          996    .constdata          rs485crc.o
    0x0801d4e8   0x0801d4e8   0x0000003c   Data   RO         1406    .constdata          sockets.o
    0x0801d524   0x0801d524   0x00000030   Data   RO         1535    .constdata          memp.o
    0x0801d554   0x0801d554   0x00000014   Data   RO         1643    .constdata          tcp.o
    0x0801d568   0x0801d568   0x00000004   Data   RO         1804    .constdata          ip_addr.o
    0x0801d56c   0x0801d56c   0x00000004   Data   RO         1805    .constdata          ip_addr.o
    0x0801d570   0x0801d570   0x0000000c   Data   RO         1834    .constdata          etharp.o
    0x0801d57c   0x0801d57c   0x00000004   Data   RO         1908    .constdata          stm32f4xx_uartstdio.o
    0x0801d580   0x0801d580   0x0000005c   Data   RO         1970    .constdata          stm32f4_discovery.o
    0x0801d5dc   0x0801d5dc   0x00000081   Data   RO         3014    .constdata          mc_w.l(ctype_o.o)
    0x0801d65d   0x0801d65d   0x00000003   PAD
    0x0801d660   0x0801d660   0x00000004   Data   RO         3015    .constdata          mc_w.l(ctype_o.o)
    0x0801d664   0x0801d664   0x00000046   Data   RO            5    .conststring        main.o
    0x0801d6aa   0x0801d6aa   0x00000002   PAD
    0x0801d6ac   0x0801d6ac   0x00000075   Data   RO         1644    .conststring        tcp.o
    0x0801d721   0x0801d721   0x00000003   PAD
    0x0801d724   0x0801d724   0x00000011   Data   RO         1909    .conststring        stm32f4xx_uartstdio.o
    0x0801d735   0x0801d735   0x00000003   PAD
    0x0801d738   0x0801d738   0x0000001e   Data   RO         2563    .conststring        portother_tcp.o
    0x0801d756   0x0801d756   0x00000002   PAD
    0x0801d758   0x0801d758   0x00000020   Data   RO         3045    Region$$Table       anon$$obj.o


    Execution Region RW_IRAM1 (Exec base: 0x20000000, Load base: 0x0801d778, Size: 0x0001e228, Max: 0x00020000, ABSOLUTE, COMPRESSED[0x000000a0])

    Exec Addr    Load Addr    Size         Type   Attr      Idx    E Section Name        Object

    0x20000000   COMPRESSED   0x0000000c   Data   RW            6    .data               main.o
    0x2000000c   COMPRESSED   0x00000014   Data   RW          336    .data               system_stm32f4xx.o
    0x20000020   COMPRESSED   0x0000000c   Data   RW          407    .data               netconf.o
    0x2000002c   COMPRESSED   0x0000000c   Data   RW          486    .data               stm32f4x7_eth_bsp.o
    0x20000038   COMPRESSED   0x00000010   Data   RW          556    .data               httpserver-socket.o
    0x20000048   COMPRESSED   0x00000003   Data   RW          635    .data               api_server.o
    0x2000004b   COMPRESSED   0x0000000e   Data   RW          804    .data               tcpmbbus_task.o
    0x20000059   COMPRESSED   0x00000003   PAD
    0x2000005c   COMPRESSED   0x00000004   Data   RW          918    .data               mqttpacket.o
    0x20000060   COMPRESSED   0x00000060   Data   RW         1038    .data               rs485bus_m.o
    0x200000c0   COMPRESSED   0x00000028   Data   RW         1068    .data               rs485rtu_m.o
    0x200000e8   COMPRESSED   0x00000004   Data   RW         1123    .data               portserial_m.o
    0x200000ec   COMPRESSED   0x00000004   Data   RW         1152    .data               porttimer_m.o
    0x200000f0   COMPRESSED   0x00000004   Data   RW         1196    .data               portevent_m.o
    0x200000f4   COMPRESSED   0x0000000c   Data   RW         1407    .data               sockets.o
    0x20000100   COMPRESSED   0x00000010   Data   RW         1421    .data               tcpip.o
    0x20000110   COMPRESSED   0x00000004   Data   RW         1468    .data               dhcp.o
    0x20000114   COMPRESSED   0x00000010   Data   RW         1520    .data               mem.o
    0x20000124   COMPRESSED   0x0000000c   Data   RW         1563    .data               netif.o
    0x20000130   COMPRESSED   0x00000004   Data   RW         1602    .data               raw.o
    0x20000134   COMPRESSED   0x0000004c   Data   RW         1645    .data               tcp.o
    0x20000180   COMPRESSED   0x0000001c   Data   RW         1666    .data               tcp_in.o
    0x2000019c   COMPRESSED   0x00000004   Data   RW         1700    .data               udp.o
    0x200001a0   COMPRESSED   0x0000000c   Data   RW         1786    .data               ip.o
    0x200001ac   COMPRESSED   0x00000001   Data   RW         1835    .data               etharp.o
    0x200001ad   COMPRESSED   0x00000003   PAD
    0x200001b0   COMPRESSED   0x0000000c   Data   RW         1870    .data               ethernetif.o
    0x200001bc   COMPRESSED   0x00000002   Data   RW         1890    .data               sys_arch.o
    0x200001be   COMPRESSED   0x00000002   PAD
    0x200001c0   COMPRESSED   0x00000008   Data   RW         1910    .data               stm32f4xx_uartstdio.o
    0x200001c8   COMPRESSED   0x00000004   Data   RW         1911    .data               stm32f4xx_uartstdio.o
    0x200001cc   COMPRESSED   0x00000030   Data   RW         1971    .data               stm32f4_discovery.o
    0x200001fc   COMPRESSED   0x0000000c   Data   RW         2022    .data               stm32f4x7_eth.o
    0x20000208   COMPRESSED   0x00000010   Data   RW         2155    .data               stm32f4xx_rcc.o
    0x20000218   COMPRESSED   0x0000003c   Data   RW         2353    .data               tasks.o
    0x20000254   COMPRESSED   0x0000000c   Data   RW         2376    .data               port.o
    0x20000260   COMPRESSED   0x00000018   Data   RW         2407    .data               heap_2.o
    0x20000278   COMPRESSED   0x00000020   Data   RW         2469    .data               tcp_mb.o
    0x20000298   COMPRESSED   0x0000000c   Data   RW         2524    .data               port_tcp.o
    0x200002a4   COMPRESSED   0x00000002   Data   RW         2548    .data               portevent_tcp.o
    0x200002a6   COMPRESSED   0x00000002   PAD
    0x200002a8   COMPRESSED   0x00000010   Data   RW         2564    .data               portother_tcp.o
    0x200002b8   COMPRESSED   0x00000002   Data   RW         2640    .data               mbfuncother.o
    0x200002ba   COMPRESSED   0x00000002   PAD
    0x200002bc   COMPRESSED   0x00000004   Data   RW         2988    .data               mc_w.l(errno.o)
    0x200002c0        -       0x0000010c   Zero   RW            3    .bss                main.o
    0x200003cc        -       0x0000003c   Zero   RW          406    .bss                netconf.o
    0x20000408        -       0x000000f0   Zero   RW          508    .bss                fs.o
    0x200004f8        -       0x00000020   Zero   RW          601    .bss                miscellaneous.o
    0x20000518        -       0x0000000c   Zero   RW          663    .bss                mqttclienttask.o
    0x20000524        -       0x00000804   Zero   RW         1067    .bss                rs485rtu_m.o
    0x20000d28        -       0x00000010   Zero   RW         1151    .bss                porttimer_m.o
    0x20000d38        -       0x00000010   Zero   RW         1195    .bss                portevent_m.o
    0x20000d48        -       0x00000050   Zero   RW         1405    .bss                sockets.o
    0x20000d98        -       0x00001414   Zero   RW         1519    .bss                mem.o
    0x200021ac        -       0x00003b37   Zero   RW         1534    .bss                memp.o
    0x20005ce3   COMPRESSED   0x00000001   PAD
    0x20005ce4        -       0x00000014   Zero   RW         1665    .bss                tcp_in.o
    0x20005cf8        -       0x00000010   Zero   RW         1760    .bss                inet.o
    0x20005d08        -       0x000000a0   Zero   RW         1833    .bss                etharp.o
    0x20005da8        -       0x00000030   Zero   RW         1889    .bss                sys_arch.o
    0x20005dd8        -       0x000000a0   Zero   RW         2017    .bss                stm32f4x7_eth.o
    0x20005e78        -       0x000000a0   Zero   RW         2018    .bss                stm32f4x7_eth.o
    0x20005f18        -       0x00001dc4   Zero   RW         2019    .bss                stm32f4x7_eth.o
    0x20007cdc        -       0x00001dc4   Zero   RW         2020    .bss                stm32f4x7_eth.o
    0x20009aa0        -       0x0000000c   Zero   RW         2021    .bss                stm32f4x7_eth.o
    0x20009aac        -       0x00000040   Zero   RW         2324    .bss                queue.o
    0x20009aec        -       0x00000190   Zero   RW         2352    .bss                tasks.o
    0x20009c7c        -       0x00014000   Zero   RW         2406    .bss                heap_2.o
    0x2001dc7c        -       0x00000080   Zero   RW         2468    .bss                tcp_mb.o
    0x2001dcfc        -       0x00000107   Zero   RW         2523    .bss                port_tcp.o
    0x2001de03        -       0x00000200   Zero   RW         2562    .bss                portother_tcp.o
    0x2001e003        -       0x00000020   Zero   RW         2639    .bss                mbfuncother.o
    0x2001e023   COMPRESSED   0x00000005   PAD
    0x2001e028        -       0x00000200   Zero   RW         2460    STACK               startup_stm32f4xx.o


==============================================================================

Image component sizes


      Code (inc. data)   RO Data    RW Data    ZI Data      Debug   Object Name

       768         46          0          0          0      20388   api_lib.o
      2236         36          0          0          0       9167   api_msg.o
      3204        488          0          3          0       8233   api_server.o
       748         32          0          0          0       4450   autoip.o
      3612         46          0          4          0      12809   dhcp.o
      1408         20         12          1        160       9664   etharp.o
       576         68          0         12          0       4194   ethernetif.o
       216         10      33996          0        240       5617   fs.o
       248         14          0         24      81920       3556   heap_2.o
      3896       1356         50         16          0      13110   httpserver-socket.o
       378          0          0          0          0       2335   icmp.o
       364         12          0          0         16       3490   inet.o
       280          0          0          0          0       2882   inet_chksum.o
        26          0          0          0          0       1911   init.o
       688         12          0         12          0       6310   ip.o
        48          0          8          0          0       5837   ip_addr.o
       220         12          0          0          0       2138   key_scan.o
       200         58          0          0          0       1009   keyscan_task.o
       138          0          0          0          0       2134   list.o
      2624        746         70         12        268     419223   main.o
       496        144          0          0          0       5169   mbfuncholding_m.o
       100         10          0          2         32       2109   mbfuncother.o
       110          0          0          0          0       3296   mbtcp.o
       108          0          0          0          0       2282   mbutils.o
       632          8          0         16       5140       4042   mem.o
       136          8         48          0      15159       2738   memp.o
       176         12          0          0          0       2245   misc.o
       336         50          0          0         32       3377   miscellaneous.o
      1932         20         88          0          0      14885   mqttclient.o
      2568        688         88          0         12      10418   mqttclienttask.o
       548         18          0          0          0       3554   mqttconnectclient.o
       212          0          0          0          0       2174   mqttdeserializepublish.o
       432         12          0          0          0       4537   mqttfreertos.o
       764          8          0          4          0       6866   mqttpacket.o
       278          0          0          0          0       3472   mqttserializepublish.o
       308          0          0          0          0       2913   mqttsubscribeclient.o
       206          0          0          0          0       2543   mqttunsubscribeclient.o
       302          0          0          0          0       3473   netbuf.o
       420         38          0         12         60      13357   netconf.o
       400         14          0         12          0       6018   netif.o
      1000          0          0          0          0       6622   pbuf.o
       786         46          0         12          0       9485   port.o
       876        318          0         12        263       5191   port_tcp.o
       320         16          0          4         16       4044   portevent_m.o
        52          6          0          2          0       1884   portevent_tcp.o
       304        124         30         16        512       3341   portother_tcp.o
       908         52          0          4          0       5946   portserial_m.o
       524         20          0          4         16       3566   porttimer_m.o
      2880         12          0          0         64      27183   queue.o
       352          6          0          4          0       3877   raw.o
       680         70          0         96          0       8298   rs485bus_m.o
       160         26          0          0          0       1868   rs485bus_task_m.o
        44          6        512          0          0       1523   rs485crc.o
       108         22          0          0          0       2063   rs485funcperiodicping_m.o
       840         22          0         40       2052       6369   rs485rtu_m.o
         0          0          0          0          0       1452   rs485utils.o
      3388         50         60         12         80      15807   sockets.o
        36          8        392          0        512        852   startup_stm32f4xx.o
      1228         68         92         48          0       6237   stm32f4_discovery.o
      2788         84          0         12      15572      21563   stm32f4x7_eth.o
       752         60          0         12          0       3314   stm32f4x7_eth_bsp.o
       852         20          0          0          0      11218   stm32f4xx_adc.o
       800         32          0          0          0       7265   stm32f4xx_dma.o
       232          8          0          0          0       2751   stm32f4xx_exti.o
       912         20          0          0          0       7703   stm32f4xx_flash.o
       492         36          0          0          0       4749   stm32f4xx_gpio.o
       120         12          0          0          0      10713   stm32f4xx_it.o
       208         12          0          0          0       2784   stm32f4xx_pwr.o
       988         42          0         16          0      11807   stm32f4xx_rcc.o
      2636         48          0          0          0      16542   stm32f4xx_rtc.o
       440         14          0          0          0       7832   stm32f4xx_sdio.o
       120         18          0          0          0       1863   stm32f4xx_syscfg.o
      2524         52          0          0          0      24298   stm32f4xx_tim.o
      1396         72         21         12          0       7468   stm32f4xx_uartstdio.o
       824         24          0          0          0       8564   stm32f4xx_usart.o
       472          4          0          0          0       3616   sys.o
       452          8          0          2         48       5482   sys_arch.o
       384         40          0         20          0       2099   system_stm32f4xx.o
      4844        104          0         60        400      27721   tasks.o
      2332         46        137         76          0      19118   tcp.o
      3156         64          0         28         20      13716   tcp_in.o
       460         24          0         32        128       7013   tcp_mb.o
      2292         12          0          0          0       7634   tcp_out.o
       752         60          0         16          0      15457   tcpip.o
       192         70          0         14          0       2747   tcpmbbus_task.o
       828          8          0          4          0      14377   udp.o
       164          4          0          0          0       3150   user_rs485_app_m.o

    ----------------------------------------------------------------------
     79252       5856      35648        700     122728    1026097   Object Totals
         0          0         32          0          0          0   (incl. Generated)
        12          0         12         12          6          0   (incl. Padding)

    ----------------------------------------------------------------------

      Code (inc. data)   RO Data    RW Data    ZI Data      Debug   Library Member Name

        86          0          0          0          0          0   __dczerorl2.o
        28          0          0          0          0         68   _chval.o
       158          0          0          0          0         92   _strtoul.o
        26          0          0          0          0         80   atoi.o
         8          4        133          0          0         68   ctype_o.o
         0          0          0          0          0          0   entry.o
         0          0          0          0          0          0   entry10a.o
         0          0          0          0          0          0   entry11a.o
         8          4          0          0          0          0   entry2.o
         4          0          0          0          0          0   entry5.o
         0          0          0          0          0          0   entry7b.o
         0          0          0          0          0          0   entry8b.o
         8          4          0          0          0          0   entry9a.o
         8          4          0          4          0         68   errno.o
        30          0          0          0          0          0   handlers.o
        36          8          0          0          0         68   init.o
         0          0          0          0          0          0   iusefp.o
        30          0          0          0          0         68   llshl.o
        36          0          0          0          0         68   llsshr.o
        32          0          0          0          0         68   llushr.o
        26          0          0          0          0         80   memcmp.o
        36          0          0          0          0         68   memcpya.o
        36          0          0          0          0        108   memseta.o
      1274         64          0          0          0        656   printf8.o
      2242         88          0          0          0        436   printfa.o
        24          0          0          0          0         68   strcat.o
        28          0          0          0          0         76   strcmp.o
        18          0          0          0          0         68   strcpy.o
        14          0          0          0          0         68   strlen.o
        40          0          0          0          0         76   strncat.o
        30          0          0          0          0         80   strncmp.o
        32          0          0          0          0         76   strpbrk.o
        36          0          0          0          0         80   strstr.o
       112          0          0          0          0         88   strtol.o
        44          0          0          0          0         80   uidiv.o
        98          0          0          0          0         92   uldiv.o
        48          0          0          0          0         68   cdrcmple.o
       334          0          0          0          0        148   dadd.o
       222          0          0          0          0        100   ddiv.o
       186          0          0          0          0        176   depilogue.o
        48          0          0          0          0         68   dfixul.o
       228          0          0          0          0         96   dmul.o

    ----------------------------------------------------------------------
      5660        176        136          4          0       3504   Library Totals
         6          0          3          0          0          0   (incl. Padding)

    ----------------------------------------------------------------------

      Code (inc. data)   RO Data    RW Data    ZI Data      Debug   Library Name

      4588        176        133          4          0       2848   mc_w.l
      1066          0          0          0          0        656   mf_w.l

    ----------------------------------------------------------------------
      5660        176        136          4          0       3504   Library Totals

    ----------------------------------------------------------------------

==============================================================================


      Code (inc. data)   RO Data    RW Data    ZI Data      Debug   

     84912       6032      35784        704     122728    1007909   Grand Totals
     84912       6032      35784        160     122728    1007909   ELF Image Totals (compressed)
     84912       6032      35784        160          0          0   ROM Totals

==============================================================================

    Total RO  Size (Code + RO Data)               120696 ( 117.87kB)
    Total RW  Size (RW Data + ZI Data)            123432 ( 120.54kB)
    Total ROM Size (Code + RO Data + RW Data)     120856 ( 118.02kB)

==============================================================================

