<!doctype html public "-//w3c//dtd html 4.0 transitional//en">
<html><head>
<title>Static Call Graph - [.\Discover-More\Project.axf]</title></head>
<body><HR>
<H1>Static Call Graph for image .\Discover-More\Project.axf</H1><HR>
<BR><P>#&#060CALLGRAPH&#062# ARM Linker, 5060750: Last Updated: Thu Mar 26 16:31:13 2020
<BR><P>
<H3>Maximum Stack Usage =       2080 bytes + Unknown(Cycles, Untraceable Function Pointers)</H3><H3>
Call chain for Maximum Stack Depth:</H3>
http_server_socket_thread &rArr; http_server_serve &rArr; lwip_read &rArr; lwip_recvfrom &rArr; netconn_recv &rArr; tcpip_apimsg &rArr; sys_mbox_post &rArr; xQueueGenericSend &rArr; xTaskResumeAll &rArr; xTaskIncrementTick
<P>
<H3>
Mutually Recursive functions
</H3> <LI><a href="#[5]">HardFault_Handler</a>&nbsp;&nbsp;&nbsp;&rArr;&nbsp;&nbsp;&nbsp;<a href="#[5]">HardFault_Handler</a><BR>
 <LI><a href="#[6]">MemManage_Handler</a>&nbsp;&nbsp;&nbsp;&rArr;&nbsp;&nbsp;&nbsp;<a href="#[6]">MemManage_Handler</a><BR>
 <LI><a href="#[7]">BusFault_Handler</a>&nbsp;&nbsp;&nbsp;&rArr;&nbsp;&nbsp;&nbsp;<a href="#[7]">BusFault_Handler</a><BR>
 <LI><a href="#[8]">UsageFault_Handler</a>&nbsp;&nbsp;&nbsp;&rArr;&nbsp;&nbsp;&nbsp;<a href="#[8]">UsageFault_Handler</a><BR>
 <LI><a href="#[224]">lwip_sendto</a>&nbsp;&nbsp;&nbsp;&rArr;&nbsp;&nbsp;&nbsp;<a href="#[181]">lwip_send</a><BR>
 <LI><a href="#[1de]">netconn_free</a>&nbsp;&nbsp;&nbsp;&rArr;&nbsp;&nbsp;&nbsp;<a href="#[1dd]">netconn_delete</a><BR>
 <LI><a href="#[1f]">ADC_IRQHandler</a>&nbsp;&nbsp;&nbsp;&rArr;&nbsp;&nbsp;&nbsp;<a href="#[1f]">ADC_IRQHandler</a><BR>
</UL>
<P>
<H3>
Function Pointers
</H3><UL>
 <LI><a href="#[1f]">ADC_IRQHandler</a> from startup_stm32f4xx.o(.text) referenced from startup_stm32f4xx.o(RESET)
 <LI><a href="#[7]">BusFault_Handler</a> from stm32f4xx_it.o(.text) referenced from startup_stm32f4xx.o(RESET)
 <LI><a href="#[21]">CAN1_RX0_IRQHandler</a> from startup_stm32f4xx.o(.text) referenced from startup_stm32f4xx.o(RESET)
 <LI><a href="#[22]">CAN1_RX1_IRQHandler</a> from startup_stm32f4xx.o(.text) referenced from startup_stm32f4xx.o(RESET)
 <LI><a href="#[23]">CAN1_SCE_IRQHandler</a> from startup_stm32f4xx.o(.text) referenced from startup_stm32f4xx.o(RESET)
 <LI><a href="#[20]">CAN1_TX_IRQHandler</a> from startup_stm32f4xx.o(.text) referenced from startup_stm32f4xx.o(RESET)
 <LI><a href="#[4d]">CAN2_RX0_IRQHandler</a> from startup_stm32f4xx.o(.text) referenced from startup_stm32f4xx.o(RESET)
 <LI><a href="#[4e]">CAN2_RX1_IRQHandler</a> from startup_stm32f4xx.o(.text) referenced from startup_stm32f4xx.o(RESET)
 <LI><a href="#[4f]">CAN2_SCE_IRQHandler</a> from startup_stm32f4xx.o(.text) referenced from startup_stm32f4xx.o(RESET)
 <LI><a href="#[4c]">CAN2_TX_IRQHandler</a> from startup_stm32f4xx.o(.text) referenced from startup_stm32f4xx.o(RESET)
 <LI><a href="#[5c]">CRYP_IRQHandler</a> from startup_stm32f4xx.o(.text) referenced from startup_stm32f4xx.o(RESET)
 <LI><a href="#[ad]">ControlTask</a> from main.o(.text) referenced from main.o(.text)
 <LI><a href="#[5b]">DCMI_IRQHandler</a> from startup_stm32f4xx.o(.text) referenced from startup_stm32f4xx.o(RESET)
 <LI><a href="#[18]">DMA1_Stream0_IRQHandler</a> from startup_stm32f4xx.o(.text) referenced from startup_stm32f4xx.o(RESET)
 <LI><a href="#[19]">DMA1_Stream1_IRQHandler</a> from startup_stm32f4xx.o(.text) referenced from startup_stm32f4xx.o(RESET)
 <LI><a href="#[1a]">DMA1_Stream2_IRQHandler</a> from startup_stm32f4xx.o(.text) referenced from startup_stm32f4xx.o(RESET)
 <LI><a href="#[1b]">DMA1_Stream3_IRQHandler</a> from startup_stm32f4xx.o(.text) referenced from startup_stm32f4xx.o(RESET)
 <LI><a href="#[1c]">DMA1_Stream4_IRQHandler</a> from startup_stm32f4xx.o(.text) referenced from startup_stm32f4xx.o(RESET)
 <LI><a href="#[1d]">DMA1_Stream5_IRQHandler</a> from startup_stm32f4xx.o(.text) referenced from startup_stm32f4xx.o(RESET)
 <LI><a href="#[1e]">DMA1_Stream6_IRQHandler</a> from startup_stm32f4xx.o(.text) referenced from startup_stm32f4xx.o(RESET)
 <LI><a href="#[3c]">DMA1_Stream7_IRQHandler</a> from startup_stm32f4xx.o(.text) referenced from startup_stm32f4xx.o(RESET)
 <LI><a href="#[45]">DMA2_Stream0_IRQHandler</a> from startup_stm32f4xx.o(.text) referenced from startup_stm32f4xx.o(RESET)
 <LI><a href="#[46]">DMA2_Stream1_IRQHandler</a> from startup_stm32f4xx.o(.text) referenced from startup_stm32f4xx.o(RESET)
 <LI><a href="#[47]">DMA2_Stream2_IRQHandler</a> from startup_stm32f4xx.o(.text) referenced from startup_stm32f4xx.o(RESET)
 <LI><a href="#[48]">DMA2_Stream3_IRQHandler</a> from startup_stm32f4xx.o(.text) referenced from startup_stm32f4xx.o(RESET)
 <LI><a href="#[49]">DMA2_Stream4_IRQHandler</a> from startup_stm32f4xx.o(.text) referenced from startup_stm32f4xx.o(RESET)
 <LI><a href="#[51]">DMA2_Stream5_IRQHandler</a> from startup_stm32f4xx.o(.text) referenced from startup_stm32f4xx.o(RESET)
 <LI><a href="#[52]">DMA2_Stream6_IRQHandler</a> from startup_stm32f4xx.o(.text) referenced from startup_stm32f4xx.o(RESET)
 <LI><a href="#[53]">DMA2_Stream7_IRQHandler</a> from startup_stm32f4xx.o(.text) referenced from startup_stm32f4xx.o(RESET)
 <LI><a href="#[a]">DebugMon_Handler</a> from stm32f4xx_it.o(.text) referenced from startup_stm32f4xx.o(RESET)
 <LI><a href="#[60]">ETH_ConfigTask</a> from stm32f4x7_eth_bsp.o(.text) referenced from main.o(.text)
 <LI><a href="#[4a]">ETH_IRQHandler</a> from stm32f4xx_it.o(.text) referenced from startup_stm32f4xx.o(RESET)
 <LI><a href="#[4b]">ETH_WKUP_IRQHandler</a> from startup_stm32f4xx.o(.text) referenced from startup_stm32f4xx.o(RESET)
 <LI><a href="#[13]">EXTI0_IRQHandler</a> from startup_stm32f4xx.o(.text) referenced from startup_stm32f4xx.o(RESET)
 <LI><a href="#[35]">EXTI15_10_IRQHandler</a> from startup_stm32f4xx.o(.text) referenced from startup_stm32f4xx.o(RESET)
 <LI><a href="#[14]">EXTI1_IRQHandler</a> from startup_stm32f4xx.o(.text) referenced from startup_stm32f4xx.o(RESET)
 <LI><a href="#[15]">EXTI2_IRQHandler</a> from startup_stm32f4xx.o(.text) referenced from startup_stm32f4xx.o(RESET)
 <LI><a href="#[16]">EXTI3_IRQHandler</a> from startup_stm32f4xx.o(.text) referenced from startup_stm32f4xx.o(RESET)
 <LI><a href="#[17]">EXTI4_IRQHandler</a> from startup_stm32f4xx.o(.text) referenced from startup_stm32f4xx.o(RESET)
 <LI><a href="#[24]">EXTI9_5_IRQHandler</a> from startup_stm32f4xx.o(.text) referenced from startup_stm32f4xx.o(RESET)
 <LI><a href="#[11]">FLASH_IRQHandler</a> from startup_stm32f4xx.o(.text) referenced from startup_stm32f4xx.o(RESET)
 <LI><a href="#[5e]">FPU_IRQHandler</a> from startup_stm32f4xx.o(.text) referenced from startup_stm32f4xx.o(RESET)
 <LI><a href="#[3d]">FSMC_IRQHandler</a> from startup_stm32f4xx.o(.text) referenced from startup_stm32f4xx.o(RESET)
 <LI><a href="#[182]">FreeRTOS_disconnect</a> from mqttfreertos.o(.text) referenced from mqttfreertos.o(.text)
 <LI><a href="#[17e]">FreeRTOS_read</a> from mqttfreertos.o(.text) referenced from mqttfreertos.o(.text)
 <LI><a href="#[180]">FreeRTOS_write</a> from mqttfreertos.o(.text) referenced from mqttfreertos.o(.text)
 <LI><a href="#[5d]">HASH_RNG_IRQHandler</a> from startup_stm32f4xx.o(.text) referenced from startup_stm32f4xx.o(RESET)
 <LI><a href="#[5]">HardFault_Handler</a> from stm32f4xx_it.o(.text) referenced from startup_stm32f4xx.o(RESET)
 <LI><a href="#[2d]">I2C1_ER_IRQHandler</a> from startup_stm32f4xx.o(.text) referenced from startup_stm32f4xx.o(RESET)
 <LI><a href="#[2c]">I2C1_EV_IRQHandler</a> from startup_stm32f4xx.o(.text) referenced from startup_stm32f4xx.o(RESET)
 <LI><a href="#[2f]">I2C2_ER_IRQHandler</a> from startup_stm32f4xx.o(.text) referenced from startup_stm32f4xx.o(RESET)
 <LI><a href="#[2e]">I2C2_EV_IRQHandler</a> from startup_stm32f4xx.o(.text) referenced from startup_stm32f4xx.o(RESET)
 <LI><a href="#[56]">I2C3_ER_IRQHandler</a> from startup_stm32f4xx.o(.text) referenced from startup_stm32f4xx.o(RESET)
 <LI><a href="#[55]">I2C3_EV_IRQHandler</a> from startup_stm32f4xx.o(.text) referenced from startup_stm32f4xx.o(RESET)
 <LI><a href="#[63]">LwIP_DHCP_task</a> from netconf.o(.text) referenced from stm32f4x7_eth_bsp.o(.text)
 <LI><a href="#[6]">MemManage_Handler</a> from stm32f4xx_it.o(.text) referenced from startup_stm32f4xx.o(RESET)
 <LI><a href="#[4]">NMI_Handler</a> from stm32f4xx_it.o(.text) referenced from startup_stm32f4xx.o(RESET)
 <LI><a href="#[50]">OTG_FS_IRQHandler</a> from startup_stm32f4xx.o(.text) referenced from startup_stm32f4xx.o(RESET)
 <LI><a href="#[37]">OTG_FS_WKUP_IRQHandler</a> from startup_stm32f4xx.o(.text) referenced from startup_stm32f4xx.o(RESET)
 <LI><a href="#[58]">OTG_HS_EP1_IN_IRQHandler</a> from startup_stm32f4xx.o(.text) referenced from startup_stm32f4xx.o(RESET)
 <LI><a href="#[57]">OTG_HS_EP1_OUT_IRQHandler</a> from startup_stm32f4xx.o(.text) referenced from startup_stm32f4xx.o(RESET)
 <LI><a href="#[5a]">OTG_HS_IRQHandler</a> from startup_stm32f4xx.o(.text) referenced from startup_stm32f4xx.o(RESET)
 <LI><a href="#[59]">OTG_HS_WKUP_IRQHandler</a> from startup_stm32f4xx.o(.text) referenced from startup_stm32f4xx.o(RESET)
 <LI><a href="#[e]">PVD_IRQHandler</a> from startup_stm32f4xx.o(.text) referenced from startup_stm32f4xx.o(RESET)
 <LI><a href="#[12]">RCC_IRQHandler</a> from startup_stm32f4xx.o(.text) referenced from startup_stm32f4xx.o(RESET)
 <LI><a href="#[36]">RTC_Alarm_IRQHandler</a> from startup_stm32f4xx.o(.text) referenced from startup_stm32f4xx.o(RESET)
 <LI><a href="#[10]">RTC_WKUP_IRQHandler</a> from startup_stm32f4xx.o(.text) referenced from startup_stm32f4xx.o(RESET)
 <LI><a href="#[3]">Reset_Handler</a> from startup_stm32f4xx.o(.text) referenced from startup_stm32f4xx.o(RESET)
 <LI><a href="#[3e]">SDIO_IRQHandler</a> from startup_stm32f4xx.o(.text) referenced from startup_stm32f4xx.o(RESET)
 <LI><a href="#[30]">SPI1_IRQHandler</a> from startup_stm32f4xx.o(.text) referenced from startup_stm32f4xx.o(RESET)
 <LI><a href="#[31]">SPI2_IRQHandler</a> from startup_stm32f4xx.o(.text) referenced from startup_stm32f4xx.o(RESET)
 <LI><a href="#[40]">SPI3_IRQHandler</a> from startup_stm32f4xx.o(.text) referenced from startup_stm32f4xx.o(RESET)
 <LI><a href="#[c]">SysTick_Handler</a> from stm32f4xx_it.o(.text) referenced from startup_stm32f4xx.o(RESET)
 <LI><a href="#[98]">SystemInit</a> from system_stm32f4xx.o(.text) referenced from startup_stm32f4xx.o(.text)
 <LI><a href="#[f]">TAMP_STAMP_IRQHandler</a> from startup_stm32f4xx.o(.text) referenced from startup_stm32f4xx.o(RESET)
 <LI><a href="#[25]">TIM1_BRK_TIM9_IRQHandler</a> from startup_stm32f4xx.o(.text) referenced from startup_stm32f4xx.o(RESET)
 <LI><a href="#[28]">TIM1_CC_IRQHandler</a> from startup_stm32f4xx.o(.text) referenced from startup_stm32f4xx.o(RESET)
 <LI><a href="#[27]">TIM1_TRG_COM_TIM11_IRQHandler</a> from startup_stm32f4xx.o(.text) referenced from startup_stm32f4xx.o(RESET)
 <LI><a href="#[26]">TIM1_UP_TIM10_IRQHandler</a> from startup_stm32f4xx.o(.text) referenced from startup_stm32f4xx.o(RESET)
 <LI><a href="#[29]">TIM2_IRQHandler</a> from porttimer_m.o(.text) referenced from startup_stm32f4xx.o(RESET)
 <LI><a href="#[2a]">TIM3_IRQHandler</a> from stm32f4xx_it.o(.text) referenced from startup_stm32f4xx.o(RESET)
 <LI><a href="#[2b]">TIM4_IRQHandler</a> from startup_stm32f4xx.o(.text) referenced from startup_stm32f4xx.o(RESET)
 <LI><a href="#[3f]">TIM5_IRQHandler</a> from startup_stm32f4xx.o(.text) referenced from startup_stm32f4xx.o(RESET)
 <LI><a href="#[43]">TIM6_DAC_IRQHandler</a> from startup_stm32f4xx.o(.text) referenced from startup_stm32f4xx.o(RESET)
 <LI><a href="#[44]">TIM7_IRQHandler</a> from startup_stm32f4xx.o(.text) referenced from startup_stm32f4xx.o(RESET)
 <LI><a href="#[38]">TIM8_BRK_TIM12_IRQHandler</a> from startup_stm32f4xx.o(.text) referenced from startup_stm32f4xx.o(RESET)
 <LI><a href="#[3b]">TIM8_CC_IRQHandler</a> from startup_stm32f4xx.o(.text) referenced from startup_stm32f4xx.o(RESET)
 <LI><a href="#[3a]">TIM8_TRG_COM_TIM14_IRQHandler</a> from startup_stm32f4xx.o(.text) referenced from startup_stm32f4xx.o(RESET)
 <LI><a href="#[39]">TIM8_UP_TIM13_IRQHandler</a> from startup_stm32f4xx.o(.text) referenced from startup_stm32f4xx.o(RESET)
 <LI><a href="#[41]">UART4_IRQHandler</a> from portserial_m.o(.text) referenced from startup_stm32f4xx.o(RESET)
 <LI><a href="#[42]">UART5_IRQHandler</a> from startup_stm32f4xx.o(.text) referenced from startup_stm32f4xx.o(RESET)
 <LI><a href="#[32]">USART1_IRQHandler</a> from startup_stm32f4xx.o(.text) referenced from startup_stm32f4xx.o(RESET)
 <LI><a href="#[33]">USART2_IRQHandler</a> from portserial_m.o(.text) referenced from startup_stm32f4xx.o(RESET)
 <LI><a href="#[34]">USART3_IRQHandler</a> from portserial_m.o(.text) referenced from startup_stm32f4xx.o(RESET)
 <LI><a href="#[54]">USART6_IRQHandler</a> from portserial_m.o(.text) referenced from startup_stm32f4xx.o(RESET)
 <LI><a href="#[8]">UsageFault_Handler</a> from stm32f4xx_it.o(.text) referenced from startup_stm32f4xx.o(RESET)
 <LI><a href="#[d]">WWDG_IRQHandler</a> from startup_stm32f4xx.o(.text) referenced from startup_stm32f4xx.o(RESET)
 <LI><a href="#[99]">__main</a> from entry.o(.ARM.Collect$$$$00000000) referenced from startup_stm32f4xx.o(.text)
 <LI><a href="#[a2]">_snputc</a> from printf8.o(i._snputc) referenced from printf8.o(i.__0snprintf$8)
 <LI><a href="#[a3]">_sputc</a> from printf8.o(i._sputc) referenced from printf8.o(i.__0sprintf$8)
 <LI><a href="#[81]">accept_function</a> from api_msg.o(.text) referenced from api_msg.o(.text)
 <LI><a href="#[88]">arp_timer</a> from tcpip.o(.text) referenced 2 times from tcpip.o(.text)
 <LI><a href="#[8b]">autoip_timer</a> from tcpip.o(.text) referenced from tcpip.o(.text)
 <LI><a href="#[190]">bufchar</a> from mqttpacket.o(.text) referenced from mqttpacket.o(.text)
 <LI><a href="#[8f]">dhcp_recv</a> from dhcp.o(.text) referenced from dhcp.o(.text)
 <LI><a href="#[89]">dhcp_timer_coarse</a> from tcpip.o(.text) referenced from tcpip.o(.text)
 <LI><a href="#[8a]">dhcp_timer_fine</a> from tcpip.o(.text) referenced from tcpip.o(.text)
 <LI><a href="#[74]">do_bind</a> from api_msg.o(.text) referenced from api_lib.o(.text)
 <LI><a href="#[7b]">do_close</a> from api_msg.o(.text) referenced from api_lib.o(.text)
 <LI><a href="#[75]">do_connect</a> from api_msg.o(.text) referenced from api_lib.o(.text)
 <LI><a href="#[80]">do_connected</a> from api_msg.o(.text) referenced from api_msg.o(.text)
 <LI><a href="#[72]">do_delconn</a> from api_msg.o(.text) referenced from api_lib.o(.text)
 <LI><a href="#[76]">do_disconnect</a> from api_msg.o(.text) referenced from api_lib.o(.text)
 <LI><a href="#[73]">do_getaddr</a> from api_msg.o(.text) referenced from api_lib.o(.text)
 <LI><a href="#[77]">do_listen</a> from api_msg.o(.text) referenced from api_lib.o(.text)
 <LI><a href="#[71]">do_newconn</a> from api_msg.o(.text) referenced from api_lib.o(.text)
 <LI><a href="#[78]">do_recv</a> from api_msg.o(.text) referenced from api_lib.o(.text)
 <LI><a href="#[79]">do_send</a> from api_msg.o(.text) referenced from api_lib.o(.text)
 <LI><a href="#[7a]">do_write</a> from api_msg.o(.text) referenced from api_lib.o(.text)
 <LI><a href="#[9c]">eMBTCPReceive</a> from mbtcp.o(.text) referenced from tcp_mb.o(.text)
 <LI><a href="#[9d]">eMBTCPSend</a> from mbtcp.o(.text) referenced from tcp_mb.o(.text)
 <LI><a href="#[9a]">eMBTCPStart</a> from mbtcp.o(.text) referenced from tcp_mb.o(.text)
 <LI><a href="#[9b]">eMBTCPStop</a> from mbtcp.o(.text) referenced from tcp_mb.o(.text)
 <LI><a href="#[1]">eRS485MasterFuncPeriodicPing</a> from rs485funcperiodicping_m.o(.text) referenced 2 times from rs485bus_m.o(.data)
 <LI><a href="#[2]">eRS485MasterFuncWriteHoldingRegister</a> from mbfuncholding_m.o(.text) referenced 2 times from rs485bus_m.o(.data)
 <LI><a href="#[6c]">eRS485MasterRTUReceive</a> from rs485rtu_m.o(.text) referenced from rs485bus_m.o(.text)
 <LI><a href="#[6b]">eRS485MasterRTUSend</a> from rs485rtu_m.o(.text) referenced from rs485bus_m.o(.text)
 <LI><a href="#[69]">eRS485MasterRTUStart</a> from rs485rtu_m.o(.text) referenced from rs485bus_m.o(.text)
 <LI><a href="#[6a]">eRS485MasterRTUStop</a> from rs485rtu_m.o(.text) referenced from rs485bus_m.o(.text)
 <LI><a href="#[7e]">err_tcp</a> from api_msg.o(.text) referenced from api_msg.o(.text)
 <LI><a href="#[93]">etharp_output</a> from etharp.o(.text) referenced from ethernetif.o(.text)
 <LI><a href="#[62]">ethernetif_init</a> from ethernetif.o(.text) referenced from netconf.o(.text)
 <LI><a href="#[95]">ethernetif_input</a> from ethernetif.o(.text) referenced from ethernetif.o(.text)
 <LI><a href="#[84]">event_callback</a> from sockets.o(.text) referenced 2 times from sockets.o(.text)
 <LI><a href="#[a1]">fputc</a> from stm32f4xx_uartstdio.o(.text) referenced from printf8.o(i.__0printf$8)
 <LI><a href="#[a1]">fputc</a> from stm32f4xx_uartstdio.o(.text) referenced from printfa.o(i.__0vprintf)
 <LI><a href="#[64]">http_server_socket_thread</a> from httpserver-socket.o(.text) referenced from httpserver-socket.o(.text)
 <LI><a href="#[94]">low_level_output</a> from ethernetif.o(.text) referenced from ethernetif.o(.text)
 <LI><a href="#[85]">lwip_getsockopt_internal</a> from sockets.o(.text) referenced from sockets.o(.text)
 <LI><a href="#[86]">lwip_setsockopt_internal</a> from sockets.o(.text) referenced from sockets.o(.text)
 <LI><a href="#[5f]">main</a> from main.o(.text) referenced from entry9a.o(.ARM.Collect$$$$0000000B)
 <LI><a href="#[8e]">mem_free</a> from mem.o(.text) referenced from tcpip.o(.text)
 <LI><a href="#[136]">messageArrived</a> from mqttclienttask.o(.text) referenced from mqttclienttask.o(.text)
 <LI><a href="#[a7]">modbus_test</a> from main.o(.text) referenced from main.o(.text)
 <LI><a href="#[8d]">pbuf_free_int</a> from tcpip.o(.text) referenced from tcpip.o(.text)
 <LI><a href="#[7d]">poll_tcp</a> from api_msg.o(.text) referenced from api_msg.o(.text)
 <LI><a href="#[96]">prvIdleTask</a> from tasks.o(.text) referenced from tasks.o(.text)
 <LI><a href="#[65]">prvMQTTPublishTask</a> from mqttclienttask.o(.text) referenced from mqttclienttask.o(.text)
 <LI><a href="#[67]">prvRS485MasterPublishTask</a> from rs485bus_task_m.o(.text) referenced from rs485bus_task_m.o(.text)
 <LI><a href="#[68]">prvTCPMBPublishTask</a> from tcpmbbus_task.o(.text) referenced from tcpmbbus_task.o(.text)
 <LI><a href="#[97]">prvTaskExitError</a> from port.o(.text) referenced from port.o(.text)
 <LI><a href="#[66]">prvkeyscanSlavePublishTask</a> from keyscan_task.o(.text) referenced from keyscan_task.o(.text)
 <LI><a href="#[9f]">prvvMBTCPPortError</a> from port_tcp.o(.text) referenced from port_tcp.o(.text)
 <LI><a href="#[a0]">prvxMBTCPPortAccept</a> from port_tcp.o(.text) referenced from port_tcp.o(.text)
 <LI><a href="#[9e]">prvxMBTCPPortReceive</a> from port_tcp.o(.text) referenced from port_tcp.o(.text)
 <LI><a href="#[82]">recv_raw</a> from api_msg.o(.text) referenced from api_msg.o(.text)
 <LI><a href="#[7f]">recv_tcp</a> from api_msg.o(.text) referenced from api_msg.o(.text)
 <LI><a href="#[83]">recv_udp</a> from api_msg.o(.text) referenced from api_msg.o(.text)
 <LI><a href="#[7c]">sent_tcp</a> from api_msg.o(.text) referenced from api_msg.o(.text)
 <LI><a href="#[70]">serial_soft_trans_irq</a> from portserial_m.o(.text) referenced from portserial_m.o(.text)
 <LI><a href="#[90]">sswt_handler</a> from sys.o(.text) referenced from sys.o(.text)
 <LI><a href="#[91]">tcp_accept_null</a> from tcp.o(.text) referenced from tcp.o(.text)
 <LI><a href="#[284]">tcp_recv_null</a> from tcp.o(.text) referenced from tcp.o(.text)
 <LI><a href="#[61]">tcpip_input</a> from tcpip.o(.text) referenced from netconf.o(.text)
 <LI><a href="#[87]">tcpip_tcp_timer</a> from tcpip.o(.text) referenced from tcpip.o(.text)
 <LI><a href="#[8c]">tcpip_thread</a> from tcpip.o(.text) referenced from tcpip.o(.text)
 <LI><a href="#[9]">vPortSVCHandler</a> from port.o(.emb_text) referenced from startup_stm32f4xx.o(RESET)
 <LI><a href="#[b]">xPortPendSVHandler</a> from port.o(.emb_text) referenced from startup_stm32f4xx.o(RESET)
 <LI><a href="#[6d]">xRS485MasterRTUReceiveFSM</a> from rs485rtu_m.o(.text) referenced from rs485bus_m.o(.text)
 <LI><a href="#[6f]">xRS485MasterRTUTimerExpired</a> from rs485rtu_m.o(.text) referenced from rs485bus_m.o(.text)
 <LI><a href="#[6e]">xRS485MasterRTUTransmitFSM</a> from rs485rtu_m.o(.text) referenced from rs485bus_m.o(.text)
</UL>
<P>
<H3>
Global Symbols
</H3>
<P><STRONG><a name="[99]"></a>__main</STRONG> (Thumb, 0 bytes, Stack size unknown bytes, entry.o(.ARM.Collect$$$$00000000))
<BR>[Address Reference Count : 1]<UL><LI> startup_stm32f4xx.o(.text)
</UL>
<P><STRONG><a name="[37b]"></a>_main_stk</STRONG> (Thumb, 0 bytes, Stack size unknown bytes, entry2.o(.ARM.Collect$$$$00000001))

<P><STRONG><a name="[a4]"></a>_main_scatterload</STRONG> (Thumb, 0 bytes, Stack size unknown bytes, entry5.o(.ARM.Collect$$$$00000004))
<BR><BR>[Calls]<UL><LI><a href="#[a5]">&gt;&gt;</a>&nbsp;&nbsp;&nbsp;__scatterload
</UL>

<P><STRONG><a name="[36c]"></a>__main_after_scatterload</STRONG> (Thumb, 0 bytes, Stack size unknown bytes, entry5.o(.ARM.Collect$$$$00000004))
<BR><BR>[Called By]<UL><LI><a href="#[a5]">&gt;&gt;</a>&nbsp;&nbsp;&nbsp;__scatterload
</UL>

<P><STRONG><a name="[37c]"></a>_main_clock</STRONG> (Thumb, 0 bytes, Stack size unknown bytes, entry7b.o(.ARM.Collect$$$$00000008))

<P><STRONG><a name="[37d]"></a>_main_cpp_init</STRONG> (Thumb, 0 bytes, Stack size unknown bytes, entry8b.o(.ARM.Collect$$$$0000000A))

<P><STRONG><a name="[37e]"></a>_main_init</STRONG> (Thumb, 0 bytes, Stack size unknown bytes, entry9a.o(.ARM.Collect$$$$0000000B))

<P><STRONG><a name="[37f]"></a>__rt_final_cpp</STRONG> (Thumb, 0 bytes, Stack size unknown bytes, entry10a.o(.ARM.Collect$$$$0000000D))

<P><STRONG><a name="[380]"></a>__rt_final_exit</STRONG> (Thumb, 0 bytes, Stack size unknown bytes, entry11a.o(.ARM.Collect$$$$0000000F))

<P><STRONG><a name="[9]"></a>vPortSVCHandler</STRONG> (Thumb, 28 bytes, Stack size 0 bytes, port.o(.emb_text))
<BR>[Address Reference Count : 1]<UL><LI> startup_stm32f4xx.o(RESET)
</UL>
<P><STRONG><a name="[349]"></a>__asm___6_port_c_39a90d8d__prvStartFirstTask</STRONG> (Thumb, 36 bytes, Stack size 0 bytes, port.o(.emb_text))
<BR><BR>[Called By]<UL><LI><a href="#[334]">&gt;&gt;</a>&nbsp;&nbsp;&nbsp;xPortStartScheduler
</UL>

<P><STRONG><a name="[348]"></a>__asm___6_port_c_39a90d8d__prvEnableVFP</STRONG> (Thumb, 16 bytes, Stack size 0 bytes, port.o(.emb_text))
<BR><BR>[Called By]<UL><LI><a href="#[334]">&gt;&gt;</a>&nbsp;&nbsp;&nbsp;xPortStartScheduler
</UL>

<P><STRONG><a name="[b]"></a>xPortPendSVHandler</STRONG> (Thumb, 88 bytes, Stack size 0 bytes, port.o(.emb_text))
<BR><BR>[Stack]<UL><LI>Max Depth = 32<LI>Call Chain = xPortPendSVHandler &rArr; vTaskSwitchContext &rArr; vApplicationStackOverflowHook &rArr; __2printf
</UL>
<BR>[Calls]<UL><LI><a href="#[a6]">&gt;&gt;</a>&nbsp;&nbsp;&nbsp;vTaskSwitchContext
</UL>
<BR>[Address Reference Count : 1]<UL><LI> startup_stm32f4xx.o(RESET)
</UL>
<P><STRONG><a name="[34a]"></a>vPortGetIPSR</STRONG> (Thumb, 6 bytes, Stack size 0 bytes, port.o(.emb_text))
<BR><BR>[Called By]<UL><LI><a href="#[31e]">&gt;&gt;</a>&nbsp;&nbsp;&nbsp;vPortValidateInterruptPriority
</UL>

<P><STRONG><a name="[a7]"></a>modbus_test</STRONG> (Thumb, 26 bytes, Stack size 0 bytes, main.o(.text))
<BR><BR>[Stack]<UL><LI>Max Depth = 64<LI>Call Chain = modbus_test &rArr; vTaskDelay &rArr; xTaskResumeAll &rArr; xTaskIncrementTick
</UL>
<BR>[Calls]<UL><LI><a href="#[a8]">&gt;&gt;</a>&nbsp;&nbsp;&nbsp;vTaskDelay
<LI><a href="#[a9]">&gt;&gt;</a>&nbsp;&nbsp;&nbsp;__2printf
</UL>
<BR>[Address Reference Count : 1]<UL><LI> main.o(.text)
</UL>
<P><STRONG><a name="[aa]"></a>Factory_reset</STRONG> (Thumb, 178 bytes, Stack size 24 bytes, main.o(.text))
<BR><BR>[Stack]<UL><LI>Max Depth = 64<LI>Call Chain = Factory_reset &rArr; Flash_Write_Information &rArr; FLASH_ProgramWord &rArr; FLASH_WaitForLastOperation
</UL>
<BR>[Calls]<UL><LI><a href="#[ac]">&gt;&gt;</a>&nbsp;&nbsp;&nbsp;Flash_Write_Information
<LI><a href="#[ab]">&gt;&gt;</a>&nbsp;&nbsp;&nbsp;strcpy
</UL>
<BR>[Called By]<UL><LI><a href="#[5f]">&gt;&gt;</a>&nbsp;&nbsp;&nbsp;main
<LI><a href="#[ad]">&gt;&gt;</a>&nbsp;&nbsp;&nbsp;ControlTask
</UL>

<P><STRONG><a name="[ad]"></a>ControlTask</STRONG> (Thumb, 1636 bytes, Stack size 24 bytes, main.o(.text))
<BR><BR>[Stack]<UL><LI>Max Depth = 176<LI>Call Chain = ControlTask &rArr; vStartMQTTTasks &rArr; xTaskCreate &rArr; pvPortMalloc &rArr; xTaskResumeAll &rArr; xTaskIncrementTick
</UL>
<BR>[Calls]<UL><LI><a href="#[b3]">&gt;&gt;</a>&nbsp;&nbsp;&nbsp;xTaskGetHandle
<LI><a href="#[b2]">&gt;&gt;</a>&nbsp;&nbsp;&nbsp;xQueueReceive
<LI><a href="#[b9]">&gt;&gt;</a>&nbsp;&nbsp;&nbsp;xQueueGenericSend
<LI><a href="#[b7]">&gt;&gt;</a>&nbsp;&nbsp;&nbsp;vTaskDelete
<LI><a href="#[a8]">&gt;&gt;</a>&nbsp;&nbsp;&nbsp;vTaskDelay
<LI><a href="#[b5]">&gt;&gt;</a>&nbsp;&nbsp;&nbsp;vStartMQTTTasks
<LI><a href="#[ba]">&gt;&gt;</a>&nbsp;&nbsp;&nbsp;STM_Output_LOW
<LI><a href="#[b8]">&gt;&gt;</a>&nbsp;&nbsp;&nbsp;STM_Output_HIGH
<LI><a href="#[ae]">&gt;&gt;</a>&nbsp;&nbsp;&nbsp;STM_EVAL_LEDOn
<LI><a href="#[af]">&gt;&gt;</a>&nbsp;&nbsp;&nbsp;STM_EVAL_LEDOff
<LI><a href="#[b6]">&gt;&gt;</a>&nbsp;&nbsp;&nbsp;STM_Buzzer_ON
<LI><a href="#[bb]">&gt;&gt;</a>&nbsp;&nbsp;&nbsp;STM_Buzzer_OFF
<LI><a href="#[b4]">&gt;&gt;</a>&nbsp;&nbsp;&nbsp;Host_read_flash
<LI><a href="#[ac]">&gt;&gt;</a>&nbsp;&nbsp;&nbsp;Flash_Write_Information
<LI><a href="#[b1]">&gt;&gt;</a>&nbsp;&nbsp;&nbsp;ETH_Enable
<LI><a href="#[b0]">&gt;&gt;</a>&nbsp;&nbsp;&nbsp;ETH_Disable
<LI><a href="#[aa]">&gt;&gt;</a>&nbsp;&nbsp;&nbsp;Factory_reset
<LI><a href="#[a9]">&gt;&gt;</a>&nbsp;&nbsp;&nbsp;__2printf
</UL>
<BR>[Address Reference Count : 1]<UL><LI> main.o(.text)
</UL>
<P><STRONG><a name="[bc]"></a>Port_read_config</STRONG> (Thumb, 40 bytes, Stack size 8 bytes, main.o(.text))
<BR><BR>[Stack]<UL><LI>Max Depth = 20<LI>Call Chain = Port_read_config &rArr; Port_read_flash
</UL>
<BR>[Calls]<UL><LI><a href="#[bd]">&gt;&gt;</a>&nbsp;&nbsp;&nbsp;Port_read_flash
</UL>
<BR>[Called By]<UL><LI><a href="#[5f]">&gt;&gt;</a>&nbsp;&nbsp;&nbsp;main
</UL>

<P><STRONG><a name="[be]"></a>RTC_set_time</STRONG> (Thumb, 80 bytes, Stack size 16 bytes, main.o(.text))
<BR><BR>[Stack]<UL><LI>Max Depth = 52<LI>Call Chain = RTC_set_time &rArr; RTC_SetTime &rArr; RTC_WaitForSynchro
</UL>
<BR>[Calls]<UL><LI><a href="#[bf]">&gt;&gt;</a>&nbsp;&nbsp;&nbsp;RTC_WriteProtectionCmd
<LI><a href="#[c2]">&gt;&gt;</a>&nbsp;&nbsp;&nbsp;RTC_WriteBackupRegister
<LI><a href="#[c1]">&gt;&gt;</a>&nbsp;&nbsp;&nbsp;RTC_SetTime
<LI><a href="#[c0]">&gt;&gt;</a>&nbsp;&nbsp;&nbsp;RTC_SetDate
</UL>
<BR>[Called By]<UL><LI><a href="#[5f]">&gt;&gt;</a>&nbsp;&nbsp;&nbsp;main
</UL>

<P><STRONG><a name="[c3]"></a>RTCUserInit</STRONG> (Thumb, 124 bytes, Stack size 32 bytes, main.o(.text))
<BR><BR>[Stack]<UL><LI>Max Depth = 56<LI>Call Chain = RTCUserInit &rArr; RTC_Init &rArr; RTC_EnterInitMode
</UL>
<BR>[Calls]<UL><LI><a href="#[cc]">&gt;&gt;</a>&nbsp;&nbsp;&nbsp;RTC_WaitForSynchro
<LI><a href="#[cd]">&gt;&gt;</a>&nbsp;&nbsp;&nbsp;RTC_Init
<LI><a href="#[cb]">&gt;&gt;</a>&nbsp;&nbsp;&nbsp;RCC_RTCCLKConfig
<LI><a href="#[c6]">&gt;&gt;</a>&nbsp;&nbsp;&nbsp;RCC_RTCCLKCmd
<LI><a href="#[c7]">&gt;&gt;</a>&nbsp;&nbsp;&nbsp;RCC_LSEConfig
<LI><a href="#[ca]">&gt;&gt;</a>&nbsp;&nbsp;&nbsp;RCC_GetFlagStatus
<LI><a href="#[c4]">&gt;&gt;</a>&nbsp;&nbsp;&nbsp;RCC_APB1PeriphClockCmd
<LI><a href="#[c8]">&gt;&gt;</a>&nbsp;&nbsp;&nbsp;RCC_AHB1PeriphClockCmd
<LI><a href="#[c5]">&gt;&gt;</a>&nbsp;&nbsp;&nbsp;PWR_BackupAccessCmd
<LI><a href="#[c9]">&gt;&gt;</a>&nbsp;&nbsp;&nbsp;GPIO_Init
</UL>
<BR>[Called By]<UL><LI><a href="#[5f]">&gt;&gt;</a>&nbsp;&nbsp;&nbsp;main
</UL>

<P><STRONG><a name="[5f]"></a>main</STRONG> (Thumb, 296 bytes, Stack size 16 bytes, main.o(.text))
<BR><BR>[Stack]<UL><LI>Max Depth = 440<LI>Call Chain = main &rArr; LwIP_Init &rArr; netif_add &rArr; netif_set_addr &rArr; netif_set_ipaddr &rArr; tcp_abandon &rArr; tcp_pcb_remove &rArr; tcp_output &rArr; tcp_send_empty_ack &rArr; pbuf_alloc &rArr; pbuf_free &rArr; mem_free &rArr; sys_arch_sem_wait &rArr; xQueueSemaphoreTake &rArr; xTaskResumeAll &rArr; xTaskIncrementTick
</UL>
<BR>[Calls]<UL><LI><a href="#[d8]">&gt;&gt;</a>&nbsp;&nbsp;&nbsp;xTaskCreate
<LI><a href="#[d6]">&gt;&gt;</a>&nbsp;&nbsp;&nbsp;xQueueGenericCreate
<LI><a href="#[dd]">&gt;&gt;</a>&nbsp;&nbsp;&nbsp;vTaskStartScheduler
<LI><a href="#[db]">&gt;&gt;</a>&nbsp;&nbsp;&nbsp;vStartTCPMBTasks
<LI><a href="#[dc]">&gt;&gt;</a>&nbsp;&nbsp;&nbsp;vStartRS485busMasterTasks
<LI><a href="#[d9]">&gt;&gt;</a>&nbsp;&nbsp;&nbsp;vStartKeyScanTasks
<LI><a href="#[da]">&gt;&gt;</a>&nbsp;&nbsp;&nbsp;http_server_socket_init
<LI><a href="#[cf]">&gt;&gt;</a>&nbsp;&nbsp;&nbsp;UARTstdio_Configuration
<LI><a href="#[d2]">&gt;&gt;</a>&nbsp;&nbsp;&nbsp;STM_EVAL_PBInit
<LI><a href="#[d3]">&gt;&gt;</a>&nbsp;&nbsp;&nbsp;STM_EVAL_OutCTLInit
<LI><a href="#[d1]">&gt;&gt;</a>&nbsp;&nbsp;&nbsp;STM_EVAL_LEDInit
<LI><a href="#[d4]">&gt;&gt;</a>&nbsp;&nbsp;&nbsp;STM_EVAL_BuzzerInit
<LI><a href="#[bb]">&gt;&gt;</a>&nbsp;&nbsp;&nbsp;STM_Buzzer_OFF
<LI><a href="#[ce]">&gt;&gt;</a>&nbsp;&nbsp;&nbsp;RTC_ReadBackupRegister
<LI><a href="#[d7]">&gt;&gt;</a>&nbsp;&nbsp;&nbsp;LwIP_Init
<LI><a href="#[d0]">&gt;&gt;</a>&nbsp;&nbsp;&nbsp;Lan_read_flash
<LI><a href="#[d5]">&gt;&gt;</a>&nbsp;&nbsp;&nbsp;ETH_BSP_Config
<LI><a href="#[c3]">&gt;&gt;</a>&nbsp;&nbsp;&nbsp;RTCUserInit
<LI><a href="#[be]">&gt;&gt;</a>&nbsp;&nbsp;&nbsp;RTC_set_time
<LI><a href="#[bc]">&gt;&gt;</a>&nbsp;&nbsp;&nbsp;Port_read_config
<LI><a href="#[aa]">&gt;&gt;</a>&nbsp;&nbsp;&nbsp;Factory_reset
<LI><a href="#[a9]">&gt;&gt;</a>&nbsp;&nbsp;&nbsp;__2printf
</UL>
<BR>[Address Reference Count : 1]<UL><LI> entry9a.o(.ARM.Collect$$$$0000000B)
</UL>
<P><STRONG><a name="[de]"></a>Bt_debounce</STRONG> (Thumb, 48 bytes, Stack size 8 bytes, main.o(.text), UNUSED)
<BR><BR>[Calls]<UL><LI><a href="#[df]">&gt;&gt;</a>&nbsp;&nbsp;&nbsp;STM_EVAL_PBGetState
</UL>

<P><STRONG><a name="[e0]"></a>vApplicationMallocFailedHook</STRONG> (Thumb, 28 bytes, Stack size 0 bytes, main.o(.text), UNUSED)
<BR><BR>[Calls]<UL><LI><a href="#[e1]">&gt;&gt;</a>&nbsp;&nbsp;&nbsp;xPortGetFreeHeapSize
<LI><a href="#[a9]">&gt;&gt;</a>&nbsp;&nbsp;&nbsp;__2printf
</UL>

<P><STRONG><a name="[e2]"></a>vApplicationStackOverflowHook</STRONG> (Thumb, 22 bytes, Stack size 0 bytes, main.o(.text))
<BR><BR>[Stack]<UL><LI>Max Depth = 24<LI>Call Chain = vApplicationStackOverflowHook &rArr; __2printf
</UL>
<BR>[Calls]<UL><LI><a href="#[a9]">&gt;&gt;</a>&nbsp;&nbsp;&nbsp;__2printf
</UL>
<BR>[Called By]<UL><LI><a href="#[a6]">&gt;&gt;</a>&nbsp;&nbsp;&nbsp;vTaskSwitchContext
</UL>

<P><STRONG><a name="[98]"></a>SystemInit</STRONG> (Thumb, 74 bytes, Stack size 8 bytes, system_stm32f4xx.o(.text))
<BR><BR>[Stack]<UL><LI>Max Depth = 20<LI>Call Chain = SystemInit &rArr; SetSysClock
</UL>
<BR>[Calls]<UL><LI><a href="#[e3]">&gt;&gt;</a>&nbsp;&nbsp;&nbsp;SetSysClock
</UL>
<BR>[Address Reference Count : 1]<UL><LI> startup_stm32f4xx.o(.text)
</UL>
<P><STRONG><a name="[381]"></a>SystemCoreClockUpdate</STRONG> (Thumb, 108 bytes, Stack size 16 bytes, system_stm32f4xx.o(.text), UNUSED)

<P><STRONG><a name="[4]"></a>NMI_Handler</STRONG> (Thumb, 2 bytes, Stack size 0 bytes, stm32f4xx_it.o(.text))
<BR>[Address Reference Count : 1]<UL><LI> startup_stm32f4xx.o(RESET)
</UL>
<P><STRONG><a name="[5]"></a>HardFault_Handler</STRONG> (Thumb, 2 bytes, Stack size 0 bytes, stm32f4xx_it.o(.text))
<BR><BR>[Calls]<UL><LI><a href="#[5]">&gt;&gt;</a>&nbsp;&nbsp;&nbsp;HardFault_Handler
</UL>
<BR>[Called By]<UL><LI><a href="#[5]">&gt;&gt;</a>&nbsp;&nbsp;&nbsp;HardFault_Handler
</UL>
<BR>[Address Reference Count : 1]<UL><LI> startup_stm32f4xx.o(RESET)
</UL>
<P><STRONG><a name="[6]"></a>MemManage_Handler</STRONG> (Thumb, 2 bytes, Stack size 0 bytes, stm32f4xx_it.o(.text))
<BR><BR>[Calls]<UL><LI><a href="#[6]">&gt;&gt;</a>&nbsp;&nbsp;&nbsp;MemManage_Handler
</UL>
<BR>[Called By]<UL><LI><a href="#[6]">&gt;&gt;</a>&nbsp;&nbsp;&nbsp;MemManage_Handler
</UL>
<BR>[Address Reference Count : 1]<UL><LI> startup_stm32f4xx.o(RESET)
</UL>
<P><STRONG><a name="[7]"></a>BusFault_Handler</STRONG> (Thumb, 2 bytes, Stack size 0 bytes, stm32f4xx_it.o(.text))
<BR><BR>[Calls]<UL><LI><a href="#[7]">&gt;&gt;</a>&nbsp;&nbsp;&nbsp;BusFault_Handler
</UL>
<BR>[Called By]<UL><LI><a href="#[7]">&gt;&gt;</a>&nbsp;&nbsp;&nbsp;BusFault_Handler
</UL>
<BR>[Address Reference Count : 1]<UL><LI> startup_stm32f4xx.o(RESET)
</UL>
<P><STRONG><a name="[8]"></a>UsageFault_Handler</STRONG> (Thumb, 2 bytes, Stack size 0 bytes, stm32f4xx_it.o(.text))
<BR><BR>[Calls]<UL><LI><a href="#[8]">&gt;&gt;</a>&nbsp;&nbsp;&nbsp;UsageFault_Handler
</UL>
<BR>[Called By]<UL><LI><a href="#[8]">&gt;&gt;</a>&nbsp;&nbsp;&nbsp;UsageFault_Handler
</UL>
<BR>[Address Reference Count : 1]<UL><LI> startup_stm32f4xx.o(RESET)
</UL>
<P><STRONG><a name="[382]"></a>SVC_Handler</STRONG> (Thumb, 2 bytes, Stack size 0 bytes, stm32f4xx_it.o(.text), UNUSED)

<P><STRONG><a name="[a]"></a>DebugMon_Handler</STRONG> (Thumb, 2 bytes, Stack size 0 bytes, stm32f4xx_it.o(.text))
<BR>[Address Reference Count : 1]<UL><LI> startup_stm32f4xx.o(RESET)
</UL>
<P><STRONG><a name="[383]"></a>PendSV_Handler</STRONG> (Thumb, 2 bytes, Stack size 0 bytes, stm32f4xx_it.o(.text), UNUSED)

<P><STRONG><a name="[c]"></a>SysTick_Handler</STRONG> (Thumb, 4 bytes, Stack size 0 bytes, stm32f4xx_it.o(.text))
<BR><BR>[Stack]<UL><LI>Max Depth = 32<LI>Call Chain = SysTick_Handler &rArr; xPortSysTickHandler &rArr; xTaskIncrementTick
</UL>
<BR>[Calls]<UL><LI><a href="#[e4]">&gt;&gt;</a>&nbsp;&nbsp;&nbsp;xPortSysTickHandler
</UL>
<BR>[Address Reference Count : 1]<UL><LI> startup_stm32f4xx.o(RESET)
</UL>
<P><STRONG><a name="[4a]"></a>ETH_IRQHandler</STRONG> (Thumb, 64 bytes, Stack size 8 bytes, stm32f4xx_it.o(.text))
<BR><BR>[Stack]<UL><LI>Max Depth = 48<LI>Call Chain = ETH_IRQHandler &rArr; xQueueGiveFromISR &rArr; xTaskRemoveFromEventList
</UL>
<BR>[Calls]<UL><LI><a href="#[e6]">&gt;&gt;</a>&nbsp;&nbsp;&nbsp;xQueueGiveFromISR
<LI><a href="#[e5]">&gt;&gt;</a>&nbsp;&nbsp;&nbsp;ETH_GetDMAFlagStatus
<LI><a href="#[e7]">&gt;&gt;</a>&nbsp;&nbsp;&nbsp;ETH_DMAClearITPendingBit
</UL>
<BR>[Address Reference Count : 1]<UL><LI> startup_stm32f4xx.o(RESET)
</UL>
<P><STRONG><a name="[2a]"></a>TIM3_IRQHandler</STRONG> (Thumb, 24 bytes, Stack size 8 bytes, stm32f4xx_it.o(.text))
<BR><BR>[Stack]<UL><LI>Max Depth = 8<LI>Call Chain = TIM3_IRQHandler
</UL>
<BR>[Calls]<UL><LI><a href="#[e9]">&gt;&gt;</a>&nbsp;&nbsp;&nbsp;TIM_Cmd
<LI><a href="#[e8]">&gt;&gt;</a>&nbsp;&nbsp;&nbsp;TIM_ClearITPendingBit
</UL>
<BR>[Address Reference Count : 1]<UL><LI> startup_stm32f4xx.o(RESET)
</UL>
<P><STRONG><a name="[d7]"></a>LwIP_Init</STRONG> (Thumb, 136 bytes, Stack size 48 bytes, netconf.o(.text))
<BR><BR>[Stack]<UL><LI>Max Depth = 424<LI>Call Chain = LwIP_Init &rArr; netif_add &rArr; netif_set_addr &rArr; netif_set_ipaddr &rArr; tcp_abandon &rArr; tcp_pcb_remove &rArr; tcp_output &rArr; tcp_send_empty_ack &rArr; pbuf_alloc &rArr; pbuf_free &rArr; mem_free &rArr; sys_arch_sem_wait &rArr; xQueueSemaphoreTake &rArr; xTaskResumeAll &rArr; xTaskIncrementTick
</UL>
<BR>[Calls]<UL><LI><a href="#[ea]">&gt;&gt;</a>&nbsp;&nbsp;&nbsp;tcpip_init
<LI><a href="#[ee]">&gt;&gt;</a>&nbsp;&nbsp;&nbsp;netif_set_up
<LI><a href="#[ed]">&gt;&gt;</a>&nbsp;&nbsp;&nbsp;netif_set_default
<LI><a href="#[ec]">&gt;&gt;</a>&nbsp;&nbsp;&nbsp;netif_add
<LI><a href="#[eb]">&gt;&gt;</a>&nbsp;&nbsp;&nbsp;htonl
</UL>
<BR>[Called By]<UL><LI><a href="#[5f]">&gt;&gt;</a>&nbsp;&nbsp;&nbsp;main
</UL>

<P><STRONG><a name="[63]"></a>LwIP_DHCP_task</STRONG> (Thumb, 246 bytes, Stack size 16 bytes, netconf.o(.text))
<BR><BR>[Stack]<UL><LI>Max Depth = 296<LI>Call Chain = LwIP_DHCP_task &rArr; dhcp_start &rArr; dhcp_discover &rArr; udp_sendto_if &rArr; pbuf_alloc &rArr; pbuf_free &rArr; mem_free &rArr; sys_arch_sem_wait &rArr; xQueueSemaphoreTake &rArr; xTaskResumeAll &rArr; xTaskIncrementTick
</UL>
<BR>[Calls]<UL><LI><a href="#[ef]">&gt;&gt;</a>&nbsp;&nbsp;&nbsp;xQueuePeek
<LI><a href="#[f1]">&gt;&gt;</a>&nbsp;&nbsp;&nbsp;dhcp_stop
<LI><a href="#[f0]">&gt;&gt;</a>&nbsp;&nbsp;&nbsp;dhcp_start
<LI><a href="#[b3]">&gt;&gt;</a>&nbsp;&nbsp;&nbsp;xTaskGetHandle
<LI><a href="#[b9]">&gt;&gt;</a>&nbsp;&nbsp;&nbsp;xQueueGenericSend
<LI><a href="#[a8]">&gt;&gt;</a>&nbsp;&nbsp;&nbsp;vTaskDelay
</UL>
<BR>[Address Reference Count : 1]<UL><LI> stm32f4x7_eth_bsp.o(.text)
</UL>
<P><STRONG><a name="[f2]"></a>ETH_Configuration</STRONG> (Thumb, 96 bytes, Stack size 192 bytes, stm32f4x7_eth_bsp.o(.text))
<BR><BR>[Stack]<UL><LI>Max Depth = 256<LI>Call Chain = ETH_Configuration &rArr; ETH_Init &rArr; RCC_GetClocksFreq
</UL>
<BR>[Calls]<UL><LI><a href="#[f3]">&gt;&gt;</a>&nbsp;&nbsp;&nbsp;ETH_StructInit
<LI><a href="#[f4]">&gt;&gt;</a>&nbsp;&nbsp;&nbsp;ETH_Init
<LI><a href="#[f5]">&gt;&gt;</a>&nbsp;&nbsp;&nbsp;ETH_DMAITConfig
</UL>
<BR>[Called By]<UL><LI><a href="#[60]">&gt;&gt;</a>&nbsp;&nbsp;&nbsp;ETH_ConfigTask
<LI><a href="#[d5]">&gt;&gt;</a>&nbsp;&nbsp;&nbsp;ETH_BSP_Config
</UL>

<P><STRONG><a name="[d5]"></a>ETH_BSP_Config</STRONG> (Thumb, 76 bytes, Stack size 8 bytes, stm32f4x7_eth_bsp.o(.text))
<BR><BR>[Stack]<UL><LI>Max Depth = 264<LI>Call Chain = ETH_BSP_Config &rArr; ETH_Configuration &rArr; ETH_Init &rArr; RCC_GetClocksFreq
</UL>
<BR>[Calls]<UL><LI><a href="#[fc]">&gt;&gt;</a>&nbsp;&nbsp;&nbsp;NVIC_PriorityGroupConfig
<LI><a href="#[fd]">&gt;&gt;</a>&nbsp;&nbsp;&nbsp;NVIC_Init
<LI><a href="#[ff]">&gt;&gt;</a>&nbsp;&nbsp;&nbsp;ETH_SoftwareReset
<LI><a href="#[100]">&gt;&gt;</a>&nbsp;&nbsp;&nbsp;ETH_GetSoftwareResetStatus
<LI><a href="#[fe]">&gt;&gt;</a>&nbsp;&nbsp;&nbsp;ETH_DeInit
<LI><a href="#[f2]">&gt;&gt;</a>&nbsp;&nbsp;&nbsp;ETH_Configuration
<LI><a href="#[f6]">&gt;&gt;</a>&nbsp;&nbsp;&nbsp;ETH_GPIO_Config
<LI><a href="#[c8]">&gt;&gt;</a>&nbsp;&nbsp;&nbsp;RCC_AHB1PeriphClockCmd
</UL>
<BR>[Called By]<UL><LI><a href="#[5f]">&gt;&gt;</a>&nbsp;&nbsp;&nbsp;main
</UL>

<P><STRONG><a name="[60]"></a>ETH_ConfigTask</STRONG> (Thumb, 230 bytes, Stack size 24 bytes, stm32f4x7_eth_bsp.o(.text))
<BR><BR>[Stack]<UL><LI>Max Depth = 280<LI>Call Chain = ETH_ConfigTask &rArr; ETH_Configuration &rArr; ETH_Init &rArr; RCC_GetClocksFreq
</UL>
<BR>[Calls]<UL><LI><a href="#[103]">&gt;&gt;</a>&nbsp;&nbsp;&nbsp;ETH_Stop
<LI><a href="#[102]">&gt;&gt;</a>&nbsp;&nbsp;&nbsp;ETH_Start
<LI><a href="#[101]">&gt;&gt;</a>&nbsp;&nbsp;&nbsp;ETH_ReadPHYRegister
<LI><a href="#[f2]">&gt;&gt;</a>&nbsp;&nbsp;&nbsp;ETH_Configuration
<LI><a href="#[ef]">&gt;&gt;</a>&nbsp;&nbsp;&nbsp;xQueuePeek
<LI><a href="#[b3]">&gt;&gt;</a>&nbsp;&nbsp;&nbsp;xTaskGetHandle
<LI><a href="#[d8]">&gt;&gt;</a>&nbsp;&nbsp;&nbsp;xTaskCreate
<LI><a href="#[b9]">&gt;&gt;</a>&nbsp;&nbsp;&nbsp;xQueueGenericSend
<LI><a href="#[b7]">&gt;&gt;</a>&nbsp;&nbsp;&nbsp;vTaskDelete
<LI><a href="#[a8]">&gt;&gt;</a>&nbsp;&nbsp;&nbsp;vTaskDelay
</UL>
<BR>[Address Reference Count : 1]<UL><LI> main.o(.text)
</UL>
<P><STRONG><a name="[b0]"></a>ETH_Disable</STRONG> (Thumb, 18 bytes, Stack size 0 bytes, stm32f4x7_eth_bsp.o(.text))
<BR><BR>[Called By]<UL><LI><a href="#[ad]">&gt;&gt;</a>&nbsp;&nbsp;&nbsp;ControlTask
</UL>

<P><STRONG><a name="[b1]"></a>ETH_Enable</STRONG> (Thumb, 8 bytes, Stack size 0 bytes, stm32f4x7_eth_bsp.o(.text))
<BR><BR>[Called By]<UL><LI><a href="#[ad]">&gt;&gt;</a>&nbsp;&nbsp;&nbsp;ControlTask
</UL>

<P><STRONG><a name="[104]"></a>fs_open</STRONG> (Thumb, 104 bytes, Stack size 24 bytes, fs.o(.text))
<BR><BR>[Stack]<UL><LI>Max Depth = 32<LI>Call Chain = fs_open &rArr; strcmp
</UL>
<BR>[Calls]<UL><LI><a href="#[106]">&gt;&gt;</a>&nbsp;&nbsp;&nbsp;fs_free
<LI><a href="#[105]">&gt;&gt;</a>&nbsp;&nbsp;&nbsp;strcmp
</UL>
<BR>[Called By]<UL><LI><a href="#[10a]">&gt;&gt;</a>&nbsp;&nbsp;&nbsp;http_server_serve
</UL>

<P><STRONG><a name="[107]"></a>fs_close</STRONG> (Thumb, 4 bytes, Stack size 0 bytes, fs.o(.text))
<BR><BR>[Calls]<UL><LI><a href="#[106]">&gt;&gt;</a>&nbsp;&nbsp;&nbsp;fs_free
</UL>
<BR>[Called By]<UL><LI><a href="#[10a]">&gt;&gt;</a>&nbsp;&nbsp;&nbsp;http_server_serve
</UL>

<P><STRONG><a name="[108]"></a>fs_read</STRONG> (Thumb, 52 bytes, Stack size 16 bytes, fs.o(.text), UNUSED)
<BR><BR>[Calls]<UL><LI><a href="#[109]">&gt;&gt;</a>&nbsp;&nbsp;&nbsp;__aeabi_memcpy
</UL>

<P><STRONG><a name="[384]"></a>fs_bytes_left</STRONG> (Thumb, 8 bytes, Stack size 0 bytes, fs.o(.text), UNUSED)

<P><STRONG><a name="[10a]"></a>http_server_serve</STRONG> (Thumb, 3486 bytes, Stack size 1704 bytes, httpserver-socket.o(.text))
<BR><BR>[Stack]<UL><LI>Max Depth = 2016<LI>Call Chain = http_server_serve &rArr; lwip_read &rArr; lwip_recvfrom &rArr; netconn_recv &rArr; tcpip_apimsg &rArr; sys_mbox_post &rArr; xQueueGenericSend &rArr; xTaskResumeAll &rArr; xTaskIncrementTick
</UL>
<BR>[Calls]<UL><LI><a href="#[115]">&gt;&gt;</a>&nbsp;&nbsp;&nbsp;username_password_config
<LI><a href="#[116]">&gt;&gt;</a>&nbsp;&nbsp;&nbsp;set_time
<LI><a href="#[11c]">&gt;&gt;</a>&nbsp;&nbsp;&nbsp;port_config
<LI><a href="#[11a]">&gt;&gt;</a>&nbsp;&nbsp;&nbsp;lwip_write
<LI><a href="#[10b]">&gt;&gt;</a>&nbsp;&nbsp;&nbsp;lwip_read
<LI><a href="#[10c]">&gt;&gt;</a>&nbsp;&nbsp;&nbsp;lwip_close
<LI><a href="#[119]">&gt;&gt;</a>&nbsp;&nbsp;&nbsp;itoa
<LI><a href="#[11d]">&gt;&gt;</a>&nbsp;&nbsp;&nbsp;inet_ntoa
<LI><a href="#[11e]">&gt;&gt;</a>&nbsp;&nbsp;&nbsp;Web_lan_config
<LI><a href="#[11f]">&gt;&gt;</a>&nbsp;&nbsp;&nbsp;Web_host_config
<LI><a href="#[10e]">&gt;&gt;</a>&nbsp;&nbsp;&nbsp;User_read_flash
<LI><a href="#[117]">&gt;&gt;</a>&nbsp;&nbsp;&nbsp;RTC_GetTime
<LI><a href="#[118]">&gt;&gt;</a>&nbsp;&nbsp;&nbsp;RTC_GetDate
<LI><a href="#[113]">&gt;&gt;</a>&nbsp;&nbsp;&nbsp;Api_lan_config
<LI><a href="#[114]">&gt;&gt;</a>&nbsp;&nbsp;&nbsp;Api_host_config
<LI><a href="#[112]">&gt;&gt;</a>&nbsp;&nbsp;&nbsp;ApiSystemReboot
<LI><a href="#[120]">&gt;&gt;</a>&nbsp;&nbsp;&nbsp;ApiProcessComplete
<LI><a href="#[107]">&gt;&gt;</a>&nbsp;&nbsp;&nbsp;fs_close
<LI><a href="#[104]">&gt;&gt;</a>&nbsp;&nbsp;&nbsp;fs_open
<LI><a href="#[a8]">&gt;&gt;</a>&nbsp;&nbsp;&nbsp;vTaskDelay
<LI><a href="#[bd]">&gt;&gt;</a>&nbsp;&nbsp;&nbsp;Port_read_flash
<LI><a href="#[d0]">&gt;&gt;</a>&nbsp;&nbsp;&nbsp;Lan_read_flash
<LI><a href="#[b4]">&gt;&gt;</a>&nbsp;&nbsp;&nbsp;Host_read_flash
<LI><a href="#[111]">&gt;&gt;</a>&nbsp;&nbsp;&nbsp;strncmp
<LI><a href="#[105]">&gt;&gt;</a>&nbsp;&nbsp;&nbsp;strcmp
<LI><a href="#[11b]">&gt;&gt;</a>&nbsp;&nbsp;&nbsp;strlen
<LI><a href="#[10f]">&gt;&gt;</a>&nbsp;&nbsp;&nbsp;strstr
<LI><a href="#[110]">&gt;&gt;</a>&nbsp;&nbsp;&nbsp;strcat
<LI><a href="#[10d]">&gt;&gt;</a>&nbsp;&nbsp;&nbsp;__aeabi_memclr4
</UL>
<BR>[Called By]<UL><LI><a href="#[64]">&gt;&gt;</a>&nbsp;&nbsp;&nbsp;http_server_socket_thread
</UL>

<P><STRONG><a name="[da]"></a>http_server_socket_init</STRONG> (Thumb, 20 bytes, Stack size 8 bytes, httpserver-socket.o(.text))
<BR><BR>[Stack]<UL><LI>Max Depth = 176<LI>Call Chain = http_server_socket_init &rArr; sys_thread_new &rArr; xTaskCreate &rArr; pvPortMalloc &rArr; xTaskResumeAll &rArr; xTaskIncrementTick
</UL>
<BR>[Calls]<UL><LI><a href="#[127]">&gt;&gt;</a>&nbsp;&nbsp;&nbsp;sys_thread_new
</UL>
<BR>[Called By]<UL><LI><a href="#[5f]">&gt;&gt;</a>&nbsp;&nbsp;&nbsp;main
</UL>

<P><STRONG><a name="[129]"></a>HexIntToChar</STRONG> (Thumb, 96 bytes, Stack size 0 bytes, miscellaneous.o(.text))
<BR><BR>[Called By]<UL><LI><a href="#[128]">&gt;&gt;</a>&nbsp;&nbsp;&nbsp;HexToString
<LI><a href="#[65]">&gt;&gt;</a>&nbsp;&nbsp;&nbsp;prvMQTTPublishTask
</UL>

<P><STRONG><a name="[385]"></a>DecIntToChar</STRONG> (Thumb, 66 bytes, Stack size 0 bytes, miscellaneous.o(.text), UNUSED)

<P><STRONG><a name="[128]"></a>HexToString</STRONG> (Thumb, 62 bytes, Stack size 12 bytes, miscellaneous.o(.text), UNUSED)
<BR><BR>[Calls]<UL><LI><a href="#[129]">&gt;&gt;</a>&nbsp;&nbsp;&nbsp;HexIntToChar
</UL>

<P><STRONG><a name="[119]"></a>itoa</STRONG> (Thumb, 48 bytes, Stack size 12 bytes, miscellaneous.o(.text))
<BR><BR>[Stack]<UL><LI>Max Depth = 12<LI>Call Chain = itoa
</UL>
<BR>[Called By]<UL><LI><a href="#[10a]">&gt;&gt;</a>&nbsp;&nbsp;&nbsp;http_server_serve
<LI><a href="#[136]">&gt;&gt;</a>&nbsp;&nbsp;&nbsp;messageArrived
<LI><a href="#[65]">&gt;&gt;</a>&nbsp;&nbsp;&nbsp;prvMQTTPublishTask
</UL>

<P><STRONG><a name="[386]"></a>Uint8ToUint16</STRONG> (Thumb, 4 bytes, Stack size 0 bytes, miscellaneous.o(.text), UNUSED)

<P><STRONG><a name="[387]"></a>Uint16ToUint8</STRONG> (Thumb, 8 bytes, Stack size 0 bytes, miscellaneous.o(.text), UNUSED)

<P><STRONG><a name="[388]"></a>Uint8ToUint32</STRONG> (Thumb, 12 bytes, Stack size 0 bytes, miscellaneous.o(.text), UNUSED)

<P><STRONG><a name="[389]"></a>Uint32ToUint8</STRONG> (Thumb, 16 bytes, Stack size 0 bytes, miscellaneous.o(.text), UNUSED)

<P><STRONG><a name="[ac]"></a>Flash_Write_Information</STRONG> (Thumb, 276 bytes, Stack size 16 bytes, api_server.o(.text))
<BR><BR>[Stack]<UL><LI>Max Depth = 40<LI>Call Chain = Flash_Write_Information &rArr; FLASH_ProgramWord &rArr; FLASH_WaitForLastOperation
</UL>
<BR>[Calls]<UL><LI><a href="#[12a]">&gt;&gt;</a>&nbsp;&nbsp;&nbsp;FLASH_Unlock
<LI><a href="#[12d]">&gt;&gt;</a>&nbsp;&nbsp;&nbsp;FLASH_ProgramWord
<LI><a href="#[12e]">&gt;&gt;</a>&nbsp;&nbsp;&nbsp;FLASH_ProgramHalfWord
<LI><a href="#[12f]">&gt;&gt;</a>&nbsp;&nbsp;&nbsp;FLASH_Lock
<LI><a href="#[12c]">&gt;&gt;</a>&nbsp;&nbsp;&nbsp;FLASH_EraseSector
<LI><a href="#[12b]">&gt;&gt;</a>&nbsp;&nbsp;&nbsp;FLASH_ClearFlag
</UL>
<BR>[Called By]<UL><LI><a href="#[ad]">&gt;&gt;</a>&nbsp;&nbsp;&nbsp;ControlTask
<LI><a href="#[aa]">&gt;&gt;</a>&nbsp;&nbsp;&nbsp;Factory_reset
</UL>

<P><STRONG><a name="[b4]"></a>Host_read_flash</STRONG> (Thumb, 114 bytes, Stack size 8 bytes, api_server.o(.text))
<BR><BR>[Stack]<UL><LI>Max Depth = 8<LI>Call Chain = Host_read_flash
</UL>
<BR>[Called By]<UL><LI><a href="#[115]">&gt;&gt;</a>&nbsp;&nbsp;&nbsp;username_password_config
<LI><a href="#[11c]">&gt;&gt;</a>&nbsp;&nbsp;&nbsp;port_config
<LI><a href="#[11e]">&gt;&gt;</a>&nbsp;&nbsp;&nbsp;Web_lan_config
<LI><a href="#[11f]">&gt;&gt;</a>&nbsp;&nbsp;&nbsp;Web_host_config
<LI><a href="#[113]">&gt;&gt;</a>&nbsp;&nbsp;&nbsp;Api_lan_config
<LI><a href="#[114]">&gt;&gt;</a>&nbsp;&nbsp;&nbsp;Api_host_config
<LI><a href="#[10a]">&gt;&gt;</a>&nbsp;&nbsp;&nbsp;http_server_serve
<LI><a href="#[ad]">&gt;&gt;</a>&nbsp;&nbsp;&nbsp;ControlTask
<LI><a href="#[65]">&gt;&gt;</a>&nbsp;&nbsp;&nbsp;prvMQTTPublishTask
</UL>

<P><STRONG><a name="[10e]"></a>User_read_flash</STRONG> (Thumb, 60 bytes, Stack size 8 bytes, api_server.o(.text))
<BR><BR>[Stack]<UL><LI>Max Depth = 8<LI>Call Chain = User_read_flash
</UL>
<BR>[Called By]<UL><LI><a href="#[115]">&gt;&gt;</a>&nbsp;&nbsp;&nbsp;username_password_config
<LI><a href="#[11c]">&gt;&gt;</a>&nbsp;&nbsp;&nbsp;port_config
<LI><a href="#[11e]">&gt;&gt;</a>&nbsp;&nbsp;&nbsp;Web_lan_config
<LI><a href="#[11f]">&gt;&gt;</a>&nbsp;&nbsp;&nbsp;Web_host_config
<LI><a href="#[113]">&gt;&gt;</a>&nbsp;&nbsp;&nbsp;Api_lan_config
<LI><a href="#[114]">&gt;&gt;</a>&nbsp;&nbsp;&nbsp;Api_host_config
<LI><a href="#[10a]">&gt;&gt;</a>&nbsp;&nbsp;&nbsp;http_server_serve
</UL>

<P><STRONG><a name="[d0]"></a>Lan_read_flash</STRONG> (Thumb, 34 bytes, Stack size 0 bytes, api_server.o(.text))
<BR><BR>[Called By]<UL><LI><a href="#[115]">&gt;&gt;</a>&nbsp;&nbsp;&nbsp;username_password_config
<LI><a href="#[11c]">&gt;&gt;</a>&nbsp;&nbsp;&nbsp;port_config
<LI><a href="#[11e]">&gt;&gt;</a>&nbsp;&nbsp;&nbsp;Web_lan_config
<LI><a href="#[11f]">&gt;&gt;</a>&nbsp;&nbsp;&nbsp;Web_host_config
<LI><a href="#[113]">&gt;&gt;</a>&nbsp;&nbsp;&nbsp;Api_lan_config
<LI><a href="#[114]">&gt;&gt;</a>&nbsp;&nbsp;&nbsp;Api_host_config
<LI><a href="#[10a]">&gt;&gt;</a>&nbsp;&nbsp;&nbsp;http_server_serve
<LI><a href="#[5f]">&gt;&gt;</a>&nbsp;&nbsp;&nbsp;main
</UL>

<P><STRONG><a name="[bd]"></a>Port_read_flash</STRONG> (Thumb, 58 bytes, Stack size 12 bytes, api_server.o(.text))
<BR><BR>[Stack]<UL><LI>Max Depth = 12<LI>Call Chain = Port_read_flash
</UL>
<BR>[Called By]<UL><LI><a href="#[115]">&gt;&gt;</a>&nbsp;&nbsp;&nbsp;username_password_config
<LI><a href="#[11c]">&gt;&gt;</a>&nbsp;&nbsp;&nbsp;port_config
<LI><a href="#[11e]">&gt;&gt;</a>&nbsp;&nbsp;&nbsp;Web_lan_config
<LI><a href="#[11f]">&gt;&gt;</a>&nbsp;&nbsp;&nbsp;Web_host_config
<LI><a href="#[113]">&gt;&gt;</a>&nbsp;&nbsp;&nbsp;Api_lan_config
<LI><a href="#[114]">&gt;&gt;</a>&nbsp;&nbsp;&nbsp;Api_host_config
<LI><a href="#[10a]">&gt;&gt;</a>&nbsp;&nbsp;&nbsp;http_server_serve
<LI><a href="#[bc]">&gt;&gt;</a>&nbsp;&nbsp;&nbsp;Port_read_config
</UL>

<P><STRONG><a name="[113]"></a>Api_lan_config</STRONG> (Thumb, 368 bytes, Stack size 16 bytes, api_server.o(.text))
<BR><BR>[Stack]<UL><LI>Max Depth = 104<LI>Call Chain = Api_lan_config &rArr; atoi &rArr; strtol &rArr; _strtoul
</UL>
<BR>[Calls]<UL><LI><a href="#[10e]">&gt;&gt;</a>&nbsp;&nbsp;&nbsp;User_read_flash
<LI><a href="#[bd]">&gt;&gt;</a>&nbsp;&nbsp;&nbsp;Port_read_flash
<LI><a href="#[d0]">&gt;&gt;</a>&nbsp;&nbsp;&nbsp;Lan_read_flash
<LI><a href="#[b4]">&gt;&gt;</a>&nbsp;&nbsp;&nbsp;Host_read_flash
<LI><a href="#[130]">&gt;&gt;</a>&nbsp;&nbsp;&nbsp;atoi
<LI><a href="#[10f]">&gt;&gt;</a>&nbsp;&nbsp;&nbsp;strstr
</UL>
<BR>[Called By]<UL><LI><a href="#[10a]">&gt;&gt;</a>&nbsp;&nbsp;&nbsp;http_server_serve
</UL>

<P><STRONG><a name="[11e]"></a>Web_lan_config</STRONG> (Thumb, 490 bytes, Stack size 56 bytes, api_server.o(.text))
<BR><BR>[Stack]<UL><LI>Max Depth = 144<LI>Call Chain = Web_lan_config &rArr; atoi &rArr; strtol &rArr; _strtoul
</UL>
<BR>[Calls]<UL><LI><a href="#[10e]">&gt;&gt;</a>&nbsp;&nbsp;&nbsp;User_read_flash
<LI><a href="#[bd]">&gt;&gt;</a>&nbsp;&nbsp;&nbsp;Port_read_flash
<LI><a href="#[d0]">&gt;&gt;</a>&nbsp;&nbsp;&nbsp;Lan_read_flash
<LI><a href="#[b4]">&gt;&gt;</a>&nbsp;&nbsp;&nbsp;Host_read_flash
<LI><a href="#[132]">&gt;&gt;</a>&nbsp;&nbsp;&nbsp;inet_addr
<LI><a href="#[130]">&gt;&gt;</a>&nbsp;&nbsp;&nbsp;atoi
<LI><a href="#[133]">&gt;&gt;</a>&nbsp;&nbsp;&nbsp;strpbrk
<LI><a href="#[131]">&gt;&gt;</a>&nbsp;&nbsp;&nbsp;strncat
<LI><a href="#[11b]">&gt;&gt;</a>&nbsp;&nbsp;&nbsp;strlen
<LI><a href="#[10f]">&gt;&gt;</a>&nbsp;&nbsp;&nbsp;strstr
<LI><a href="#[10d]">&gt;&gt;</a>&nbsp;&nbsp;&nbsp;__aeabi_memclr4
</UL>
<BR>[Called By]<UL><LI><a href="#[10a]">&gt;&gt;</a>&nbsp;&nbsp;&nbsp;http_server_serve
</UL>

<P><STRONG><a name="[114]"></a>Api_host_config</STRONG> (Thumb, 244 bytes, Stack size 16 bytes, api_server.o(.text))
<BR><BR>[Stack]<UL><LI>Max Depth = 104<LI>Call Chain = Api_host_config &rArr; atoi &rArr; strtol &rArr; _strtoul
</UL>
<BR>[Calls]<UL><LI><a href="#[10e]">&gt;&gt;</a>&nbsp;&nbsp;&nbsp;User_read_flash
<LI><a href="#[bd]">&gt;&gt;</a>&nbsp;&nbsp;&nbsp;Port_read_flash
<LI><a href="#[d0]">&gt;&gt;</a>&nbsp;&nbsp;&nbsp;Lan_read_flash
<LI><a href="#[b4]">&gt;&gt;</a>&nbsp;&nbsp;&nbsp;Host_read_flash
<LI><a href="#[130]">&gt;&gt;</a>&nbsp;&nbsp;&nbsp;atoi
<LI><a href="#[131]">&gt;&gt;</a>&nbsp;&nbsp;&nbsp;strncat
<LI><a href="#[10f]">&gt;&gt;</a>&nbsp;&nbsp;&nbsp;strstr
<LI><a href="#[10d]">&gt;&gt;</a>&nbsp;&nbsp;&nbsp;__aeabi_memclr4
</UL>
<BR>[Called By]<UL><LI><a href="#[10a]">&gt;&gt;</a>&nbsp;&nbsp;&nbsp;http_server_serve
</UL>

<P><STRONG><a name="[11f]"></a>Web_host_config</STRONG> (Thumb, 296 bytes, Stack size 56 bytes, api_server.o(.text))
<BR><BR>[Stack]<UL><LI>Max Depth = 100<LI>Call Chain = Web_host_config &rArr; inet_addr &rArr; inet_aton
</UL>
<BR>[Calls]<UL><LI><a href="#[10e]">&gt;&gt;</a>&nbsp;&nbsp;&nbsp;User_read_flash
<LI><a href="#[bd]">&gt;&gt;</a>&nbsp;&nbsp;&nbsp;Port_read_flash
<LI><a href="#[d0]">&gt;&gt;</a>&nbsp;&nbsp;&nbsp;Lan_read_flash
<LI><a href="#[b4]">&gt;&gt;</a>&nbsp;&nbsp;&nbsp;Host_read_flash
<LI><a href="#[132]">&gt;&gt;</a>&nbsp;&nbsp;&nbsp;inet_addr
<LI><a href="#[133]">&gt;&gt;</a>&nbsp;&nbsp;&nbsp;strpbrk
<LI><a href="#[131]">&gt;&gt;</a>&nbsp;&nbsp;&nbsp;strncat
<LI><a href="#[11b]">&gt;&gt;</a>&nbsp;&nbsp;&nbsp;strlen
<LI><a href="#[10f]">&gt;&gt;</a>&nbsp;&nbsp;&nbsp;strstr
<LI><a href="#[10d]">&gt;&gt;</a>&nbsp;&nbsp;&nbsp;__aeabi_memclr4
</UL>
<BR>[Called By]<UL><LI><a href="#[10a]">&gt;&gt;</a>&nbsp;&nbsp;&nbsp;http_server_serve
</UL>

<P><STRONG><a name="[11c]"></a>port_config</STRONG> (Thumb, 498 bytes, Stack size 88 bytes, api_server.o(.text))
<BR><BR>[Stack]<UL><LI>Max Depth = 176<LI>Call Chain = port_config &rArr; atoi &rArr; strtol &rArr; _strtoul
</UL>
<BR>[Calls]<UL><LI><a href="#[10e]">&gt;&gt;</a>&nbsp;&nbsp;&nbsp;User_read_flash
<LI><a href="#[bd]">&gt;&gt;</a>&nbsp;&nbsp;&nbsp;Port_read_flash
<LI><a href="#[d0]">&gt;&gt;</a>&nbsp;&nbsp;&nbsp;Lan_read_flash
<LI><a href="#[b4]">&gt;&gt;</a>&nbsp;&nbsp;&nbsp;Host_read_flash
<LI><a href="#[130]">&gt;&gt;</a>&nbsp;&nbsp;&nbsp;atoi
<LI><a href="#[134]">&gt;&gt;</a>&nbsp;&nbsp;&nbsp;__2sprintf
<LI><a href="#[133]">&gt;&gt;</a>&nbsp;&nbsp;&nbsp;strpbrk
<LI><a href="#[131]">&gt;&gt;</a>&nbsp;&nbsp;&nbsp;strncat
<LI><a href="#[11b]">&gt;&gt;</a>&nbsp;&nbsp;&nbsp;strlen
<LI><a href="#[10f]">&gt;&gt;</a>&nbsp;&nbsp;&nbsp;strstr
<LI><a href="#[10d]">&gt;&gt;</a>&nbsp;&nbsp;&nbsp;__aeabi_memclr4
</UL>
<BR>[Called By]<UL><LI><a href="#[10a]">&gt;&gt;</a>&nbsp;&nbsp;&nbsp;http_server_serve
</UL>

<P><STRONG><a name="[115]"></a>username_password_config</STRONG> (Thumb, 176 bytes, Stack size 24 bytes, api_server.o(.text))
<BR><BR>[Stack]<UL><LI>Max Depth = 36<LI>Call Chain = username_password_config &rArr; Port_read_flash
</UL>
<BR>[Calls]<UL><LI><a href="#[10e]">&gt;&gt;</a>&nbsp;&nbsp;&nbsp;User_read_flash
<LI><a href="#[bd]">&gt;&gt;</a>&nbsp;&nbsp;&nbsp;Port_read_flash
<LI><a href="#[d0]">&gt;&gt;</a>&nbsp;&nbsp;&nbsp;Lan_read_flash
<LI><a href="#[b4]">&gt;&gt;</a>&nbsp;&nbsp;&nbsp;Host_read_flash
<LI><a href="#[133]">&gt;&gt;</a>&nbsp;&nbsp;&nbsp;strpbrk
<LI><a href="#[131]">&gt;&gt;</a>&nbsp;&nbsp;&nbsp;strncat
<LI><a href="#[10f]">&gt;&gt;</a>&nbsp;&nbsp;&nbsp;strstr
<LI><a href="#[110]">&gt;&gt;</a>&nbsp;&nbsp;&nbsp;strcat
</UL>
<BR>[Called By]<UL><LI><a href="#[10a]">&gt;&gt;</a>&nbsp;&nbsp;&nbsp;http_server_serve
</UL>

<P><STRONG><a name="[116]"></a>set_time</STRONG> (Thumb, 298 bytes, Stack size 16 bytes, api_server.o(.text))
<BR><BR>[Stack]<UL><LI>Max Depth = 104<LI>Call Chain = set_time &rArr; atoi &rArr; strtol &rArr; _strtoul
</UL>
<BR>[Calls]<UL><LI><a href="#[117]">&gt;&gt;</a>&nbsp;&nbsp;&nbsp;RTC_GetTime
<LI><a href="#[118]">&gt;&gt;</a>&nbsp;&nbsp;&nbsp;RTC_GetDate
<LI><a href="#[c1]">&gt;&gt;</a>&nbsp;&nbsp;&nbsp;RTC_SetTime
<LI><a href="#[c0]">&gt;&gt;</a>&nbsp;&nbsp;&nbsp;RTC_SetDate
<LI><a href="#[130]">&gt;&gt;</a>&nbsp;&nbsp;&nbsp;atoi
<LI><a href="#[10f]">&gt;&gt;</a>&nbsp;&nbsp;&nbsp;strstr
</UL>
<BR>[Called By]<UL><LI><a href="#[10a]">&gt;&gt;</a>&nbsp;&nbsp;&nbsp;http_server_serve
</UL>

<P><STRONG><a name="[112]"></a>ApiSystemReboot</STRONG> (Thumb, 8 bytes, Stack size 0 bytes, api_server.o(.text))
<BR><BR>[Called By]<UL><LI><a href="#[10a]">&gt;&gt;</a>&nbsp;&nbsp;&nbsp;http_server_serve
</UL>

<P><STRONG><a name="[120]"></a>ApiProcessComplete</STRONG> (Thumb, 72 bytes, Stack size 8 bytes, api_server.o(.text))
<BR><BR>[Stack]<UL><LI>Max Depth = 72<LI>Call Chain = ApiProcessComplete &rArr; vTaskDelay &rArr; xTaskResumeAll &rArr; xTaskIncrementTick
</UL>
<BR>[Calls]<UL><LI><a href="#[a8]">&gt;&gt;</a>&nbsp;&nbsp;&nbsp;vTaskDelay
</UL>
<BR>[Called By]<UL><LI><a href="#[10a]">&gt;&gt;</a>&nbsp;&nbsp;&nbsp;http_server_serve
</UL>

<P><STRONG><a name="[38a]"></a>Get_CTPort</STRONG> (Thumb, 30 bytes, Stack size 0 bytes, api_server.o(.text), UNUSED)

<P><STRONG><a name="[135]"></a>Port_driver</STRONG> (Thumb, 50 bytes, Stack size 0 bytes, api_server.o(.text), UNUSED)
<BR><BR>[Calls]<UL><LI><a href="#[fb]">&gt;&gt;</a>&nbsp;&nbsp;&nbsp;GPIO_SetBits
<LI><a href="#[fa]">&gt;&gt;</a>&nbsp;&nbsp;&nbsp;GPIO_ResetBits
</UL>

<P><STRONG><a name="[136]"></a>messageArrived</STRONG> (Thumb, 246 bytes, Stack size 72 bytes, mqttclienttask.o(.text))
<BR><BR>[Stack]<UL><LI>Max Depth = 96<LI>Call Chain = messageArrived &rArr; __2printf
</UL>
<BR>[Calls]<UL><LI><a href="#[119]">&gt;&gt;</a>&nbsp;&nbsp;&nbsp;itoa
<LI><a href="#[a9]">&gt;&gt;</a>&nbsp;&nbsp;&nbsp;__2printf
<LI><a href="#[10f]">&gt;&gt;</a>&nbsp;&nbsp;&nbsp;strstr
<LI><a href="#[110]">&gt;&gt;</a>&nbsp;&nbsp;&nbsp;strcat
<LI><a href="#[10d]">&gt;&gt;</a>&nbsp;&nbsp;&nbsp;__aeabi_memclr4
</UL>
<BR>[Address Reference Count : 1]<UL><LI> mqttclienttask.o(.text)
</UL>
<P><STRONG><a name="[b5]"></a>vStartMQTTTasks</STRONG> (Thumb, 22 bytes, Stack size 16 bytes, mqttclienttask.o(.text))
<BR><BR>[Stack]<UL><LI>Max Depth = 152<LI>Call Chain = vStartMQTTTasks &rArr; xTaskCreate &rArr; pvPortMalloc &rArr; xTaskResumeAll &rArr; xTaskIncrementTick
</UL>
<BR>[Calls]<UL><LI><a href="#[d8]">&gt;&gt;</a>&nbsp;&nbsp;&nbsp;xTaskCreate
</UL>
<BR>[Called By]<UL><LI><a href="#[ad]">&gt;&gt;</a>&nbsp;&nbsp;&nbsp;ControlTask
</UL>

<P><STRONG><a name="[143]"></a>GPIO_ADC_Configuration</STRONG> (Thumb, 30 bytes, Stack size 16 bytes, key_scan.o(.text))
<BR><BR>[Stack]<UL><LI>Max Depth = 36<LI>Call Chain = GPIO_ADC_Configuration &rArr; GPIO_Init
</UL>
<BR>[Calls]<UL><LI><a href="#[c4]">&gt;&gt;</a>&nbsp;&nbsp;&nbsp;RCC_APB1PeriphClockCmd
<LI><a href="#[c9]">&gt;&gt;</a>&nbsp;&nbsp;&nbsp;GPIO_Init
</UL>
<BR>[Called By]<UL><LI><a href="#[138]">&gt;&gt;</a>&nbsp;&nbsp;&nbsp;ADC_Configuration
</UL>

<P><STRONG><a name="[138]"></a>ADC_Configuration</STRONG> (Thumb, 72 bytes, Stack size 32 bytes, key_scan.o(.text))
<BR><BR>[Stack]<UL><LI>Max Depth = 68<LI>Call Chain = ADC_Configuration &rArr; GPIO_ADC_Configuration &rArr; GPIO_Init
</UL>
<BR>[Calls]<UL><LI><a href="#[f7]">&gt;&gt;</a>&nbsp;&nbsp;&nbsp;RCC_APB2PeriphClockCmd
<LI><a href="#[145]">&gt;&gt;</a>&nbsp;&nbsp;&nbsp;ADC_RegularChannelConfig
<LI><a href="#[144]">&gt;&gt;</a>&nbsp;&nbsp;&nbsp;ADC_Init
<LI><a href="#[146]">&gt;&gt;</a>&nbsp;&nbsp;&nbsp;ADC_Cmd
<LI><a href="#[143]">&gt;&gt;</a>&nbsp;&nbsp;&nbsp;GPIO_ADC_Configuration
</UL>
<BR>[Called By]<UL><LI><a href="#[65]">&gt;&gt;</a>&nbsp;&nbsp;&nbsp;prvMQTTPublishTask
</UL>

<P><STRONG><a name="[13f]"></a>ADC_read</STRONG> (Thumb, 44 bytes, Stack size 8 bytes, key_scan.o(.text))
<BR><BR>[Stack]<UL><LI>Max Depth = 24<LI>Call Chain = ADC_read &rArr; ADC_RegularChannelConfig
</UL>
<BR>[Calls]<UL><LI><a href="#[147]">&gt;&gt;</a>&nbsp;&nbsp;&nbsp;ADC_SoftwareStartConv
<LI><a href="#[145]">&gt;&gt;</a>&nbsp;&nbsp;&nbsp;ADC_RegularChannelConfig
<LI><a href="#[148]">&gt;&gt;</a>&nbsp;&nbsp;&nbsp;ADC_GetFlagStatus
<LI><a href="#[149]">&gt;&gt;</a>&nbsp;&nbsp;&nbsp;ADC_GetConversionValue
</UL>
<BR>[Called By]<UL><LI><a href="#[65]">&gt;&gt;</a>&nbsp;&nbsp;&nbsp;prvMQTTPublishTask
</UL>

<P><STRONG><a name="[13e]"></a>ADCChannelGet</STRONG> (Thumb, 14 bytes, Stack size 0 bytes, key_scan.o(.text))
<BR><BR>[Called By]<UL><LI><a href="#[65]">&gt;&gt;</a>&nbsp;&nbsp;&nbsp;prvMQTTPublishTask
</UL>

<P><STRONG><a name="[14a]"></a>Key_Configuration</STRONG> (Thumb, 40 bytes, Stack size 16 bytes, key_scan.o(.text))
<BR><BR>[Stack]<UL><LI>Max Depth = 36<LI>Call Chain = Key_Configuration &rArr; GPIO_Init
</UL>
<BR>[Calls]<UL><LI><a href="#[c4]">&gt;&gt;</a>&nbsp;&nbsp;&nbsp;RCC_APB1PeriphClockCmd
<LI><a href="#[c9]">&gt;&gt;</a>&nbsp;&nbsp;&nbsp;GPIO_Init
</UL>
<BR>[Called By]<UL><LI><a href="#[66]">&gt;&gt;</a>&nbsp;&nbsp;&nbsp;prvkeyscanSlavePublishTask
</UL>

<P><STRONG><a name="[14b]"></a>Key_Get</STRONG> (Thumb, 8 bytes, Stack size 0 bytes, key_scan.o(.text))
<BR><BR>[Calls]<UL><LI><a href="#[14c]">&gt;&gt;</a>&nbsp;&nbsp;&nbsp;GPIO_ReadInputDataBit
</UL>
<BR>[Called By]<UL><LI><a href="#[66]">&gt;&gt;</a>&nbsp;&nbsp;&nbsp;prvkeyscanSlavePublishTask
</UL>

<P><STRONG><a name="[d9]"></a>vStartKeyScanTasks</STRONG> (Thumb, 20 bytes, Stack size 16 bytes, keyscan_task.o(.text))
<BR><BR>[Stack]<UL><LI>Max Depth = 152<LI>Call Chain = vStartKeyScanTasks &rArr; xTaskCreate &rArr; pvPortMalloc &rArr; xTaskResumeAll &rArr; xTaskIncrementTick
</UL>
<BR>[Calls]<UL><LI><a href="#[d8]">&gt;&gt;</a>&nbsp;&nbsp;&nbsp;xTaskCreate
</UL>
<BR>[Called By]<UL><LI><a href="#[5f]">&gt;&gt;</a>&nbsp;&nbsp;&nbsp;main
</UL>

<P><STRONG><a name="[dc]"></a>vStartRS485busMasterTasks</STRONG> (Thumb, 20 bytes, Stack size 16 bytes, rs485bus_task_m.o(.text))
<BR><BR>[Stack]<UL><LI>Max Depth = 152<LI>Call Chain = vStartRS485busMasterTasks &rArr; xTaskCreate &rArr; pvPortMalloc &rArr; xTaskResumeAll &rArr; xTaskIncrementTick
</UL>
<BR>[Calls]<UL><LI><a href="#[d8]">&gt;&gt;</a>&nbsp;&nbsp;&nbsp;xTaskCreate
</UL>
<BR>[Called By]<UL><LI><a href="#[5f]">&gt;&gt;</a>&nbsp;&nbsp;&nbsp;main
</UL>

<P><STRONG><a name="[db]"></a>vStartTCPMBTasks</STRONG> (Thumb, 20 bytes, Stack size 16 bytes, tcpmbbus_task.o(.text))
<BR><BR>[Stack]<UL><LI>Max Depth = 152<LI>Call Chain = vStartTCPMBTasks &rArr; xTaskCreate &rArr; pvPortMalloc &rArr; xTaskResumeAll &rArr; xTaskIncrementTick
</UL>
<BR>[Calls]<UL><LI><a href="#[d8]">&gt;&gt;</a>&nbsp;&nbsp;&nbsp;xTaskCreate
</UL>
<BR>[Called By]<UL><LI><a href="#[5f]">&gt;&gt;</a>&nbsp;&nbsp;&nbsp;main
</UL>

<P><STRONG><a name="[13a]"></a>MQTTClientInit</STRONG> (Thumb, 74 bytes, Stack size 24 bytes, mqttclient.o(.text))
<BR><BR>[Stack]<UL><LI>Max Depth = 24<LI>Call Chain = MQTTClientInit
</UL>
<BR>[Calls]<UL><LI><a href="#[157]">&gt;&gt;</a>&nbsp;&nbsp;&nbsp;TimerInit
</UL>
<BR>[Called By]<UL><LI><a href="#[65]">&gt;&gt;</a>&nbsp;&nbsp;&nbsp;prvMQTTPublishTask
</UL>

<P><STRONG><a name="[15a]"></a>deliverMessage</STRONG> (Thumb, 176 bytes, Stack size 40 bytes, mqttclient.o(.text))
<BR><BR>[Stack]<UL><LI>Max Depth = 68<LI>Call Chain = deliverMessage &rArr; MQTTPacket_equals &rArr; strncmp
</UL>
<BR>[Calls]<UL><LI><a href="#[15b]">&gt;&gt;</a>&nbsp;&nbsp;&nbsp;MQTTPacket_equals
</UL>
<BR>[Called By]<UL><LI><a href="#[161]">&gt;&gt;</a>&nbsp;&nbsp;&nbsp;cycle
</UL>

<P><STRONG><a name="[15c]"></a>keepalive</STRONG> (Thumb, 88 bytes, Stack size 24 bytes, mqttclient.o(.text))
<BR><BR>[Stack]<UL><LI>Max Depth = 80<LI>Call Chain = keepalive &rArr; sendPacket &rArr; TimerLeftMS &rArr; xTaskCheckForTimeOut
</UL>
<BR>[Calls]<UL><LI><a href="#[155]">&gt;&gt;</a>&nbsp;&nbsp;&nbsp;TimerIsExpired
<LI><a href="#[157]">&gt;&gt;</a>&nbsp;&nbsp;&nbsp;TimerInit
<LI><a href="#[15d]">&gt;&gt;</a>&nbsp;&nbsp;&nbsp;TimerCountdownMS
<LI><a href="#[15e]">&gt;&gt;</a>&nbsp;&nbsp;&nbsp;MQTTSerialize_pingreq
<LI><a href="#[153]">&gt;&gt;</a>&nbsp;&nbsp;&nbsp;sendPacket
</UL>
<BR>[Called By]<UL><LI><a href="#[161]">&gt;&gt;</a>&nbsp;&nbsp;&nbsp;cycle
</UL>

<P><STRONG><a name="[160]"></a>MQTTCleanSession</STRONG> (Thumb, 18 bytes, Stack size 0 bytes, mqttclient.o(.text))
<BR><BR>[Called By]<UL><LI><a href="#[15f]">&gt;&gt;</a>&nbsp;&nbsp;&nbsp;MQTTCloseSession
</UL>

<P><STRONG><a name="[15f]"></a>MQTTCloseSession</STRONG> (Thumb, 16 bytes, Stack size 0 bytes, mqttclient.o(.text))
<BR><BR>[Calls]<UL><LI><a href="#[160]">&gt;&gt;</a>&nbsp;&nbsp;&nbsp;MQTTCleanSession
</UL>
<BR>[Called By]<UL><LI><a href="#[173]">&gt;&gt;</a>&nbsp;&nbsp;&nbsp;MQTTDisconnect
<LI><a href="#[16f]">&gt;&gt;</a>&nbsp;&nbsp;&nbsp;MQTTUnsubscribe
<LI><a href="#[16b]">&gt;&gt;</a>&nbsp;&nbsp;&nbsp;MQTTSubscribeWithResults
<LI><a href="#[161]">&gt;&gt;</a>&nbsp;&nbsp;&nbsp;cycle
<LI><a href="#[140]">&gt;&gt;</a>&nbsp;&nbsp;&nbsp;MQTTPublish
</UL>

<P><STRONG><a name="[161]"></a>cycle</STRONG> (Thumb, 284 bytes, Stack size 80 bytes, mqttclient.o(.text))
<BR><BR>[Stack]<UL><LI>Max Depth = 160<LI>Call Chain = cycle &rArr; keepalive &rArr; sendPacket &rArr; TimerLeftMS &rArr; xTaskCheckForTimeOut
</UL>
<BR>[Calls]<UL><LI><a href="#[163]">&gt;&gt;</a>&nbsp;&nbsp;&nbsp;MQTTSerialize_ack
<LI><a href="#[162]">&gt;&gt;</a>&nbsp;&nbsp;&nbsp;MQTTDeserialize_publish
<LI><a href="#[164]">&gt;&gt;</a>&nbsp;&nbsp;&nbsp;MQTTDeserialize_ack
<LI><a href="#[15f]">&gt;&gt;</a>&nbsp;&nbsp;&nbsp;MQTTCloseSession
<LI><a href="#[15c]">&gt;&gt;</a>&nbsp;&nbsp;&nbsp;keepalive
<LI><a href="#[15a]">&gt;&gt;</a>&nbsp;&nbsp;&nbsp;deliverMessage
<LI><a href="#[158]">&gt;&gt;</a>&nbsp;&nbsp;&nbsp;readPacket
<LI><a href="#[153]">&gt;&gt;</a>&nbsp;&nbsp;&nbsp;sendPacket
</UL>
<BR>[Called By]<UL><LI><a href="#[166]">&gt;&gt;</a>&nbsp;&nbsp;&nbsp;waitfor
<LI><a href="#[165]">&gt;&gt;</a>&nbsp;&nbsp;&nbsp;MQTTRun
<LI><a href="#[142]">&gt;&gt;</a>&nbsp;&nbsp;&nbsp;MQTTYield
</UL>

<P><STRONG><a name="[142]"></a>MQTTYield</STRONG> (Thumb, 54 bytes, Stack size 32 bytes, mqttclient.o(.text))
<BR><BR>[Stack]<UL><LI>Max Depth = 192<LI>Call Chain = MQTTYield &rArr; cycle &rArr; keepalive &rArr; sendPacket &rArr; TimerLeftMS &rArr; xTaskCheckForTimeOut
</UL>
<BR>[Calls]<UL><LI><a href="#[155]">&gt;&gt;</a>&nbsp;&nbsp;&nbsp;TimerIsExpired
<LI><a href="#[157]">&gt;&gt;</a>&nbsp;&nbsp;&nbsp;TimerInit
<LI><a href="#[15d]">&gt;&gt;</a>&nbsp;&nbsp;&nbsp;TimerCountdownMS
<LI><a href="#[161]">&gt;&gt;</a>&nbsp;&nbsp;&nbsp;cycle
</UL>
<BR>[Called By]<UL><LI><a href="#[65]">&gt;&gt;</a>&nbsp;&nbsp;&nbsp;prvMQTTPublishTask
</UL>

<P><STRONG><a name="[141]"></a>MQTTIsConnected</STRONG> (Thumb, 4 bytes, Stack size 0 bytes, mqttclient.o(.text))
<BR><BR>[Called By]<UL><LI><a href="#[65]">&gt;&gt;</a>&nbsp;&nbsp;&nbsp;prvMQTTPublishTask
</UL>

<P><STRONG><a name="[165]"></a>MQTTRun</STRONG> (Thumb, 32 bytes, Stack size 16 bytes, mqttclient.o(.text), UNUSED)
<BR><BR>[Calls]<UL><LI><a href="#[157]">&gt;&gt;</a>&nbsp;&nbsp;&nbsp;TimerInit
<LI><a href="#[15d]">&gt;&gt;</a>&nbsp;&nbsp;&nbsp;TimerCountdownMS
<LI><a href="#[161]">&gt;&gt;</a>&nbsp;&nbsp;&nbsp;cycle
</UL>

<P><STRONG><a name="[166]"></a>waitfor</STRONG> (Thumb, 44 bytes, Stack size 24 bytes, mqttclient.o(.text))
<BR><BR>[Stack]<UL><LI>Max Depth = 184<LI>Call Chain = waitfor &rArr; cycle &rArr; keepalive &rArr; sendPacket &rArr; TimerLeftMS &rArr; xTaskCheckForTimeOut
</UL>
<BR>[Calls]<UL><LI><a href="#[155]">&gt;&gt;</a>&nbsp;&nbsp;&nbsp;TimerIsExpired
<LI><a href="#[161]">&gt;&gt;</a>&nbsp;&nbsp;&nbsp;cycle
</UL>
<BR>[Called By]<UL><LI><a href="#[16f]">&gt;&gt;</a>&nbsp;&nbsp;&nbsp;MQTTUnsubscribe
<LI><a href="#[16b]">&gt;&gt;</a>&nbsp;&nbsp;&nbsp;MQTTSubscribeWithResults
<LI><a href="#[167]">&gt;&gt;</a>&nbsp;&nbsp;&nbsp;MQTTConnectWithResults
<LI><a href="#[140]">&gt;&gt;</a>&nbsp;&nbsp;&nbsp;MQTTPublish
</UL>

<P><STRONG><a name="[167]"></a>MQTTConnectWithResults</STRONG> (Thumb, 150 bytes, Stack size 128 bytes, mqttclient.o(.text))
<BR><BR>[Stack]<UL><LI>Max Depth = 312<LI>Call Chain = MQTTConnectWithResults &rArr; waitfor &rArr; cycle &rArr; keepalive &rArr; sendPacket &rArr; TimerLeftMS &rArr; xTaskCheckForTimeOut
</UL>
<BR>[Calls]<UL><LI><a href="#[157]">&gt;&gt;</a>&nbsp;&nbsp;&nbsp;TimerInit
<LI><a href="#[15d]">&gt;&gt;</a>&nbsp;&nbsp;&nbsp;TimerCountdownMS
<LI><a href="#[156]">&gt;&gt;</a>&nbsp;&nbsp;&nbsp;TimerCountdown
<LI><a href="#[168]">&gt;&gt;</a>&nbsp;&nbsp;&nbsp;MQTTSerialize_connect
<LI><a href="#[169]">&gt;&gt;</a>&nbsp;&nbsp;&nbsp;MQTTDeserialize_connack
<LI><a href="#[166]">&gt;&gt;</a>&nbsp;&nbsp;&nbsp;waitfor
<LI><a href="#[153]">&gt;&gt;</a>&nbsp;&nbsp;&nbsp;sendPacket
<LI><a href="#[137]">&gt;&gt;</a>&nbsp;&nbsp;&nbsp;__aeabi_memcpy4
</UL>
<BR>[Called By]<UL><LI><a href="#[13c]">&gt;&gt;</a>&nbsp;&nbsp;&nbsp;MQTTConnect
</UL>

<P><STRONG><a name="[13c]"></a>MQTTConnect</STRONG> (Thumb, 10 bytes, Stack size 8 bytes, mqttclient.o(.text))
<BR><BR>[Stack]<UL><LI>Max Depth = 320<LI>Call Chain = MQTTConnect &rArr; MQTTConnectWithResults &rArr; waitfor &rArr; cycle &rArr; keepalive &rArr; sendPacket &rArr; TimerLeftMS &rArr; xTaskCheckForTimeOut
</UL>
<BR>[Calls]<UL><LI><a href="#[167]">&gt;&gt;</a>&nbsp;&nbsp;&nbsp;MQTTConnectWithResults
</UL>
<BR>[Called By]<UL><LI><a href="#[65]">&gt;&gt;</a>&nbsp;&nbsp;&nbsp;prvMQTTPublishTask
</UL>

<P><STRONG><a name="[16a]"></a>MQTTSetMessageHandler</STRONG> (Thumb, 104 bytes, Stack size 32 bytes, mqttclient.o(.text))
<BR><BR>[Stack]<UL><LI>Max Depth = 40<LI>Call Chain = MQTTSetMessageHandler &rArr; strcmp
</UL>
<BR>[Calls]<UL><LI><a href="#[105]">&gt;&gt;</a>&nbsp;&nbsp;&nbsp;strcmp
</UL>
<BR>[Called By]<UL><LI><a href="#[16f]">&gt;&gt;</a>&nbsp;&nbsp;&nbsp;MQTTUnsubscribe
<LI><a href="#[16b]">&gt;&gt;</a>&nbsp;&nbsp;&nbsp;MQTTSubscribeWithResults
</UL>

<P><STRONG><a name="[16b]"></a>MQTTSubscribeWithResults</STRONG> (Thumb, 172 bytes, Stack size 88 bytes, mqttclient.o(.text))
<BR><BR>[Stack]<UL><LI>Max Depth = 272<LI>Call Chain = MQTTSubscribeWithResults &rArr; waitfor &rArr; cycle &rArr; keepalive &rArr; sendPacket &rArr; TimerLeftMS &rArr; xTaskCheckForTimeOut
</UL>
<BR>[Calls]<UL><LI><a href="#[157]">&gt;&gt;</a>&nbsp;&nbsp;&nbsp;TimerInit
<LI><a href="#[15d]">&gt;&gt;</a>&nbsp;&nbsp;&nbsp;TimerCountdownMS
<LI><a href="#[16d]">&gt;&gt;</a>&nbsp;&nbsp;&nbsp;MQTTSerialize_subscribe
<LI><a href="#[16e]">&gt;&gt;</a>&nbsp;&nbsp;&nbsp;MQTTDeserialize_suback
<LI><a href="#[16a]">&gt;&gt;</a>&nbsp;&nbsp;&nbsp;MQTTSetMessageHandler
<LI><a href="#[166]">&gt;&gt;</a>&nbsp;&nbsp;&nbsp;waitfor
<LI><a href="#[15f]">&gt;&gt;</a>&nbsp;&nbsp;&nbsp;MQTTCloseSession
<LI><a href="#[16c]">&gt;&gt;</a>&nbsp;&nbsp;&nbsp;getNextPacketId
<LI><a href="#[153]">&gt;&gt;</a>&nbsp;&nbsp;&nbsp;sendPacket
</UL>
<BR>[Called By]<UL><LI><a href="#[13d]">&gt;&gt;</a>&nbsp;&nbsp;&nbsp;MQTTSubscribe
</UL>

<P><STRONG><a name="[13d]"></a>MQTTSubscribe</STRONG> (Thumb, 12 bytes, Stack size 16 bytes, mqttclient.o(.text))
<BR><BR>[Stack]<UL><LI>Max Depth = 288<LI>Call Chain = MQTTSubscribe &rArr; MQTTSubscribeWithResults &rArr; waitfor &rArr; cycle &rArr; keepalive &rArr; sendPacket &rArr; TimerLeftMS &rArr; xTaskCheckForTimeOut
</UL>
<BR>[Calls]<UL><LI><a href="#[16b]">&gt;&gt;</a>&nbsp;&nbsp;&nbsp;MQTTSubscribeWithResults
</UL>
<BR>[Called By]<UL><LI><a href="#[65]">&gt;&gt;</a>&nbsp;&nbsp;&nbsp;prvMQTTPublishTask
</UL>

<P><STRONG><a name="[16f]"></a>MQTTUnsubscribe</STRONG> (Thumb, 144 bytes, Stack size 56 bytes, mqttclient.o(.text), UNUSED)
<BR><BR>[Calls]<UL><LI><a href="#[157]">&gt;&gt;</a>&nbsp;&nbsp;&nbsp;TimerInit
<LI><a href="#[15d]">&gt;&gt;</a>&nbsp;&nbsp;&nbsp;TimerCountdownMS
<LI><a href="#[170]">&gt;&gt;</a>&nbsp;&nbsp;&nbsp;MQTTSerialize_unsubscribe
<LI><a href="#[171]">&gt;&gt;</a>&nbsp;&nbsp;&nbsp;MQTTDeserialize_unsuback
<LI><a href="#[16a]">&gt;&gt;</a>&nbsp;&nbsp;&nbsp;MQTTSetMessageHandler
<LI><a href="#[166]">&gt;&gt;</a>&nbsp;&nbsp;&nbsp;waitfor
<LI><a href="#[15f]">&gt;&gt;</a>&nbsp;&nbsp;&nbsp;MQTTCloseSession
<LI><a href="#[16c]">&gt;&gt;</a>&nbsp;&nbsp;&nbsp;getNextPacketId
<LI><a href="#[153]">&gt;&gt;</a>&nbsp;&nbsp;&nbsp;sendPacket
</UL>

<P><STRONG><a name="[140]"></a>MQTTPublish</STRONG> (Thumb, 192 bytes, Stack size 72 bytes, mqttclient.o(.text))
<BR><BR>[Stack]<UL><LI>Max Depth = 256<LI>Call Chain = MQTTPublish &rArr; waitfor &rArr; cycle &rArr; keepalive &rArr; sendPacket &rArr; TimerLeftMS &rArr; xTaskCheckForTimeOut
</UL>
<BR>[Calls]<UL><LI><a href="#[157]">&gt;&gt;</a>&nbsp;&nbsp;&nbsp;TimerInit
<LI><a href="#[15d]">&gt;&gt;</a>&nbsp;&nbsp;&nbsp;TimerCountdownMS
<LI><a href="#[172]">&gt;&gt;</a>&nbsp;&nbsp;&nbsp;MQTTSerialize_publish
<LI><a href="#[164]">&gt;&gt;</a>&nbsp;&nbsp;&nbsp;MQTTDeserialize_ack
<LI><a href="#[166]">&gt;&gt;</a>&nbsp;&nbsp;&nbsp;waitfor
<LI><a href="#[15f]">&gt;&gt;</a>&nbsp;&nbsp;&nbsp;MQTTCloseSession
<LI><a href="#[16c]">&gt;&gt;</a>&nbsp;&nbsp;&nbsp;getNextPacketId
<LI><a href="#[153]">&gt;&gt;</a>&nbsp;&nbsp;&nbsp;sendPacket
</UL>
<BR>[Called By]<UL><LI><a href="#[65]">&gt;&gt;</a>&nbsp;&nbsp;&nbsp;prvMQTTPublishTask
</UL>

<P><STRONG><a name="[173]"></a>MQTTDisconnect</STRONG> (Thumb, 54 bytes, Stack size 24 bytes, mqttclient.o(.text), UNUSED)
<BR><BR>[Calls]<UL><LI><a href="#[157]">&gt;&gt;</a>&nbsp;&nbsp;&nbsp;TimerInit
<LI><a href="#[15d]">&gt;&gt;</a>&nbsp;&nbsp;&nbsp;TimerCountdownMS
<LI><a href="#[174]">&gt;&gt;</a>&nbsp;&nbsp;&nbsp;MQTTSerialize_disconnect
<LI><a href="#[15f]">&gt;&gt;</a>&nbsp;&nbsp;&nbsp;MQTTCloseSession
<LI><a href="#[153]">&gt;&gt;</a>&nbsp;&nbsp;&nbsp;sendPacket
</UL>

<P><STRONG><a name="[175]"></a>ThreadStart</STRONG> (Thumb, 40 bytes, Stack size 32 bytes, mqttfreertos.o(.text), UNUSED)
<BR><BR>[Calls]<UL><LI><a href="#[d8]">&gt;&gt;</a>&nbsp;&nbsp;&nbsp;xTaskCreate
<LI><a href="#[176]">&gt;&gt;</a>&nbsp;&nbsp;&nbsp;uxTaskPriorityGet
</UL>

<P><STRONG><a name="[177]"></a>MutexInit</STRONG> (Thumb, 14 bytes, Stack size 8 bytes, mqttfreertos.o(.text), UNUSED)
<BR><BR>[Calls]<UL><LI><a href="#[178]">&gt;&gt;</a>&nbsp;&nbsp;&nbsp;xQueueCreateMutex
</UL>

<P><STRONG><a name="[179]"></a>MutexLock</STRONG> (Thumb, 10 bytes, Stack size 0 bytes, mqttfreertos.o(.text), UNUSED)
<BR><BR>[Calls]<UL><LI><a href="#[17a]">&gt;&gt;</a>&nbsp;&nbsp;&nbsp;xQueueSemaphoreTake
</UL>

<P><STRONG><a name="[17b]"></a>MutexUnlock</STRONG> (Thumb, 12 bytes, Stack size 0 bytes, mqttfreertos.o(.text), UNUSED)
<BR><BR>[Calls]<UL><LI><a href="#[b9]">&gt;&gt;</a>&nbsp;&nbsp;&nbsp;xQueueGenericSend
</UL>

<P><STRONG><a name="[15d]"></a>TimerCountdownMS</STRONG> (Thumb, 6 bytes, Stack size 0 bytes, mqttfreertos.o(.text))
<BR><BR>[Stack]<UL><LI>Max Depth = 8<LI>Call Chain = TimerCountdownMS &rArr; vTaskSetTimeOutState
</UL>
<BR>[Calls]<UL><LI><a href="#[17c]">&gt;&gt;</a>&nbsp;&nbsp;&nbsp;vTaskSetTimeOutState
</UL>
<BR>[Called By]<UL><LI><a href="#[156]">&gt;&gt;</a>&nbsp;&nbsp;&nbsp;TimerCountdown
<LI><a href="#[173]">&gt;&gt;</a>&nbsp;&nbsp;&nbsp;MQTTDisconnect
<LI><a href="#[16f]">&gt;&gt;</a>&nbsp;&nbsp;&nbsp;MQTTUnsubscribe
<LI><a href="#[16b]">&gt;&gt;</a>&nbsp;&nbsp;&nbsp;MQTTSubscribeWithResults
<LI><a href="#[167]">&gt;&gt;</a>&nbsp;&nbsp;&nbsp;MQTTConnectWithResults
<LI><a href="#[165]">&gt;&gt;</a>&nbsp;&nbsp;&nbsp;MQTTRun
<LI><a href="#[15c]">&gt;&gt;</a>&nbsp;&nbsp;&nbsp;keepalive
<LI><a href="#[142]">&gt;&gt;</a>&nbsp;&nbsp;&nbsp;MQTTYield
<LI><a href="#[140]">&gt;&gt;</a>&nbsp;&nbsp;&nbsp;MQTTPublish
</UL>

<P><STRONG><a name="[156]"></a>TimerCountdown</STRONG> (Thumb, 8 bytes, Stack size 0 bytes, mqttfreertos.o(.text))
<BR><BR>[Stack]<UL><LI>Max Depth = 8<LI>Call Chain = TimerCountdown &rArr; TimerCountdownMS &rArr; vTaskSetTimeOutState
</UL>
<BR>[Calls]<UL><LI><a href="#[15d]">&gt;&gt;</a>&nbsp;&nbsp;&nbsp;TimerCountdownMS
</UL>
<BR>[Called By]<UL><LI><a href="#[167]">&gt;&gt;</a>&nbsp;&nbsp;&nbsp;MQTTConnectWithResults
<LI><a href="#[158]">&gt;&gt;</a>&nbsp;&nbsp;&nbsp;readPacket
<LI><a href="#[153]">&gt;&gt;</a>&nbsp;&nbsp;&nbsp;sendPacket
</UL>

<P><STRONG><a name="[154]"></a>TimerLeftMS</STRONG> (Thumb, 16 bytes, Stack size 8 bytes, mqttfreertos.o(.text))
<BR><BR>[Stack]<UL><LI>Max Depth = 32<LI>Call Chain = TimerLeftMS &rArr; xTaskCheckForTimeOut
</UL>
<BR>[Calls]<UL><LI><a href="#[17d]">&gt;&gt;</a>&nbsp;&nbsp;&nbsp;xTaskCheckForTimeOut
</UL>
<BR>[Called By]<UL><LI><a href="#[158]">&gt;&gt;</a>&nbsp;&nbsp;&nbsp;readPacket
<LI><a href="#[153]">&gt;&gt;</a>&nbsp;&nbsp;&nbsp;sendPacket
</UL>

<P><STRONG><a name="[155]"></a>TimerIsExpired</STRONG> (Thumb, 18 bytes, Stack size 8 bytes, mqttfreertos.o(.text))
<BR><BR>[Stack]<UL><LI>Max Depth = 32<LI>Call Chain = TimerIsExpired &rArr; xTaskCheckForTimeOut
</UL>
<BR>[Calls]<UL><LI><a href="#[17d]">&gt;&gt;</a>&nbsp;&nbsp;&nbsp;xTaskCheckForTimeOut
</UL>
<BR>[Called By]<UL><LI><a href="#[166]">&gt;&gt;</a>&nbsp;&nbsp;&nbsp;waitfor
<LI><a href="#[15c]">&gt;&gt;</a>&nbsp;&nbsp;&nbsp;keepalive
<LI><a href="#[153]">&gt;&gt;</a>&nbsp;&nbsp;&nbsp;sendPacket
<LI><a href="#[142]">&gt;&gt;</a>&nbsp;&nbsp;&nbsp;MQTTYield
</UL>

<P><STRONG><a name="[157]"></a>TimerInit</STRONG> (Thumb, 10 bytes, Stack size 0 bytes, mqttfreertos.o(.text))
<BR><BR>[Called By]<UL><LI><a href="#[173]">&gt;&gt;</a>&nbsp;&nbsp;&nbsp;MQTTDisconnect
<LI><a href="#[16f]">&gt;&gt;</a>&nbsp;&nbsp;&nbsp;MQTTUnsubscribe
<LI><a href="#[16b]">&gt;&gt;</a>&nbsp;&nbsp;&nbsp;MQTTSubscribeWithResults
<LI><a href="#[167]">&gt;&gt;</a>&nbsp;&nbsp;&nbsp;MQTTConnectWithResults
<LI><a href="#[165]">&gt;&gt;</a>&nbsp;&nbsp;&nbsp;MQTTRun
<LI><a href="#[15c]">&gt;&gt;</a>&nbsp;&nbsp;&nbsp;keepalive
<LI><a href="#[142]">&gt;&gt;</a>&nbsp;&nbsp;&nbsp;MQTTYield
<LI><a href="#[140]">&gt;&gt;</a>&nbsp;&nbsp;&nbsp;MQTTPublish
<LI><a href="#[13a]">&gt;&gt;</a>&nbsp;&nbsp;&nbsp;MQTTClientInit
</UL>

<P><STRONG><a name="[17e]"></a>FreeRTOS_read</STRONG> (Thumb, 98 bytes, Stack size 48 bytes, mqttfreertos.o(.text))
<BR><BR>[Stack]<UL><LI>Max Depth = 360<LI>Call Chain = FreeRTOS_read &rArr; lwip_recv &rArr; lwip_recvfrom &rArr; netconn_recv &rArr; tcpip_apimsg &rArr; sys_mbox_post &rArr; xQueueGenericSend &rArr; xTaskResumeAll &rArr; xTaskIncrementTick
</UL>
<BR>[Calls]<UL><LI><a href="#[125]">&gt;&gt;</a>&nbsp;&nbsp;&nbsp;lwip_setsockopt
<LI><a href="#[17d]">&gt;&gt;</a>&nbsp;&nbsp;&nbsp;xTaskCheckForTimeOut
<LI><a href="#[17c]">&gt;&gt;</a>&nbsp;&nbsp;&nbsp;vTaskSetTimeOutState
<LI><a href="#[17f]">&gt;&gt;</a>&nbsp;&nbsp;&nbsp;lwip_recv
</UL>
<BR>[Address Reference Count : 1]<UL><LI> mqttfreertos.o(.text)
</UL>
<P><STRONG><a name="[180]"></a>FreeRTOS_write</STRONG> (Thumb, 90 bytes, Stack size 48 bytes, mqttfreertos.o(.text))
<BR><BR>[Stack]<UL><LI>Max Depth = 352<LI>Call Chain = FreeRTOS_write &rArr; lwip_send &rArr; lwip_sendto &rArr;  lwip_send (Cycle)
</UL>
<BR>[Calls]<UL><LI><a href="#[125]">&gt;&gt;</a>&nbsp;&nbsp;&nbsp;lwip_setsockopt
<LI><a href="#[17d]">&gt;&gt;</a>&nbsp;&nbsp;&nbsp;xTaskCheckForTimeOut
<LI><a href="#[17c]">&gt;&gt;</a>&nbsp;&nbsp;&nbsp;vTaskSetTimeOutState
<LI><a href="#[181]">&gt;&gt;</a>&nbsp;&nbsp;&nbsp;lwip_send
</UL>
<BR>[Address Reference Count : 1]<UL><LI> mqttfreertos.o(.text)
</UL>
<P><STRONG><a name="[182]"></a>FreeRTOS_disconnect</STRONG> (Thumb, 6 bytes, Stack size 0 bytes, mqttfreertos.o(.text))
<BR><BR>[Stack]<UL><LI>Max Depth = 232<LI>Call Chain = FreeRTOS_disconnect &rArr; lwip_close &rArr; netconn_delete &rArr; netconn_free &rArr;  netconn_delete (Cycle)
</UL>
<BR>[Calls]<UL><LI><a href="#[10c]">&gt;&gt;</a>&nbsp;&nbsp;&nbsp;lwip_close
</UL>
<BR>[Address Reference Count : 1]<UL><LI> mqttfreertos.o(.text)
</UL>
<P><STRONG><a name="[139]"></a>NetworkInit</STRONG> (Thumb, 24 bytes, Stack size 0 bytes, mqttfreertos.o(.text))
<BR><BR>[Called By]<UL><LI><a href="#[65]">&gt;&gt;</a>&nbsp;&nbsp;&nbsp;prvMQTTPublishTask
</UL>

<P><STRONG><a name="[13b]"></a>NetworkConnect</STRONG> (Thumb, 68 bytes, Stack size 32 bytes, mqttfreertos.o(.text))
<BR><BR>[Stack]<UL><LI>Max Depth = 264<LI>Call Chain = NetworkConnect &rArr; lwip_socket &rArr; netconn_delete &rArr; netconn_free &rArr;  netconn_delete (Cycle)
</UL>
<BR>[Calls]<UL><LI><a href="#[121]">&gt;&gt;</a>&nbsp;&nbsp;&nbsp;lwip_socket
<LI><a href="#[10c]">&gt;&gt;</a>&nbsp;&nbsp;&nbsp;lwip_close
<LI><a href="#[122]">&gt;&gt;</a>&nbsp;&nbsp;&nbsp;htons
<LI><a href="#[183]">&gt;&gt;</a>&nbsp;&nbsp;&nbsp;lwip_connect
</UL>
<BR>[Called By]<UL><LI><a href="#[65]">&gt;&gt;</a>&nbsp;&nbsp;&nbsp;prvMQTTPublishTask
</UL>

<P><STRONG><a name="[184]"></a>MQTTSerialize_connectLength</STRONG> (Thumb, 118 bytes, Stack size 16 bytes, mqttconnectclient.o(.text))
<BR><BR>[Stack]<UL><LI>Max Depth = 16<LI>Call Chain = MQTTSerialize_connectLength
</UL>
<BR>[Calls]<UL><LI><a href="#[185]">&gt;&gt;</a>&nbsp;&nbsp;&nbsp;MQTTstrlen
</UL>
<BR>[Called By]<UL><LI><a href="#[168]">&gt;&gt;</a>&nbsp;&nbsp;&nbsp;MQTTSerialize_connect
</UL>

<P><STRONG><a name="[168]"></a>MQTTSerialize_connect</STRONG> (Thumb, 262 bytes, Stack size 32 bytes, mqttconnectclient.o(.text))
<BR><BR>[Stack]<UL><LI>Max Depth = 72<LI>Call Chain = MQTTSerialize_connect &rArr; writeMQTTString &rArr; writeCString &rArr; writeInt
</UL>
<BR>[Calls]<UL><LI><a href="#[18a]">&gt;&gt;</a>&nbsp;&nbsp;&nbsp;writeMQTTString
<LI><a href="#[189]">&gt;&gt;</a>&nbsp;&nbsp;&nbsp;writeInt
<LI><a href="#[187]">&gt;&gt;</a>&nbsp;&nbsp;&nbsp;writeChar
<LI><a href="#[188]">&gt;&gt;</a>&nbsp;&nbsp;&nbsp;writeCString
<LI><a href="#[186]">&gt;&gt;</a>&nbsp;&nbsp;&nbsp;MQTTPacket_len
<LI><a href="#[184]">&gt;&gt;</a>&nbsp;&nbsp;&nbsp;MQTTSerialize_connectLength
<LI><a href="#[159]">&gt;&gt;</a>&nbsp;&nbsp;&nbsp;MQTTPacket_encode
</UL>
<BR>[Called By]<UL><LI><a href="#[167]">&gt;&gt;</a>&nbsp;&nbsp;&nbsp;MQTTConnectWithResults
</UL>

<P><STRONG><a name="[169]"></a>MQTTDeserialize_connack</STRONG> (Thumb, 92 bytes, Stack size 32 bytes, mqttconnectclient.o(.text))
[...]
</UL>
<BR>[Called By]<UL><LI><a href="#[2a9]">&gt;&gt;</a>&nbsp;&nbsp;&nbsp;inet_chksum_pseudo
<LI><a href="#[2a5]">&gt;&gt;</a>&nbsp;&nbsp;&nbsp;inet_chksum_pbuf
<LI><a href="#[2a6]">&gt;&gt;</a>&nbsp;&nbsp;&nbsp;inet_chksum
</UL>

<P><STRONG><a name="[2ac]"></a>find_entry</STRONG> (Thumb, 224 bytes, Stack size 36 bytes, etharp.o(.text))
<BR><BR>[Stack]<UL><LI>Max Depth = 36<LI>Call Chain = find_entry
</UL>
<BR>[Called By]<UL><LI><a href="#[24b]">&gt;&gt;</a>&nbsp;&nbsp;&nbsp;etharp_query
<LI><a href="#[2ad]">&gt;&gt;</a>&nbsp;&nbsp;&nbsp;etharp_find_addr
<LI><a href="#[2ab]">&gt;&gt;</a>&nbsp;&nbsp;&nbsp;update_arp_entry
</UL>

<P><STRONG><a name="[2aa]"></a>etharp_send_ip</STRONG> (Thumb, 54 bytes, Stack size 24 bytes, etharp.o(.text))
<BR><BR>[Stack]<UL><LI>Max Depth = 24<LI>Call Chain = etharp_send_ip
</UL>
<BR>[Calls]<UL><LI><a href="#[122]">&gt;&gt;</a>&nbsp;&nbsp;&nbsp;htons
</UL>
<BR>[Called By]<UL><LI><a href="#[24b]">&gt;&gt;</a>&nbsp;&nbsp;&nbsp;etharp_query
<LI><a href="#[93]">&gt;&gt;</a>&nbsp;&nbsp;&nbsp;etharp_output
</UL>

<P><STRONG><a name="[2ab]"></a>update_arp_entry</STRONG> (Thumb, 108 bytes, Stack size 24 bytes, etharp.o(.text))
<BR><BR>[Stack]<UL><LI>Max Depth = 60<LI>Call Chain = update_arp_entry &rArr; find_entry
</UL>
<BR>[Calls]<UL><LI><a href="#[294]">&gt;&gt;</a>&nbsp;&nbsp;&nbsp;ip_addr_isbroadcast
<LI><a href="#[24d]">&gt;&gt;</a>&nbsp;&nbsp;&nbsp;ntohl
<LI><a href="#[2ac]">&gt;&gt;</a>&nbsp;&nbsp;&nbsp;find_entry
</UL>
<BR>[Called By]<UL><LI><a href="#[2af]">&gt;&gt;</a>&nbsp;&nbsp;&nbsp;etharp_arp_input
<LI><a href="#[2ae]">&gt;&gt;</a>&nbsp;&nbsp;&nbsp;etharp_ip_input
</UL>

<P><STRONG><a name="[95]"></a>ethernetif_input</STRONG> (Thumb, 40 bytes, Stack size 0 bytes, ethernetif.o(.text))
<BR><BR>[Stack]<UL><LI>Max Depth = 232<LI>Call Chain = ethernetif_input &rArr; low_level_input &rArr; pbuf_alloc &rArr; pbuf_free &rArr; mem_free &rArr; sys_arch_sem_wait &rArr; xQueueSemaphoreTake &rArr; xTaskResumeAll &rArr; xTaskIncrementTick
</UL>
<BR>[Calls]<UL><LI><a href="#[17a]">&gt;&gt;</a>&nbsp;&nbsp;&nbsp;xQueueSemaphoreTake
<LI><a href="#[1f0]">&gt;&gt;</a>&nbsp;&nbsp;&nbsp;pbuf_free
<LI><a href="#[2b0]">&gt;&gt;</a>&nbsp;&nbsp;&nbsp;low_level_input
</UL>
<BR>[Address Reference Count : 1]<UL><LI> ethernetif.o(.text)
</UL>
<P><STRONG><a name="[94]"></a>low_level_output</STRONG> (Thumb, 100 bytes, Stack size 24 bytes, ethernetif.o(.text))
<BR><BR>[Stack]<UL><LI>Max Depth = 144<LI>Call Chain = low_level_output &rArr; xQueueGenericSend &rArr; xTaskResumeAll &rArr; xTaskIncrementTick
</UL>
<BR>[Calls]<UL><LI><a href="#[b9]">&gt;&gt;</a>&nbsp;&nbsp;&nbsp;xQueueGenericSend
<LI><a href="#[d6]">&gt;&gt;</a>&nbsp;&nbsp;&nbsp;xQueueGenericCreate
<LI><a href="#[17a]">&gt;&gt;</a>&nbsp;&nbsp;&nbsp;xQueueSemaphoreTake
<LI><a href="#[2b1]">&gt;&gt;</a>&nbsp;&nbsp;&nbsp;ETH_Prepare_Transmit_Descriptors
<LI><a href="#[109]">&gt;&gt;</a>&nbsp;&nbsp;&nbsp;__aeabi_memcpy
</UL>
<BR>[Address Reference Count : 1]<UL><LI> ethernetif.o(.text)
</UL>
<P><STRONG><a name="[92]"></a>arp_timer</STRONG> (Thumb, 22 bytes, Stack size 8 bytes, ethernetif.o(.text))
<BR><BR>[Stack]<UL><LI>Max Depth = 48<LI>Call Chain = arp_timer &rArr; sys_timeout &rArr; sys_arch_timeouts
</UL>
<BR>[Calls]<UL><LI><a href="#[231]">&gt;&gt;</a>&nbsp;&nbsp;&nbsp;sys_timeout
<LI><a href="#[233]">&gt;&gt;</a>&nbsp;&nbsp;&nbsp;etharp_tmr
</UL>
<BR>[Address Reference Count : 1]<UL><LI> ethernetif.o(.text)
</UL>
<P><STRONG><a name="[2b0]"></a>low_level_input</STRONG> (Thumb, 126 bytes, Stack size 40 bytes, ethernetif.o(.text))
<BR><BR>[Stack]<UL><LI>Max Depth = 232<LI>Call Chain = low_level_input &rArr; pbuf_alloc &rArr; pbuf_free &rArr; mem_free &rArr; sys_arch_sem_wait &rArr; xQueueSemaphoreTake &rArr; xTaskResumeAll &rArr; xTaskIncrementTick
</UL>
<BR>[Calls]<UL><LI><a href="#[1ec]">&gt;&gt;</a>&nbsp;&nbsp;&nbsp;pbuf_alloc
<LI><a href="#[2b3]">&gt;&gt;</a>&nbsp;&nbsp;&nbsp;ETH_Get_Received_Frame_interrupt
<LI><a href="#[109]">&gt;&gt;</a>&nbsp;&nbsp;&nbsp;__aeabi_memcpy
</UL>
<BR>[Called By]<UL><LI><a href="#[95]">&gt;&gt;</a>&nbsp;&nbsp;&nbsp;ethernetif_input
</UL>

<P><STRONG><a name="[2b2]"></a>low_level_init</STRONG> (Thumb, 174 bytes, Stack size 32 bytes, ethernetif.o(.text))
<BR><BR>[Stack]<UL><LI>Max Depth = 168<LI>Call Chain = low_level_init &rArr; xTaskCreate &rArr; pvPortMalloc &rArr; xTaskResumeAll &rArr; xTaskIncrementTick
</UL>
<BR>[Calls]<UL><LI><a href="#[102]">&gt;&gt;</a>&nbsp;&nbsp;&nbsp;ETH_Start
<LI><a href="#[d8]">&gt;&gt;</a>&nbsp;&nbsp;&nbsp;xTaskCreate
<LI><a href="#[2b4]">&gt;&gt;</a>&nbsp;&nbsp;&nbsp;xQueueCreateCountingSemaphore
<LI><a href="#[2b5]">&gt;&gt;</a>&nbsp;&nbsp;&nbsp;ETH_MACAddressConfig
<LI><a href="#[2b9]">&gt;&gt;</a>&nbsp;&nbsp;&nbsp;ETH_DMATxDescChecksumInsertionConfig
<LI><a href="#[2b6]">&gt;&gt;</a>&nbsp;&nbsp;&nbsp;ETH_DMATxDescChainInit
<LI><a href="#[2b8]">&gt;&gt;</a>&nbsp;&nbsp;&nbsp;ETH_DMARxDescReceiveITConfig
<LI><a href="#[2b7]">&gt;&gt;</a>&nbsp;&nbsp;&nbsp;ETH_DMARxDescChainInit
</UL>
<BR>[Called By]<UL><LI><a href="#[62]">&gt;&gt;</a>&nbsp;&nbsp;&nbsp;ethernetif_init
</UL>

<P><STRONG><a name="[2db]"></a>ETH_Delay</STRONG> (Thumb, 18 bytes, Stack size 12 bytes, stm32f4x7_eth.o(.text))
<BR><BR>[Stack]<UL><LI>Max Depth = 12<LI>Call Chain = ETH_Delay
</UL>
<BR>[Called By]<UL><LI><a href="#[f4]">&gt;&gt;</a>&nbsp;&nbsp;&nbsp;ETH_Init
</UL>

<P><STRONG><a name="[2ee]"></a>TI2_Config</STRONG> (Thumb, 54 bytes, Stack size 20 bytes, stm32f4xx_tim.o(.text), UNUSED)
<BR><BR>[Called By]<UL><LI><a href="#[2f4]">&gt;&gt;</a>&nbsp;&nbsp;&nbsp;TIM_TIxExternalClockConfig
<LI><a href="#[2f1]">&gt;&gt;</a>&nbsp;&nbsp;&nbsp;TIM_PWMIConfig
<LI><a href="#[2ea]">&gt;&gt;</a>&nbsp;&nbsp;&nbsp;TIM_ICInit
</UL>

<P><STRONG><a name="[2ec]"></a>TI1_Config</STRONG> (Thumb, 46 bytes, Stack size 16 bytes, stm32f4xx_tim.o(.text), UNUSED)
<BR><BR>[Called By]<UL><LI><a href="#[2f4]">&gt;&gt;</a>&nbsp;&nbsp;&nbsp;TIM_TIxExternalClockConfig
<LI><a href="#[2f1]">&gt;&gt;</a>&nbsp;&nbsp;&nbsp;TIM_PWMIConfig
<LI><a href="#[2ea]">&gt;&gt;</a>&nbsp;&nbsp;&nbsp;TIM_ICInit
</UL>

<P><STRONG><a name="[306]"></a>RTC_ByteToBcd2</STRONG> (Thumb, 24 bytes, Stack size 0 bytes, stm32f4xx_rtc.o(.text))
<BR><BR>[Called By]<UL><LI><a href="#[c1]">&gt;&gt;</a>&nbsp;&nbsp;&nbsp;RTC_SetTime
<LI><a href="#[c0]">&gt;&gt;</a>&nbsp;&nbsp;&nbsp;RTC_SetDate
<LI><a href="#[307]">&gt;&gt;</a>&nbsp;&nbsp;&nbsp;RTC_SetAlarm
</UL>

<P><STRONG><a name="[305]"></a>RTC_Bcd2ToByte</STRONG> (Thumb, 18 bytes, Stack size 0 bytes, stm32f4xx_rtc.o(.text))
<BR><BR>[Called By]<UL><LI><a href="#[117]">&gt;&gt;</a>&nbsp;&nbsp;&nbsp;RTC_GetTime
<LI><a href="#[118]">&gt;&gt;</a>&nbsp;&nbsp;&nbsp;RTC_GetDate
<LI><a href="#[c1]">&gt;&gt;</a>&nbsp;&nbsp;&nbsp;RTC_SetTime
<LI><a href="#[c0]">&gt;&gt;</a>&nbsp;&nbsp;&nbsp;RTC_SetDate
<LI><a href="#[30b]">&gt;&gt;</a>&nbsp;&nbsp;&nbsp;RTC_GetTimeStamp
<LI><a href="#[308]">&gt;&gt;</a>&nbsp;&nbsp;&nbsp;RTC_GetAlarm
<LI><a href="#[307]">&gt;&gt;</a>&nbsp;&nbsp;&nbsp;RTC_SetAlarm
</UL>

<P><STRONG><a name="[312]"></a>prvUnlockQueue</STRONG> (Thumb, 106 bytes, Stack size 24 bytes, queue.o(.text))
<BR><BR>[Stack]<UL><LI>Max Depth = 48<LI>Call Chain = prvUnlockQueue &rArr; xTaskRemoveFromEventList
</UL>
<BR>[Calls]<UL><LI><a href="#[2c1]">&gt;&gt;</a>&nbsp;&nbsp;&nbsp;vPortExitCritical
<LI><a href="#[2bf]">&gt;&gt;</a>&nbsp;&nbsp;&nbsp;vPortEnterCritical
<LI><a href="#[310]">&gt;&gt;</a>&nbsp;&nbsp;&nbsp;xTaskRemoveFromEventList
<LI><a href="#[313]">&gt;&gt;</a>&nbsp;&nbsp;&nbsp;vTaskMissedYield
</UL>
<BR>[Called By]<UL><LI><a href="#[ef]">&gt;&gt;</a>&nbsp;&nbsp;&nbsp;xQueuePeek
<LI><a href="#[b2]">&gt;&gt;</a>&nbsp;&nbsp;&nbsp;xQueueReceive
<LI><a href="#[b9]">&gt;&gt;</a>&nbsp;&nbsp;&nbsp;xQueueGenericSend
<LI><a href="#[17a]">&gt;&gt;</a>&nbsp;&nbsp;&nbsp;xQueueSemaphoreTake
</UL>

<P><STRONG><a name="[314]"></a>prvCopyDataToQueue</STRONG> (Thumb, 106 bytes, Stack size 24 bytes, queue.o(.text))
<BR><BR>[Stack]<UL><LI>Max Depth = 40<LI>Call Chain = prvCopyDataToQueue &rArr; xTaskPriorityDisinherit
</UL>
<BR>[Calls]<UL><LI><a href="#[315]">&gt;&gt;</a>&nbsp;&nbsp;&nbsp;xTaskPriorityDisinherit
<LI><a href="#[109]">&gt;&gt;</a>&nbsp;&nbsp;&nbsp;__aeabi_memcpy
</UL>
<BR>[Called By]<UL><LI><a href="#[b9]">&gt;&gt;</a>&nbsp;&nbsp;&nbsp;xQueueGenericSend
<LI><a href="#[1ca]">&gt;&gt;</a>&nbsp;&nbsp;&nbsp;xQueueGenericSendFromISR
</UL>

<P><STRONG><a name="[31f]"></a>prvCopyDataFromQueue</STRONG> (Thumb, 38 bytes, Stack size 8 bytes, queue.o(.text))
<BR><BR>[Stack]<UL><LI>Max Depth = 8<LI>Call Chain = prvCopyDataFromQueue
</UL>
<BR>[Calls]<UL><LI><a href="#[109]">&gt;&gt;</a>&nbsp;&nbsp;&nbsp;__aeabi_memcpy
</UL>
<BR>[Called By]<UL><LI><a href="#[ef]">&gt;&gt;</a>&nbsp;&nbsp;&nbsp;xQueuePeek
<LI><a href="#[b2]">&gt;&gt;</a>&nbsp;&nbsp;&nbsp;xQueueReceive
<LI><a href="#[1ce]">&gt;&gt;</a>&nbsp;&nbsp;&nbsp;xQueuePeekFromISR
<LI><a href="#[320]">&gt;&gt;</a>&nbsp;&nbsp;&nbsp;xQueueReceiveFromISR
</UL>

<P><STRONG><a name="[31a]"></a>prvIsQueueEmpty</STRONG> (Thumb, 26 bytes, Stack size 8 bytes, queue.o(.text))
<BR><BR>[Stack]<UL><LI>Max Depth = 8<LI>Call Chain = prvIsQueueEmpty
</UL>
<BR>[Calls]<UL><LI><a href="#[2c1]">&gt;&gt;</a>&nbsp;&nbsp;&nbsp;vPortExitCritical
<LI><a href="#[2bf]">&gt;&gt;</a>&nbsp;&nbsp;&nbsp;vPortEnterCritical
</UL>
<BR>[Called By]<UL><LI><a href="#[ef]">&gt;&gt;</a>&nbsp;&nbsp;&nbsp;xQueuePeek
<LI><a href="#[b2]">&gt;&gt;</a>&nbsp;&nbsp;&nbsp;xQueueReceive
<LI><a href="#[17a]">&gt;&gt;</a>&nbsp;&nbsp;&nbsp;xQueueSemaphoreTake
</UL>

<P><STRONG><a name="[324]"></a>prvAddNewTaskToReadyList</STRONG> (Thumb, 192 bytes, Stack size 24 bytes, tasks.o(.text))
<BR><BR>[Stack]<UL><LI>Max Depth = 24<LI>Call Chain = prvAddNewTaskToReadyList
</UL>
<BR>[Calls]<UL><LI><a href="#[2c1]">&gt;&gt;</a>&nbsp;&nbsp;&nbsp;vPortExitCritical
<LI><a href="#[2bf]">&gt;&gt;</a>&nbsp;&nbsp;&nbsp;vPortEnterCritical
<LI><a href="#[325]">&gt;&gt;</a>&nbsp;&nbsp;&nbsp;vListInsertEnd
<LI><a href="#[30f]">&gt;&gt;</a>&nbsp;&nbsp;&nbsp;vListInitialise
</UL>
<BR>[Called By]<UL><LI><a href="#[d8]">&gt;&gt;</a>&nbsp;&nbsp;&nbsp;xTaskCreate
</UL>

<P><STRONG><a name="[32b]"></a>prvAddCurrentTaskToDelayedList</STRONG> (Thumb, 102 bytes, Stack size 24 bytes, tasks.o(.text))
<BR><BR>[Stack]<UL><LI>Max Depth = 36<LI>Call Chain = prvAddCurrentTaskToDelayedList &rArr; vListInsert
</UL>
<BR>[Calls]<UL><LI><a href="#[327]">&gt;&gt;</a>&nbsp;&nbsp;&nbsp;uxListRemove
<LI><a href="#[32c]">&gt;&gt;</a>&nbsp;&nbsp;&nbsp;vListInsert
<LI><a href="#[325]">&gt;&gt;</a>&nbsp;&nbsp;&nbsp;vListInsertEnd
</UL>
<BR>[Called By]<UL><LI><a href="#[a8]">&gt;&gt;</a>&nbsp;&nbsp;&nbsp;vTaskDelay
<LI><a href="#[33f]">&gt;&gt;</a>&nbsp;&nbsp;&nbsp;xTaskNotifyWait
<LI><a href="#[33e]">&gt;&gt;</a>&nbsp;&nbsp;&nbsp;ulTaskNotifyTake
<LI><a href="#[33c]">&gt;&gt;</a>&nbsp;&nbsp;&nbsp;vTaskPlaceOnUnorderedEventList
<LI><a href="#[317]">&gt;&gt;</a>&nbsp;&nbsp;&nbsp;vTaskPlaceOnEventList
</UL>

<P><STRONG><a name="[332]"></a>prvTaskIsTaskSuspended</STRONG> (Thumb, 48 bytes, Stack size 0 bytes, tasks.o(.text), UNUSED)
<BR><BR>[Called By]<UL><LI><a href="#[333]">&gt;&gt;</a>&nbsp;&nbsp;&nbsp;xTaskResumeFromISR
<LI><a href="#[331]">&gt;&gt;</a>&nbsp;&nbsp;&nbsp;vTaskResume
</UL>

<P><STRONG><a name="[96]"></a>prvIdleTask</STRONG> (Thumb, 80 bytes, Stack size 0 bytes, tasks.o(.text))
<BR><BR>[Stack]<UL><LI>Max Depth = 72<LI>Call Chain = prvIdleTask &rArr; prvDeleteTCB &rArr; vPortFree &rArr; xTaskResumeAll &rArr; xTaskIncrementTick
</UL>
<BR>[Calls]<UL><LI><a href="#[2c1]">&gt;&gt;</a>&nbsp;&nbsp;&nbsp;vPortExitCritical
<LI><a href="#[2bf]">&gt;&gt;</a>&nbsp;&nbsp;&nbsp;vPortEnterCritical
<LI><a href="#[328]">&gt;&gt;</a>&nbsp;&nbsp;&nbsp;prvDeleteTCB
<LI><a href="#[327]">&gt;&gt;</a>&nbsp;&nbsp;&nbsp;uxListRemove
</UL>
<BR>[Address Reference Count : 1]<UL><LI> tasks.o(.text)
</UL>
<P><STRONG><a name="[338]"></a>prvSearchForNameWithinSingleList</STRONG> (Thumb, 88 bytes, Stack size 20 bytes, tasks.o(.text))
<BR><BR>[Stack]<UL><LI>Max Depth = 20<LI>Call Chain = prvSearchForNameWithinSingleList
</UL>
<BR>[Called By]<UL><LI><a href="#[b3]">&gt;&gt;</a>&nbsp;&nbsp;&nbsp;xTaskGetHandle
</UL>

<P><STRONG><a name="[33a]"></a>prvListTasksWithinSingleList</STRONG> (Thumb, 84 bytes, Stack size 32 bytes, tasks.o(.text), UNUSED)
<BR><BR>[Calls]<UL><LI><a href="#[339]">&gt;&gt;</a>&nbsp;&nbsp;&nbsp;vTaskGetInfo
</UL>
<BR>[Called By]<UL><LI><a href="#[33b]">&gt;&gt;</a>&nbsp;&nbsp;&nbsp;uxTaskGetSystemState
</UL>

<P><STRONG><a name="[326]"></a>prvInitialiseNewTask</STRONG> (Thumb, 154 bytes, Stack size 32 bytes, tasks.o(.text))
<BR><BR>[Stack]<UL><LI>Max Depth = 40<LI>Call Chain = prvInitialiseNewTask &rArr; pxPortInitialiseStack
</UL>
<BR>[Calls]<UL><LI><a href="#[346]">&gt;&gt;</a>&nbsp;&nbsp;&nbsp;pxPortInitialiseStack
<LI><a href="#[345]">&gt;&gt;</a>&nbsp;&nbsp;&nbsp;vListInitialiseItem
<LI><a href="#[344]">&gt;&gt;</a>&nbsp;&nbsp;&nbsp;__aeabi_memset
</UL>
<BR>[Called By]<UL><LI><a href="#[d8]">&gt;&gt;</a>&nbsp;&nbsp;&nbsp;xTaskCreate
</UL>

<P><STRONG><a name="[329]"></a>prvResetNextTaskUnblockTime</STRONG> (Thumb, 26 bytes, Stack size 0 bytes, tasks.o(.text))
<BR><BR>[Called By]<UL><LI><a href="#[b7]">&gt;&gt;</a>&nbsp;&nbsp;&nbsp;vTaskDelete
<LI><a href="#[1a9]">&gt;&gt;</a>&nbsp;&nbsp;&nbsp;xTaskResumeAll
<LI><a href="#[330]">&gt;&gt;</a>&nbsp;&nbsp;&nbsp;vTaskSuspend
<LI><a href="#[32a]">&gt;&gt;</a>&nbsp;&nbsp;&nbsp;xTaskIncrementTick
</UL>

<P><STRONG><a name="[328]"></a>prvDeleteTCB</STRONG> (Thumb, 20 bytes, Stack size 8 bytes, tasks.o(.text))
<BR><BR>[Stack]<UL><LI>Max Depth = 72<LI>Call Chain = prvDeleteTCB &rArr; vPortFree &rArr; xTaskResumeAll &rArr; xTaskIncrementTick
</UL>
<BR>[Calls]<UL><LI><a href="#[323]">&gt;&gt;</a>&nbsp;&nbsp;&nbsp;vPortFree
</UL>
<BR>[Called By]<UL><LI><a href="#[b7]">&gt;&gt;</a>&nbsp;&nbsp;&nbsp;vTaskDelete
<LI><a href="#[96]">&gt;&gt;</a>&nbsp;&nbsp;&nbsp;prvIdleTask
</UL>

<P><STRONG><a name="[97]"></a>prvTaskExitError</STRONG> (Thumb, 36 bytes, Stack size 0 bytes, port.o(.text))
<BR>[Address Reference Count : 1]<UL><LI> port.o(.text)
</UL>
<P><STRONG><a name="[9f]"></a>prvvMBTCPPortError</STRONG> (Thumb, 26 bytes, Stack size 8 bytes, port_tcp.o(.text))
<BR><BR>[Stack]<UL><LI>Max Depth = 368<LI>Call Chain = prvvMBTCPPortError &rArr; prvvMBPortReleaseClient &rArr; tcp_abandon &rArr; tcp_pcb_remove &rArr; tcp_output &rArr; tcp_send_empty_ack &rArr; pbuf_alloc &rArr; pbuf_free &rArr; mem_free &rArr; sys_arch_sem_wait &rArr; xQueueSemaphoreTake &rArr; xTaskResumeAll &rArr; xTaskIncrementTick
</UL>
<BR>[Calls]<UL><LI><a href="#[355]">&gt;&gt;</a>&nbsp;&nbsp;&nbsp;vMBPortLog
<LI><a href="#[354]">&gt;&gt;</a>&nbsp;&nbsp;&nbsp;prvvMBPortReleaseClient
</UL>
<BR>[Address Reference Count : 1]<UL><LI> port_tcp.o(.text)
</UL>
<P><STRONG><a name="[9e]"></a>prvxMBTCPPortReceive</STRONG> (Thumb, 150 bytes, Stack size 24 bytes, port_tcp.o(.text))
<BR><BR>[Stack]<UL><LI>Max Depth = 384<LI>Call Chain = prvxMBTCPPortReceive &rArr; prvvMBPortReleaseClient &rArr; tcp_abandon &rArr; tcp_pcb_remove &rArr; tcp_output &rArr; tcp_send_empty_ack &rArr; pbuf_alloc &rArr; pbuf_free &rArr; mem_free &rArr; sys_arch_sem_wait &rArr; xQueueSemaphoreTake &rArr; xTaskResumeAll &rArr; xTaskIncrementTick
</UL>
<BR>[Calls]<UL><LI><a href="#[211]">&gt;&gt;</a>&nbsp;&nbsp;&nbsp;tcp_recved
<LI><a href="#[1f0]">&gt;&gt;</a>&nbsp;&nbsp;&nbsp;pbuf_free
<LI><a href="#[355]">&gt;&gt;</a>&nbsp;&nbsp;&nbsp;vMBPortLog
<LI><a href="#[356]">&gt;&gt;</a>&nbsp;&nbsp;&nbsp;prvvMBTCPLogFrame
<LI><a href="#[354]">&gt;&gt;</a>&nbsp;&nbsp;&nbsp;prvvMBPortReleaseClient
<LI><a href="#[34f]">&gt;&gt;</a>&nbsp;&nbsp;&nbsp;xMBPortEventPost
<LI><a href="#[109]">&gt;&gt;</a>&nbsp;&nbsp;&nbsp;__aeabi_memcpy
</UL>
<BR>[Address Reference Count : 1]<UL><LI> port_tcp.o(.text)
</UL>
<P><STRONG><a name="[a0]"></a>prvxMBTCPPortAccept</STRONG> (Thumb, 106 bytes, Stack size 32 bytes, port_tcp.o(.text))
<BR><BR>[Stack]<UL><LI>Max Depth = 392<LI>Call Chain = prvxMBTCPPortAccept &rArr; prvvMBPortReleaseClient &rArr; tcp_abandon &rArr; tcp_pcb_remove &rArr; tcp_output &rArr; tcp_send_empty_ack &rArr; pbuf_alloc &rArr; pbuf_free &rArr; mem_free &rArr; sys_arch_sem_wait &rArr; xQueueSemaphoreTake &rArr; xTaskResumeAll &rArr; xTaskIncrementTick
</UL>
<BR>[Calls]<UL><LI><a href="#[24d]">&gt;&gt;</a>&nbsp;&nbsp;&nbsp;ntohl
<LI><a href="#[1f8]">&gt;&gt;</a>&nbsp;&nbsp;&nbsp;tcp_recv
<LI><a href="#[1fc]">&gt;&gt;</a>&nbsp;&nbsp;&nbsp;tcp_err
<LI><a href="#[1f7]">&gt;&gt;</a>&nbsp;&nbsp;&nbsp;tcp_arg
<LI><a href="#[355]">&gt;&gt;</a>&nbsp;&nbsp;&nbsp;vMBPortLog
<LI><a href="#[354]">&gt;&gt;</a>&nbsp;&nbsp;&nbsp;prvvMBPortReleaseClient
</UL>
<BR>[Address Reference Count : 1]<UL><LI> port_tcp.o(.text)
</UL>
<P><STRONG><a name="[36f]"></a>_printf_core</STRONG> (Thumb, 996 bytes, Stack size 104 bytes, printf8.o(i._printf_core), UNUSED)
<BR><BR>[Calls]<UL><LI><a href="#[35e]">&gt;&gt;</a>&nbsp;&nbsp;&nbsp;__aeabi_uldivmod
<LI><a href="#[376]">&gt;&gt;</a>&nbsp;&nbsp;&nbsp;_printf_pre_padding
<LI><a href="#[377]">&gt;&gt;</a>&nbsp;&nbsp;&nbsp;_printf_post_padding
</UL>
<BR>[Called By]<UL><LI><a href="#[371]">&gt;&gt;</a>&nbsp;&nbsp;&nbsp;__0sprintf$8
<LI><a href="#[370]">&gt;&gt;</a>&nbsp;&nbsp;&nbsp;__0snprintf$8
<LI><a href="#[36e]">&gt;&gt;</a>&nbsp;&nbsp;&nbsp;__0printf$8
</UL>

<P><STRONG><a name="[377]"></a>_printf_post_padding</STRONG> (Thumb, 36 bytes, Stack size 24 bytes, printf8.o(i._printf_post_padding), UNUSED)
<BR><BR>[Called By]<UL><LI><a href="#[36f]">&gt;&gt;</a>&nbsp;&nbsp;&nbsp;_printf_core
</UL>

<P><STRONG><a name="[376]"></a>_printf_pre_padding</STRONG> (Thumb, 46 bytes, Stack size 24 bytes, printf8.o(i._printf_pre_padding), UNUSED)
<BR><BR>[Called By]<UL><LI><a href="#[36f]">&gt;&gt;</a>&nbsp;&nbsp;&nbsp;_printf_core
</UL>

<P><STRONG><a name="[a2]"></a>_snputc</STRONG> (Thumb, 22 bytes, Stack size 0 bytes, printf8.o(i._snputc))
<BR>[Address Reference Count : 1]<UL><LI> printf8.o(i.__0snprintf$8)
</UL>
<P><STRONG><a name="[a3]"></a>_sputc</STRONG> (Thumb, 10 bytes, Stack size 0 bytes, printf8.o(i._sputc))
<BR><BR>[Called By]<UL><LI><a href="#[371]">&gt;&gt;</a>&nbsp;&nbsp;&nbsp;__0sprintf$8
</UL>
<BR>[Address Reference Count : 1]<UL><LI> printf8.o(i.__0sprintf$8)
</UL>
<P><STRONG><a name="[374]"></a>_fp_digits</STRONG> (Thumb, 366 bytes, Stack size 64 bytes, printfa.o(i._fp_digits), UNUSED)
<BR><BR>[Calls]<UL><LI><a href="#[375]">&gt;&gt;</a>&nbsp;&nbsp;&nbsp;__aeabi_cdrcmple
<LI><a href="#[35e]">&gt;&gt;</a>&nbsp;&nbsp;&nbsp;__aeabi_uldivmod
<LI><a href="#[369]">&gt;&gt;</a>&nbsp;&nbsp;&nbsp;__aeabi_dmul
<LI><a href="#[36a]">&gt;&gt;</a>&nbsp;&nbsp;&nbsp;__aeabi_ddiv
<LI><a href="#[365]">&gt;&gt;</a>&nbsp;&nbsp;&nbsp;__aeabi_dadd
<LI><a href="#[36b]">&gt;&gt;</a>&nbsp;&nbsp;&nbsp;__aeabi_d2ulz
</UL>
<BR>[Called By]<UL><LI><a href="#[373]">&gt;&gt;</a>&nbsp;&nbsp;&nbsp;_printf_core
</UL>

<P><STRONG><a name="[373]"></a>_printf_core</STRONG> (Thumb, 1744 bytes, Stack size 136 bytes, printfa.o(i._printf_core), UNUSED)
<BR><BR>[Calls]<UL><LI><a href="#[35e]">&gt;&gt;</a>&nbsp;&nbsp;&nbsp;__aeabi_uldivmod
<LI><a href="#[37a]">&gt;&gt;</a>&nbsp;&nbsp;&nbsp;__aeabi_uidivmod
<LI><a href="#[378]">&gt;&gt;</a>&nbsp;&nbsp;&nbsp;_printf_pre_padding
<LI><a href="#[379]">&gt;&gt;</a>&nbsp;&nbsp;&nbsp;_printf_post_padding
<LI><a href="#[374]">&gt;&gt;</a>&nbsp;&nbsp;&nbsp;_fp_digits
</UL>
<BR>[Called By]<UL><LI><a href="#[372]">&gt;&gt;</a>&nbsp;&nbsp;&nbsp;__0vprintf
</UL>

<P><STRONG><a name="[379]"></a>_printf_post_padding</STRONG> (Thumb, 36 bytes, Stack size 24 bytes, printfa.o(i._printf_post_padding), UNUSED)
<BR><BR>[Called By]<UL><LI><a href="#[373]">&gt;&gt;</a>&nbsp;&nbsp;&nbsp;_printf_core
</UL>

<P><STRONG><a name="[378]"></a>_printf_pre_padding</STRONG> (Thumb, 46 bytes, Stack size 24 bytes, printfa.o(i._printf_pre_padding), UNUSED)
<BR><BR>[Called By]<UL><LI><a href="#[373]">&gt;&gt;</a>&nbsp;&nbsp;&nbsp;_printf_core
</UL>
<P>
<H3>
Undefined Global Symbols
</H3><HR></body></html>
