Component: ARM Compiler 5.06 update 6 (build 750) Tool: armlink [4d35ed]

==============================================================================

Section Cross References

    main.o(.text) refers to tasks.o(.text) for vTaskDelay
    main.o(.text) refers to printf6.o(i.__0printf$6) for __2printf
    main.o(.text) refers to strcpy.o(.text) for strcpy
    main.o(.text) refers to api_server.o(.text) for Flash_Write_Information
    main.o(.text) refers to stm32f4_discovery.o(.text) for STM_EVAL_LEDOn
    main.o(.text) refers to stm32f4x7_eth_bsp.o(.text) for ETH_Disable
    main.o(.text) refers to queue.o(.text) for xQueueReceive
    main.o(.text) refers to mqttclienttask.o(.text) for vStartMQTTTasks
    main.o(.text) refers to main.o(.bss) for .bss
    main.o(.text) refers to main.o(.data) for .data
    main.o(.text) refers to main.o(.conststring) for .conststring
    main.o(.text) refers to stm32f4xx_rtc.o(.text) for RTC_WriteProtectionCmd
    main.o(.text) refers to stm32f4xx_rcc.o(.text) for RCC_APB1PeriphClockCmd
    main.o(.text) refers to stm32f4xx_pwr.o(.text) for PWR_BackupAccessCmd
    main.o(.text) refers to stm32f4xx_gpio.o(.text) for GPIO_Init
    main.o(.text) refers to stm32f4xx_uartstdio.o(.text) for UARTstdio_Configuration
    main.o(.text) refers to rs485bus_task.o(.text) for vStartRS485busSlaveTasks
    main.o(.text) refers to heap_2.o(.text) for xPortGetFreeHeapSize
    system_stm32f4xx.o(.text) refers to system_stm32f4xx.o(.data) for .data
    stm32f4xx_it.o(.text) refers to port.o(.text) for xPortSysTickHandler
    stm32f4xx_it.o(.text) refers to stm32f4x7_eth.o(.text) for ETH_GetDMAFlagStatus
    stm32f4xx_it.o(.text) refers to queue.o(.text) for xQueueGiveFromISR
    stm32f4xx_it.o(.text) refers to stm32f4xx_tim.o(.text) for TIM_ClearITPendingBit
    stm32f4xx_it.o(.text) refers to ethernetif.o(.data) for s_xSemaphore
    netconf.o(.text) refers to tcpip.o(.text) for tcpip_init
    netconf.o(.text) refers to inet.o(.text) for htonl
    netconf.o(.text) refers to netif.o(.text) for netif_add
    netconf.o(.text) refers to tasks.o(.text) for xTaskGetHandle
    netconf.o(.text) refers to queue.o(.text) for xQueuePeek
    netconf.o(.text) refers to dhcp.o(.text) for dhcp_start
    netconf.o(.text) refers to netconf.o(.data) for .data
    netconf.o(.text) refers to ethernetif.o(.text) for ethernetif_init
    netconf.o(.text) refers to netconf.o(.bss) for .bss
    netconf.o(.text) refers to main.o(.data) for xQueueState
    stm32f4x7_eth_bsp.o(.text) refers to stm32f4x7_eth.o(.text) for ETH_StructInit
    stm32f4x7_eth_bsp.o(.text) refers to stm32f4xx_rcc.o(.text) for RCC_AHB1PeriphClockCmd
    stm32f4x7_eth_bsp.o(.text) refers to stm32f4xx_syscfg.o(.text) for SYSCFG_ETH_MediaInterfaceConfig
    stm32f4x7_eth_bsp.o(.text) refers to stm32f4xx_gpio.o(.text) for GPIO_Init
    stm32f4x7_eth_bsp.o(.text) refers to misc.o(.text) for NVIC_PriorityGroupConfig
    stm32f4x7_eth_bsp.o(.text) refers to queue.o(.text) for xQueuePeek
    stm32f4x7_eth_bsp.o(.text) refers to tasks.o(.text) for xTaskGetHandle
    stm32f4x7_eth_bsp.o(.text) refers to stm32f4x7_eth_bsp.o(.data) for .data
    stm32f4x7_eth_bsp.o(.text) refers to main.o(.data) for xQueueState
    stm32f4x7_eth_bsp.o(.text) refers to main.o(.bss) for ip_lan
    stm32f4x7_eth_bsp.o(.text) refers to netconf.o(.text) for LwIP_DHCP_task
    fs.o(.text) refers to strcmp.o(.text) for strcmp
    fs.o(.text) refers to memcpya.o(.text) for __aeabi_memcpy
    fs.o(.text) refers to fs.o(.bss) for .bss
    fs.o(.text) refers to fs.o(.constdata) for .constdata
    fs.o(.constdata) refers to fs.o(.constdata) for data__script_common_js
    fs.o(.constdata) refers to fs.o(.constdata) for file__common_js
    fs.o(.constdata) refers to fs.o(.constdata) for data__style_css
    fs.o(.constdata) refers to fs.o(.constdata) for file__style_css
    fs.o(.constdata) refers to fs.o(.constdata) for data__404_html
    fs.o(.constdata) refers to fs.o(.constdata) for file__404_html
    fs.o(.constdata) refers to fs.o(.constdata) for data__reboot_html
    fs.o(.constdata) refers to fs.o(.constdata) for file__reboot_html
    fs.o(.constdata) refers to fs.o(.constdata) for data__maintain_html
    fs.o(.constdata) refers to fs.o(.constdata) for file__maintain_html
    fs.o(.constdata) refers to fs.o(.constdata) for data__hostconfig_html
    fs.o(.constdata) refers to fs.o(.constdata) for file__hostconfig_html
    fs.o(.constdata) refers to fs.o(.constdata) for data__lanconfig_html
    fs.o(.constdata) refers to fs.o(.constdata) for file__lanconfig_html
    fs.o(.constdata) refers to fs.o(.constdata) for data__portconfig_html
    fs.o(.constdata) refers to fs.o(.constdata) for file__portconfig_html
    fs.o(.constdata) refers to fs.o(.constdata) for data__index_html
    fs.o(.constdata) refers to fs.o(.constdata) for file__index_html
    fs.o(.constdata) refers to fs.o(.constdata) for data__login_html
    httpserver-socket.o(.text) refers to sockets.o(.text) for lwip_read
[...]
    USART_SmartCardCmd                       0x0800cdf7   Thumb Code    20  stm32f4xx_usart.o(.text)
    USART_SmartCardNACKCmd                   0x0800ce0b   Thumb Code    20  stm32f4xx_usart.o(.text)
    USART_IrDAConfig                         0x0800ce1f   Thumb Code    16  stm32f4xx_usart.o(.text)
    USART_IrDACmd                            0x0800ce2f   Thumb Code    20  stm32f4xx_usart.o(.text)
    USART_DMACmd                             0x0800ce43   Thumb Code    16  stm32f4xx_usart.o(.text)
    USART_ITConfig                           0x0800ce53   Thumb Code    48  stm32f4xx_usart.o(.text)
    USART_GetFlagStatus                      0x0800ce83   Thumb Code    14  stm32f4xx_usart.o(.text)
    USART_ClearFlag                          0x0800ce91   Thumb Code     6  stm32f4xx_usart.o(.text)
    USART_GetITStatus                        0x0800ce97   Thumb Code    62  stm32f4xx_usart.o(.text)
    USART_ClearITPendingBit                  0x0800ced5   Thumb Code    12  stm32f4xx_usart.o(.text)
    NVIC_PriorityGroupConfig                 0x0800cef9   Thumb Code    10  misc.o(.text)
    NVIC_Init                                0x0800cf03   Thumb Code    96  misc.o(.text)
    NVIC_SetVectorTable                      0x0800cf63   Thumb Code    14  misc.o(.text)
    NVIC_SystemLPConfig                      0x0800cf71   Thumb Code    20  misc.o(.text)
    SysTick_CLKSourceConfig                  0x0800cf85   Thumb Code    24  misc.o(.text)
    ADC_DeInit                               0x0800cfa9   Thumb Code    24  stm32f4xx_adc.o(.text)
    ADC_Init                                 0x0800cfc1   Thumb Code    66  stm32f4xx_adc.o(.text)
    ADC_StructInit                           0x0800d003   Thumb Code    20  stm32f4xx_adc.o(.text)
    ADC_CommonInit                           0x0800d017   Thumb Code    34  stm32f4xx_adc.o(.text)
    ADC_CommonStructInit                     0x0800d039   Thumb Code    12  stm32f4xx_adc.o(.text)
    ADC_Cmd                                  0x0800d045   Thumb Code    20  stm32f4xx_adc.o(.text)
    ADC_AnalogWatchdogCmd                    0x0800d059   Thumb Code    12  stm32f4xx_adc.o(.text)
    ADC_AnalogWatchdogThresholdsConfig       0x0800d065   Thumb Code     6  stm32f4xx_adc.o(.text)
    ADC_AnalogWatchdogSingleChannelConfig    0x0800d06b   Thumb Code    12  stm32f4xx_adc.o(.text)
    ADC_TempSensorVrefintCmd                 0x0800d077   Thumb Code    26  stm32f4xx_adc.o(.text)
    ADC_VBATCmd                              0x0800d091   Thumb Code    26  stm32f4xx_adc.o(.text)
    ADC_RegularChannelConfig                 0x0800d0ab   Thumb Code   116  stm32f4xx_adc.o(.text)
    ADC_SoftwareStartConv                    0x0800d11f   Thumb Code    10  stm32f4xx_adc.o(.text)
    ADC_GetSoftwareStartConvStatus           0x0800d129   Thumb Code    14  stm32f4xx_adc.o(.text)
    ADC_EOCOnEachRegularChannelCmd           0x0800d137   Thumb Code    20  stm32f4xx_adc.o(.text)
    ADC_ContinuousModeCmd                    0x0800d14b   Thumb Code    20  stm32f4xx_adc.o(.text)
    ADC_DiscModeChannelCountConfig           0x0800d15f   Thumb Code    16  stm32f4xx_adc.o(.text)
    ADC_DiscModeCmd                          0x0800d16f   Thumb Code    20  stm32f4xx_adc.o(.text)
    ADC_GetConversionValue                   0x0800d183   Thumb Code     6  stm32f4xx_adc.o(.text)
    ADC_GetMultiModeConversionValue          0x0800d189   Thumb Code     8  stm32f4xx_adc.o(.text)
    ADC_DMACmd                               0x0800d191   Thumb Code    20  stm32f4xx_adc.o(.text)
    ADC_DMARequestAfterLastTransferCmd       0x0800d1a5   Thumb Code    20  stm32f4xx_adc.o(.text)
    ADC_MultiModeDMARequestAfterLastTransferCmd 0x0800d1b9   Thumb Code    26  stm32f4xx_adc.o(.text)
    ADC_InjectedChannelConfig                0x0800d1d3   Thumb Code    74  stm32f4xx_adc.o(.text)
    ADC_InjectedSequencerLengthConfig        0x0800d21d   Thumb Code    16  stm32f4xx_adc.o(.text)
    ADC_SetInjectedOffset                    0x0800d22d   Thumb Code    10  stm32f4xx_adc.o(.text)
    ADC_ExternalTrigInjectedConvConfig       0x0800d237   Thumb Code    12  stm32f4xx_adc.o(.text)
    ADC_ExternalTrigInjectedConvEdgeConfig   0x0800d243   Thumb Code    12  stm32f4xx_adc.o(.text)
    ADC_SoftwareStartInjectedConv            0x0800d24f   Thumb Code    10  stm32f4xx_adc.o(.text)
    ADC_GetSoftwareStartInjectedConvCmdStatus 0x0800d259   Thumb Code    14  stm32f4xx_adc.o(.text)
    ADC_AutoInjectedConvCmd                  0x0800d267   Thumb Code    20  stm32f4xx_adc.o(.text)
    ADC_InjectedDiscModeCmd                  0x0800d27b   Thumb Code    20  stm32f4xx_adc.o(.text)
    ADC_GetInjectedConversionValue           0x0800d28f   Thumb Code    14  stm32f4xx_adc.o(.text)
    ADC_ITConfig                             0x0800d29d   Thumb Code    18  stm32f4xx_adc.o(.text)
    ADC_GetFlagStatus                        0x0800d2af   Thumb Code    14  stm32f4xx_adc.o(.text)
    ADC_ClearFlag                            0x0800d2bd   Thumb Code     6  stm32f4xx_adc.o(.text)
    ADC_GetITStatus                          0x0800d2c3   Thumb Code    30  stm32f4xx_adc.o(.text)
    ADC_ClearITPendingBit                    0x0800d2e1   Thumb Code     8  stm32f4xx_adc.o(.text)
    DMA_DeInit                               0x0800d2fd   Thumb Code   272  stm32f4xx_dma.o(.text)
    DMA_Init                                 0x0800d40d   Thumb Code    80  stm32f4xx_dma.o(.text)
    DMA_StructInit                           0x0800d45d   Thumb Code    34  stm32f4xx_dma.o(.text)
    DMA_Cmd                                  0x0800d47f   Thumb Code    20  stm32f4xx_dma.o(.text)
    DMA_PeriphIncOffsetSizeConfig            0x0800d493   Thumb Code    20  stm32f4xx_dma.o(.text)
    DMA_FlowControllerConfig                 0x0800d4a7   Thumb Code    20  stm32f4xx_dma.o(.text)
    DMA_SetCurrDataCounter                   0x0800d4bb   Thumb Code     4  stm32f4xx_dma.o(.text)
    DMA_GetCurrDataCounter                   0x0800d4bf   Thumb Code     6  stm32f4xx_dma.o(.text)
    DMA_DoubleBufferModeConfig               0x0800d4c5   Thumb Code    22  stm32f4xx_dma.o(.text)
    DMA_DoubleBufferModeCmd                  0x0800d4db   Thumb Code    20  stm32f4xx_dma.o(.text)
    DMA_MemoryTargetConfig                   0x0800d4ef   Thumb Code    10  stm32f4xx_dma.o(.text)
    DMA_GetCurrentMemoryTarget               0x0800d4f9   Thumb Code    14  stm32f4xx_dma.o(.text)
    DMA_GetCmdStatus                         0x0800d507   Thumb Code    14  stm32f4xx_dma.o(.text)
    DMA_GetFIFOStatus                        0x0800d515   Thumb Code     8  stm32f4xx_dma.o(.text)
    DMA_GetFlagStatus                        0x0800d51d   Thumb Code    42  stm32f4xx_dma.o(.text)
    DMA_ClearFlag                            0x0800d547   Thumb Code    34  stm32f4xx_dma.o(.text)
    DMA_ITConfig                             0x0800d569   Thumb Code    44  stm32f4xx_dma.o(.text)
    DMA_GetITStatus                          0x0800d595   Thumb Code    70  stm32f4xx_dma.o(.text)
    DMA_ClearITPendingBit                    0x0800d5db   Thumb Code    34  stm32f4xx_dma.o(.text)
    EXTI_DeInit                              0x0800d61d   Thumb Code    28  stm32f4xx_exti.o(.text)
    EXTI_Init                                0x0800d639   Thumb Code   108  stm32f4xx_exti.o(.text)
    EXTI_StructInit                          0x0800d6a5   Thumb Code    14  stm32f4xx_exti.o(.text)
    EXTI_GenerateSWInterrupt                 0x0800d6b3   Thumb Code    12  stm32f4xx_exti.o(.text)
    EXTI_GetFlagStatus                       0x0800d6bf   Thumb Code    18  stm32f4xx_exti.o(.text)
    EXTI_ClearFlag                           0x0800d6d1   Thumb Code     8  stm32f4xx_exti.o(.text)
    EXTI_GetITStatus                         0x0800d6d9   Thumb Code    28  stm32f4xx_exti.o(.text)
    EXTI_ClearITPendingBit                   0x0800d6f5   Thumb Code     8  stm32f4xx_exti.o(.text)
    GPIO_DeInit                              0x0800d705   Thumb Code   192  stm32f4xx_gpio.o(.text)
    GPIO_Init                                0x0800d7c5   Thumb Code   120  stm32f4xx_gpio.o(.text)
    GPIO_StructInit                          0x0800d83d   Thumb Code    18  stm32f4xx_gpio.o(.text)
    GPIO_PinLockConfig                       0x0800d84f   Thumb Code    24  stm32f4xx_gpio.o(.text)
    GPIO_ReadInputDataBit                    0x0800d867   Thumb Code    14  stm32f4xx_gpio.o(.text)
    GPIO_ReadInputData                       0x0800d875   Thumb Code     6  stm32f4xx_gpio.o(.text)
    GPIO_ReadOutputDataBit                   0x0800d87b   Thumb Code    14  stm32f4xx_gpio.o(.text)
    GPIO_ReadOutputData                      0x0800d889   Thumb Code     6  stm32f4xx_gpio.o(.text)
    GPIO_SetBits                             0x0800d88f   Thumb Code     4  stm32f4xx_gpio.o(.text)
    GPIO_ResetBits                           0x0800d893   Thumb Code     4  stm32f4xx_gpio.o(.text)
    GPIO_WriteBit                            0x0800d897   Thumb Code    10  stm32f4xx_gpio.o(.text)
    GPIO_Write                               0x0800d8a1   Thumb Code     4  stm32f4xx_gpio.o(.text)
    GPIO_ToggleBits                          0x0800d8a5   Thumb Code     8  stm32f4xx_gpio.o(.text)
    GPIO_PinAFConfig                         0x0800d8ad   Thumb Code    32  stm32f4xx_gpio.o(.text)
    RCC_DeInit                               0x0800d8f1   Thumb Code    48  stm32f4xx_rcc.o(.text)
    RCC_HSEConfig                            0x0800d921   Thumb Code    12  stm32f4xx_rcc.o(.text)
    RCC_GetFlagStatus                        0x0800d92d   Thumb Code    46  stm32f4xx_rcc.o(.text)
    RCC_WaitForHSEStartUp                    0x0800d95b   Thumb Code    44  stm32f4xx_rcc.o(.text)
    RCC_AdjustHSICalibrationValue            0x0800d987   Thumb Code    16  stm32f4xx_rcc.o(.text)
    RCC_HSICmd                               0x0800d997   Thumb Code     6  stm32f4xx_rcc.o(.text)
    RCC_LSEConfig                            0x0800d99d   Thumb Code    24  stm32f4xx_rcc.o(.text)
    RCC_LSICmd                               0x0800d9b5   Thumb Code     6  stm32f4xx_rcc.o(.text)
    RCC_PLLConfig                            0x0800d9bb   Thumb Code    32  stm32f4xx_rcc.o(.text)
    RCC_PLLCmd                               0x0800d9db   Thumb Code     6  stm32f4xx_rcc.o(.text)
    RCC_PLLI2SConfig                         0x0800d9e1   Thumb Code    14  stm32f4xx_rcc.o(.text)
    RCC_PLLI2SCmd                            0x0800d9ef   Thumb Code     6  stm32f4xx_rcc.o(.text)
    RCC_ClockSecuritySystemCmd               0x0800d9f5   Thumb Code     6  stm32f4xx_rcc.o(.text)
    RCC_MCO1Config                           0x0800d9fb   Thumb Code    18  stm32f4xx_rcc.o(.text)
    RCC_MCO2Config                           0x0800da0d   Thumb Code    18  stm32f4xx_rcc.o(.text)
    RCC_SYSCLKConfig                         0x0800da1f   Thumb Code    16  stm32f4xx_rcc.o(.text)
    RCC_GetSYSCLKSource                      0x0800da2f   Thumb Code    12  stm32f4xx_rcc.o(.text)
    RCC_HCLKConfig                           0x0800da3b   Thumb Code    16  stm32f4xx_rcc.o(.text)
    RCC_PCLK1Config                          0x0800da4b   Thumb Code    16  stm32f4xx_rcc.o(.text)
    RCC_PCLK2Config                          0x0800da5b   Thumb Code    18  stm32f4xx_rcc.o(.text)
    RCC_GetClocksFreq                        0x0800da6d   Thumb Code   140  stm32f4xx_rcc.o(.text)
    RCC_RTCCLKConfig                         0x0800daf9   Thumb Code    42  stm32f4xx_rcc.o(.text)
    RCC_RTCCLKCmd                            0x0800db23   Thumb Code     8  stm32f4xx_rcc.o(.text)
    RCC_BackupResetCmd                       0x0800db2b   Thumb Code     8  stm32f4xx_rcc.o(.text)
    RCC_I2SCLKConfig                         0x0800db33   Thumb Code     8  stm32f4xx_rcc.o(.text)
    RCC_AHB1PeriphClockCmd                   0x0800db3b   Thumb Code    20  stm32f4xx_rcc.o(.text)
    RCC_AHB2PeriphClockCmd                   0x0800db4f   Thumb Code    20  stm32f4xx_rcc.o(.text)
    RCC_AHB3PeriphClockCmd                   0x0800db63   Thumb Code    20  stm32f4xx_rcc.o(.text)
    RCC_APB1PeriphClockCmd                   0x0800db77   Thumb Code    20  stm32f4xx_rcc.o(.text)
    RCC_APB2PeriphClockCmd                   0x0800db8b   Thumb Code    20  stm32f4xx_rcc.o(.text)
    RCC_AHB1PeriphResetCmd                   0x0800db9f   Thumb Code    20  stm32f4xx_rcc.o(.text)
    RCC_AHB2PeriphResetCmd                   0x0800dbb3   Thumb Code    20  stm32f4xx_rcc.o(.text)
    RCC_AHB3PeriphResetCmd                   0x0800dbc7   Thumb Code    20  stm32f4xx_rcc.o(.text)
    RCC_APB1PeriphResetCmd                   0x0800dbdb   Thumb Code    20  stm32f4xx_rcc.o(.text)
    RCC_APB2PeriphResetCmd                   0x0800dbef   Thumb Code    20  stm32f4xx_rcc.o(.text)
    RCC_AHB1PeriphClockLPModeCmd             0x0800dc03   Thumb Code    20  stm32f4xx_rcc.o(.text)
    RCC_AHB2PeriphClockLPModeCmd             0x0800dc17   Thumb Code    20  stm32f4xx_rcc.o(.text)
    RCC_AHB3PeriphClockLPModeCmd             0x0800dc2b   Thumb Code    20  stm32f4xx_rcc.o(.text)
    RCC_APB1PeriphClockLPModeCmd             0x0800dc3f   Thumb Code    20  stm32f4xx_rcc.o(.text)
    RCC_APB2PeriphClockLPModeCmd             0x0800dc53   Thumb Code    20  stm32f4xx_rcc.o(.text)
    RCC_ITConfig                             0x0800dc67   Thumb Code    20  stm32f4xx_rcc.o(.text)
    RCC_ClearFlag                            0x0800dc7b   Thumb Code    14  stm32f4xx_rcc.o(.text)
    RCC_GetITStatus                          0x0800dc89   Thumb Code    18  stm32f4xx_rcc.o(.text)
    RCC_ClearITPendingBit                    0x0800dc9b   Thumb Code     8  stm32f4xx_rcc.o(.text)
    SYSCFG_DeInit                            0x0800dccd   Thumb Code    24  stm32f4xx_syscfg.o(.text)
    SYSCFG_MemoryRemapConfig                 0x0800dce5   Thumb Code     6  stm32f4xx_syscfg.o(.text)
    SYSCFG_EXTILineConfig                    0x0800dceb   Thumb Code    42  stm32f4xx_syscfg.o(.text)
    SYSCFG_ETH_MediaInterfaceConfig          0x0800dd15   Thumb Code     8  stm32f4xx_syscfg.o(.text)
    SYSCFG_CompensationCellCmd               0x0800dd1d   Thumb Code     6  stm32f4xx_syscfg.o(.text)
    SYSCFG_GetCompensationCellStatus         0x0800dd23   Thumb Code    16  stm32f4xx_syscfg.o(.text)
    SDIO_DeInit                              0x0800dd45   Thumb Code    24  stm32f4xx_sdio.o(.text)
    SDIO_Init                                0x0800dd5d   Thumb Code    40  stm32f4xx_sdio.o(.text)
    SDIO_StructInit                          0x0800dd85   Thumb Code    16  stm32f4xx_sdio.o(.text)
    SDIO_ClockCmd                            0x0800dd95   Thumb Code     8  stm32f4xx_sdio.o(.text)
    SDIO_SetPowerState                       0x0800dd9d   Thumb Code     8  stm32f4xx_sdio.o(.text)
    SDIO_GetPowerState                       0x0800dda5   Thumb Code    12  stm32f4xx_sdio.o(.text)
    SDIO_SendCommand                         0x0800ddb1   Thumb Code    38  stm32f4xx_sdio.o(.text)
    SDIO_CmdStructInit                       0x0800ddd7   Thumb Code    14  stm32f4xx_sdio.o(.text)
    SDIO_GetCommandResponse                  0x0800dde5   Thumb Code    10  stm32f4xx_sdio.o(.text)
    SDIO_GetResponse                         0x0800ddef   Thumb Code    14  stm32f4xx_sdio.o(.text)
    SDIO_DataConfig                          0x0800ddfd   Thumb Code    44  stm32f4xx_sdio.o(.text)
    SDIO_DataStructInit                      0x0800de29   Thumb Code    20  stm32f4xx_sdio.o(.text)
    SDIO_GetDataCounter                      0x0800de3d   Thumb Code     8  stm32f4xx_sdio.o(.text)
    SDIO_ReadData                            0x0800de45   Thumb Code     8  stm32f4xx_sdio.o(.text)
    SDIO_WriteData                           0x0800de4d   Thumb Code     8  stm32f4xx_sdio.o(.text)
    SDIO_GetFIFOCount                        0x0800de55   Thumb Code     8  stm32f4xx_sdio.o(.text)
    SDIO_StartSDIOReadWait                   0x0800de5d   Thumb Code     6  stm32f4xx_sdio.o(.text)
    SDIO_StopSDIOReadWait                    0x0800de63   Thumb Code     8  stm32f4xx_sdio.o(.text)
    SDIO_SetSDIOReadWaitMode                 0x0800de6b   Thumb Code     8  stm32f4xx_sdio.o(.text)
    SDIO_SetSDIOOperation                    0x0800de73   Thumb Code     8  stm32f4xx_sdio.o(.text)
    SDIO_SendSDIOSuspendCmd                  0x0800de7b   Thumb Code     8  stm32f4xx_sdio.o(.text)
    SDIO_CommandCompletionCmd                0x0800de83   Thumb Code     8  stm32f4xx_sdio.o(.text)
    SDIO_CEATAITCmd                          0x0800de8b   Thumb Code    12  stm32f4xx_sdio.o(.text)
    SDIO_SendCEATACmd                        0x0800de97   Thumb Code     8  stm32f4xx_sdio.o(.text)
    SDIO_DMACmd                              0x0800de9f   Thumb Code     8  stm32f4xx_sdio.o(.text)
    SDIO_ITConfig                            0x0800dea7   Thumb Code    20  stm32f4xx_sdio.o(.text)
    SDIO_GetFlagStatus                       0x0800debb   Thumb Code    18  stm32f4xx_sdio.o(.text)
    SDIO_ClearFlag                           0x0800decd   Thumb Code     8  stm32f4xx_sdio.o(.text)
    SDIO_GetITStatus                         0x0800ded5   Thumb Code    18  stm32f4xx_sdio.o(.text)
    SDIO_ClearITPendingBit                   0x0800dee7   Thumb Code     8  stm32f4xx_sdio.o(.text)
    TIM_DeInit                               0x0800defd   Thumb Code   284  stm32f4xx_tim.o(.text)
    TIM_TimeBaseInit                         0x0800e019   Thumb Code    96  stm32f4xx_tim.o(.text)
    TIM_TimeBaseStructInit                   0x0800e079   Thumb Code    18  stm32f4xx_tim.o(.text)
    TIM_PrescalerConfig                      0x0800e08b   Thumb Code     6  stm32f4xx_tim.o(.text)
    TIM_CounterModeConfig                    0x0800e091   Thumb Code    12  stm32f4xx_tim.o(.text)
    TIM_SetCounter                           0x0800e09d   Thumb Code     4  stm32f4xx_tim.o(.text)
    TIM_SetAutoreload                        0x0800e0a1   Thumb Code     4  stm32f4xx_tim.o(.text)
    TIM_GetCounter                           0x0800e0a5   Thumb Code     4  stm32f4xx_tim.o(.text)
    TIM_GetPrescaler                         0x0800e0a9   Thumb Code     4  stm32f4xx_tim.o(.text)
    TIM_UpdateDisableConfig                  0x0800e0ad   Thumb Code    20  stm32f4xx_tim.o(.text)
    TIM_UpdateRequestConfig                  0x0800e0c1   Thumb Code    20  stm32f4xx_tim.o(.text)
    TIM_ARRPreloadConfig                     0x0800e0d5   Thumb Code    20  stm32f4xx_tim.o(.text)
    TIM_SelectOnePulseMode                   0x0800e0e9   Thumb Code    16  stm32f4xx_tim.o(.text)
    TIM_SetClockDivision                     0x0800e0f9   Thumb Code    16  stm32f4xx_tim.o(.text)
    TIM_Cmd                                  0x0800e109   Thumb Code    20  stm32f4xx_tim.o(.text)
    TIM_OC1Init                              0x0800e11d   Thumb Code    88  stm32f4xx_tim.o(.text)
    TIM_OC2Init                              0x0800e175   Thumb Code   120  stm32f4xx_tim.o(.text)
    TIM_OC3Init                              0x0800e1ed   Thumb Code   116  stm32f4xx_tim.o(.text)
    TIM_OC4Init                              0x0800e261   Thumb Code    88  stm32f4xx_tim.o(.text)
    TIM_OCStructInit                         0x0800e2b9   Thumb Code    20  stm32f4xx_tim.o(.text)
    TIM_SelectOCxM                           0x0800e2cd   Thumb Code   130  stm32f4xx_tim.o(.text)
    TIM_SetCompare1                          0x0800e34f   Thumb Code     4  stm32f4xx_tim.o(.text)
    TIM_SetCompare2                          0x0800e353   Thumb Code     4  stm32f4xx_tim.o(.text)
    TIM_SetCompare3                          0x0800e357   Thumb Code     4  stm32f4xx_tim.o(.text)
    TIM_SetCompare4                          0x0800e35b   Thumb Code     4  stm32f4xx_tim.o(.text)
    TIM_ForcedOC1Config                      0x0800e35f   Thumb Code    12  stm32f4xx_tim.o(.text)
    TIM_ForcedOC2Config                      0x0800e36b   Thumb Code    20  stm32f4xx_tim.o(.text)
    TIM_ForcedOC3Config                      0x0800e37f   Thumb Code    12  stm32f4xx_tim.o(.text)
    TIM_ForcedOC4Config                      0x0800e38b   Thumb Code    20  stm32f4xx_tim.o(.text)
    TIM_OC1PreloadConfig                     0x0800e39f   Thumb Code    12  stm32f4xx_tim.o(.text)
    TIM_OC2PreloadConfig                     0x0800e3ab   Thumb Code    20  stm32f4xx_tim.o(.text)
    TIM_OC3PreloadConfig                     0x0800e3bf   Thumb Code    12  stm32f4xx_tim.o(.text)
    TIM_OC4PreloadConfig                     0x0800e3cb   Thumb Code    20  stm32f4xx_tim.o(.text)
    TIM_OC1FastConfig                        0x0800e3df   Thumb Code    12  stm32f4xx_tim.o(.text)
    TIM_OC2FastConfig                        0x0800e3eb   Thumb Code    20  stm32f4xx_tim.o(.text)
    TIM_OC3FastConfig                        0x0800e3ff   Thumb Code    12  stm32f4xx_tim.o(.text)
    TIM_OC4FastConfig                        0x0800e40b   Thumb Code    20  stm32f4xx_tim.o(.text)
    TIM_ClearOC1Ref                          0x0800e41f   Thumb Code    12  stm32f4xx_tim.o(.text)
    TIM_ClearOC2Ref                          0x0800e42b   Thumb Code    20  stm32f4xx_tim.o(.text)
    TIM_ClearOC3Ref                          0x0800e43f   Thumb Code    12  stm32f4xx_tim.o(.text)
    TIM_ClearOC4Ref                          0x0800e44b   Thumb Code    20  stm32f4xx_tim.o(.text)
    TIM_OC1PolarityConfig                    0x0800e45f   Thumb Code    12  stm32f4xx_tim.o(.text)
    TIM_OC1NPolarityConfig                   0x0800e46b   Thumb Code    12  stm32f4xx_tim.o(.text)
    TIM_OC2PolarityConfig                    0x0800e477   Thumb Code    20  stm32f4xx_tim.o(.text)
    TIM_OC2NPolarityConfig                   0x0800e48b   Thumb Code    20  stm32f4xx_tim.o(.text)
    TIM_OC3PolarityConfig                    0x0800e49f   Thumb Code    20  stm32f4xx_tim.o(.text)
    TIM_OC3NPolarityConfig                   0x0800e4b3   Thumb Code    20  stm32f4xx_tim.o(.text)
    TIM_OC4PolarityConfig                    0x0800e4c7   Thumb Code    20  stm32f4xx_tim.o(.text)
    TIM_CCxCmd                               0x0800e4db   Thumb Code    22  stm32f4xx_tim.o(.text)
    TIM_CCxNCmd                              0x0800e4f1   Thumb Code    22  stm32f4xx_tim.o(.text)
    TIM_SetIC4Prescaler                      0x0800e507   Thumb Code    24  stm32f4xx_tim.o(.text)
    TIM_SetIC3Prescaler                      0x0800e51f   Thumb Code    16  stm32f4xx_tim.o(.text)
    TIM_SetIC2Prescaler                      0x0800e52f   Thumb Code    24  stm32f4xx_tim.o(.text)
    TIM_SetIC1Prescaler                      0x0800e57d   Thumb Code    16  stm32f4xx_tim.o(.text)
    TIM_ICInit                               0x0800e58d   Thumb Code   164  stm32f4xx_tim.o(.text)
    TIM_ICStructInit                         0x0800e631   Thumb Code    16  stm32f4xx_tim.o(.text)
    TIM_PWMIConfig                           0x0800e641   Thumb Code   104  stm32f4xx_tim.o(.text)
    TIM_GetCapture1                          0x0800e6a9   Thumb Code     4  stm32f4xx_tim.o(.text)
    TIM_GetCapture2                          0x0800e6ad   Thumb Code     4  stm32f4xx_tim.o(.text)
    TIM_GetCapture3                          0x0800e6b1   Thumb Code     4  stm32f4xx_tim.o(.text)
    TIM_GetCapture4                          0x0800e6b5   Thumb Code     4  stm32f4xx_tim.o(.text)
    TIM_BDTRConfig                           0x0800e6b9   Thumb Code    34  stm32f4xx_tim.o(.text)
    TIM_BDTRStructInit                       0x0800e6db   Thumb Code    18  stm32f4xx_tim.o(.text)
    TIM_CtrlPWMOutputs                       0x0800e6ed   Thumb Code    22  stm32f4xx_tim.o(.text)
    TIM_SelectCOM                            0x0800e703   Thumb Code    20  stm32f4xx_tim.o(.text)
    TIM_CCPreloadControl                     0x0800e717   Thumb Code    20  stm32f4xx_tim.o(.text)
    TIM_ITConfig                             0x0800e72b   Thumb Code    16  stm32f4xx_tim.o(.text)
    TIM_GenerateEvent                        0x0800e73b   Thumb Code     4  stm32f4xx_tim.o(.text)
    TIM_GetFlagStatus                        0x0800e73f   Thumb Code    14  stm32f4xx_tim.o(.text)
    TIM_ClearFlag                            0x0800e74d   Thumb Code     6  stm32f4xx_tim.o(.text)
    TIM_GetITStatus                          0x0800e753   Thumb Code    24  stm32f4xx_tim.o(.text)
    TIM_ClearITPendingBit                    0x0800e76b   Thumb Code     6  stm32f4xx_tim.o(.text)
    TIM_DMAConfig                            0x0800e771   Thumb Code     8  stm32f4xx_tim.o(.text)
    TIM_DMACmd                               0x0800e779   Thumb Code    16  stm32f4xx_tim.o(.text)
    TIM_SelectCCDMA                          0x0800e789   Thumb Code    20  stm32f4xx_tim.o(.text)
    TIM_InternalClockConfig                  0x0800e79d   Thumb Code    10  stm32f4xx_tim.o(.text)
    TIM_SelectInputTrigger                   0x0800e7a7   Thumb Code    12  stm32f4xx_tim.o(.text)
    TIM_ITRxExternalClockConfig              0x0800e7b3   Thumb Code    18  stm32f4xx_tim.o(.text)
    TIM_TIxExternalClockConfig               0x0800e7c5   Thumb Code    46  stm32f4xx_tim.o(.text)
    TIM_ETRConfig                            0x0800e7f3   Thumb Code    24  stm32f4xx_tim.o(.text)
    TIM_ETRClockMode1Config                  0x0800e80b   Thumb Code    18  stm32f4xx_tim.o(.text)
    TIM_ETRClockMode2Config                  0x0800e81d   Thumb Code    18  stm32f4xx_tim.o(.text)
    TIM_SelectOutputTrigger                  0x0800e82f   Thumb Code    16  stm32f4xx_tim.o(.text)
    TIM_SelectSlaveMode                      0x0800e83f   Thumb Code    16  stm32f4xx_tim.o(.text)
    TIM_SelectMasterSlaveMode                0x0800e84f   Thumb Code    16  stm32f4xx_tim.o(.text)
    TIM_EncoderInterfaceConfig               0x0800e85f   Thumb Code    50  stm32f4xx_tim.o(.text)
    TIM_SelectHallSensor                     0x0800e891   Thumb Code    20  stm32f4xx_tim.o(.text)
    TIM_RemapConfig                          0x0800e8a5   Thumb Code     6  stm32f4xx_tim.o(.text)
    FLASH_SetLatency                         0x0800e8d9   Thumb Code     6  stm32f4xx_flash.o(.text)
    FLASH_PrefetchBufferCmd                  0x0800e8df   Thumb Code    22  stm32f4xx_flash.o(.text)
    FLASH_InstructionCacheCmd                0x0800e8f5   Thumb Code    22  stm32f4xx_flash.o(.text)
    FLASH_DataCacheCmd                       0x0800e90b   Thumb Code    22  stm32f4xx_flash.o(.text)
    FLASH_InstructionCacheReset              0x0800e921   Thumb Code    12  stm32f4xx_flash.o(.text)
    FLASH_DataCacheReset                     0x0800e92d   Thumb Code    12  stm32f4xx_flash.o(.text)
    FLASH_Unlock                             0x0800e939   Thumb Code    24  stm32f4xx_flash.o(.text)
    FLASH_Lock                               0x0800e951   Thumb Code    14  stm32f4xx_flash.o(.text)
    FLASH_GetStatus                          0x0800e95f   Thumb Code    48  stm32f4xx_flash.o(.text)
    FLASH_WaitForLastOperation               0x0800e98f   Thumb Code    30  stm32f4xx_flash.o(.text)
    FLASH_EraseSector                        0x0800e9ad   Thumb Code   106  stm32f4xx_flash.o(.text)
    FLASH_EraseAllSectors                    0x0800ea17   Thumb Code    88  stm32f4xx_flash.o(.text)
    FLASH_ProgramDoubleWord                  0x0800ea6f   Thumb Code    62  stm32f4xx_flash.o(.text)
    FLASH_ProgramWord                        0x0800eaad   Thumb Code    58  stm32f4xx_flash.o(.text)
    FLASH_ProgramHalfWord                    0x0800eae7   Thumb Code    58  stm32f4xx_flash.o(.text)
    FLASH_ProgramByte                        0x0800eb21   Thumb Code    54  stm32f4xx_flash.o(.text)
    FLASH_OB_Unlock                          0x0800eb57   Thumb Code    24  stm32f4xx_flash.o(.text)
    FLASH_OB_Lock                            0x0800eb6f   Thumb Code    14  stm32f4xx_flash.o(.text)
    FLASH_OB_WRPConfig                       0x0800eb7d   Thumb Code    32  stm32f4xx_flash.o(.text)
    FLASH_OB_RDPConfig                       0x0800eb9d   Thumb Code    20  stm32f4xx_flash.o(.text)
    FLASH_OB_UserConfig                      0x0800ebb1   Thumb Code    36  stm32f4xx_flash.o(.text)
    FLASH_OB_BORConfig                       0x0800ebd5   Thumb Code    20  stm32f4xx_flash.o(.text)
    FLASH_OB_Launch                          0x0800ebe9   Thumb Code    14  stm32f4xx_flash.o(.text)
    FLASH_OB_GetUser                         0x0800ebf7   Thumb Code    12  stm32f4xx_flash.o(.text)
    FLASH_OB_GetWRP                          0x0800ec03   Thumb Code     8  stm32f4xx_flash.o(.text)
    FLASH_OB_GetRDP                          0x0800ec0b   Thumb Code    16  stm32f4xx_flash.o(.text)
    FLASH_OB_GetBOR                          0x0800ec1b   Thumb Code    12  stm32f4xx_flash.o(.text)
    FLASH_ITConfig                           0x0800ec27   Thumb Code    20  stm32f4xx_flash.o(.text)
    FLASH_GetFlagStatus                      0x0800ec3b   Thumb Code    18  stm32f4xx_flash.o(.text)
    FLASH_ClearFlag                          0x0800ec4d   Thumb Code     8  stm32f4xx_flash.o(.text)
    RTC_WaitForSynchro                       0x0800ec69   Thumb Code    70  stm32f4xx_rtc.o(.text)
    RTC_EnterInitMode                        0x0800ecaf   Thumb Code    58  stm32f4xx_rtc.o(.text)
    RTC_DeInit                               0x0800ece9   Thumb Code   168  stm32f4xx_rtc.o(.text)
    RTC_ExitInitMode                         0x0800ed91   Thumb Code    14  stm32f4xx_rtc.o(.text)
    RTC_Init                                 0x0800ed9f   Thumb Code    74  stm32f4xx_rtc.o(.text)
    RTC_StructInit                           0x0800ede9   Thumb Code    14  stm32f4xx_rtc.o(.text)
    RTC_WriteProtectionCmd                   0x0800edf7   Thumb Code    18  stm32f4xx_rtc.o(.text)
    RTC_RefClockCmd                          0x0800ee09   Thumb Code    56  stm32f4xx_rtc.o(.text)
    RTC_BypassShadowCmd                      0x0800ee41   Thumb Code    38  stm32f4xx_rtc.o(.text)
    RTC_SetTime                              0x0800ee67   Thumb Code   148  stm32f4xx_rtc.o(.text)
    RTC_TimeStructInit                       0x0800eefb   Thumb Code    12  stm32f4xx_rtc.o(.text)
    RTC_GetTime                              0x0800ef07   Thumb Code    70  stm32f4xx_rtc.o(.text)
    RTC_GetSubSecond                         0x0800ef4d   Thumb Code    14  stm32f4xx_rtc.o(.text)
    RTC_SetDate                              0x0800ef5b   Thumb Code   142  stm32f4xx_rtc.o(.text)
    RTC_DateStructInit                       0x0800efe9   Thumb Code    14  stm32f4xx_rtc.o(.text)
    RTC_GetDate                              0x0800eff7   Thumb Code    66  stm32f4xx_rtc.o(.text)
    RTC_SetAlarm                             0x0800f039   Thumb Code   184  stm32f4xx_rtc.o(.text)
    RTC_AlarmStructInit                      0x0800f0f1   Thumb Code    20  stm32f4xx_rtc.o(.text)
    RTC_GetAlarm                             0x0800f105   Thumb Code   104  stm32f4xx_rtc.o(.text)
    RTC_AlarmCmd                             0x0800f16d   Thumb Code    78  stm32f4xx_rtc.o(.text)
    RTC_AlarmSubSecondConfig                 0x0800f1bb   Thumb Code    38  stm32f4xx_rtc.o(.text)
    RTC_GetAlarmSubSecond                    0x0800f1e1   Thumb Code    24  stm32f4xx_rtc.o(.text)
    RTC_WakeUpClockConfig                    0x0800f1f9   Thumb Code    34  stm32f4xx_rtc.o(.text)
    RTC_SetWakeUpCounter                     0x0800f21b   Thumb Code    22  stm32f4xx_rtc.o(.text)
    RTC_GetWakeUpCounter                     0x0800f231   Thumb Code    10  stm32f4xx_rtc.o(.text)
    RTC_WakeUpCmd                            0x0800f23b   Thumb Code    84  stm32f4xx_rtc.o(.text)
    RTC_DayLightSavingConfig                 0x0800f28f   Thumb Code    38  stm32f4xx_rtc.o(.text)
    RTC_GetStoreOperation                    0x0800f2b5   Thumb Code    12  stm32f4xx_rtc.o(.text)
    RTC_OutputConfig                         0x0800f2c1   Thumb Code    38  stm32f4xx_rtc.o(.text)
    RTC_CoarseCalibConfig                    0x0800f2e7   Thumb Code    46  stm32f4xx_rtc.o(.text)
    RTC_CoarseCalibCmd                       0x0800f315   Thumb Code    56  stm32f4xx_rtc.o(.text)
    RTC_CalibOutputCmd                       0x0800f34d   Thumb Code    38  stm32f4xx_rtc.o(.text)
    RTC_CalibOutputConfig                    0x0800f373   Thumb Code    34  stm32f4xx_rtc.o(.text)
    RTC_SmoothCalibConfig                    0x0800f395   Thumb Code    70  stm32f4xx_rtc.o(.text)
    RTC_TimeStampCmd                         0x0800f3db   Thumb Code    42  stm32f4xx_rtc.o(.text)
    RTC_GetTimeStamp                         0x0800f405   Thumb Code   130  stm32f4xx_rtc.o(.text)
    RTC_GetTimeStampSubSecond                0x0800f487   Thumb Code     8  stm32f4xx_rtc.o(.text)
    RTC_TamperTriggerConfig                  0x0800f48f   Thumb Code    24  stm32f4xx_rtc.o(.text)
    RTC_TamperCmd                            0x0800f4a7   Thumb Code    28  stm32f4xx_rtc.o(.text)
    RTC_TamperFilterConfig                   0x0800f4c3   Thumb Code    18  stm32f4xx_rtc.o(.text)
    RTC_TamperSamplingFreqConfig             0x0800f4d5   Thumb Code    18  stm32f4xx_rtc.o(.text)
    RTC_TamperPinsPrechargeDuration          0x0800f4e7   Thumb Code    18  stm32f4xx_rtc.o(.text)
    RTC_TimeStampOnTamperDetectionCmd        0x0800f4f9   Thumb Code    22  stm32f4xx_rtc.o(.text)
    RTC_TamperPullUpCmd                      0x0800f50f   Thumb Code    22  stm32f4xx_rtc.o(.text)
    RTC_WriteBackupRegister                  0x0800f525   Thumb Code    16  stm32f4xx_rtc.o(.text)
    RTC_ReadBackupRegister                   0x0800f535   Thumb Code    16  stm32f4xx_rtc.o(.text)
    RTC_TamperPinSelection                   0x0800f545   Thumb Code    18  stm32f4xx_rtc.o(.text)
    RTC_TimeStampPinSelection                0x0800f557   Thumb Code    18  stm32f4xx_rtc.o(.text)
    RTC_OutputTypeConfig                     0x0800f569   Thumb Code    18  stm32f4xx_rtc.o(.text)
    RTC_SynchroShiftConfig                   0x0800f57b   Thumb Code    84  stm32f4xx_rtc.o(.text)
    RTC_ITConfig                             0x0800f5cf   Thumb Code    60  stm32f4xx_rtc.o(.text)
    RTC_GetFlagStatus                        0x0800f60b   Thumb Code    22  stm32f4xx_rtc.o(.text)
    RTC_ClearFlag                            0x0800f621   Thumb Code    24  stm32f4xx_rtc.o(.text)
    RTC_GetITStatus                          0x0800f639   Thumb Code    46  stm32f4xx_rtc.o(.text)
    RTC_ClearITPendingBit                    0x0800f667   Thumb Code    24  stm32f4xx_rtc.o(.text)
    PWR_DeInit                               0x0800f6b5   Thumb Code    24  stm32f4xx_pwr.o(.text)
    PWR_BackupAccessCmd                      0x0800f6cd   Thumb Code     6  stm32f4xx_pwr.o(.text)
    PWR_PVDLevelConfig                       0x0800f6d3   Thumb Code    14  stm32f4xx_pwr.o(.text)
    PWR_PVDCmd                               0x0800f6e1   Thumb Code     6  stm32f4xx_pwr.o(.text)
    PWR_WakeUpPinCmd                         0x0800f6e7   Thumb Code     8  stm32f4xx_pwr.o(.text)
    PWR_BackupRegulatorCmd                   0x0800f6ef   Thumb Code     8  stm32f4xx_pwr.o(.text)
    PWR_MainRegulatorModeConfig              0x0800f6f7   Thumb Code    22  stm32f4xx_pwr.o(.text)
    PWR_FlashPowerDownCmd                    0x0800f70d   Thumb Code     6  stm32f4xx_pwr.o(.text)
    PWR_EnterSTOPMode                        0x0800f713   Thumb Code    42  stm32f4xx_pwr.o(.text)
    PWR_EnterSTANDBYMode                     0x0800f73d   Thumb Code    32  stm32f4xx_pwr.o(.text)
    PWR_GetFlagStatus                        0x0800f75d   Thumb Code    16  stm32f4xx_pwr.o(.text)
    PWR_ClearFlag                            0x0800f76d   Thumb Code    12  stm32f4xx_pwr.o(.text)
    vListInitialise                          0x0800f785   Thumb Code    22  list.o(.text)
    vListInitialiseItem                      0x0800f79b   Thumb Code     6  list.o(.text)
    vListInsertEnd                           0x0800f7a1   Thumb Code    24  list.o(.text)
    vListInsert                              0x0800f7b9   Thumb Code    48  list.o(.text)
    uxListRemove                             0x0800f7e9   Thumb Code    38  list.o(.text)
    xQueueGenericReset                       0x0800f811   Thumb Code   132  queue.o(.text)
    xQueueGenericCreate                      0x0800f895   Thumb Code    82  queue.o(.text)
    xQueueGenericSend                        0x0800f9bb   Thumb Code   324  queue.o(.text)
    xQueueCreateMutex                        0x0800faff   Thumb Code    36  queue.o(.text)
    xQueueGiveMutexRecursive                 0x0800fb23   Thumb Code    62  queue.o(.text)
    xQueueSemaphoreTake                      0x0800fb61   Thumb Code   354  queue.o(.text)
    xQueueTakeMutexRecursive                 0x0800fcc3   Thumb Code    64  queue.o(.text)
    xQueueCreateCountingSemaphore            0x0800fd03   Thumb Code    58  queue.o(.text)
    xQueueGenericSendFromISR                 0x0800fd3d   Thumb Code   188  queue.o(.text)
    xQueueGiveFromISR                        0x0800fdf9   Thumb Code   156  queue.o(.text)
    xQueueReceive                            0x0800febb   Thumb Code   280  queue.o(.text)
    xQueuePeek                               0x0800ffd3   Thumb Code   278  queue.o(.text)
    xQueueReceiveFromISR                     0x080100e9   Thumb Code   152  queue.o(.text)
    xQueuePeekFromISR                        0x08010181   Thumb Code   116  queue.o(.text)
    uxQueueMessagesWaiting                   0x080101f5   Thumb Code    36  queue.o(.text)
    uxQueueSpacesAvailable                   0x08010219   Thumb Code    40  queue.o(.text)
    uxQueueMessagesWaitingFromISR            0x08010241   Thumb Code    22  queue.o(.text)
    vQueueUnregisterQueue                    0x08010257   Thumb Code    36  queue.o(.text)
    vQueueDelete                             0x0801027b   Thumb Code    36  queue.o(.text)
    uxQueueGetQueueNumber                    0x0801029f   Thumb Code     4  queue.o(.text)
    vQueueSetQueueNumber                     0x080102a3   Thumb Code     4  queue.o(.text)
    ucQueueGetQueueType                      0x080102a7   Thumb Code     6  queue.o(.text)
    xQueueIsQueueEmptyFromISR                0x080102ad   Thumb Code    30  queue.o(.text)
    xQueueIsQueueFullFromISR                 0x080102cb   Thumb Code    34  queue.o(.text)
    vQueueAddToRegistry                      0x080102ed   Thumb Code    32  queue.o(.text)
    pcQueueGetName                           0x0801030d   Thumb Code    34  queue.o(.text)
    xTaskCreate                              0x08010411   Thumb Code    86  tasks.o(.text)
    vTaskDelete                              0x08010467   Thumb Code   158  tasks.o(.text)
    xTaskIncrementTick                       0x08010505   Thumb Code   190  tasks.o(.text)
    xTaskResumeAll                           0x080105c3   Thumb Code   184  tasks.o(.text)
    vTaskSuspendAll                          0x080106e1   Thumb Code    10  tasks.o(.text)
    vTaskDelay                               0x080106eb   Thumb Code    66  tasks.o(.text)
    eTaskGetState                            0x0801072d   Thumb Code   112  tasks.o(.text)
    uxTaskPriorityGet                        0x0801079d   Thumb Code    24  tasks.o(.text)
    uxTaskPriorityGetFromISR                 0x080107b5   Thumb Code    40  tasks.o(.text)
    vTaskPrioritySet                         0x080107dd   Thumb Code   182  tasks.o(.text)
    vTaskSwitchContext                       0x08010893   Thumb Code   106  tasks.o(.text)
    vTaskSuspend                             0x080108fd   Thumb Code   168  tasks.o(.text)
    vTaskResume                              0x080109d5   Thumb Code   112  tasks.o(.text)
    xTaskResumeFromISR                       0x08010a45   Thumb Code   126  tasks.o(.text)
    vTaskStartScheduler                      0x08010b13   Thumb Code   114  tasks.o(.text)
    vTaskEndScheduler                        0x08010b85   Thumb Code    24  tasks.o(.text)
    xTaskGetTickCount                        0x08010b9d   Thumb Code     6  tasks.o(.text)
    xTaskGetTickCountFromISR                 0x08010ba3   Thumb Code    12  tasks.o(.text)
    uxTaskGetNumberOfTasks                   0x08010baf   Thumb Code     6  tasks.o(.text)
    pcTaskGetName                            0x08010bb5   Thumb Code    28  tasks.o(.text)
    xTaskGetHandle                           0x08010c29   Thumb Code   120  tasks.o(.text)
    vTaskGetInfo                             0x08010ca1   Thumb Code   120  tasks.o(.text)
    uxTaskGetSystemState                     0x08010d6d   Thumb Code   156  tasks.o(.text)
    vTaskPlaceOnEventList                    0x08010e09   Thumb Code    42  tasks.o(.text)
    vTaskPlaceOnUnorderedEventList           0x08010e33   Thumb Code    70  tasks.o(.text)
    xTaskRemoveFromEventList                 0x08010e79   Thumb Code   106  tasks.o(.text)
    vTaskRemoveFromUnorderedEventList        0x08010ee3   Thumb Code   104  tasks.o(.text)
    vTaskSetTimeOutState                     0x08010f4b   Thumb Code    58  tasks.o(.text)
    vTaskInternalSetTimeOutState             0x08010f85   Thumb Code    12  tasks.o(.text)
    xTaskCheckForTimeOut                     0x08010f91   Thumb Code   110  tasks.o(.text)
    vTaskMissedYield                         0x08010fff   Thumb Code     8  tasks.o(.text)
    uxTaskGetTaskNumber                      0x08011007   Thumb Code     8  tasks.o(.text)
    vTaskSetTaskNumber                       0x0801100f   Thumb Code     8  tasks.o(.text)
    xTaskGetCurrentTaskHandle                0x08011017   Thumb Code     6  tasks.o(.text)
    xTaskPriorityInherit                     0x0801101d   Thumb Code   140  tasks.o(.text)
    xTaskPriorityDisinherit                  0x080110a9   Thumb Code   144  tasks.o(.text)
    vTaskPriorityDisinheritAfterTimeout      0x08011139   Thumb Code   162  tasks.o(.text)
    uxTaskResetEventItemValue                0x080111db   Thumb Code    20  tasks.o(.text)
    pvTaskIncrementMutexHeldCount            0x080111ef   Thumb Code    18  tasks.o(.text)
    ulTaskNotifyTake                         0x08011201   Thumb Code    96  tasks.o(.text)
    xTaskNotifyWait                          0x08011261   Thumb Code   128  tasks.o(.text)
    xTaskGenericNotify                       0x080112e1   Thumb Code   202  tasks.o(.text)
    xTaskGenericNotifyFromISR                0x080113ab   Thumb Code   226  tasks.o(.text)
    vTaskNotifyGiveFromISR                   0x0801148d   Thumb Code   170  tasks.o(.text)
    xTaskNotifyStateClear                    0x08011537   Thumb Code    44  tasks.o(.text)
    pxPortInitialiseStack                    0x08011661   Thumb Code    40  port.o(.text)
    vPortSetupTimerInterrupt                 0x08011689   Thumb Code    32  port.o(.text)
    xPortStartScheduler                      0x080116a9   Thumb Code   224  port.o(.text)
    vPortEndScheduler                        0x08011789   Thumb Code    28  port.o(.text)
    vPortEnterCritical                       0x080117a5   Thumb Code    56  port.o(.text)
    vPortExitCritical                        0x080117dd   Thumb Code    34  port.o(.text)
    xPortSysTickHandler                      0x080117ff   Thumb Code    40  port.o(.text)
    vPortValidateInterruptPriority           0x08011827   Thumb Code    76  port.o(.text)
    pvPortMalloc                             0x08011891   Thumb Code   170  heap_2.o(.text)
    vPortFree                                0x0801193b   Thumb Code    56  heap_2.o(.text)
    xPortGetFreeHeapSize                     0x08011973   Thumb Code     6  heap_2.o(.text)
    vPortInitialiseBlocks                    0x08011979   Thumb Code     2  heap_2.o(.text)
    Reset_Handler                            0x08011989   Thumb Code     8  startup_stm32f4xx.o(.text)
    ADC_IRQHandler                           0x080119a3   Thumb Code     0  startup_stm32f4xx.o(.text)
    CAN1_RX0_IRQHandler                      0x080119a3   Thumb Code     0  startup_stm32f4xx.o(.text)
    CAN1_RX1_IRQHandler                      0x080119a3   Thumb Code     0  startup_stm32f4xx.o(.text)
    CAN1_SCE_IRQHandler                      0x080119a3   Thumb Code     0  startup_stm32f4xx.o(.text)
    CAN1_TX_IRQHandler                       0x080119a3   Thumb Code     0  startup_stm32f4xx.o(.text)
    CAN2_RX0_IRQHandler                      0x080119a3   Thumb Code     0  startup_stm32f4xx.o(.text)
    CAN2_RX1_IRQHandler                      0x080119a3   Thumb Code     0  startup_stm32f4xx.o(.text)
    CAN2_SCE_IRQHandler                      0x080119a3   Thumb Code     0  startup_stm32f4xx.o(.text)
    CAN2_TX_IRQHandler                       0x080119a3   Thumb Code     0  startup_stm32f4xx.o(.text)
    CRYP_IRQHandler                          0x080119a3   Thumb Code     0  startup_stm32f4xx.o(.text)
    DCMI_IRQHandler                          0x080119a3   Thumb Code     0  startup_stm32f4xx.o(.text)
    DMA1_Stream0_IRQHandler                  0x080119a3   Thumb Code     0  startup_stm32f4xx.o(.text)
    DMA1_Stream1_IRQHandler                  0x080119a3   Thumb Code     0  startup_stm32f4xx.o(.text)
    DMA1_Stream2_IRQHandler                  0x080119a3   Thumb Code     0  startup_stm32f4xx.o(.text)
    DMA1_Stream3_IRQHandler                  0x080119a3   Thumb Code     0  startup_stm32f4xx.o(.text)
    DMA1_Stream4_IRQHandler                  0x080119a3   Thumb Code     0  startup_stm32f4xx.o(.text)
    DMA1_Stream5_IRQHandler                  0x080119a3   Thumb Code     0  startup_stm32f4xx.o(.text)
    DMA1_Stream6_IRQHandler                  0x080119a3   Thumb Code     0  startup_stm32f4xx.o(.text)
    DMA1_Stream7_IRQHandler                  0x080119a3   Thumb Code     0  startup_stm32f4xx.o(.text)
    DMA2_Stream0_IRQHandler                  0x080119a3   Thumb Code     0  startup_stm32f4xx.o(.text)
    DMA2_Stream1_IRQHandler                  0x080119a3   Thumb Code     0  startup_stm32f4xx.o(.text)
    DMA2_Stream2_IRQHandler                  0x080119a3   Thumb Code     0  startup_stm32f4xx.o(.text)
    DMA2_Stream3_IRQHandler                  0x080119a3   Thumb Code     0  startup_stm32f4xx.o(.text)
    DMA2_Stream4_IRQHandler                  0x080119a3   Thumb Code     0  startup_stm32f4xx.o(.text)
    DMA2_Stream5_IRQHandler                  0x080119a3   Thumb Code     0  startup_stm32f4xx.o(.text)
    DMA2_Stream6_IRQHandler                  0x080119a3   Thumb Code     0  startup_stm32f4xx.o(.text)
    DMA2_Stream7_IRQHandler                  0x080119a3   Thumb Code     0  startup_stm32f4xx.o(.text)
    ETH_WKUP_IRQHandler                      0x080119a3   Thumb Code     0  startup_stm32f4xx.o(.text)
    EXTI0_IRQHandler                         0x080119a3   Thumb Code     0  startup_stm32f4xx.o(.text)
    EXTI15_10_IRQHandler                     0x080119a3   Thumb Code     0  startup_stm32f4xx.o(.text)
    EXTI1_IRQHandler                         0x080119a3   Thumb Code     0  startup_stm32f4xx.o(.text)
    EXTI2_IRQHandler                         0x080119a3   Thumb Code     0  startup_stm32f4xx.o(.text)
    EXTI3_IRQHandler                         0x080119a3   Thumb Code     0  startup_stm32f4xx.o(.text)
    EXTI4_IRQHandler                         0x080119a3   Thumb Code     0  startup_stm32f4xx.o(.text)
    EXTI9_5_IRQHandler                       0x080119a3   Thumb Code     0  startup_stm32f4xx.o(.text)
    FLASH_IRQHandler                         0x080119a3   Thumb Code     0  startup_stm32f4xx.o(.text)
    FPU_IRQHandler                           0x080119a3   Thumb Code     0  startup_stm32f4xx.o(.text)
    FSMC_IRQHandler                          0x080119a3   Thumb Code     0  startup_stm32f4xx.o(.text)
    HASH_RNG_IRQHandler                      0x080119a3   Thumb Code     0  startup_stm32f4xx.o(.text)
    I2C1_ER_IRQHandler                       0x080119a3   Thumb Code     0  startup_stm32f4xx.o(.text)
    I2C1_EV_IRQHandler                       0x080119a3   Thumb Code     0  startup_stm32f4xx.o(.text)
    I2C2_ER_IRQHandler                       0x080119a3   Thumb Code     0  startup_stm32f4xx.o(.text)
    I2C2_EV_IRQHandler                       0x080119a3   Thumb Code     0  startup_stm32f4xx.o(.text)
    I2C3_ER_IRQHandler                       0x080119a3   Thumb Code     0  startup_stm32f4xx.o(.text)
    I2C3_EV_IRQHandler                       0x080119a3   Thumb Code     0  startup_stm32f4xx.o(.text)
    OTG_FS_IRQHandler                        0x080119a3   Thumb Code     0  startup_stm32f4xx.o(.text)
    OTG_FS_WKUP_IRQHandler                   0x080119a3   Thumb Code     0  startup_stm32f4xx.o(.text)
    OTG_HS_EP1_IN_IRQHandler                 0x080119a3   Thumb Code     0  startup_stm32f4xx.o(.text)
    OTG_HS_EP1_OUT_IRQHandler                0x080119a3   Thumb Code     0  startup_stm32f4xx.o(.text)
    OTG_HS_IRQHandler                        0x080119a3   Thumb Code     0  startup_stm32f4xx.o(.text)
    OTG_HS_WKUP_IRQHandler                   0x080119a3   Thumb Code     0  startup_stm32f4xx.o(.text)
    PVD_IRQHandler                           0x080119a3   Thumb Code     0  startup_stm32f4xx.o(.text)
    RCC_IRQHandler                           0x080119a3   Thumb Code     0  startup_stm32f4xx.o(.text)
    RTC_Alarm_IRQHandler                     0x080119a3   Thumb Code     0  startup_stm32f4xx.o(.text)
    RTC_WKUP_IRQHandler                      0x080119a3   Thumb Code     0  startup_stm32f4xx.o(.text)
    SDIO_IRQHandler                          0x080119a3   Thumb Code     0  startup_stm32f4xx.o(.text)
    SPI1_IRQHandler                          0x080119a3   Thumb Code     0  startup_stm32f4xx.o(.text)
    SPI2_IRQHandler                          0x080119a3   Thumb Code     0  startup_stm32f4xx.o(.text)
    SPI3_IRQHandler                          0x080119a3   Thumb Code     0  startup_stm32f4xx.o(.text)
    TAMP_STAMP_IRQHandler                    0x080119a3   Thumb Code     0  startup_stm32f4xx.o(.text)
    TIM1_BRK_TIM9_IRQHandler                 0x080119a3   Thumb Code     0  startup_stm32f4xx.o(.text)
    TIM1_CC_IRQHandler                       0x080119a3   Thumb Code     0  startup_stm32f4xx.o(.text)
    TIM1_TRG_COM_TIM11_IRQHandler            0x080119a3   Thumb Code     0  startup_stm32f4xx.o(.text)
    TIM1_UP_TIM10_IRQHandler                 0x080119a3   Thumb Code     0  startup_stm32f4xx.o(.text)
    TIM4_IRQHandler                          0x080119a3   Thumb Code     0  startup_stm32f4xx.o(.text)
    TIM5_IRQHandler                          0x080119a3   Thumb Code     0  startup_stm32f4xx.o(.text)
    TIM6_DAC_IRQHandler                      0x080119a3   Thumb Code     0  startup_stm32f4xx.o(.text)
    TIM7_IRQHandler                          0x080119a3   Thumb Code     0  startup_stm32f4xx.o(.text)
    TIM8_BRK_TIM12_IRQHandler                0x080119a3   Thumb Code     0  startup_stm32f4xx.o(.text)
    TIM8_CC_IRQHandler                       0x080119a3   Thumb Code     0  startup_stm32f4xx.o(.text)
    TIM8_TRG_COM_TIM14_IRQHandler            0x080119a3   Thumb Code     0  startup_stm32f4xx.o(.text)
    TIM8_UP_TIM13_IRQHandler                 0x080119a3   Thumb Code     0  startup_stm32f4xx.o(.text)
    UART5_IRQHandler                         0x080119a3   Thumb Code     0  startup_stm32f4xx.o(.text)
    USART1_IRQHandler                        0x080119a3   Thumb Code     0  startup_stm32f4xx.o(.text)
    WWDG_IRQHandler                          0x080119a3   Thumb Code     0  startup_stm32f4xx.o(.text)
    __aeabi_memcpy                           0x080119ad   Thumb Code    36  memcpya.o(.text)
    __aeabi_memcpy4                          0x080119ad   Thumb Code     0  memcpya.o(.text)
    __aeabi_memcpy8                          0x080119ad   Thumb Code     0  memcpya.o(.text)
    __aeabi_memset                           0x080119d1   Thumb Code    14  memseta.o(.text)
    __aeabi_memset4                          0x080119d1   Thumb Code     0  memseta.o(.text)
    __aeabi_memset8                          0x080119d1   Thumb Code     0  memseta.o(.text)
    __aeabi_memclr                           0x080119df   Thumb Code     4  memseta.o(.text)
    __aeabi_memclr4                          0x080119df   Thumb Code     0  memseta.o(.text)
    __aeabi_memclr8                          0x080119df   Thumb Code     0  memseta.o(.text)
    memset                                   0x080119e3   Thumb Code    18  memseta.o(.text)
    strcat                                   0x080119f5   Thumb Code    24  strcat.o(.text)
    strstr                                   0x08011a0d   Thumb Code    36  strstr.o(.text)
    strlen                                   0x08011a31   Thumb Code    14  strlen.o(.text)
    strcmp                                   0x08011a3f   Thumb Code    28  strcmp.o(.text)
    memcmp                                   0x08011a5b   Thumb Code    26  memcmp.o(.text)
    strncat                                  0x08011a75   Thumb Code    40  strncat.o(.text)
    strcpy                                   0x08011a9d   Thumb Code    18  strcpy.o(.text)
    strncmp                                  0x08011aaf   Thumb Code    30  strncmp.o(.text)
    strpbrk                                  0x08011acd   Thumb Code    32  strpbrk.o(.text)
    atoi                                     0x08011aed   Thumb Code    26  atoi.o(.text)
    __aeabi_uidiv                            0x08011b07   Thumb Code     0  uidiv.o(.text)
    __aeabi_uidivmod                         0x08011b07   Thumb Code    44  uidiv.o(.text)
    strtol                                   0x08011b33   Thumb Code   112  strtol.o(.text)
    __scatterload                            0x08011ba5   Thumb Code    28  init.o(.text)
    __scatterload_rt2                        0x08011ba5   Thumb Code     0  init.o(.text)
    __rt_ctype_table                         0x08011bc9   Thumb Code     4  ctype_o.o(.text)
    _strtoul                                 0x08011bd1   Thumb Code   158  _strtoul.o(.text)
    _chval                                   0x08011c6f   Thumb Code    28  _chval.o(.text)
    __decompress                             0x08011c8b   Thumb Code     0  __dczerorl2.o(.text)
    __decompress1                            0x08011c8b   Thumb Code    86  __dczerorl2.o(.text)
    __0printf$6                              0x08011ce1   Thumb Code    22  printf6.o(i.__0printf$6)
    __1printf$6                              0x08011ce1   Thumb Code     0  printf6.o(i.__0printf$6)
    __2printf                                0x08011ce1   Thumb Code     0  printf6.o(i.__0printf$6)
    __0sprintf$6                             0x08011d01   Thumb Code    34  printf6.o(i.__0sprintf$6)
    __1sprintf$6                             0x08011d01   Thumb Code     0  printf6.o(i.__0sprintf$6)
    __2sprintf                               0x08011d01   Thumb Code     0  printf6.o(i.__0sprintf$6)
    __aeabi_errno_addr                       0x08011d29   Thumb Code     4  errno.o(i.__aeabi_errno_addr)
    __rt_errno_addr                          0x08011d29   Thumb Code     0  errno.o(i.__aeabi_errno_addr)
    __scatterload_copy                       0x08011d31   Thumb Code    14  handlers.o(i.__scatterload_copy)
    __scatterload_null                       0x08011d3f   Thumb Code     2  handlers.o(i.__scatterload_null)
    __scatterload_zeroinit                   0x08011d41   Thumb Code    14  handlers.o(i.__scatterload_zeroinit)
    tcp_persist_backoff                      0x080123b8   Data           7  tcp.o(.constdata)
    tcp_backoff                              0x080123bf   Data          13  tcp.o(.constdata)
    ip_addr_any                              0x080123cc   Data           4  ip_addr.o(.constdata)
    ip_addr_broadcast                        0x080123d0   Data           4  ip_addr.o(.constdata)
    ethbroadcast                             0x080123d4   Data           6  etharp.o(.constdata)
    ethzero                                  0x080123da   Data           6  etharp.o(.constdata)
    BUTTON_PORT_SOURCE                       0x080123e4   Data           1  stm32f4_discovery.o(.constdata)
    BUTTON_PIN_SOURCE                        0x080123e5   Data           1  stm32f4_discovery.o(.constdata)
    BUTTON_IRQn                              0x080123e6   Data           1  stm32f4_discovery.o(.constdata)
    BUTTON_PIN                               0x080123e8   Data           2  stm32f4_discovery.o(.constdata)
    BUTTON_EXTI_LINE                         0x080123ea   Data           2  stm32f4_discovery.o(.constdata)
    BUTTON_CLK                               0x080123ec   Data           4  stm32f4_discovery.o(.constdata)
    COM_TX_PIN                               0x080123f0   Data           4  stm32f4_discovery.o(.constdata)
    COM_RX_PIN                               0x080123f4   Data           4  stm32f4_discovery.o(.constdata)
    COM_TX_PIN_SOURCE                        0x080123f8   Data           4  stm32f4_discovery.o(.constdata)
    COM_RX_PIN_SOURCE                        0x080123fc   Data           4  stm32f4_discovery.o(.constdata)
    COM_TX_AF                                0x08012400   Data           4  stm32f4_discovery.o(.constdata)
    COM_RX_AF                                0x08012404   Data           4  stm32f4_discovery.o(.constdata)
    COM_USART_CLK                            0x08012408   Data           8  stm32f4_discovery.o(.constdata)
    COM_TX_PORT_CLK                          0x08012410   Data           8  stm32f4_discovery.o(.constdata)
    COM_RX_PORT_CLK                          0x08012418   Data           8  stm32f4_discovery.o(.constdata)
    GPIO_PIN                                 0x08012420   Data          10  stm32f4_discovery.o(.constdata)
    GPIO_CLK                                 0x0801242c   Data          20  stm32f4_discovery.o(.constdata)
    __ctype_table                            0x08012440   Data         129  ctype_o.o(.constdata)
    Region$$Table$$Base                      0x0801259c   Number         0  anon$$obj.o(Region$$Table)
    Region$$Table$$Limit                     0x080125bc   Number         0  anon$$obj.o(Region$$Table)
    ucFlashUpdate                            0x20000000   Data           1  main.o(.data)
    xQueuemessage                            0x20000004   Data           4  main.o(.data)
    xQueueState                              0x20000008   Data           4  main.o(.data)
    SystemCoreClock                          0x2000000c   Data           4  system_stm32f4xx.o(.data)
    AHBPrescTable                            0x20000010   Data          16  system_stm32f4xx.o(.data)
    ucIP                                     0x20000020   Data           4  netconf.o(.data)
    ucGW                                     0x20000024   Data           4  netconf.o(.data)
    ucNM                                     0x20000028   Data           4  netconf.o(.data)
    EthInitStatus                            0x20000030   Data           4  stm32f4x7_eth_bsp.o(.data)
    EthEnable                                0x20000034   Data           4  stm32f4x7_eth_bsp.o(.data)
    ucReadProgram                            0x20000038   Data           1  api_server.o(.data)
    ucWriteProgram                           0x20000039   Data           1  api_server.o(.data)
    ucSystemReboot                           0x2000003a   Data           1  api_server.o(.data)
    pxFrameCBByteReceived                    0x2000006c   Data           4  rs485bus.o(.data)
    pxFrameCBTransmitterEmpty                0x20000070   Data           4  rs485bus.o(.data)
    pxPortCBTimerExpired                     0x20000074   Data           4  rs485bus.o(.data)
    netif_list                               0x200000ec   Data           4  netif.o(.data)
    netif_default                            0x200000f0   Data           4  netif.o(.data)
    tcp_ticks                                0x20000100   Data           4  tcp.o(.data)
    tcp_bound_pcbs                           0x20000104   Data           4  tcp.o(.data)
    tcp_listen_pcbs                          0x20000108   Data           4  tcp.o(.data)
    tcp_active_pcbs                          0x2000010c   Data           4  tcp.o(.data)
    tcp_tw_pcbs                              0x20000110   Data           4  tcp.o(.data)
    tcp_tmp_pcb                              0x20000114   Data           4  tcp.o(.data)
    tcp_state_str                            0x20000118   Data          44  tcp.o(.data)
    tcp_input_pcb                            0x2000015c   Data           4  tcp_in.o(.data)
    udp_pcbs                                 0x20000160   Data           4  udp.o(.data)
    current_netif                            0x20000168   Data           4  ip.o(.data)
    current_header                           0x2000016c   Data           4  ip.o(.data)
    s_xSemaphore                             0x20000178   Data           4  ethernetif.o(.data)
    __stdout                                 0x2000018c   Data           4  stm32f4xx_uartstdio.o(.data)
    BUTTON_PORT                              0x20000190   Data           4  stm32f4_discovery.o(.data)
    COM_USART                                0x20000194   Data           8  stm32f4_discovery.o(.data)
    COM_TX_PORT                              0x2000019c   Data           8  stm32f4_discovery.o(.data)
    COM_RX_PORT                              0x200001a4   Data           8  stm32f4_discovery.o(.data)
    GPIO_PORT                                0x200001ac   Data          20  stm32f4_discovery.o(.data)
    DMATxDescToSet                           0x200001c0   Data           4  stm32f4x7_eth.o(.data)
    DMARxDescToGet                           0x200001c4   Data           4  stm32f4x7_eth.o(.data)
    DMA_RX_FRAME_infos                       0x200001c8   Data           4  stm32f4x7_eth.o(.data)
    pxCurrentTCB                             0x200001dc   Data           4  tasks.o(.data)
    ip_lan                                   0x20000240   Data          16  main.o(.bss)
    user                                     0x20000250   Data          24  main.o(.bss)
    host                                     0x20000268   Data         104  main.o(.bss)
    CTport                                   0x200002d0   Data         124  main.o(.bss)
    xnetif                                   0x2000034c   Data          60  netconf.o(.bss)
    numberpackage                            0x200003a8   Data          12  mqttclienttask.o(.bss)
    ucRTUBuf                                 0x200003c4   Data        1024  rs485rtu.o(.bss)
    DMARxDscrTab                             0x20005864   Data         160  stm32f4x7_eth.o(.bss)
    DMATxDscrTab                             0x20005904   Data         160  stm32f4x7_eth.o(.bss)
    Rx_Buff                                  0x200059a4   Data        7620  stm32f4x7_eth.o(.bss)
    Tx_Buff                                  0x20007768   Data        7620  stm32f4x7_eth.o(.bss)
    RX_Frame_Descriptor                      0x2000952c   Data          12  stm32f4x7_eth.o(.bss)
    xQueueRegistry                           0x20009538   Data          64  queue.o(.bss)
    __initial_sp                             0x2001d908   Data           0  startup_stm32f4xx.o(STACK)



==============================================================================

Memory Map of the image

  Image Entry point : 0x08000189

  Load Region LR_IROM1 (Base: 0x08000000, Size: 0x000127fc, Max: 0x00020000, ABSOLUTE, COMPRESSED[0x00012640])

    Execution Region ER_IROM1 (Exec base: 0x08000000, Load base: 0x08000000, Size: 0x000125bc, Max: 0x00020000, ABSOLUTE)

    Exec Addr    Load Addr    Size         Type   Attr      Idx    E Section Name        Object

    0x08000000   0x08000000   0x00000188   Data   RO         2346    RESET               startup_stm32f4xx.o
    0x08000188   0x08000188   0x00000000   Code   RO         2351  * .ARM.Collect$$$$00000000  mc_w.l(entry.o)
    0x08000188   0x08000188   0x00000004   Code   RO         2651    .ARM.Collect$$$$00000001  mc_w.l(entry2.o)
    0x0800018c   0x0800018c   0x00000004   Code   RO         2654    .ARM.Collect$$$$00000004  mc_w.l(entry5.o)
    0x08000190   0x08000190   0x00000000   Code   RO         2656    .ARM.Collect$$$$00000008  mc_w.l(entry7b.o)
    0x08000190   0x08000190   0x00000000   Code   RO         2658    .ARM.Collect$$$$0000000A  mc_w.l(entry8b.o)
    0x08000190   0x08000190   0x00000008   Code   RO         2659    .ARM.Collect$$$$0000000B  mc_w.l(entry9a.o)
    0x08000198   0x08000198   0x00000000   Code   RO         2661    .ARM.Collect$$$$0000000D  mc_w.l(entry10a.o)
    0x08000198   0x08000198   0x00000000   Code   RO         2663    .ARM.Collect$$$$0000000F  mc_w.l(entry11a.o)
    0x08000198   0x08000198   0x00000004   Code   RO         2652    .ARM.Collect$$$$00002712  mc_w.l(entry2.o)
    0x0800019c   0x0800019c   0x000000be   Code   RO         2258    .emb_text           port.o
    0x0800025a   0x0800025a   0x00000002   PAD
    0x0800025c   0x0800025c   0x0000097c   Code   RO            2    .text               main.o
    0x08000bd8   0x08000bd8   0x00000180   Code   RO          329    .text               system_stm32f4xx.o
    0x08000d58   0x08000d58   0x00000078   Code   RO          355    .text               stm32f4xx_it.o
    0x08000dd0   0x08000dd0   0x000001a4   Code   RO          399    .text               netconf.o
    0x08000f74   0x08000f74   0x000002f0   Code   RO          479    .text               stm32f4x7_eth_bsp.o
    0x08001264   0x08001264   0x00000150   Code   RO          594    .text               miscellaneous.o
    0x080013b4   0x080013b4   0x00000c84   Code   RO          628    .text               api_server.o
    0x08002038   0x08002038   0x00000a0c   Code   RO          656    .text               mqttclienttask.o
    0x08002a44   0x08002a44   0x000000dc   Code   RO          714    .text               key_scan.o
    0x08002b20   0x08002b20   0x00000080   Code   RO          731    .text               rs485bus_task.o
    0x08002ba0   0x08002ba0   0x0000078c   Code   RO          783    .text               mqttclient.o
    0x0800332c   0x0800332c   0x000001b0   Code   RO          800    .text               mqttfreertos.o
    0x080034dc   0x080034dc   0x00000224   Code   RO          813    .text               mqttconnectclient.o
    0x08003700   0x08003700   0x000000d4   Code   RO          837    .text               mqttdeserializepublish.o
    0x080037d4   0x080037d4   0x000002fc   Code   RO          865    .text               mqttpacket.o
    0x08003ad0   0x08003ad0   0x00000116   Code   RO          880    .text               mqttserializepublish.o
    0x08003be6   0x08003be6   0x00000134   Code   RO          893    .text               mqttsubscribeclient.o
    0x08003d1a   0x08003d1a   0x000000ce   Code   RO          918    .text               mqttunsubscribeclient.o
    0x08003de8   0x08003de8   0x0000002c   Code   RO          943    .text               rs485crc.o
    0x08003e14   0x08003e14   0x00000064   Code   RO          961    .text               rs485utils.o
    0x08003e78   0x08003e78   0x00000084   Code   RO          985    .text               portevent.o
    0x08003efc   0x08003efc   0x000003a4   Code   RO         1030    .text               portserial.o
    0x080042a0   0x080042a0   0x00000170   Code   RO         1062    .text               porttimer.o
    0x08004410   0x08004410   0x00000160   Code   RO         1080    .text               user_rs485_app.o
    0x08004570   0x08004570   0x000001d0   Code   RO         1093    .text               rs485bus.o
    0x08004740   0x08004740   0x00000294   Code   RO         1124    .text               rs485rtu.o
    0x080049d4   0x080049d4   0x00000046   Code   RO         1147    .text               rs485funccheck.o
    0x08004a1a   0x08004a1a   0x00000048   Code   RO         1159    .text               rs485funcnfcdetect.o
    0x08004a62   0x08004a62   0x00000048   Code   RO         1177    .text               rs485funckeyenter.o
    0x08004aaa   0x08004aaa   0x00000002   PAD
    0x08004aac   0x08004aac   0x00000300   Code   RO         1195    .text               api_lib.o
    0x08004dac   0x08004dac   0x000008bc   Code   RO         1231    .text               api_msg.o
    0x08005668   0x08005668   0x0000012e   Code   RO         1261    .text               netbuf.o
    0x08005796   0x08005796   0x00000002   PAD
    0x08005798   0x08005798   0x00000d3c   Code   RO         1288    .text               sockets.o
    0x080064d4   0x080064d4   0x000002f0   Code   RO         1304    .text               tcpip.o
    0x080067c4   0x080067c4   0x00000e1c   Code   RO         1351    .text               dhcp.o
    0x080075e0   0x080075e0   0x0000001a   Code   RO         1373    .text               init.o
    0x080075fa   0x080075fa   0x00000002   PAD
    0x080075fc   0x080075fc   0x00000278   Code   RO         1402    .text               mem.o
    0x08007874   0x08007874   0x00000088   Code   RO         1417    .text               memp.o
    0x080078fc   0x080078fc   0x00000190   Code   RO         1446    .text               netif.o
    0x08007a8c   0x08007a8c   0x000003e8   Code   RO         1469    .text               pbuf.o
    0x08007e74   0x08007e74   0x00000160   Code   RO         1485    .text               raw.o
    0x08007fd4   0x08007fd4   0x000001d8   Code   RO         1505    .text               sys.o
    0x080081ac   0x080081ac   0x0000091c   Code   RO         1526    .text               tcp.o
    0x08008ac8   0x08008ac8   0x00000c54   Code   RO         1548    .text               tcp_in.o
    0x0800971c   0x0800971c   0x000008f4   Code   RO         1571    .text               tcp_out.o
    0x0800a010   0x0800a010   0x0000033c   Code   RO         1583    .text               udp.o
    0x0800a34c   0x0800a34c   0x000002ec   Code   RO         1613    .text               autoip.o
    0x0800a638   0x0800a638   0x0000017a   Code   RO         1625    .text               icmp.o
    0x0800a7b2   0x0800a7b2   0x00000002   PAD
    0x0800a7b4   0x0800a7b4   0x0000016c   Code   RO         1643    .text               inet.o
    0x0800a920   0x0800a920   0x00000118   Code   RO         1657    .text               inet_chksum.o
    0x0800aa38   0x0800aa38   0x000002b0   Code   RO         1669    .text               ip.o
    0x0800ace8   0x0800ace8   0x00000030   Code   RO         1687    .text               ip_addr.o
    0x0800ad18   0x0800ad18   0x00000580   Code   RO         1716    .text               etharp.o
    0x0800b298   0x0800b298   0x00000240   Code   RO         1753    .text               ethernetif.o
    0x0800b4d8   0x0800b4d8   0x000001c4   Code   RO         1772    .text               sys_arch.o
    0x0800b69c   0x0800b69c   0x00000574   Code   RO         1791    .text               stm32f4xx_uartstdio.o
    0x0800bc10   0x0800bc10   0x000004cc   Code   RO         1853    .text               stm32f4_discovery.o
    0x0800c0dc   0x0800c0dc   0x00000ae4   Code   RO         1900    .text               stm32f4x7_eth.o
    0x0800cbc0   0x0800cbc0   0x00000338   Code   RO         1926    .text               stm32f4xx_usart.o
    0x0800cef8   0x0800cef8   0x000000b0   Code   RO         1942    .text               misc.o
    0x0800cfa8   0x0800cfa8   0x00000354   Code   RO         1958    .text               stm32f4xx_adc.o
    0x0800d2fc   0x0800d2fc   0x00000320   Code   RO         1974    .text               stm32f4xx_dma.o
    0x0800d61c   0x0800d61c   0x000000e8   Code   RO         1990    .text               stm32f4xx_exti.o
    0x0800d704   0x0800d704   0x000001ec   Code   RO         2022    .text               stm32f4xx_gpio.o
    0x0800d8f0   0x0800d8f0   0x000003dc   Code   RO         2038    .text               stm32f4xx_rcc.o
    0x0800dccc   0x0800dccc   0x00000078   Code   RO         2056    .text               stm32f4xx_syscfg.o
    0x0800dd44   0x0800dd44   0x000001b8   Code   RO         2072    .text               stm32f4xx_sdio.o
    0x0800defc   0x0800defc   0x000009dc   Code   RO         2088    .text               stm32f4xx_tim.o
    0x0800e8d8   0x0800e8d8   0x00000390   Code   RO         2121    .text               stm32f4xx_flash.o
    0x0800ec68   0x0800ec68   0x00000a4c   Code   RO         2154    .text               stm32f4xx_rtc.o
    0x0800f6b4   0x0800f6b4   0x000000d0   Code   RO         2171    .text               stm32f4xx_pwr.o
    0x0800f784   0x0800f784   0x0000008a   Code   RO         2195    .text               list.o
    0x0800f80e   0x0800f80e   0x00000002   PAD
    0x0800f810   0x0800f810   0x00000b40   Code   RO         2207    .text               queue.o
    0x08010350   0x08010350   0x000012ec   Code   RO         2235    .text               tasks.o
    0x0801163c   0x0801163c   0x00000254   Code   RO         2259    .text               port.o
    0x08011890   0x08011890   0x000000f8   Code   RO         2289    .text               heap_2.o
    0x08011988   0x08011988   0x00000024   Code   RO         2347    .text               startup_stm32f4xx.o
    0x080119ac   0x080119ac   0x00000024   Code   RO         2354    .text               mc_w.l(memcpya.o)
    0x080119d0   0x080119d0   0x00000024   Code   RO         2358    .text               mc_w.l(memseta.o)
    0x080119f4   0x080119f4   0x00000018   Code   RO         2360    .text               mc_w.l(strcat.o)
    0x08011a0c   0x08011a0c   0x00000024   Code   RO         2362    .text               mc_w.l(strstr.o)
    0x08011a30   0x08011a30   0x0000000e   Code   RO         2364    .text               mc_w.l(strlen.o)
    0x08011a3e   0x08011a3e   0x0000001c   Code   RO         2366    .text               mc_w.l(strcmp.o)
    0x08011a5a   0x08011a5a   0x0000001a   Code   RO         2368    .text               mc_w.l(memcmp.o)
    0x08011a74   0x08011a74   0x00000028   Code   RO         2370    .text               mc_w.l(strncat.o)
    0x08011a9c   0x08011a9c   0x00000012   Code   RO         2372    .text               mc_w.l(strcpy.o)
    0x08011aae   0x08011aae   0x0000001e   Code   RO         2374    .text               mc_w.l(strncmp.o)
    0x08011acc   0x08011acc   0x00000020   Code   RO         2376    .text               mc_w.l(strpbrk.o)
    0x08011aec   0x08011aec   0x0000001a   Code   RO         2641    .text               mc_w.l(atoi.o)
    0x08011b06   0x08011b06   0x0000002c   Code   RO         2665    .text               mc_w.l(uidiv.o)
    0x08011b32   0x08011b32   0x00000070   Code   RO         2676    .text               mc_w.l(strtol.o)
    0x08011ba2   0x08011ba2   0x00000002   PAD
    0x08011ba4   0x08011ba4   0x00000024   Code   RO         2689    .text               mc_w.l(init.o)
    0x08011bc8   0x08011bc8   0x00000008   Code   RO         2697    .text               mc_w.l(ctype_o.o)
    0x08011bd0   0x08011bd0   0x0000009e   Code   RO         2725    .text               mc_w.l(_strtoul.o)
    0x08011c6e   0x08011c6e   0x0000001c   Code   RO         2727    .text               mc_w.l(_chval.o)
    0x08011c8a   0x08011c8a   0x00000056   Code   RO         2737    .text               mc_w.l(__dczerorl2.o)
    0x08011ce0   0x08011ce0   0x00000020   Code   RO         2535    i.__0printf$6       mc_w.l(printf6.o)
    0x08011d00   0x08011d00   0x00000028   Code   RO         2537    i.__0sprintf$6      mc_w.l(printf6.o)
    0x08011d28   0x08011d28   0x00000008   Code   RO         2669    i.__aeabi_errno_addr  mc_w.l(errno.o)
    0x08011d30   0x08011d30   0x0000000e   Code   RO         2731    i.__scatterload_copy  mc_w.l(handlers.o)
    0x08011d3e   0x08011d3e   0x00000002   Code   RO         2732    i.__scatterload_null  mc_w.l(handlers.o)
    0x08011d40   0x08011d40   0x0000000e   Code   RO         2733    i.__scatterload_zeroinit  mc_w.l(handlers.o)
    0x08011d4e   0x08011d4e   0x00000002   PAD
    0x08011d50   0x08011d50   0x000002f0   Code   RO         2542    i._printf_core      mc_w.l(printf6.o)
    0x08012040   0x08012040   0x00000024   Code   RO         2543    i._printf_post_padding  mc_w.l(printf6.o)
    0x08012064   0x08012064   0x0000002e   Code   RO         2544    i._printf_pre_padding  mc_w.l(printf6.o)
    0x08012092   0x08012092   0x0000000a   Code   RO         2546    i._sputc            mc_w.l(printf6.o)
    0x0801209c   0x0801209c   0x00000058   Data   RO          658    .constdata          mqttclienttask.o
    0x080120f4   0x080120f4   0x00000058   Data   RO          784    .constdata          mqttclient.o
    0x0801214c   0x0801214c   0x00000200   Data   RO          944    .constdata          rs485crc.o
    0x0801234c   0x0801234c   0x0000003c   Data   RO         1290    .constdata          sockets.o
    0x08012388   0x08012388   0x00000030   Data   RO         1419    .constdata          memp.o
    0x080123b8   0x080123b8   0x00000014   Data   RO         1527    .constdata          tcp.o
    0x080123cc   0x080123cc   0x00000004   Data   RO         1688    .constdata          ip_addr.o
    0x080123d0   0x080123d0   0x00000004   Data   RO         1689    .constdata          ip_addr.o
    0x080123d4   0x080123d4   0x0000000c   Data   RO         1718    .constdata          etharp.o
    0x080123e0   0x080123e0   0x00000004   Data   RO         1792    .constdata          stm32f4xx_uartstdio.o
    0x080123e4   0x080123e4   0x0000005c   Data   RO         1854    .constdata          stm32f4_discovery.o
    0x08012440   0x08012440   0x00000081   Data   RO         2698    .constdata          mc_w.l(ctype_o.o)
    0x080124c1   0x080124c1   0x00000003   PAD
    0x080124c4   0x080124c4   0x00000004   Data   RO         2699    .constdata          mc_w.l(ctype_o.o)
    0x080124c8   0x080124c8   0x00000046   Data   RO            5    .conststring        main.o
    0x0801250e   0x0801250e   0x00000002   PAD
    0x08012510   0x08012510   0x00000075   Data   RO         1528    .conststring        tcp.o
    0x08012585   0x08012585   0x00000003   PAD
    0x08012588   0x08012588   0x00000011   Data   RO         1793    .conststring        stm32f4xx_uartstdio.o
    0x08012599   0x08012599   0x00000003   PAD
    0x0801259c   0x0801259c   0x00000020   Data   RO         2729    Region$$Table       anon$$obj.o


    Execution Region RW_IRAM1 (Exec base: 0x20000000, Load base: 0x080125bc, Size: 0x0001d908, Max: 0x00020000, ABSOLUTE, COMPRESSED[0x00000084])

    Exec Addr    Load Addr    Size         Type   Attr      Idx    E Section Name        Object

    0x20000000   COMPRESSED   0x0000000c   Data   RW            6    .data               main.o
    0x2000000c   COMPRESSED   0x00000014   Data   RW          330    .data               system_stm32f4xx.o
    0x20000020   COMPRESSED   0x0000000c   Data   RW          401    .data               netconf.o
    0x2000002c   COMPRESSED   0x0000000c   Data   RW          480    .data               stm32f4x7_eth_bsp.o
    0x20000038   COMPRESSED   0x00000003   Data   RW          629    .data               api_server.o
    0x2000003b   COMPRESSED   0x00000001   PAD
    0x2000003c   COMPRESSED   0x00000004   Data   RW          866    .data               mqttpacket.o
    0x20000040   COMPRESSED   0x00000004   Data   RW          986    .data               portevent.o
    0x20000044   COMPRESSED   0x00000004   Data   RW         1031    .data               portserial.o
    0x20000048   COMPRESSED   0x00000004   Data   RW         1064    .data               porttimer.o
    0x2000004c   COMPRESSED   0x00000054   Data   RW         1094    .data               rs485bus.o
    0x200000a0   COMPRESSED   0x00000018   Data   RW         1126    .data               rs485rtu.o
    0x200000b8   COMPRESSED   0x0000000c   Data   RW         1291    .data               sockets.o
    0x200000c4   COMPRESSED   0x00000010   Data   RW         1305    .data               tcpip.o
    0x200000d4   COMPRESSED   0x00000004   Data   RW         1352    .data               dhcp.o
    0x200000d8   COMPRESSED   0x00000010   Data   RW         1404    .data               mem.o
    0x200000e8   COMPRESSED   0x0000000c   Data   RW         1447    .data               netif.o
    0x200000f4   COMPRESSED   0x00000004   Data   RW         1486    .data               raw.o
    0x200000f8   COMPRESSED   0x0000004c   Data   RW         1529    .data               tcp.o
    0x20000144   COMPRESSED   0x0000001c   Data   RW         1550    .data               tcp_in.o
    0x20000160   COMPRESSED   0x00000004   Data   RW         1584    .data               udp.o
    0x20000164   COMPRESSED   0x0000000c   Data   RW         1670    .data               ip.o
    0x20000170   COMPRESSED   0x00000001   Data   RW         1719    .data               etharp.o
    0x20000171   COMPRESSED   0x00000003   PAD
    0x20000174   COMPRESSED   0x0000000c   Data   RW         1754    .data               ethernetif.o
    0x20000180   COMPRESSED   0x00000002   Data   RW         1774    .data               sys_arch.o
    0x20000182   COMPRESSED   0x00000002   PAD
    0x20000184   COMPRESSED   0x00000008   Data   RW         1794    .data               stm32f4xx_uartstdio.o
    0x2000018c   COMPRESSED   0x00000004   Data   RW         1795    .data               stm32f4xx_uartstdio.o
    0x20000190   COMPRESSED   0x00000030   Data   RW         1855    .data               stm32f4_discovery.o
    0x200001c0   COMPRESSED   0x0000000c   Data   RW         1906    .data               stm32f4x7_eth.o
    0x200001cc   COMPRESSED   0x00000010   Data   RW         2039    .data               stm32f4xx_rcc.o
    0x200001dc   COMPRESSED   0x0000003c   Data   RW         2237    .data               tasks.o
    0x20000218   COMPRESSED   0x0000000c   Data   RW         2260    .data               port.o
    0x20000224   COMPRESSED   0x00000018   Data   RW         2291    .data               heap_2.o
    0x2000023c   COMPRESSED   0x00000004   Data   RW         2672    .data               mc_w.l(errno.o)
    0x20000240        -       0x0000010c   Zero   RW            3    .bss                main.o
    0x2000034c        -       0x0000003c   Zero   RW          400    .bss                netconf.o
    0x20000388        -       0x00000020   Zero   RW          595    .bss                miscellaneous.o
    0x200003a8        -       0x0000000c   Zero   RW          657    .bss                mqttclienttask.o
    0x200003b4        -       0x00000010   Zero   RW         1063    .bss                porttimer.o
    0x200003c4        -       0x00000410   Zero   RW         1125    .bss                rs485rtu.o
    0x200007d4        -       0x00000050   Zero   RW         1289    .bss                sockets.o
    0x20000824        -       0x00001414   Zero   RW         1403    .bss                mem.o
    0x20001c38        -       0x00003b37   Zero   RW         1418    .bss                memp.o
    0x2000576f   COMPRESSED   0x00000001   PAD
    0x20005770        -       0x00000014   Zero   RW         1549    .bss                tcp_in.o
    0x20005784        -       0x00000010   Zero   RW         1644    .bss                inet.o
    0x20005794        -       0x000000a0   Zero   RW         1717    .bss                etharp.o
    0x20005834        -       0x00000030   Zero   RW         1773    .bss                sys_arch.o
    0x20005864        -       0x000000a0   Zero   RW         1901    .bss                stm32f4x7_eth.o
    0x20005904        -       0x000000a0   Zero   RW         1902    .bss                stm32f4x7_eth.o
    0x200059a4        -       0x00001dc4   Zero   RW         1903    .bss                stm32f4x7_eth.o
    0x20007768        -       0x00001dc4   Zero   RW         1904    .bss                stm32f4x7_eth.o
    0x2000952c        -       0x0000000c   Zero   RW         1905    .bss                stm32f4x7_eth.o
    0x20009538        -       0x00000040   Zero   RW         2208    .bss                queue.o
    0x20009578        -       0x00000190   Zero   RW         2236    .bss                tasks.o
    0x20009708        -       0x00014000   Zero   RW         2290    .bss                heap_2.o
    0x2001d708        -       0x00000200   Zero   RW         2344    STACK               startup_stm32f4xx.o


==============================================================================

Image component sizes


      Code (inc. data)   RO Data    RW Data    ZI Data      Debug   Object Name

       768         46          0          0          0      20388   api_lib.o
      2236         36          0          0          0       9167   api_msg.o
      3204        488          0          3          0       8233   api_server.o
       748         32          0          0          0       4450   autoip.o
      3612         46          0          4          0      12809   dhcp.o
      1408         20         12          1        160       9664   etharp.o
       576         68          0         12          0       4194   ethernetif.o
       248         14          0         24      81920       3556   heap_2.o
         0          0          0          0          0       7776   httpserver-socket.o
       378          0          0          0          0       2335   icmp.o
       364         12          0          0         16       3490   inet.o
       280          0          0          0          0       2882   inet_chksum.o
        26          0          0          0          0       1911   init.o
       688         12          0         12          0       6310   ip.o
        48          0          8          0          0       5837   ip_addr.o
       220         12          0          0          0       2138   key_scan.o
       138          0          0          0          0       2134   list.o
      2428        666         70         12        268     416964   main.o
       632          8          0         16       5140       4042   mem.o
       136          8         48          0      15159       2738   memp.o
       176         12          0          0          0       2245   misc.o
       336         50          0          0         32       3377   miscellaneous.o
      1932         20         88          0          0      14881   mqttclient.o
      2572        688         88          0         12      10414   mqttclienttask.o
       548         18          0          0          0       3554   mqttconnectclient.o
       212          0          0          0          0       2174   mqttdeserializepublish.o
       432         12          0          0          0       4537   mqttfreertos.o
       764          8          0          4          0       6866   mqttpacket.o
       278          0          0          0          0       3472   mqttserializepublish.o
       308          0          0          0          0       2913   mqttsubscribeclient.o
       206          0          0          0          0       2543   mqttunsubscribeclient.o
       302          0          0          0          0       3473   netbuf.o
       420         38          0         12         60      13133   netconf.o
       400         14          0         12          0       6018   netif.o
      1000          0          0          0          0       6622   pbuf.o
       786         46          0         12          0       9485   port.o
       132          6          0          4          0       1958   portevent.o
       932         54          0          4          0       5894   portserial.o
       368         12          0          4         16       2931   porttimer.o
      2880         12          0          0         64      27183   queue.o
       352          6          0          4          0       3877   raw.o
       464         52          0         84          0       5763   rs485bus.o
       128         26          0          0          0        919   rs485bus_task.o
        44          6        512          0          0       1523   rs485crc.o
        70          0          0          0          0       1598   rs485funccheck.o
        72          0          0          0          0       1629   rs485funckeyenter.o
        72          0          0          0          0       1630   rs485funcnfcdetect.o
       660         16          0         24       1040       4777   rs485rtu.o
       100          0          0          0          0       3703   rs485utils.o
      3388         50         60         12         80      15807   sockets.o
        36          8        392          0        512        852   startup_stm32f4xx.o
      1228         68         92         48          0       6237   stm32f4_discovery.o
      2788         84          0         12      15572      21563   stm32f4x7_eth.o
       752         60          0         12          0       3314   stm32f4x7_eth_bsp.o
       852         20          0          0          0      11218   stm32f4xx_adc.o
       800         32          0          0          0       7265   stm32f4xx_dma.o
       232          8          0          0          0       2751   stm32f4xx_exti.o
       912         20          0          0          0       7703   stm32f4xx_flash.o
       492         36          0          0          0       4749   stm32f4xx_gpio.o
       120         12          0          0          0      10713   stm32f4xx_it.o
       208         12          0          0          0       2784   stm32f4xx_pwr.o
       988         42          0         16          0      11807   stm32f4xx_rcc.o
      2636         48          0          0          0      16542   stm32f4xx_rtc.o
       440         14          0          0          0       7832   stm32f4xx_sdio.o
       120         18          0          0          0       1863   stm32f4xx_syscfg.o
      2524         52          0          0          0      24298   stm32f4xx_tim.o
      1396         72         21         12          0       7468   stm32f4xx_uartstdio.o
       824         24          0          0          0       8564   stm32f4xx_usart.o
       472          4          0          0          0       3616   sys.o
       452          8          0          2         48       5482   sys_arch.o
       384         40          0         20          0       2099   system_stm32f4xx.o
      4844        104          0         60        400      27721   tasks.o
      2332         46        137         76          0      19118   tcp.o
      3156         64          0         28         20      13716   tcp_in.o
      2292         12          0          0          0       7634   tcp_out.o
       752         60          0         16          0      15457   tcpip.o
       828          8          0          4          0      14377   udp.o
       352          6          0          0          0       2678   user_rs485_app.o

    ----------------------------------------------------------------------
     71696       3596       1568        572     120520     975338   Object Totals
         0          0         32          0          0          0   (incl. Generated)
        12          0          8          6          1          0   (incl. Padding)

    ----------------------------------------------------------------------

      Code (inc. data)   RO Data    RW Data    ZI Data      Debug   Library Member Name

        86          0          0          0          0          0   __dczerorl2.o
        28          0          0          0          0         68   _chval.o
       158          0          0          0          0         92   _strtoul.o
        26          0          0          0          0         80   atoi.o
         8          4        133          0          0         68   ctype_o.o
         0          0          0          0          0          0   entry.o
         0          0          0          0          0          0   entry10a.o
         0          0          0          0          0          0   entry11a.o
         8          4          0          0          0          0   entry2.o
         4          0          0          0          0          0   entry5.o
         0          0          0          0          0          0   entry7b.o
         0          0          0          0          0          0   entry8b.o
         8          4          0          0          0          0   entry9a.o
         8          4          0          4          0         68   errno.o
        30          0          0          0          0          0   handlers.o
        36          8          0          0          0         68   init.o
        26          0          0          0          0         80   memcmp.o
        36          0          0          0          0         68   memcpya.o
        36          0          0          0          0        108   memseta.o
       916         20          0          0          0        504   printf6.o
        24          0          0          0          0         68   strcat.o
        28          0          0          0          0         76   strcmp.o
        18          0          0          0          0         68   strcpy.o
        14          0          0          0          0         68   strlen.o
        40          0          0          0          0         76   strncat.o
        30          0          0          0          0         80   strncmp.o
        32          0          0          0          0         76   strpbrk.o
        36          0          0          0          0         80   strstr.o
       112          0          0          0          0         88   strtol.o
        44          0          0          0          0         80   uidiv.o

    ----------------------------------------------------------------------
      1796         44        136          4          0       1964   Library Totals
         4          0          3          0          0          0   (incl. Padding)

    ----------------------------------------------------------------------

      Code (inc. data)   RO Data    RW Data    ZI Data      Debug   Library Name

      1792         44        133          4          0       1964   mc_w.l

    ----------------------------------------------------------------------
      1796         44        136          4          0       1964   Library Totals

    ----------------------------------------------------------------------

==============================================================================


      Code (inc. data)   RO Data    RW Data    ZI Data      Debug   

     73492       3640       1704        576     120520     958746   Grand Totals
     73492       3640       1704        132     120520     958746   ELF Image Totals (compressed)
     73492       3640       1704        132          0          0   ROM Totals

==============================================================================

    Total RO  Size (Code + RO Data)                75196 (  73.43kB)
    Total RW  Size (RW Data + ZI Data)            121096 ( 118.26kB)
    Total ROM Size (Code + RO Data + RW Data)      75328 (  73.56kB)

==============================================================================

